=== RUN   TestRuntimeParity
    dind_test.go:95: #0 building with "default" instance using docker driver
        
        #1 [internal] load build definition from Dockerfile
        #1 transferring dockerfile: 549B done
        #1 DONE 0.0s
        
        #2 [internal] load metadata for docker.io/library/golang:1.25-alpine
        #2 DONE 0.0s
        
        #3 [internal] load metadata for docker.io/library/docker:dind
        #3 DONE 0.0s
        
        #4 [internal] load .dockerignore
        #4 transferring context: 2B done
        #4 DONE 0.0s
        
        #5 [build 1/7] FROM docker.io/library/golang:1.25-alpine
        #5 DONE 0.0s
        
        #6 [stage-1 1/7] FROM docker.io/library/docker:dind
        #6 DONE 0.0s
        
        #7 [internal] load build context
        #7 transferring context: 1.17kB done
        #7 DONE 0.0s
        
        #8 [build 7/7] RUN go build -o ./delegatec ./cmd/delegatec
        #8 CACHED
        
        #9 [stage-1 2/7] RUN apk add curl util-linux
        #9 CACHED
        
        #10 [stage-1 6/7] RUN mkdir -p /etc/docker
        #10 CACHED
        
        #11 [stage-1 4/7] COPY --from=build /src/delegatec /usr/local/sbin/delegatec
        #11 CACHED
        
        #12 [build 6/7] COPY internal internal
        #12 CACHED
        
        #13 [build 4/7] RUN go mod download
        #13 CACHED
        
        #14 [stage-1 3/7] RUN apk add criu --repository=http://dl-cdn.alpinelinux.org/alpine/edge/testing/
        #14 CACHED
        
        #15 [build 2/7] WORKDIR /src
        #15 CACHED
        
        #16 [build 5/7] COPY cmd/delegatec cmd/delegatec
        #16 CACHED
        
        #17 [build 3/7] COPY go.mod go.sum ./
        #17 CACHED
        
        #18 [stage-1 5/7] RUN chmod 777 /usr/local/sbin/delegatec
        #18 CACHED
        
        #19 [stage-1 7/7] COPY tests/integration/dind/daemon.json /etc/docker/daemon.json
        #19 CACHED
        
        #20 exporting to image
        #20 exporting layers done
        #20 writing image sha256:acb3a8c8dd9e895162e95d0d4f85ca08b93ca567128fd2effca7c38ead0fccc9 done
        #20 naming to docker.io/library/vino-dind-test done
        #20 DONE 0.0s
        
2025/08/31 23:04:46 github.com/testcontainers/testcontainers-go - Connected to docker: 
  Server Version: 25.0.6
  API Version: 1.44
  Operating System: NixOS 24.05 (Uakari)
  Total Memory: 31401 MB
  Testcontainers for Go Version: v0.32.0
  Resolved Docker Host: unix:///var/run/docker.sock
  Resolved Docker Socket Path: /var/run/docker.sock
  Test SessionID: ca75eb0a3c1198cff64835ed2b1f1af2047ef32f2c493e6f6b0d643e6cff73c0
  Test ProcessID: 51697f0d-365f-4304-976f-35ed951b701a
2025/08/31 23:04:46 🐳 Creating container for image testcontainers/ryuk:0.7.0
2025/08/31 23:04:46 ✅ Container created: 3ee407940467
2025/08/31 23:04:46 🐳 Starting container: 3ee407940467
2025/08/31 23:04:47 ✅ Container started: 3ee407940467
2025/08/31 23:04:47 ⏳ Waiting for container id 3ee407940467 image: testcontainers/ryuk:0.7.0. Waiting for: &{Port:8080/tcp timeout:<nil> PollInterval:100ms}
2025/08/31 23:04:47 🔔 Container is ready: 3ee407940467
2025/08/31 23:04:47 🐳 Creating container for image vino-dind-test
2025/08/31 23:04:47 🐳 Creating container for image vino-dind-test
2025/08/31 23:04:47 🐳 Creating container for image vino-dind-test
2025/08/31 23:04:47 🐳 Creating container for image vino-dind-test
2025/08/31 23:04:47 ✅ Container created: f753b7489752
2025/08/31 23:04:47 🐳 Starting container: f753b7489752
2025/08/31 23:04:47 ✅ Container created: c8a3e161c430
2025/08/31 23:04:47 🐳 Starting container: c8a3e161c430
2025/08/31 23:04:47 ✅ Container created: d6337d086734
2025/08/31 23:04:47 🐳 Starting container: d6337d086734
2025/08/31 23:04:47 ✅ Container created: 548909303bb1
2025/08/31 23:04:47 🐳 Starting container: 548909303bb1
2025/08/31 23:04:47 ✅ Container started: f753b7489752
2025/08/31 23:04:47 ⏳ Waiting for container id f753b7489752 image: vino-dind-test. Waiting for: &{timeout:0xc0002e8040 Log:API listen on /var/run/docker.sock IsRegexp:false Occurrence:1 PollInterval:100ms}
2025/08/31 23:04:47 ✅ Container started: d6337d086734
2025/08/31 23:04:47 ✅ Container started: c8a3e161c430
2025/08/31 23:04:47 ⏳ Waiting for container id c8a3e161c430 image: vino-dind-test. Waiting for: &{timeout:0xc000378030 Log:API listen on /var/run/docker.sock IsRegexp:false Occurrence:1 PollInterval:100ms}
2025/08/31 23:04:47 ⏳ Waiting for container id d6337d086734 image: vino-dind-test. Waiting for: &{timeout:0xc00027a038 Log:API listen on /var/run/docker.sock IsRegexp:false Occurrence:1 PollInterval:100ms}
2025/08/31 23:04:47 ✅ Container started: 548909303bb1
2025/08/31 23:04:47 ⏳ Waiting for container id 548909303bb1 image: vino-dind-test. Waiting for: &{timeout:0xc000608028 Log:API listen on /var/run/docker.sock IsRegexp:false Occurrence:1 PollInterval:100ms}
2025/08/31 23:04:48 🔔 Container is ready: d6337d086734
2025/08/31 23:04:48 🔔 Container is ready: f753b7489752
2025/08/31 23:04:48 🔔 Container is ready: 548909303bb1
2025/08/31 23:04:49 🔔 Container is ready: c8a3e161c430
=== RUN   TestRuntimeParity/echo
=== PAUSE TestRuntimeParity/echo
=== RUN   TestRuntimeParity/false
=== PAUSE TestRuntimeParity/false
=== RUN   TestRuntimeParity/env
=== PAUSE TestRuntimeParity/env
=== RUN   TestRuntimeParity/volume
=== PAUSE TestRuntimeParity/volume
=== RUN   TestRuntimeParity/workdir
=== PAUSE TestRuntimeParity/workdir
=== RUN   TestRuntimeParity/docker_cp
=== PAUSE TestRuntimeParity/docker_cp
=== RUN   TestRuntimeParity/tty_stdin
=== PAUSE TestRuntimeParity/tty_stdin
=== RUN   TestRuntimeParity/exec_after_run
=== PAUSE TestRuntimeParity/exec_after_run
=== RUN   TestRuntimeParity/memory_limit
=== PAUSE TestRuntimeParity/memory_limit
=== RUN   TestRuntimeParity/cpu_limit
=== PAUSE TestRuntimeParity/cpu_limit
=== RUN   TestRuntimeParity/update_limits
=== PAUSE TestRuntimeParity/update_limits
=== RUN   TestRuntimeParity/nginx_port_mapping
=== PAUSE TestRuntimeParity/nginx_port_mapping
=== RUN   TestRuntimeParity/user_and_capabilities
=== PAUSE TestRuntimeParity/user_and_capabilities
=== RUN   TestRuntimeParity/checkpoint_restore
=== PAUSE TestRuntimeParity/checkpoint_restore
=== RUN   TestRuntimeParity/pause/unpause
=== PAUSE TestRuntimeParity/pause/unpause
=== RUN   TestRuntimeParity/top
=== PAUSE TestRuntimeParity/top
=== RUN   TestRuntimeParity/container_logs
=== PAUSE TestRuntimeParity/container_logs
=== RUN   TestRuntimeParity/kill_sigkill
=== PAUSE TestRuntimeParity/kill_sigkill
=== RUN   TestRuntimeParity/restart
=== PAUSE TestRuntimeParity/restart
=== RUN   TestRuntimeParity/healthcheck
=== PAUSE TestRuntimeParity/healthcheck
=== RUN   TestRuntimeParity/device_mapping
=== PAUSE TestRuntimeParity/device_mapping
=== RUN   TestRuntimeParity/host_networking
=== PAUSE TestRuntimeParity/host_networking
=== RUN   TestRuntimeParity/docker_commit
=== PAUSE TestRuntimeParity/docker_commit
=== RUN   TestRuntimeParity/wait_exited
=== PAUSE TestRuntimeParity/wait_exited
=== RUN   TestRuntimeParity/docker_attach
=== PAUSE TestRuntimeParity/docker_attach
=== CONT  TestRuntimeParity/echo
=== CONT  TestRuntimeParity/docker_commit
=== CONT  TestRuntimeParity/nginx_port_mapping
=== CONT  TestRuntimeParity/wait_exited
=== CONT  TestRuntimeParity/docker_cp
=== CONT  TestRuntimeParity/host_networking
=== CONT  TestRuntimeParity/false
=== CONT  TestRuntimeParity/memory_limit
=== CONT  TestRuntimeParity/volume
=== CONT  TestRuntimeParity/workdir
=== CONT  TestRuntimeParity/docker_attach
=== CONT  TestRuntimeParity/env
=== NAME  TestRuntimeParity/echo
    dind_test.go:1013: runc exited with 0
    dind_test.go:1014: runc output:
        hello
    dind_test.go:1015: delegatec exited with 125
    dind_test.go:1016: delegatec output:
        docker: Error response from daemon: failed to create task for container: failed to create shim task: OCI runtime create failed: /var/lib/docker/runtimes/delegatec.XQ4R1TXV9RVB-6VXNQQ6T94RZ3BX12S543VW4JWFW99SNDHTX9W0==== did not terminate successfully: exit status 2: unknown
        
        Run 'docker run --help' for more information
    dind_test.go:1019: mismatch: runc [0] "hello" vs delegatec [125] "docker: Error response from daemon: failed to create task for container: failed to create shim task: OCI runtime create failed: /var/lib/docker/runtimes/delegatec.XQ4R1TXV9RVB-6VXNQQ6T94RZ3BX12S543VW4JWFW99SNDHTX9W0==== did not terminate successfully: exit status 2: unknown\n\nRun 'docker run --help' for more information"
    dind_test.go:979: --- delegatec.log ---
             �2025/08/31 22:04:48 delegatec called with args: [/usr/local/sbin/delegatec --delegate_path /usr/local/bin/runc features]
        2025/08/31 22:04:48 delegatec environment: [OTEL_EXPORTER_OTLP_TRACES_PROTOCOL=http/protobuf HOSTNAME=d6337d086734 SHLVL=3 HOME=/root OTEL_SERVICE_NAME=dockerd OTEL_EXPORTER_OTLP_METRICS_PROTOCOL=http/protobuf container=docker TMPDIR=/var/lib/docker/tmp DIND_COMMIT=8d9e3502aba39127e4d12196dae16d306f76993d PATH=/usr/local/sbin:/usr/local/bin:/usr/sbin:/usr/bin:/sbin:/bin DOCKER_VERSION=28.3.3 DOCKER_TLS_CERTDIR=/certs DOCKER_BUILDX_VERSION=0.26.1 DOCKER_COMPOSE_VERSION=2.39.1 PWD=/]
        2025/08/31 22:04:48 delegatec parsed command: runc.Features{Global:runc.Global{Root:"", Debug:false, Log:"", LogFormat:"", SystemdCgroup:false, Criu:"", Rootless:""}}
        2025/08/31 22:04:48 delegatec delegate path: /usr/local/bin/runc
        2025/08/31 22:04:51 delegatec called with args: [/usr/local/sbin/delegatec --delegate_path /usr/local/bin/runc --root /var/run/docker/runtime-runc/moby --log /var/run/docker/containerd/daemon/io.containerd.runtime.v2.task/moby/f0ffda058e7f2759c3a3c169d1ed156b00fab05f25542556f7a8fed8fa3342dc/log.json --log-format json create --bundle /var/run/docker/containerd/daemon/io.containerd.runtime.v2.task/moby/f0ffda058e7f2759c3a3c169d1ed156b00fab05f25542556f7a8fed8fa3342dc --pid-file /var/run/docker/containerd/daemon/io.containerd.runtime.v2.task/moby/f0ffda058e7f2759c3a3c169d1ed156b00fab05f25542556f7a8fed8fa3342dc/init.pid f0ffda058e7f2759c3a3c169d1ed156b00fab05f25542556f7a8fed8fa3342dc]
        2025/08/31 22:04:51 delegatec environment: [HOSTNAME=d6337d086734 SHLVL=3 LD_LIBRARY_PATH=/opt/containerd/lib: HOME=/root MAX_SHIM_VERSION=2 container=docker TTRPC_ADDRESS=/var/run/docker/containerd/containerd.sock.ttrpc DIND_COMMIT=8d9e3502aba39127e4d12196dae16d306f76993d PATH=/opt/containerd/bin:/usr/local/sbin:/usr/local/bin:/usr/sbin:/usr/bin:/sbin:/bin GRPC_ADDRESS=/var/run/docker/containerd/containerd.sock DOCKER_VERSION=28.3.3 DOCKER_TLS_CERTDIR=/certs NAMESPACE=moby DOCKER_BUILDX_VERSION=0.26.1 DOCKER_COMPOSE_VERSION=2.39.1 PWD=/run/docker/containerd/daemon/io.containerd.runtime.v2.task/moby/f0ffda058e7f2759c3a3c169d1ed156b00fab05f25542556f7a8fed8fa3342dc GOMAXPROCS=4]
        2025/08/31 22:04:51 delegatec parsed command: runc.Create{Global:runc.Global{Root:"/var/run/docker/runtime-runc/moby", Debug:false, Log:"/var/run/docker/containerd/daemon/io.containerd.runtime.v2.task/moby/f0ffda058e7f2759c3a3c169d1ed156b00fab05f25542556f7a8fed8fa3342dc/log.json", LogFormat:"json", SystemdCgroup:false, Criu:"", Rootless:""}, BundleOpt:runc.BundleOpt{Bundle:"/var/run/docker/containerd/daemon/io.containerd.runtime.v2.task/moby/f0ffda058e7f2759c3a3c169d1ed156b00fab05f25542556f7a8fed8fa3342dc"}, ConsoleSocketOpt:runc.ConsoleSocketOpt{ConsoleSocket:""}, PivotKeyringFDsOpt:runc.PivotKeyringFDsOpt{NoPivot:false, NoNewKeyring:false, PreserveFDs:(*uint)(nil)}, PidFileOpt:runc.PidFileOpt{PidFile:"/var/run/docker/containerd/daemon/io.containerd.runtime.v2.task/moby/f0ffda058e7f2759c3a3c169d1ed156b00fab05f25542556f7a8fed8fa3342dc/init.pid"}, ContainerID:"f0ffda058e7f2759c3a3c169d1ed156b00fab05f25542556f7a8fed8fa3342dc"}
        2025/08/31 22:04:51 delegatec delegate path: /usr/local/bin/runc
        2025/08/31 22:04:51 delegatec called with args: [/usr/local/sbin/delegatec --delegate_path /usr/local/bin/runc --root /var/run/docker/runtime-runc/moby --log /run/docker/containerd/daemon/io.containerd.runtime.v2.task/moby/f0ffda058e7f2759c3a3c169d1ed156b00fab05f25542556f7a8fed8fa3342dc/log.json --log-format json delete --force f0ffda058e7f2759c3a3c169d1ed156b00fab05f25542556f7a8fed8fa3342dc]
        2025/08/31 22:04:51 delegatec environment: [HOSTNAME=d6337d086734 SHLVL=3 LD_LIBRARY_PATH=/opt/containerd/lib: HOME=/root MAX_SHIM_VERSION=2 container=docker TTRPC_ADDRESS=/var/run/docker/containerd/containerd.sock.ttrpc DIND_COMMIT=8d9e3502aba39127e4d12196dae16d306f76993d PATH=/opt/containerd/bin:/usr/local/sbin:/usr/local/bin:/usr/sbin:/usr/bin:/sbin:/bin GRPC_ADDRESS=/var/run/docker/containerd/containerd.sock DOCKER_VERSION=28.3.3 DOCKER_TLS_CERTDIR=/certs NAMESPACE=moby DOCKER_BUILDX_VERSION=0.26.1 DOCKER_COMPOSE_VERSION=2.39.1 PWD=/run/docker/containerd/daemon/io.containerd.runtime.v2.task/moby/f0ffda058e7f2759c3a3c169d1ed156b00fab05f25542556f7a8fed8fa3342dc GOMAXPROCS=2]
        2025/08/31 22:04:51 delegatec parsed command: runc.Delete{Global:runc.Global{Root:"/var/run/docker/runtime-runc/moby", Debug:false, Log:"/run/docker/containerd/daemon/io.containerd.runtime.v2.task/moby/f0ffda058e7f2759c3a3c169d1ed156b00fab05f25542556f7a8fed8fa3342dc/log.json", LogFormat:"json", SystemdCgroup:false, Criu:"", Rootless:""}, Force:true, ContainerID:"f0ffda058e7f2759c3a3c169d1ed156b00fab05f25542556f7a8fed8fa3342dc"}
        2025/08/31 22:04:51 delegatec delegate path: /usr/local/bin/runc
        
        --------------------
    dind_test.go:980: runc log empty
    dind_test.go:981: criu check exit code 0
        stdout:
        
        stderr:
=== CONT  TestRuntimeParity/update_limits
=== NAME  TestRuntimeParity/docker_cp
    dind_test.go:1008: runc exec failed: copy in: exit code 1
    dind_test.go:979: --- delegatec.log ---
             "42025/08/31 22:04:48 delegatec called with args: [/usr/local/sbin/delegatec --delegate_path /usr/local/bin/runc features]
        2025/08/31 22:04:48 delegatec environment: [OTEL_EXPORTER_OTLP_TRACES_PROTOCOL=http/protobuf HOSTNAME=d6337d086734 SHLVL=3 HOME=/root OTEL_SERVICE_NAME=dockerd OTEL_EXPORTER_OTLP_METRICS_PROTOCOL=http/protobuf container=docker TMPDIR=/var/lib/docker/tmp DIND_COMMIT=8d9e3502aba39127e4d12196dae16d306f76993d PATH=/usr/local/sbin:/usr/local/bin:/usr/sbin:/usr/bin:/sbin:/bin DOCKER_VERSION=28.3.3 DOCKER_TLS_CERTDIR=/certs DOCKER_BUILDX_VERSION=0.26.1 DOCKER_COMPOSE_VERSION=2.39.1 PWD=/]
        2025/08/31 22:04:48 delegatec parsed command: runc.Features{Global:runc.Global{Root:"", Debug:false, Log:"", LogFormat:"", SystemdCgroup:false, Criu:"", Rootless:""}}
        2025/08/31 22:04:48 delegatec delegate path: /usr/local/bin/runc
        2025/08/31 22:04:51 delegatec called with args: [/usr/local/sbin/delegatec --delegate_path /usr/local/bin/runc --root /var/run/docker/runtime-runc/moby --log /var/run/docker/containerd/daemon/io.containerd.runtime.v2.task/moby/f0ffda058e7f2759c3a3c169d1ed156b00fab05f25542556f7a8fed8fa3342dc/log.json --log-format json create --bundle /var/run/docker/containerd/daemon/io.containerd.runtime.v2.task/moby/f0ffda058e7f2759c3a3c169d1ed156b00fab05f25542556f7a8fed8fa3342dc --pid-file /var/run/docker/containerd/daemon/io.containerd.runtime.v2.task/moby/f0ffda058e7f2759c3a3c169d1ed156b00fab05f25542556f7a8fed8fa3342dc/init.pid f0ffda058e7f2759c3a3c169d1ed156b00fab05f25542556f7a8fed8fa3342dc]
        2025/08/31 22:04:51 delegatec environment: [HOSTNAME=d6337d086734 SHLVL=3 LD_LIBRARY_PATH=/opt/containerd/lib: HOME=/root MAX_SHIM_VERSION=2 container=docker TTRPC_ADDRESS=/var/run/docker/containerd/containerd.sock.ttrpc DIND_COMMIT=8d9e3502aba39127e4d12196dae16d306f76993d PATH=/opt/containerd/bin:/usr/local/sbin:/usr/local/bin:/usr/sbin:/usr/bin:/sbin:/bin GRPC_ADDRESS=/var/run/docker/containerd/containerd.sock DOCKER_VERSION=28.3.3 DOCKER_TLS_CERTDIR=/certs NAMESPACE=moby DOCKER_BUILDX_VERSION=0.26.1 DOCKER_COMPOSE_VERSION=2.39.1 PWD=/run/docker/containerd/daemon/io.containerd.runtime.v2.task/moby/f0ffda058e7f2759c3a3c169d1ed156b00fab05f25542556f7a8fed8fa3342dc GOMAXPROCS=4]
        2025/08/31 22:04:51 delegatec parsed command: runc.Create{Global:runc.Global{Root:"/var/run/docker/runtime-runc/moby", Debug:false, Log:"/var/run/docker/containerd/daemon/io.containerd.runtime.v2.task/moby/f0ffda058e7f2759c3a3c169d1ed156b00fab05f25542556f7a8fed8fa3342dc/log.json", LogFormat:"json", SystemdCgroup:false, Criu:"", Rootless:""}, BundleOpt:runc.BundleOpt{Bundle:"/var/run/docker/containerd/daemon/io.containerd.runtime.v2.task/moby/f0ffda058e7f2759c3a3c169d1ed156b00fab05f25542556f7a8fed8fa3342dc"}, ConsoleSocketOpt:runc.ConsoleSocketOpt{ConsoleSocket:""}, PivotKeyringFDsOpt:runc.PivotKeyringFDsOpt{NoPivot:false, NoNewKeyring:false, PreserveFDs:(*uint)(nil)}, PidFileOpt:runc.PidFileOpt{PidFile:"/var/run/docker/containerd/daemon/io.containerd.runtime.v2.task/moby/f0ffda058e7f2759c3a3c169d1ed156b00fab05f25542556f7a8fed8fa3342dc/init.pid"}, ContainerID:"f0ffda058e7f2759c3a3c169d1ed156b00fab05f25542556f7a8fed8fa3342dc"}
        2025/08/31 22:04:51 delegatec delegate path: /usr/local/bin/runc
        2025/08/31 22:04:51 delegatec called with args: [/usr/local/sbin/delegatec --delegate_path /usr/local/bin/runc --root /var/run/docker/runtime-runc/moby --log /run/docker/containerd/daemon/io.containerd.runtime.v2.task/moby/f0ffda058e7f2759c3a3c169d1ed156b00fab05f25542556f7a8fed8fa3342dc/log.json --log-format json delete --force f0ffda058e7f2759c3a3c169d1ed156b00fab05f25542556f7a8fed8fa3342dc]
        2025/08/31 22:04:51 delegatec environment: [HOSTNAME=d6337d086734 SHLVL=3 LD_LIBRARY_PATH=/opt/containerd/lib: HOME=/root MAX_SHIM_VERSION=2 container=docker TTRPC_ADDRESS=/var/run/docker/containerd/containerd.sock.ttrpc DIND_COMMIT=8d9e3502aba39127e4d12196dae16d306f76993d PATH=/opt/containerd/bin:/usr/local/sbin:/usr/local/bin:/usr/sbin:/usr/bin:/sbin:/bin GRPC_ADDRESS=/var/run/docker/containerd/containerd.sock DOCKER_VERSION=28.3.3 DOCKER_TLS_CERTDIR=/certs NAMESPACE=moby DOCKER_BUILDX_VERSION=0.26.1 DOCKER_COMPOSE_VERSION=2.39.1 PWD=/run/docker/containerd/daemon/io.containerd.runtime.v2.task/moby/f0ffda058e7f2759c3a3c169d1ed156b00fab05f25542556f7a8fed8fa3342dc GOMAXPROCS=2]
        2025/08/31 22:04:51 delegatec parsed command: runc.Delete{Global:runc.Global{Root:"/var/run/docker/runtime-runc/moby", Debug:false, Log:"/run/docker/containerd/daemon/io.containerd.runtime.v2.task/moby/f0ffda058e7f2759c3a3c169d1ed156b00fab05f25542556f7a8fed8fa3342dc/log.json", LogFormat:"json", SystemdCgroup:false, Criu:"", Rootless:""}, Force:true, ContainerID:"f0ffda058e7f2759c3a3c169d1ed156b00fab05f25542556f7a8fed8fa3342dc"}
        2025/08/31 22:04:51 delegatec delegate path: /usr/local/bin/runc
        2025/08/31 22:04:52 delegatec called with args: [/usr/local/sbin/delegatec --delegate_path /usr/local/bin/runc --root /var/run/docker/runtime-runc/moby --log /var/run/docker/containerd/daemon/io.containerd.runtime.v2.task/moby/96042480d649d65e47a61d6f709694a7096c2f69541e1ca91847f28a76729fc6/log.json --log-format json create --bundle /var/run/docker/containerd/daemon/io.containerd.runtime.v2.task/moby/96042480d649d65e47a61d6f709694a7096c2f69541e1ca91847f28a76729fc6 --pid-file /var/run/docker/containerd/daemon/io.containerd.runtime.v2.task/moby/96042480d649d65e47a61d6f709694a7096c2f69541e1ca91847f28a76729fc6/init.pid 96042480d649d65e47a61d6f709694a7096c2f69541e1ca91847f28a76729fc6]
        2025/08/31 22:04:52 delegatec environment: [HOSTNAME=d6337d086734 SHLVL=3 LD_LIBRARY_PATH=/opt/containerd/lib: HOME=/root MAX_SHIM_VERSION=2 container=docker TTRPC_ADDRESS=/var/run/docker/containerd/containerd.sock.ttrpc DIND_COMMIT=8d9e3502aba39127e4d12196dae16d306f76993d PATH=/opt/containerd/bin:/usr/local/sbin:/usr/local/bin:/usr/sbin:/usr/bin:/sbin:/bin GRPC_ADDRESS=/var/run/docker/containerd/containerd.sock DOCKER_VERSION=28.3.3 DOCKER_TLS_CERTDIR=/certs NAMESPACE=moby DOCKER_BUILDX_VERSION=0.26.1 DOCKER_COMPOSE_VERSION=2.39.1 PWD=/run/docker/containerd/daemon/io.containerd.runtime.v2.task/moby/96042480d649d65e47a61d6f709694a7096c2f69541e1ca91847f28a76729fc6 GOMAXPROCS=4]
        2025/08/31 22:04:52 delegatec parsed command: runc.Create{Global:runc.Global{Root:"/var/run/docker/runtime-runc/moby", Debug:false, Log:"/var/run/docker/containerd/daemon/io.containerd.runtime.v2.task/moby/96042480d649d65e47a61d6f709694a7096c2f69541e1ca91847f28a76729fc6/log.json", LogFormat:"json", SystemdCgroup:false, Criu:"", Rootless:""}, BundleOpt:runc.BundleOpt{Bundle:"/var/run/docker/containerd/daemon/io.containerd.runtime.v2.task/moby/96042480d649d65e47a61d6f709694a7096c2f69541e1ca91847f28a76729fc6"}, ConsoleSocketOpt:runc.ConsoleSocketOpt{ConsoleSocket:""}, PivotKeyringFDsOpt:runc.PivotKeyringFDsOpt{NoPivot:false, NoNewKeyring:false, PreserveFDs:(*uint)(nil)}, PidFileOpt:runc.PidFileOpt{PidFile:"/var/run/docker/containerd/daemon/io.containerd.runtime.v2.task/moby/96042480d649d65e47a61d6f709694a7096c2f69541e1ca91847f28a76729fc6/init.pid"}, ContainerID:"96042480d649d65e47a61d6f709694a7096c2f69541e1ca91847f28a76729fc6"}
        2025/08/31 22:04:52 delegatec delegate path: /usr/local/bin/runc
        2025/08/31 22:04:52 delegatec called with args: [/usr/local/sbin/delegatec --delegate_path /usr/local/bin/runc --root /var/run/docker/runtime-runc/moby --log /run/docker/containerd/daemon/io.containerd.runtime.v2.task/moby/96042480d649d65e47a61d6f709694a7096c2f69541e1ca91847f28a76729fc6/log.json --log-format json delete --force 96042480d649d65e47a61d6f709694a7096c2f69541e1ca91847f28a76729fc6]
        2025/08/31 22:04:52 delegatec environment: [HOSTNAME=d6337d086734 SHLVL=3 LD_LIBRARY_PATH=/opt/containerd/lib: HOME=/root MAX_SHIM_VERSION=2 container=docker TTRPC_ADDRESS=/var/run/docker/containerd/containerd.sock.ttrpc DIND_COMMIT=8d9e3502aba39127e4d12196dae16d306f76993d PATH=/opt/containerd/bin:/usr/local/sbin:/usr/local/bin:/usr/sbin:/usr/bin:/sbin:/bin GRPC_ADDRESS=/var/run/docker/containerd/containerd.sock DOCKER_VERSION=28.3.3 DOCKER_TLS_CERTDIR=/certs NAMESPACE=moby DOCKER_BUILDX_VERSION=0.26.1 DOCKER_COMPOSE_VERSION=2.39.1 PWD=/run/docker/containerd/daemon/io.containerd.runtime.v2.task/moby/96042480d649d65e47a61d6f709694a7096c2f69541e1ca91847f28a76729fc6 GOMAXPROCS=2]
        2025/08/31 22:04:52 delegatec parsed command: runc.Delete{Global:runc.Global{Root:"/var/run/docker/runtime-runc/moby", Debug:false, Log:"/run/docker/containerd/daemon/io.containerd.runtime.v2.task/moby/96042480d649d65e47a61d6f709694a7096c2f69541e1ca91847f28a76729fc6/log.json", LogFormat:"json", SystemdCgroup:false, Criu:"", Rootless:""}, Force:true, ContainerID:"96042480d649d65e47a61d6f709694a7096c2f69541e1ca91847f28a76729fc6"}
        2025/08/31 22:04:52 delegatec delegate path: /usr/local/bin/runc
        
        --------------------
    dind_test.go:980: runc log empty
=== NAME  TestRuntimeParity/workdir
    dind_test.go:1013: runc exited with 0
    dind_test.go:1014: runc output:
        /tmp
    dind_test.go:1015: delegatec exited with 125
    dind_test.go:1016: delegatec output:
        docker: Error response from daemon: failed to create task for container: failed to create shim task: OCI runtime create failed: /var/lib/docker/runtimes/delegatec.XQ4R1TXV9RVB-6VXNQQ6T94RZ3BX12S543VW4JWFW99SNDHTX9W0==== did not terminate successfully: exit status 2: unknown
        
        Run 'docker run --help' for more information
    dind_test.go:1019: mismatch: runc [0] "/tmp" vs delegatec [125] "docker: Error response from daemon: failed to create task for container: failed to create shim task: OCI runtime create failed: /var/lib/docker/runtimes/delegatec.XQ4R1TXV9RVB-6VXNQQ6T94RZ3BX12S543VW4JWFW99SNDHTX9W0==== did not terminate successfully: exit status 2: unknown\n\nRun 'docker run --help' for more information"
=== NAME  TestRuntimeParity/docker_cp
    dind_test.go:981: criu check exit code 0
        stdout:
        
        stderr:
=== CONT  TestRuntimeParity/cpu_limit
=== NAME  TestRuntimeParity/workdir
    dind_test.go:979: --- delegatec.log ---
             1�2025/08/31 22:04:48 delegatec called with args: [/usr/local/sbin/delegatec --delegate_path /usr/local/bin/runc features]
        2025/08/31 22:04:48 delegatec environment: [OTEL_EXPORTER_OTLP_TRACES_PROTOCOL=http/protobuf HOSTNAME=d6337d086734 SHLVL=3 HOME=/root OTEL_SERVICE_NAME=dockerd OTEL_EXPORTER_OTLP_METRICS_PROTOCOL=http/protobuf container=docker TMPDIR=/var/lib/docker/tmp DIND_COMMIT=8d9e3502aba39127e4d12196dae16d306f76993d PATH=/usr/local/sbin:/usr/local/bin:/usr/sbin:/usr/bin:/sbin:/bin DOCKER_VERSION=28.3.3 DOCKER_TLS_CERTDIR=/certs DOCKER_BUILDX_VERSION=0.26.1 DOCKER_COMPOSE_VERSION=2.39.1 PWD=/]
        2025/08/31 22:04:48 delegatec parsed command: runc.Features{Global:runc.Global{Root:"", Debug:false, Log:"", LogFormat:"", SystemdCgroup:false, Criu:"", Rootless:""}}
        2025/08/31 22:04:48 delegatec delegate path: /usr/local/bin/runc
        2025/08/31 22:04:51 delegatec called with args: [/usr/local/sbin/delegatec --delegate_path /usr/local/bin/runc --root /var/run/docker/runtime-runc/moby --log /var/run/docker/containerd/daemon/io.containerd.runtime.v2.task/moby/f0ffda058e7f2759c3a3c169d1ed156b00fab05f25542556f7a8fed8fa3342dc/log.json --log-format json create --bundle /var/run/docker/containerd/daemon/io.containerd.runtime.v2.task/moby/f0ffda058e7f2759c3a3c169d1ed156b00fab05f25542556f7a8fed8fa3342dc --pid-file /var/run/docker/containerd/daemon/io.containerd.runtime.v2.task/moby/f0ffda058e7f2759c3a3c169d1ed156b00fab05f25542556f7a8fed8fa3342dc/init.pid f0ffda058e7f2759c3a3c169d1ed156b00fab05f25542556f7a8fed8fa3342dc]
        2025/08/31 22:04:51 delegatec environment: [HOSTNAME=d6337d086734 SHLVL=3 LD_LIBRARY_PATH=/opt/containerd/lib: HOME=/root MAX_SHIM_VERSION=2 container=docker TTRPC_ADDRESS=/var/run/docker/containerd/containerd.sock.ttrpc DIND_COMMIT=8d9e3502aba39127e4d12196dae16d306f76993d PATH=/opt/containerd/bin:/usr/local/sbin:/usr/local/bin:/usr/sbin:/usr/bin:/sbin:/bin GRPC_ADDRESS=/var/run/docker/containerd/containerd.sock DOCKER_VERSION=28.3.3 DOCKER_TLS_CERTDIR=/certs NAMESPACE=moby DOCKER_BUILDX_VERSION=0.26.1 DOCKER_COMPOSE_VERSION=2.39.1 PWD=/run/docker/containerd/daemon/io.containerd.runtime.v2.task/moby/f0ffda058e7f2759c3a3c169d1ed156b00fab05f25542556f7a8fed8fa3342dc GOMAXPROCS=4]
        2025/08/31 22:04:51 delegatec parsed command: runc.Create{Global:runc.Global{Root:"/var/run/docker/runtime-runc/moby", Debug:false, Log:"/var/run/docker/containerd/daemon/io.containerd.runtime.v2.task/moby/f0ffda058e7f2759c3a3c169d1ed156b00fab05f25542556f7a8fed8fa3342dc/log.json", LogFormat:"json", SystemdCgroup:false, Criu:"", Rootless:""}, BundleOpt:runc.BundleOpt{Bundle:"/var/run/docker/containerd/daemon/io.containerd.runtime.v2.task/moby/f0ffda058e7f2759c3a3c169d1ed156b00fab05f25542556f7a8fed8fa3342dc"}, ConsoleSocketOpt:runc.ConsoleSocketOpt{ConsoleSocket:""}, PivotKeyringFDsOpt:runc.PivotKeyringFDsOpt{NoPivot:false, NoNewKeyring:false, PreserveFDs:(*uint)(nil)}, PidFileOpt:runc.PidFileOpt{PidFile:"/var/run/docker/containerd/daemon/io.containerd.runtime.v2.task/moby/f0ffda058e7f2759c3a3c169d1ed156b00fab05f25542556f7a8fed8fa3342dc/init.pid"}, ContainerID:"f0ffda058e7f2759c3a3c169d1ed156b00fab05f25542556f7a8fed8fa3342dc"}
        2025/08/31 22:04:51 delegatec delegate path: /usr/local/bin/runc
        2025/08/31 22:04:51 delegatec called with args: [/usr/local/sbin/delegatec --delegate_path /usr/local/bin/runc --root /var/run/docker/runtime-runc/moby --log /run/docker/containerd/daemon/io.containerd.runtime.v2.task/moby/f0ffda058e7f2759c3a3c169d1ed156b00fab05f25542556f7a8fed8fa3342dc/log.json --log-format json delete --force f0ffda058e7f2759c3a3c169d1ed156b00fab05f25542556f7a8fed8fa3342dc]
        2025/08/31 22:04:51 delegatec environment: [HOSTNAME=d6337d086734 SHLVL=3 LD_LIBRARY_PATH=/opt/containerd/lib: HOME=/root MAX_SHIM_VERSION=2 container=docker TTRPC_ADDRESS=/var/run/docker/containerd/containerd.sock.ttrpc DIND_COMMIT=8d9e3502aba39127e4d12196dae16d306f76993d PATH=/opt/containerd/bin:/usr/local/sbin:/usr/local/bin:/usr/sbin:/usr/bin:/sbin:/bin GRPC_ADDRESS=/var/run/docker/containerd/containerd.sock DOCKER_VERSION=28.3.3 DOCKER_TLS_CERTDIR=/certs NAMESPACE=moby DOCKER_BUILDX_VERSION=0.26.1 DOCKER_COMPOSE_VERSION=2.39.1 PWD=/run/docker/containerd/daemon/io.containerd.runtime.v2.task/moby/f0ffda058e7f2759c3a3c169d1ed156b00fab05f25542556f7a8fed8fa3342dc GOMAXPROCS=2]
        2025/08/31 22:04:51 delegatec parsed command: runc.Delete{Global:runc.Global{Root:"/var/run/docker/runtime-runc/moby", Debug:false, Log:"/run/docker/containerd/daemon/io.containerd.runtime.v2.task/moby/f0ffda058e7f2759c3a3c169d1ed156b00fab05f25542556f7a8fed8fa3342dc/log.json", LogFormat:"json", SystemdCgroup:false, Criu:"", Rootless:""}, Force:true, ContainerID:"f0ffda058e7f2759c3a3c169d1ed156b00fab05f25542556f7a8fed8fa3342dc"}
        2025/08/31 22:04:51 delegatec delegate path: /usr/local/bin/runc
        2025/08/31 22:04:52 delegatec called with args: [/usr/local/sbin/delegatec --delegate_path /usr/local/bin/runc --root /var/run/docker/runtime-runc/moby --log /var/run/docker/containerd/daemon/io.containerd.runtime.v2.task/moby/96042480d649d65e47a61d6f709694a7096c2f69541e1ca91847f28a76729fc6/log.json --log-format json create --bundle /var/run/docker/containerd/daemon/io.containerd.runtime.v2.task/moby/96042480d649d65e47a61d6f709694a7096c2f69541e1ca91847f28a76729fc6 --pid-file /var/run/docker/containerd/daemon/io.containerd.runtime.v2.task/moby/96042480d649d65e47a61d6f709694a7096c2f69541e1ca91847f28a76729fc6/init.pid 96042480d649d65e47a61d6f709694a7096c2f69541e1ca91847f28a76729fc6]
        2025/08/31 22:04:52 delegatec environment: [HOSTNAME=d6337d086734 SHLVL=3 LD_LIBRARY_PATH=/opt/containerd/lib: HOME=/root MAX_SHIM_VERSION=2 container=docker TTRPC_ADDRESS=/var/run/docker/containerd/containerd.sock.ttrpc DIND_COMMIT=8d9e3502aba39127e4d12196dae16d306f76993d PATH=/opt/containerd/bin:/usr/local/sbin:/usr/local/bin:/usr/sbin:/usr/bin:/sbin:/bin GRPC_ADDRESS=/var/run/docker/containerd/containerd.sock DOCKER_VERSION=28.3.3 DOCKER_TLS_CERTDIR=/certs NAMESPACE=moby DOCKER_BUILDX_VERSION=0.26.1 DOCKER_COMPOSE_VERSION=2.39.1 PWD=/run/docker/containerd/daemon/io.containerd.runtime.v2.task/moby/96042480d649d65e47a61d6f709694a7096c2f69541e1ca91847f28a76729fc6 GOMAXPROCS=4]
        2025/08/31 22:04:52 delegatec parsed command: runc.Create{Global:runc.Global{Root:"/var/run/docker/runtime-runc/moby", Debug:false, Log:"/var/run/docker/containerd/daemon/io.containerd.runtime.v2.task/moby/96042480d649d65e47a61d6f709694a7096c2f69541e1ca91847f28a76729fc6/log.json", LogFormat:"json", SystemdCgroup:false, Criu:"", Rootless:""}, BundleOpt:runc.BundleOpt{Bundle:"/var/run/docker/containerd/daemon/io.containerd.runtime.v2.task/moby/96042480d649d65e47a61d6f709694a7096c2f69541e1ca91847f28a76729fc6"}, ConsoleSocketOpt:runc.ConsoleSocketOpt{ConsoleSocket:""}, PivotKeyringFDsOpt:runc.PivotKeyringFDsOpt{NoPivot:false, NoNewKeyring:false, PreserveFDs:(*uint)(nil)}, PidFileOpt:runc.PidFileOpt{PidFile:"/var/run/docker/containerd/daemon/io.containerd.runtime.v2.task/moby/96042480d649d65e47a61d6f709694a7096c2f69541e1ca91847f28a76729fc6/init.pid"}, ContainerID:"96042480d649d65e47a61d6f709694a7096c2f69541e1ca91847f28a76729fc6"}
        2025/08/31 22:04:52 delegatec delegate path: /usr/local/bin/runc
        2025/08/31 22:04:52 delegatec called with args: [/usr/local/sbin/delegatec --delegate_path /usr/local/bin/runc --root /var/run/docker/runtime-runc/moby --log /run/docker/containerd/daemon/io.containerd.runtime.v2.task/moby/96042480d649d65e47a61d6f709694a7096c2f69541e1ca91847f28a76729fc6/log.json --log-format json delete --force 96042480d649d65e47a61d6f709694a7096c2f69541e1ca91847f28a76729fc6]
        2025/08/31 22:04:52 delegatec environment: [HOSTNAME=d6337d086734 SHLVL=3 LD_LIBRARY_PATH=/opt/containerd/lib: HOME=/root MAX_SHIM_VERSION=2 container=docker TTRPC_ADDRESS=/var/run/docker/containerd/containerd.sock.ttrpc DIND_COMMIT=8d9e3502aba39127e4d12196dae16d306f76993d PATH=/opt/containerd/bin:/usr/local/sbin:/usr/local/bin:/usr/sbin:/usr/bin:/sbin:/bin GRPC_ADDRESS=/var/run/docker/containerd/containerd.sock DOCKER_VERSION=28.3.3 DOCKER_TLS_CERTDIR=/certs NAMESPACE=moby DOCKER_BUILDX_VERSION=0.26.1 DOCKER_COMPOSE_VERSION=2.39.1 PWD=/run/docker/containerd/daemon/io.containerd.runtime.v2.task/moby/96042480d649d65e47a61d6f709694a7096c2f69541e1ca91847f28a76729fc6 GOMAXPROCS=2]
        2025/08/31 22:04:52 delegatec parsed command: runc.Delete{Global:runc.Global{Root:"/var/run/docker/runtime-runc/moby", Debug:false, Log:"/run/docker/containerd/daemon/io.containerd.runtime.v2.task/moby/96042480d649d65e47a61d6f709694a7096c2f69541e1ca91847f28a76729fc6/log.json", LogFormat:"json", SystemdCgroup:false, Criu:"", Rootless:""}, Force:true, ContainerID:"96042480d649d65e47a61d6f709694a7096c2f69541e1ca91847f28a76729fc6"}
        2025/08/31 22:04:52 delegatec delegate path: /usr/local/bin/runc
        2025/08/31 22:04:52 delegatec called with args: [/usr/local/sbin/delegatec --delegate_path /usr/local/bin/runc --root /var/run/docker/runtime-runc/moby --log /var/run/docker/containerd/daemon/io.containerd.runtime.v2.task/moby/88d8581e473b8e1778fb0217664d8b73e871bad46b9610837d4ee5b5f911863b/log.json --log-format json create --bundle /var/run/docker/containerd/daemon/io.containerd.runtime.v2.task/moby/88d8581e473b8e1778fb0217664d8b73e871bad46b9610837d4ee5b5f911863b --pid-file /var/run/docker/containerd/daemon/io.containerd.runtime.v2.task/moby/88d8581e473b8e1778fb0217664d8b73e871bad46b9610837d4ee5b5f911863b/init.pid 88d8581e473b8e1778fb0217664d8b73e871bad46b9610837d4ee5b5f911863b]
        2025/08/31 22:04:52 delegatec environment: [HOSTNAME=d6337d086734 SHLVL=3 LD_LIBRARY_PATH=/opt/containerd/lib: HOME=/root MAX_SHIM_VERSION=2 container=docker TTRPC_ADDRESS=/var/run/docker/containerd/containerd.sock.ttrpc DIND_COMMIT=8d9e3502aba39127e4d12196dae16d306f76993d PATH=/opt/containerd/bin:/usr/local/sbin:/usr/local/bin:/usr/sbin:/usr/bin:/sbin:/bin GRPC_ADDRESS=/var/run/docker/containerd/containerd.sock DOCKER_VERSION=28.3.3 DOCKER_TLS_CERTDIR=/certs NAMESPACE=moby DOCKER_BUILDX_VERSION=0.26.1 DOCKER_COMPOSE_VERSION=2.39.1 PWD=/run/docker/containerd/daemon/io.containerd.runtime.v2.task/moby/88d8581e473b8e1778fb0217664d8b73e871bad46b9610837d4ee5b5f911863b GOMAXPROCS=4]
        2025/08/31 22:04:52 delegatec parsed command: runc.Create{Global:runc.Global{Root:"/var/run/docker/runtime-runc/moby", Debug:false, Log:"/var/run/docker/containerd/daemon/io.containerd.runtime.v2.task/moby/88d8581e473b8e1778fb0217664d8b73e871bad46b9610837d4ee5b5f911863b/log.json", LogFormat:"json", SystemdCgroup:false, Criu:"", Rootless:""}, BundleOpt:runc.BundleOpt{Bundle:"/var/run/docker/containerd/daemon/io.containerd.runtime.v2.task/moby/88d8581e473b8e1778fb0217664d8b73e871bad46b9610837d4ee5b5f911863b"}, ConsoleSocketOpt:runc.ConsoleSocketOpt{ConsoleSocket:""}, PivotKeyringFDsOpt:runc.PivotKeyringFDsOpt{NoPivot:false, NoNewKeyring:false, PreserveFDs:(*uint)(nil)}, PidFileOpt:runc.PidFileOpt{PidFile:"/var/run/docker/containerd/daemon/io.containerd.runtime.v2.task/moby/88d8581e473b8e1778fb0217664d8b73e871bad46b9610837d4ee5b5f911863b/init.pid"}, ContainerID:"88d8581e473b8e1778fb0217664d8b73e871bad46b9610837d4ee5b5f911863b"}
        2025/08/31 22:04:52 delegatec delegate path: /usr/local/bin/runc
        2025/08/31 22:04:52 delegatec called with args: [/usr/local/sbin/delegatec --delegate_path /usr/local/bin/runc --root /var/run/docker/runtime-runc/moby --log /run/docker/containerd/daemon/io.containerd.runtime.v2.task/moby/88d8581e473b8e1778fb0217664d8b73e871bad46b9610837d4ee5b5f911863b/log.json --log-format json delete --force 88d8581e473b8e1778fb0217664d8b73e871bad46b9610837d4ee5b5f911863b]
        2025/08/31 22:04:52 delegatec environment: [HOSTNAME=d6337d086734 SHLVL=3 LD_LIBRARY_PATH=/opt/containerd/lib: HOME=/root MAX_SHIM_VERSION=2 container=docker TTRPC_ADDRESS=/var/run/docker/containerd/containerd.sock.ttrpc DIND_COMMIT=8d9e3502aba39127e4d12196dae16d306f76993d PATH=/opt/containerd/bin:/usr/local/sbin:/usr/local/bin:/usr/sbin:/usr/bin:/sbin:/bin GRPC_ADDRESS=/var/run/docker/containerd/containerd.sock DOCKER_VERSION=28.3.3 DOCKER_TLS_CERTDIR=/certs NAMESPACE=moby DOCKER_BUILDX_VERSION=0.26.1 DOCKER_COMPOSE_VERSION=2.39.1 PWD=/run/docker/containerd/daemon/io.containerd.runtime.v2.task/moby/88d8581e473b8e1778fb0217664d8b73e871bad46b9610837d4ee5b5f911863b GOMAXPROCS=2]
        2025/08/31 22:04:52 delegatec parsed command: runc.Delete{Global:runc.Global{Root:"/var/run/docker/runtime-runc/moby", Debug:false, Log:"/run/docker/containerd/daemon/io.containerd.runtime.v2.task/moby/88d8581e473b8e1778fb0217664d8b73e871bad46b9610837d4ee5b5f911863b/log.json", LogFormat:"json", SystemdCgroup:false, Criu:"", Rootless:""}, Force:true, ContainerID:"88d8581e473b8e1778fb0217664d8b73e871bad46b9610837d4ee5b5f911863b"}
        2025/08/31 22:04:52 delegatec delegate path: /usr/local/bin/runc
        
        --------------------
    dind_test.go:980: runc log empty
    dind_test.go:981: criu check exit code 0
        stdout:
        
        stderr:
=== CONT  TestRuntimeParity/tty_stdin
=== NAME  TestRuntimeParity/docker_commit
    dind_test.go:1011: delegatec exec failed: start container: exit code 125
    dind_test.go:979: --- delegatec.log ---
             �2025/08/31 22:04:48 delegatec called with args: [/usr/local/sbin/delegatec --delegate_path /usr/local/bin/runc features]
        2025/08/31 22:04:48 delegatec environment: [OTEL_EXPORTER_OTLP_TRACES_PROTOCOL=http/protobuf HOSTNAME=f753b7489752 SHLVL=3 HOME=/root OTEL_SERVICE_NAME=dockerd OTEL_EXPORTER_OTLP_METRICS_PROTOCOL=http/protobuf container=docker TMPDIR=/var/lib/docker/tmp DIND_COMMIT=8d9e3502aba39127e4d12196dae16d306f76993d PATH=/usr/local/sbin:/usr/local/bin:/usr/sbin:/usr/bin:/sbin:/bin DOCKER_VERSION=28.3.3 DOCKER_TLS_CERTDIR=/certs DOCKER_BUILDX_VERSION=0.26.1 DOCKER_COMPOSE_VERSION=2.39.1 PWD=/]
        2025/08/31 22:04:48 delegatec parsed command: runc.Features{Global:runc.Global{Root:"", Debug:false, Log:"", LogFormat:"", SystemdCgroup:false, Criu:"", Rootless:""}}
        2025/08/31 22:04:48 delegatec delegate path: /usr/local/bin/runc
        2025/08/31 22:04:53 delegatec called with args: [/usr/local/sbin/delegatec --delegate_path /usr/local/bin/runc --root /var/run/docker/runtime-runc/moby --log /var/run/docker/containerd/daemon/io.containerd.runtime.v2.task/moby/c5f1d5cc33e2c96ed9e94486d03581f1a01f1067e7d21c2fa77cf0640b0abc4a/log.json --log-format json create --bundle /var/run/docker/containerd/daemon/io.containerd.runtime.v2.task/moby/c5f1d5cc33e2c96ed9e94486d03581f1a01f1067e7d21c2fa77cf0640b0abc4a --pid-file /var/run/docker/containerd/daemon/io.containerd.runtime.v2.task/moby/c5f1d5cc33e2c96ed9e94486d03581f1a01f1067e7d21c2fa77cf0640b0abc4a/init.pid c5f1d5cc33e2c96ed9e94486d03581f1a01f1067e7d21c2fa77cf0640b0abc4a]
        2025/08/31 22:04:53 delegatec environment: [HOSTNAME=f753b7489752 SHLVL=3 LD_LIBRARY_PATH=/opt/containerd/lib: HOME=/root MAX_SHIM_VERSION=2 container=docker TTRPC_ADDRESS=/var/run/docker/containerd/containerd.sock.ttrpc DIND_COMMIT=8d9e3502aba39127e4d12196dae16d306f76993d PATH=/opt/containerd/bin:/usr/local/sbin:/usr/local/bin:/usr/sbin:/usr/bin:/sbin:/bin GRPC_ADDRESS=/var/run/docker/containerd/containerd.sock DOCKER_VERSION=28.3.3 DOCKER_TLS_CERTDIR=/certs NAMESPACE=moby DOCKER_BUILDX_VERSION=0.26.1 DOCKER_COMPOSE_VERSION=2.39.1 PWD=/run/docker/containerd/daemon/io.containerd.runtime.v2.task/moby/c5f1d5cc33e2c96ed9e94486d03581f1a01f1067e7d21c2fa77cf0640b0abc4a GOMAXPROCS=4]
        2025/08/31 22:04:53 delegatec parsed command: runc.Create{Global:runc.Global{Root:"/var/run/docker/runtime-runc/moby", Debug:false, Log:"/var/run/docker/containerd/daemon/io.containerd.runtime.v2.task/moby/c5f1d5cc33e2c96ed9e94486d03581f1a01f1067e7d21c2fa77cf0640b0abc4a/log.json", LogFormat:"json", SystemdCgroup:false, Criu:"", Rootless:""}, BundleOpt:runc.BundleOpt{Bundle:"/var/run/docker/containerd/daemon/io.containerd.runtime.v2.task/moby/c5f1d5cc33e2c96ed9e94486d03581f1a01f1067e7d21c2fa77cf0640b0abc4a"}, ConsoleSocketOpt:runc.ConsoleSocketOpt{ConsoleSocket:""}, PivotKeyringFDsOpt:runc.PivotKeyringFDsOpt{NoPivot:false, NoNewKeyring:false, PreserveFDs:(*uint)(nil)}, PidFileOpt:runc.PidFileOpt{PidFile:"/var/run/docker/containerd/daemon/io.containerd.runtime.v2.task/moby/c5f1d5cc33e2c96ed9e94486d03581f1a01f1067e7d21c2fa77cf0640b0abc4a/init.pid"}, ContainerID:"c5f1d5cc33e2c96ed9e94486d03581f1a01f1067e7d21c2fa77cf0640b0abc4a"}
        2025/08/31 22:04:53 delegatec delegate path: /usr/local/bin/runc
        2025/08/31 22:04:53 delegatec called with args: [/usr/local/sbin/delegatec --delegate_path /usr/local/bin/runc --root /var/run/docker/runtime-runc/moby --log /run/docker/containerd/daemon/io.containerd.runtime.v2.task/moby/c5f1d5cc33e2c96ed9e94486d03581f1a01f1067e7d21c2fa77cf0640b0abc4a/log.json --log-format json delete --force c5f1d5cc33e2c96ed9e94486d03581f1a01f1067e7d21c2fa77cf0640b0abc4a]
        2025/08/31 22:04:53 delegatec environment: [HOSTNAME=f753b7489752 SHLVL=3 LD_LIBRARY_PATH=/opt/containerd/lib: HOME=/root MAX_SHIM_VERSION=2 container=docker TTRPC_ADDRESS=/var/run/docker/containerd/containerd.sock.ttrpc DIND_COMMIT=8d9e3502aba39127e4d12196dae16d306f76993d PATH=/opt/containerd/bin:/usr/local/sbin:/usr/local/bin:/usr/sbin:/usr/bin:/sbin:/bin GRPC_ADDRESS=/var/run/docker/containerd/containerd.sock DOCKER_VERSION=28.3.3 DOCKER_TLS_CERTDIR=/certs NAMESPACE=moby DOCKER_BUILDX_VERSION=0.26.1 DOCKER_COMPOSE_VERSION=2.39.1 PWD=/run/docker/containerd/daemon/io.containerd.runtime.v2.task/moby/c5f1d5cc33e2c96ed9e94486d03581f1a01f1067e7d21c2fa77cf0640b0abc4a GOMAXPROCS=2]
        2025/08/31 22:04:53 delegatec parsed command: runc.Delete{Global:runc.Global{Root:"/var/run/docker/runtime-runc/moby", Debug:false, Log:"/run/docker/containerd/daemon/io.containerd.runtime.v2.task/moby/c5f1d5cc33e2c96ed9e94486d03581f1a01f1067e7d21c2fa77cf0640b0abc4a/log.json", LogFormat:"json", SystemdCgroup:false, Criu:"", Rootless:""}, Force:true, ContainerID:"c5f1d5cc33e2c96ed9e94486d03581f1a01f1067e7d21c2fa77cf0640b0abc4a"}
        2025/08/31 22:04:53 delegatec delegate path: /usr/local/bin/runc
        
        --------------------
    dind_test.go:980: runc log empty
=== NAME  TestRuntimeParity/wait_exited
    dind_test.go:1011: delegatec exec failed: start container: exit code 125
=== NAME  TestRuntimeParity/docker_commit
    dind_test.go:981: criu check exit code 0
        stdout:
        
        stderr:
=== CONT  TestRuntimeParity/exec_after_run
=== NAME  TestRuntimeParity/false
    dind_test.go:1013: runc exited with 1
    dind_test.go:1014: runc output:
    dind_test.go:1015: delegatec exited with 125
    dind_test.go:1016: delegatec output:
        docker: Error response from daemon: failed to create task for container: failed to create shim task: OCI runtime create failed: /var/lib/docker/runtimes/delegatec.XQ4R1TXV9RVB-6VXNQQ6T94RZ3BX12S543VW4JWFW99SNDHTX9W0==== did not terminate successfully: exit status 2: unknown
        
        Run 'docker run --help' for more information
    dind_test.go:1019: mismatch: runc [1] "" vs delegatec [125] "docker: Error response from daemon: failed to create task for container: failed to create shim task: OCI runtime create failed: /var/lib/docker/runtimes/delegatec.XQ4R1TXV9RVB-6VXNQQ6T94RZ3BX12S543VW4JWFW99SNDHTX9W0==== did not terminate successfully: exit status 2: unknown\n\nRun 'docker run --help' for more information"
=== NAME  TestRuntimeParity/wait_exited
    dind_test.go:979: --- delegatec.log ---
             �2025/08/31 22:04:49 delegatec called with args: [/usr/local/sbin/delegatec --delegate_path /usr/local/bin/runc features]
        2025/08/31 22:04:49 delegatec environment: [OTEL_EXPORTER_OTLP_TRACES_PROTOCOL=http/protobuf HOSTNAME=c8a3e161c430 SHLVL=3 HOME=/root OTEL_SERVICE_NAME=dockerd OTEL_EXPORTER_OTLP_METRICS_PROTOCOL=http/protobuf container=docker TMPDIR=/var/lib/docker/tmp DIND_COMMIT=8d9e3502aba39127e4d12196dae16d306f76993d PATH=/usr/local/sbin:/usr/local/bin:/usr/sbin:/usr/bin:/sbin:/bin DOCKER_VERSION=28.3.3 DOCKER_TLS_CERTDIR=/certs DOCKER_BUILDX_VERSION=0.26.1 DOCKER_COMPOSE_VERSION=2.39.1 PWD=/]
        2025/08/31 22:04:49 delegatec parsed command: runc.Features{Global:runc.Global{Root:"", Debug:false, Log:"", LogFormat:"", SystemdCgroup:false, Criu:"", Rootless:""}}
        2025/08/31 22:04:49 delegatec delegate path: /usr/local/bin/runc
        2025/08/31 22:04:53 delegatec called with args: [/usr/local/sbin/delegatec --delegate_path /usr/local/bin/runc --root /var/run/docker/runtime-runc/moby --log /var/run/docker/containerd/daemon/io.containerd.runtime.v2.task/moby/f1a0c8a200d819f7990465c877c3167372da7b8098a450176b06e6c1cc7ab420/log.json --log-format json create --bundle /var/run/docker/containerd/daemon/io.containerd.runtime.v2.task/moby/f1a0c8a200d819f7990465c877c3167372da7b8098a450176b06e6c1cc7ab420 --pid-file /var/run/docker/containerd/daemon/io.containerd.runtime.v2.task/moby/f1a0c8a200d819f7990465c877c3167372da7b8098a450176b06e6c1cc7ab420/init.pid f1a0c8a200d819f7990465c877c3167372da7b8098a450176b06e6c1cc7ab420]
        2025/08/31 22:04:53 delegatec environment: [HOSTNAME=c8a3e161c430 SHLVL=3 LD_LIBRARY_PATH=/opt/containerd/lib: HOME=/root MAX_SHIM_VERSION=2 container=docker TTRPC_ADDRESS=/var/run/docker/containerd/containerd.sock.ttrpc DIND_COMMIT=8d9e3502aba39127e4d12196dae16d306f76993d PATH=/opt/containerd/bin:/usr/local/sbin:/usr/local/bin:/usr/sbin:/usr/bin:/sbin:/bin GRPC_ADDRESS=/var/run/docker/containerd/containerd.sock DOCKER_VERSION=28.3.3 DOCKER_TLS_CERTDIR=/certs NAMESPACE=moby DOCKER_BUILDX_VERSION=0.26.1 DOCKER_COMPOSE_VERSION=2.39.1 PWD=/run/docker/containerd/daemon/io.containerd.runtime.v2.task/moby/f1a0c8a200d819f7990465c877c3167372da7b8098a450176b06e6c1cc7ab420 GOMAXPROCS=4]
        2025/08/31 22:04:53 delegatec parsed command: runc.Create{Global:runc.Global{Root:"/var/run/docker/runtime-runc/moby", Debug:false, Log:"/var/run/docker/containerd/daemon/io.containerd.runtime.v2.task/moby/f1a0c8a200d819f7990465c877c3167372da7b8098a450176b06e6c1cc7ab420/log.json", LogFormat:"json", SystemdCgroup:false, Criu:"", Rootless:""}, BundleOpt:runc.BundleOpt{Bundle:"/var/run/docker/containerd/daemon/io.containerd.runtime.v2.task/moby/f1a0c8a200d819f7990465c877c3167372da7b8098a450176b06e6c1cc7ab420"}, ConsoleSocketOpt:runc.ConsoleSocketOpt{ConsoleSocket:""}, PivotKeyringFDsOpt:runc.PivotKeyringFDsOpt{NoPivot:false, NoNewKeyring:false, PreserveFDs:(*uint)(nil)}, PidFileOpt:runc.PidFileOpt{PidFile:"/var/run/docker/containerd/daemon/io.containerd.runtime.v2.task/moby/f1a0c8a200d819f7990465c877c3167372da7b8098a450176b06e6c1cc7ab420/init.pid"}, ContainerID:"f1a0c8a200d819f7990465c877c3167372da7b8098a450176b06e6c1cc7ab420"}
        2025/08/31 22:04:53 delegatec delegate path: /usr/local/bin/runc
        2025/08/31 22:04:53 delegatec called with args: [/usr/local/sbin/delegatec --delegate_path /usr/local/bin/runc --root /var/run/docker/runtime-runc/moby --log /run/docker/containerd/daemon/io.containerd.runtime.v2.task/moby/f1a0c8a200d819f7990465c877c3167372da7b8098a450176b06e6c1cc7ab420/log.json --log-format json delete --force f1a0c8a200d819f7990465c877c3167372da7b8098a450176b06e6c1cc7ab420]
        2025/08/31 22:04:53 delegatec environment: [HOSTNAME=c8a3e161c430 SHLVL=3 LD_LIBRARY_PATH=/opt/containerd/lib: HOME=/root MAX_SHIM_VERSION=2 container=docker TTRPC_ADDRESS=/var/run/docker/containerd/containerd.sock.ttrpc DIND_COMMIT=8d9e3502aba39127e4d12196dae16d306f76993d PATH=/opt/containerd/bin:/usr/local/sbin:/usr/local/bin:/usr/sbin:/usr/bin:/sbin:/bin GRPC_ADDRESS=/var/run/docker/containerd/containerd.sock DOCKER_VERSION=28.3.3 DOCKER_TLS_CERTDIR=/certs NAMESPACE=moby DOCKER_BUILDX_VERSION=0.26.1 DOCKER_COMPOSE_VERSION=2.39.1 PWD=/run/docker/containerd/daemon/io.containerd.runtime.v2.task/moby/f1a0c8a200d819f7990465c877c3167372da7b8098a450176b06e6c1cc7ab420 GOMAXPROCS=2]
        2025/08/31 22:04:53 delegatec parsed command: runc.Delete{Global:runc.Global{Root:"/var/run/docker/runtime-runc/moby", Debug:false, Log:"/run/docker/containerd/daemon/io.containerd.runtime.v2.task/moby/f1a0c8a200d819f7990465c877c3167372da7b8098a450176b06e6c1cc7ab420/log.json", LogFormat:"json", SystemdCgroup:false, Criu:"", Rootless:""}, Force:true, ContainerID:"f1a0c8a200d819f7990465c877c3167372da7b8098a450176b06e6c1cc7ab420"}
        2025/08/31 22:04:53 delegatec delegate path: /usr/local/bin/runc
        
        --------------------
=== NAME  TestRuntimeParity/false
    dind_test.go:979: --- delegatec.log ---
             "42025/08/31 22:04:48 delegatec called with args: [/usr/local/sbin/delegatec --delegate_path /usr/local/bin/runc features]
        2025/08/31 22:04:48 delegatec environment: [OTEL_EXPORTER_OTLP_TRACES_PROTOCOL=http/protobuf HOSTNAME=f753b7489752 SHLVL=3 HOME=/root OTEL_SERVICE_NAME=dockerd OTEL_EXPORTER_OTLP_METRICS_PROTOCOL=http/protobuf container=docker TMPDIR=/var/lib/docker/tmp DIND_COMMIT=8d9e3502aba39127e4d12196dae16d306f76993d PATH=/usr/local/sbin:/usr/local/bin:/usr/sbin:/usr/bin:/sbin:/bin DOCKER_VERSION=28.3.3 DOCKER_TLS_CERTDIR=/certs DOCKER_BUILDX_VERSION=0.26.1 DOCKER_COMPOSE_VERSION=2.39.1 PWD=/]
        2025/08/31 22:04:48 delegatec parsed command: runc.Features{Global:runc.Global{Root:"", Debug:false, Log:"", LogFormat:"", SystemdCgroup:false, Criu:"", Rootless:""}}
        2025/08/31 22:04:48 delegatec delegate path: /usr/local/bin/runc
        2025/08/31 22:04:53 delegatec called with args: [/usr/local/sbin/delegatec --delegate_path /usr/local/bin/runc --root /var/run/docker/runtime-runc/moby --log /var/run/docker/containerd/daemon/io.containerd.runtime.v2.task/moby/c5f1d5cc33e2c96ed9e94486d03581f1a01f1067e7d21c2fa77cf0640b0abc4a/log.json --log-format json create --bundle /var/run/docker/containerd/daemon/io.containerd.runtime.v2.task/moby/c5f1d5cc33e2c96ed9e94486d03581f1a01f1067e7d21c2fa77cf0640b0abc4a --pid-file /var/run/docker/containerd/daemon/io.containerd.runtime.v2.task/moby/c5f1d5cc33e2c96ed9e94486d03581f1a01f1067e7d21c2fa77cf0640b0abc4a/init.pid c5f1d5cc33e2c96ed9e94486d03581f1a01f1067e7d21c2fa77cf0640b0abc4a]
        2025/08/31 22:04:53 delegatec environment: [HOSTNAME=f753b7489752 SHLVL=3 LD_LIBRARY_PATH=/opt/containerd/lib: HOME=/root MAX_SHIM_VERSION=2 container=docker TTRPC_ADDRESS=/var/run/docker/containerd/containerd.sock.ttrpc DIND_COMMIT=8d9e3502aba39127e4d12196dae16d306f76993d PATH=/opt/containerd/bin:/usr/local/sbin:/usr/local/bin:/usr/sbin:/usr/bin:/sbin:/bin GRPC_ADDRESS=/var/run/docker/containerd/containerd.sock DOCKER_VERSION=28.3.3 DOCKER_TLS_CERTDIR=/certs NAMESPACE=moby DOCKER_BUILDX_VERSION=0.26.1 DOCKER_COMPOSE_VERSION=2.39.1 PWD=/run/docker/containerd/daemon/io.containerd.runtime.v2.task/moby/c5f1d5cc33e2c96ed9e94486d03581f1a01f1067e7d21c2fa77cf0640b0abc4a GOMAXPROCS=4]
        2025/08/31 22:04:53 delegatec parsed command: runc.Create{Global:runc.Global{Root:"/var/run/docker/runtime-runc/moby", Debug:false, Log:"/var/run/docker/containerd/daemon/io.containerd.runtime.v2.task/moby/c5f1d5cc33e2c96ed9e94486d03581f1a01f1067e7d21c2fa77cf0640b0abc4a/log.json", LogFormat:"json", SystemdCgroup:false, Criu:"", Rootless:""}, BundleOpt:runc.BundleOpt{Bundle:"/var/run/docker/containerd/daemon/io.containerd.runtime.v2.task/moby/c5f1d5cc33e2c96ed9e94486d03581f1a01f1067e7d21c2fa77cf0640b0abc4a"}, ConsoleSocketOpt:runc.ConsoleSocketOpt{ConsoleSocket:""}, PivotKeyringFDsOpt:runc.PivotKeyringFDsOpt{NoPivot:false, NoNewKeyring:false, PreserveFDs:(*uint)(nil)}, PidFileOpt:runc.PidFileOpt{PidFile:"/var/run/docker/containerd/daemon/io.containerd.runtime.v2.task/moby/c5f1d5cc33e2c96ed9e94486d03581f1a01f1067e7d21c2fa77cf0640b0abc4a/init.pid"}, ContainerID:"c5f1d5cc33e2c96ed9e94486d03581f1a01f1067e7d21c2fa77cf0640b0abc4a"}
        2025/08/31 22:04:53 delegatec delegate path: /usr/local/bin/runc
        2025/08/31 22:04:53 delegatec called with args: [/usr/local/sbin/delegatec --delegate_path /usr/local/bin/runc --root /var/run/docker/runtime-runc/moby --log /run/docker/containerd/daemon/io.containerd.runtime.v2.task/moby/c5f1d5cc33e2c96ed9e94486d03581f1a01f1067e7d21c2fa77cf0640b0abc4a/log.json --log-format json delete --force c5f1d5cc33e2c96ed9e94486d03581f1a01f1067e7d21c2fa77cf0640b0abc4a]
        2025/08/31 22:04:53 delegatec environment: [HOSTNAME=f753b7489752 SHLVL=3 LD_LIBRARY_PATH=/opt/containerd/lib: HOME=/root MAX_SHIM_VERSION=2 container=docker TTRPC_ADDRESS=/var/run/docker/containerd/containerd.sock.ttrpc DIND_COMMIT=8d9e3502aba39127e4d12196dae16d306f76993d PATH=/opt/containerd/bin:/usr/local/sbin:/usr/local/bin:/usr/sbin:/usr/bin:/sbin:/bin GRPC_ADDRESS=/var/run/docker/containerd/containerd.sock DOCKER_VERSION=28.3.3 DOCKER_TLS_CERTDIR=/certs NAMESPACE=moby DOCKER_BUILDX_VERSION=0.26.1 DOCKER_COMPOSE_VERSION=2.39.1 PWD=/run/docker/containerd/daemon/io.containerd.runtime.v2.task/moby/c5f1d5cc33e2c96ed9e94486d03581f1a01f1067e7d21c2fa77cf0640b0abc4a GOMAXPROCS=2]
        2025/08/31 22:04:53 delegatec parsed command: runc.Delete{Global:runc.Global{Root:"/var/run/docker/runtime-runc/moby", Debug:false, Log:"/run/docker/containerd/daemon/io.containerd.runtime.v2.task/moby/c5f1d5cc33e2c96ed9e94486d03581f1a01f1067e7d21c2fa77cf0640b0abc4a/log.json", LogFormat:"json", SystemdCgroup:false, Criu:"", Rootless:""}, Force:true, ContainerID:"c5f1d5cc33e2c96ed9e94486d03581f1a01f1067e7d21c2fa77cf0640b0abc4a"}
        2025/08/31 22:04:53 delegatec delegate path: /usr/local/bin/runc
        2025/08/31 22:04:53 delegatec called with args: [/usr/local/sbin/delegatec --delegate_path /usr/local/bin/runc --root /var/run/docker/runtime-runc/moby --log /var/run/docker/containerd/daemon/io.containerd.runtime.v2.task/moby/042d09379b04372c2b609d8f04c31cab8786ab8a2acc75ba9b09786e2ea5f713/log.json --log-format json create --bundle /var/run/docker/containerd/daemon/io.containerd.runtime.v2.task/moby/042d09379b04372c2b609d8f04c31cab8786ab8a2acc75ba9b09786e2ea5f713 --pid-file /var/run/docker/containerd/daemon/io.containerd.runtime.v2.task/moby/042d09379b04372c2b609d8f04c31cab8786ab8a2acc75ba9b09786e2ea5f713/init.pid 042d09379b04372c2b609d8f04c31cab8786ab8a2acc75ba9b09786e2ea5f713]
        2025/08/31 22:04:53 delegatec environment: [HOSTNAME=f753b7489752 SHLVL=3 LD_LIBRARY_PATH=/opt/containerd/lib: HOME=/root MAX_SHIM_VERSION=2 container=docker TTRPC_ADDRESS=/var/run/docker/containerd/containerd.sock.ttrpc DIND_COMMIT=8d9e3502aba39127e4d12196dae16d306f76993d PATH=/opt/containerd/bin:/usr/local/sbin:/usr/local/bin:/usr/sbin:/usr/bin:/sbin:/bin GRPC_ADDRESS=/var/run/docker/containerd/containerd.sock DOCKER_VERSION=28.3.3 DOCKER_TLS_CERTDIR=/certs NAMESPACE=moby DOCKER_BUILDX_VERSION=0.26.1 DOCKER_COMPOSE_VERSION=2.39.1 PWD=/run/docker/containerd/daemon/io.containerd.runtime.v2.task/moby/042d09379b04372c2b609d8f04c31cab8786ab8a2acc75ba9b09786e2ea5f713 GOMAXPROCS=4]
        2025/08/31 22:04:53 delegatec parsed command: runc.Create{Global:runc.Global{Root:"/var/run/docker/runtime-runc/moby", Debug:false, Log:"/var/run/docker/containerd/daemon/io.containerd.runtime.v2.task/moby/042d09379b04372c2b609d8f04c31cab8786ab8a2acc75ba9b09786e2ea5f713/log.json", LogFormat:"json", SystemdCgroup:false, Criu:"", Rootless:""}, BundleOpt:runc.BundleOpt{Bundle:"/var/run/docker/containerd/daemon/io.containerd.runtime.v2.task/moby/042d09379b04372c2b609d8f04c31cab8786ab8a2acc75ba9b09786e2ea5f713"}, ConsoleSocketOpt:runc.ConsoleSocketOpt{ConsoleSocket:""}, PivotKeyringFDsOpt:runc.PivotKeyringFDsOpt{NoPivot:false, NoNewKeyring:false, PreserveFDs:(*uint)(nil)}, PidFileOpt:runc.PidFileOpt{PidFile:"/var/run/docker/containerd/daemon/io.containerd.runtime.v2.task/moby/042d09379b04372c2b609d8f04c31cab8786ab8a2acc75ba9b09786e2ea5f713/init.pid"}, ContainerID:"042d09379b04372c2b609d8f04c31cab8786ab8a2acc75ba9b09786e2ea5f713"}
        2025/08/31 22:04:53 delegatec delegate path: /usr/local/bin/runc
        2025/08/31 22:04:53 delegatec called with args: [/usr/local/sbin/delegatec --delegate_path /usr/local/bin/runc --root /var/run/docker/runtime-runc/moby --log /run/docker/containerd/daemon/io.containerd.runtime.v2.task/moby/042d09379b04372c2b609d8f04c31cab8786ab8a2acc75ba9b09786e2ea5f713/log.json --log-format json delete --force 042d09379b04372c2b609d8f04c31cab8786ab8a2acc75ba9b09786e2ea5f713]
        2025/08/31 22:04:53 delegatec environment: [HOSTNAME=f753b7489752 SHLVL=3 LD_LIBRARY_PATH=/opt/containerd/lib: HOME=/root MAX_SHIM_VERSION=2 container=docker TTRPC_ADDRESS=/var/run/docker/containerd/containerd.sock.ttrpc DIND_COMMIT=8d9e3502aba39127e4d12196dae16d306f76993d PATH=/opt/containerd/bin:/usr/local/sbin:/usr/local/bin:/usr/sbin:/usr/bin:/sbin:/bin GRPC_ADDRESS=/var/run/docker/containerd/containerd.sock DOCKER_VERSION=28.3.3 DOCKER_TLS_CERTDIR=/certs NAMESPACE=moby DOCKER_BUILDX_VERSION=0.26.1 DOCKER_COMPOSE_VERSION=2.39.1 PWD=/run/docker/containerd/daemon/io.containerd.runtime.v2.task/moby/042d09379b04372c2b609d8f04c31cab8786ab8a2acc75ba9b09786e2ea5f713 GOMAXPROCS=2]
        2025/08/31 22:04:53 delegatec parsed command: runc.Delete{Global:runc.Global{Root:"/var/run/docker/runtime-runc/moby", Debug:false, Log:"/run/docker/containerd/daemon/io.containerd.runtime.v2.task/moby/042d09379b04372c2b609d8f04c31cab8786ab8a2acc75ba9b09786e2ea5f713/log.json", LogFormat:"json", SystemdCgroup:false, Criu:"", Rootless:""}, Force:true, ContainerID:"042d09379b04372c2b609d8f04c31cab8786ab8a2acc75ba9b09786e2ea5f713"}
        2025/08/31 22:04:53 delegatec delegate path: /usr/local/bin/runc
        
        --------------------
=== NAME  TestRuntimeParity/wait_exited
    dind_test.go:980: runc log empty
=== NAME  TestRuntimeParity/memory_limit
    dind_test.go:1013: runc exited with 0
    dind_test.go:1014: runc output:
        33554432
    dind_test.go:1015: delegatec exited with 125
    dind_test.go:1016: delegatec output:
        docker: Error response from daemon: failed to create task for container: failed to create shim task: OCI runtime create failed: /var/lib/docker/runtimes/delegatec.XQ4R1TXV9RVB-6VXNQQ6T94RZ3BX12S543VW4JWFW99SNDHTX9W0==== did not terminate successfully: exit status 2: unknown
        
        Run 'docker run --help' for more information
    dind_test.go:1019: mismatch: runc [0] "33554432" vs delegatec [125] "docker: Error response from daemon: failed to create task for container: failed to create shim task: OCI runtime create failed: /var/lib/docker/runtimes/delegatec.XQ4R1TXV9RVB-6VXNQQ6T94RZ3BX12S543VW4JWFW99SNDHTX9W0==== did not terminate successfully: exit status 2: unknown\n\nRun 'docker run --help' for more information"
=== NAME  TestRuntimeParity/false
    dind_test.go:980: runc log empty
=== NAME  TestRuntimeParity/wait_exited
    dind_test.go:981: criu check exit code 0
        stdout:
        
        stderr:
=== CONT  TestRuntimeParity/container_logs
=== NAME  TestRuntimeParity/false
    dind_test.go:981: criu check exit code 0
        stdout:
        
        stderr:
=== CONT  TestRuntimeParity/device_mapping
=== NAME  TestRuntimeParity/volume
    dind_test.go:1013: runc exited with 0
    dind_test.go:1014: runc output:
    dind_test.go:1015: delegatec exited with 125
    dind_test.go:1016: delegatec output:
        docker: Error response from daemon: failed to create task for container: failed to create shim task: OCI runtime create failed: /var/lib/docker/runtimes/delegatec.XQ4R1TXV9RVB-6VXNQQ6T94RZ3BX12S543VW4JWFW99SNDHTX9W0==== did not terminate successfully: exit status 2: unknown
        
        Run 'docker run --help' for more information
    dind_test.go:1019: mismatch: runc [0] "" vs delegatec [125] "docker: Error response from daemon: failed to create task for container: failed to create shim task: OCI runtime create failed: /var/lib/docker/runtimes/delegatec.XQ4R1TXV9RVB-6VXNQQ6T94RZ3BX12S543VW4JWFW99SNDHTX9W0==== did not terminate successfully: exit status 2: unknown\n\nRun 'docker run --help' for more information"
=== NAME  TestRuntimeParity/memory_limit
    dind_test.go:979: --- delegatec.log ---
             "42025/08/31 22:04:49 delegatec called with args: [/usr/local/sbin/delegatec --delegate_path /usr/local/bin/runc features]
        2025/08/31 22:04:49 delegatec environment: [OTEL_EXPORTER_OTLP_TRACES_PROTOCOL=http/protobuf HOSTNAME=c8a3e161c430 SHLVL=3 HOME=/root OTEL_SERVICE_NAME=dockerd OTEL_EXPORTER_OTLP_METRICS_PROTOCOL=http/protobuf container=docker TMPDIR=/var/lib/docker/tmp DIND_COMMIT=8d9e3502aba39127e4d12196dae16d306f76993d PATH=/usr/local/sbin:/usr/local/bin:/usr/sbin:/usr/bin:/sbin:/bin DOCKER_VERSION=28.3.3 DOCKER_TLS_CERTDIR=/certs DOCKER_BUILDX_VERSION=0.26.1 DOCKER_COMPOSE_VERSION=2.39.1 PWD=/]
        2025/08/31 22:04:49 delegatec parsed command: runc.Features{Global:runc.Global{Root:"", Debug:false, Log:"", LogFormat:"", SystemdCgroup:false, Criu:"", Rootless:""}}
        2025/08/31 22:04:49 delegatec delegate path: /usr/local/bin/runc
        2025/08/31 22:04:53 delegatec called with args: [/usr/local/sbin/delegatec --delegate_path /usr/local/bin/runc --root /var/run/docker/runtime-runc/moby --log /var/run/docker/containerd/daemon/io.containerd.runtime.v2.task/moby/f1a0c8a200d819f7990465c877c3167372da7b8098a450176b06e6c1cc7ab420/log.json --log-format json create --bundle /var/run/docker/containerd/daemon/io.containerd.runtime.v2.task/moby/f1a0c8a200d819f7990465c877c3167372da7b8098a450176b06e6c1cc7ab420 --pid-file /var/run/docker/containerd/daemon/io.containerd.runtime.v2.task/moby/f1a0c8a200d819f7990465c877c3167372da7b8098a450176b06e6c1cc7ab420/init.pid f1a0c8a200d819f7990465c877c3167372da7b8098a450176b06e6c1cc7ab420]
        2025/08/31 22:04:53 delegatec environment: [HOSTNAME=c8a3e161c430 SHLVL=3 LD_LIBRARY_PATH=/opt/containerd/lib: HOME=/root MAX_SHIM_VERSION=2 container=docker TTRPC_ADDRESS=/var/run/docker/containerd/containerd.sock.ttrpc DIND_COMMIT=8d9e3502aba39127e4d12196dae16d306f76993d PATH=/opt/containerd/bin:/usr/local/sbin:/usr/local/bin:/usr/sbin:/usr/bin:/sbin:/bin GRPC_ADDRESS=/var/run/docker/containerd/containerd.sock DOCKER_VERSION=28.3.3 DOCKER_TLS_CERTDIR=/certs NAMESPACE=moby DOCKER_BUILDX_VERSION=0.26.1 DOCKER_COMPOSE_VERSION=2.39.1 PWD=/run/docker/containerd/daemon/io.containerd.runtime.v2.task/moby/f1a0c8a200d819f7990465c877c3167372da7b8098a450176b06e6c1cc7ab420 GOMAXPROCS=4]
        2025/08/31 22:04:53 delegatec parsed command: runc.Create{Global:runc.Global{Root:"/var/run/docker/runtime-runc/moby", Debug:false, Log:"/var/run/docker/containerd/daemon/io.containerd.runtime.v2.task/moby/f1a0c8a200d819f7990465c877c3167372da7b8098a450176b06e6c1cc7ab420/log.json", LogFormat:"json", SystemdCgroup:false, Criu:"", Rootless:""}, BundleOpt:runc.BundleOpt{Bundle:"/var/run/docker/containerd/daemon/io.containerd.runtime.v2.task/moby/f1a0c8a200d819f7990465c877c3167372da7b8098a450176b06e6c1cc7ab420"}, ConsoleSocketOpt:runc.ConsoleSocketOpt{ConsoleSocket:""}, PivotKeyringFDsOpt:runc.PivotKeyringFDsOpt{NoPivot:false, NoNewKeyring:false, PreserveFDs:(*uint)(nil)}, PidFileOpt:runc.PidFileOpt{PidFile:"/var/run/docker/containerd/daemon/io.containerd.runtime.v2.task/moby/f1a0c8a200d819f7990465c877c3167372da7b8098a450176b06e6c1cc7ab420/init.pid"}, ContainerID:"f1a0c8a200d819f7990465c877c3167372da7b8098a450176b06e6c1cc7ab420"}
        2025/08/31 22:04:53 delegatec delegate path: /usr/local/bin/runc
        2025/08/31 22:04:53 delegatec called with args: [/usr/local/sbin/delegatec --delegate_path /usr/local/bin/runc --root /var/run/docker/runtime-runc/moby --log /run/docker/containerd/daemon/io.containerd.runtime.v2.task/moby/f1a0c8a200d819f7990465c877c3167372da7b8098a450176b06e6c1cc7ab420/log.json --log-format json delete --force f1a0c8a200d819f7990465c877c3167372da7b8098a450176b06e6c1cc7ab420]
        2025/08/31 22:04:53 delegatec environment: [HOSTNAME=c8a3e161c430 SHLVL=3 LD_LIBRARY_PATH=/opt/containerd/lib: HOME=/root MAX_SHIM_VERSION=2 container=docker TTRPC_ADDRESS=/var/run/docker/containerd/containerd.sock.ttrpc DIND_COMMIT=8d9e3502aba39127e4d12196dae16d306f76993d PATH=/opt/containerd/bin:/usr/local/sbin:/usr/local/bin:/usr/sbin:/usr/bin:/sbin:/bin GRPC_ADDRESS=/var/run/docker/containerd/containerd.sock DOCKER_VERSION=28.3.3 DOCKER_TLS_CERTDIR=/certs NAMESPACE=moby DOCKER_BUILDX_VERSION=0.26.1 DOCKER_COMPOSE_VERSION=2.39.1 PWD=/run/docker/containerd/daemon/io.containerd.runtime.v2.task/moby/f1a0c8a200d819f7990465c877c3167372da7b8098a450176b06e6c1cc7ab420 GOMAXPROCS=2]
        2025/08/31 22:04:53 delegatec parsed command: runc.Delete{Global:runc.Global{Root:"/var/run/docker/runtime-runc/moby", Debug:false, Log:"/run/docker/containerd/daemon/io.containerd.runtime.v2.task/moby/f1a0c8a200d819f7990465c877c3167372da7b8098a450176b06e6c1cc7ab420/log.json", LogFormat:"json", SystemdCgroup:false, Criu:"", Rootless:""}, Force:true, ContainerID:"f1a0c8a200d819f7990465c877c3167372da7b8098a450176b06e6c1cc7ab420"}
        2025/08/31 22:04:53 delegatec delegate path: /usr/local/bin/runc
        2025/08/31 22:04:53 delegatec called with args: [/usr/local/sbin/delegatec --delegate_path /usr/local/bin/runc --root /var/run/docker/runtime-runc/moby --log /var/run/docker/containerd/daemon/io.containerd.runtime.v2.task/moby/64c7ba2988912e54e9e4e5a75478b500d40ccdd4d52aaa939ca6f7c38c0b906c/log.json --log-format json create --bundle /var/run/docker/containerd/daemon/io.containerd.runtime.v2.task/moby/64c7ba2988912e54e9e4e5a75478b500d40ccdd4d52aaa939ca6f7c38c0b906c --pid-file /var/run/docker/containerd/daemon/io.containerd.runtime.v2.task/moby/64c7ba2988912e54e9e4e5a75478b500d40ccdd4d52aaa939ca6f7c38c0b906c/init.pid 64c7ba2988912e54e9e4e5a75478b500d40ccdd4d52aaa939ca6f7c38c0b906c]
        2025/08/31 22:04:53 delegatec environment: [HOSTNAME=c8a3e161c430 SHLVL=3 LD_LIBRARY_PATH=/opt/containerd/lib: HOME=/root MAX_SHIM_VERSION=2 container=docker TTRPC_ADDRESS=/var/run/docker/containerd/containerd.sock.ttrpc DIND_COMMIT=8d9e3502aba39127e4d12196dae16d306f76993d PATH=/opt/containerd/bin:/usr/local/sbin:/usr/local/bin:/usr/sbin:/usr/bin:/sbin:/bin GRPC_ADDRESS=/var/run/docker/containerd/containerd.sock DOCKER_VERSION=28.3.3 DOCKER_TLS_CERTDIR=/certs NAMESPACE=moby DOCKER_BUILDX_VERSION=0.26.1 DOCKER_COMPOSE_VERSION=2.39.1 PWD=/run/docker/containerd/daemon/io.containerd.runtime.v2.task/moby/64c7ba2988912e54e9e4e5a75478b500d40ccdd4d52aaa939ca6f7c38c0b906c GOMAXPROCS=4]
        2025/08/31 22:04:53 delegatec parsed command: runc.Create{Global:runc.Global{Root:"/var/run/docker/runtime-runc/moby", Debug:false, Log:"/var/run/docker/containerd/daemon/io.containerd.runtime.v2.task/moby/64c7ba2988912e54e9e4e5a75478b500d40ccdd4d52aaa939ca6f7c38c0b906c/log.json", LogFormat:"json", SystemdCgroup:false, Criu:"", Rootless:""}, BundleOpt:runc.BundleOpt{Bundle:"/var/run/docker/containerd/daemon/io.containerd.runtime.v2.task/moby/64c7ba2988912e54e9e4e5a75478b500d40ccdd4d52aaa939ca6f7c38c0b906c"}, ConsoleSocketOpt:runc.ConsoleSocketOpt{ConsoleSocket:""}, PivotKeyringFDsOpt:runc.PivotKeyringFDsOpt{NoPivot:false, NoNewKeyring:false, PreserveFDs:(*uint)(nil)}, PidFileOpt:runc.PidFileOpt{PidFile:"/var/run/docker/containerd/daemon/io.containerd.runtime.v2.task/moby/64c7ba2988912e54e9e4e5a75478b500d40ccdd4d52aaa939ca6f7c38c0b906c/init.pid"}, ContainerID:"64c7ba2988912e54e9e4e5a75478b500d40ccdd4d52aaa939ca6f7c38c0b906c"}
        2025/08/31 22:04:53 delegatec delegate path: /usr/local/bin/runc
        2025/08/31 22:04:53 delegatec called with args: [/usr/local/sbin/delegatec --delegate_path /usr/local/bin/runc --root /var/run/docker/runtime-runc/moby --log /run/docker/containerd/daemon/io.containerd.runtime.v2.task/moby/64c7ba2988912e54e9e4e5a75478b500d40ccdd4d52aaa939ca6f7c38c0b906c/log.json --log-format json delete --force 64c7ba2988912e54e9e4e5a75478b500d40ccdd4d52aaa939ca6f7c38c0b906c]
        2025/08/31 22:04:53 delegatec environment: [HOSTNAME=c8a3e161c430 SHLVL=3 LD_LIBRARY_PATH=/opt/containerd/lib: HOME=/root MAX_SHIM_VERSION=2 container=docker TTRPC_ADDRESS=/var/run/docker/containerd/containerd.sock.ttrpc DIND_COMMIT=8d9e3502aba39127e4d12196dae16d306f76993d PATH=/opt/containerd/bin:/usr/local/sbin:/usr/local/bin:/usr/sbin:/usr/bin:/sbin:/bin GRPC_ADDRESS=/var/run/docker/containerd/containerd.sock DOCKER_VERSION=28.3.3 DOCKER_TLS_CERTDIR=/certs NAMESPACE=moby DOCKER_BUILDX_VERSION=0.26.1 DOCKER_COMPOSE_VERSION=2.39.1 PWD=/run/docker/containerd/daemon/io.containerd.runtime.v2.task/moby/64c7ba2988912e54e9e4e5a75478b500d40ccdd4d52aaa939ca6f7c38c0b906c GOMAXPROCS=2]
        2025/08/31 22:04:53 delegatec parsed command: runc.Delete{Global:runc.Global{Root:"/var/run/docker/runtime-runc/moby", Debug:false, Log:"/run/docker/containerd/daemon/io.containerd.runtime.v2.task/moby/64c7ba2988912e54e9e4e5a75478b500d40ccdd4d52aaa939ca6f7c38c0b906c/log.json", LogFormat:"json", SystemdCgroup:false, Criu:"", Rootless:""}, Force:true, ContainerID:"64c7ba2988912e54e9e4e5a75478b500d40ccdd4d52aaa939ca6f7c38c0b906c"}
        2025/08/31 22:04:53 delegatec delegate path: /usr/local/bin/runc
        
        --------------------
=== NAME  TestRuntimeParity/volume
    dind_test.go:979: --- delegatec.log ---
             1�2025/08/31 22:04:48 delegatec called with args: [/usr/local/sbin/delegatec --delegate_path /usr/local/bin/runc features]
        2025/08/31 22:04:48 delegatec environment: [OTEL_EXPORTER_OTLP_TRACES_PROTOCOL=http/protobuf HOSTNAME=f753b7489752 SHLVL=3 HOME=/root OTEL_SERVICE_NAME=dockerd OTEL_EXPORTER_OTLP_METRICS_PROTOCOL=http/protobuf container=docker TMPDIR=/var/lib/docker/tmp DIND_COMMIT=8d9e3502aba39127e4d12196dae16d306f76993d PATH=/usr/local/sbin:/usr/local/bin:/usr/sbin:/usr/bin:/sbin:/bin DOCKER_VERSION=28.3.3 DOCKER_TLS_CERTDIR=/certs DOCKER_BUILDX_VERSION=0.26.1 DOCKER_COMPOSE_VERSION=2.39.1 PWD=/]
        2025/08/31 22:04:48 delegatec parsed command: runc.Features{Global:runc.Global{Root:"", Debug:false, Log:"", LogFormat:"", SystemdCgroup:false, Criu:"", Rootless:""}}
        2025/08/31 22:04:48 delegatec delegate path: /usr/local/bin/runc
        2025/08/31 22:04:53 delegatec called with args: [/usr/local/sbin/delegatec --delegate_path /usr/local/bin/runc --root /var/run/docker/runtime-runc/moby --log /var/run/docker/containerd/daemon/io.containerd.runtime.v2.task/moby/c5f1d5cc33e2c96ed9e94486d03581f1a01f1067e7d21c2fa77cf0640b0abc4a/log.json --log-format json create --bundle /var/run/docker/containerd/daemon/io.containerd.runtime.v2.task/moby/c5f1d5cc33e2c96ed9e94486d03581f1a01f1067e7d21c2fa77cf0640b0abc4a --pid-file /var/run/docker/containerd/daemon/io.containerd.runtime.v2.task/moby/c5f1d5cc33e2c96ed9e94486d03581f1a01f1067e7d21c2fa77cf0640b0abc4a/init.pid c5f1d5cc33e2c96ed9e94486d03581f1a01f1067e7d21c2fa77cf0640b0abc4a]
        2025/08/31 22:04:53 delegatec environment: [HOSTNAME=f753b7489752 SHLVL=3 LD_LIBRARY_PATH=/opt/containerd/lib: HOME=/root MAX_SHIM_VERSION=2 container=docker TTRPC_ADDRESS=/var/run/docker/containerd/containerd.sock.ttrpc DIND_COMMIT=8d9e3502aba39127e4d12196dae16d306f76993d PATH=/opt/containerd/bin:/usr/local/sbin:/usr/local/bin:/usr/sbin:/usr/bin:/sbin:/bin GRPC_ADDRESS=/var/run/docker/containerd/containerd.sock DOCKER_VERSION=28.3.3 DOCKER_TLS_CERTDIR=/certs NAMESPACE=moby DOCKER_BUILDX_VERSION=0.26.1 DOCKER_COMPOSE_VERSION=2.39.1 PWD=/run/docker/containerd/daemon/io.containerd.runtime.v2.task/moby/c5f1d5cc33e2c96ed9e94486d03581f1a01f1067e7d21c2fa77cf0640b0abc4a GOMAXPROCS=4]
        2025/08/31 22:04:53 delegatec parsed command: runc.Create{Global:runc.Global{Root:"/var/run/docker/runtime-runc/moby", Debug:false, Log:"/var/run/docker/containerd/daemon/io.containerd.runtime.v2.task/moby/c5f1d5cc33e2c96ed9e94486d03581f1a01f1067e7d21c2fa77cf0640b0abc4a/log.json", LogFormat:"json", SystemdCgroup:false, Criu:"", Rootless:""}, BundleOpt:runc.BundleOpt{Bundle:"/var/run/docker/containerd/daemon/io.containerd.runtime.v2.task/moby/c5f1d5cc33e2c96ed9e94486d03581f1a01f1067e7d21c2fa77cf0640b0abc4a"}, ConsoleSocketOpt:runc.ConsoleSocketOpt{ConsoleSocket:""}, PivotKeyringFDsOpt:runc.PivotKeyringFDsOpt{NoPivot:false, NoNewKeyring:false, PreserveFDs:(*uint)(nil)}, PidFileOpt:runc.PidFileOpt{PidFile:"/var/run/docker/containerd/daemon/io.containerd.runtime.v2.task/moby/c5f1d5cc33e2c96ed9e94486d03581f1a01f1067e7d21c2fa77cf0640b0abc4a/init.pid"}, ContainerID:"c5f1d5cc33e2c96ed9e94486d03581f1a01f1067e7d21c2fa77cf0640b0abc4a"}
        2025/08/31 22:04:53 delegatec delegate path: /usr/local/bin/runc
        2025/08/31 22:04:53 delegatec called with args: [/usr/local/sbin/delegatec --delegate_path /usr/local/bin/runc --root /var/run/docker/runtime-runc/moby --log /run/docker/containerd/daemon/io.containerd.runtime.v2.task/moby/c5f1d5cc33e2c96ed9e94486d03581f1a01f1067e7d21c2fa77cf0640b0abc4a/log.json --log-format json delete --force c5f1d5cc33e2c96ed9e94486d03581f1a01f1067e7d21c2fa77cf0640b0abc4a]
        2025/08/31 22:04:53 delegatec environment: [HOSTNAME=f753b7489752 SHLVL=3 LD_LIBRARY_PATH=/opt/containerd/lib: HOME=/root MAX_SHIM_VERSION=2 container=docker TTRPC_ADDRESS=/var/run/docker/containerd/containerd.sock.ttrpc DIND_COMMIT=8d9e3502aba39127e4d12196dae16d306f76993d PATH=/opt/containerd/bin:/usr/local/sbin:/usr/local/bin:/usr/sbin:/usr/bin:/sbin:/bin GRPC_ADDRESS=/var/run/docker/containerd/containerd.sock DOCKER_VERSION=28.3.3 DOCKER_TLS_CERTDIR=/certs NAMESPACE=moby DOCKER_BUILDX_VERSION=0.26.1 DOCKER_COMPOSE_VERSION=2.39.1 PWD=/run/docker/containerd/daemon/io.containerd.runtime.v2.task/moby/c5f1d5cc33e2c96ed9e94486d03581f1a01f1067e7d21c2fa77cf0640b0abc4a GOMAXPROCS=2]
        2025/08/31 22:04:53 delegatec parsed command: runc.Delete{Global:runc.Global{Root:"/var/run/docker/runtime-runc/moby", Debug:false, Log:"/run/docker/containerd/daemon/io.containerd.runtime.v2.task/moby/c5f1d5cc33e2c96ed9e94486d03581f1a01f1067e7d21c2fa77cf0640b0abc4a/log.json", LogFormat:"json", SystemdCgroup:false, Criu:"", Rootless:""}, Force:true, ContainerID:"c5f1d5cc33e2c96ed9e94486d03581f1a01f1067e7d21c2fa77cf0640b0abc4a"}
        2025/08/31 22:04:53 delegatec delegate path: /usr/local/bin/runc
        2025/08/31 22:04:53 delegatec called with args: [/usr/local/sbin/delegatec --delegate_path /usr/local/bin/runc --root /var/run/docker/runtime-runc/moby --log /var/run/docker/containerd/daemon/io.containerd.runtime.v2.task/moby/042d09379b04372c2b609d8f04c31cab8786ab8a2acc75ba9b09786e2ea5f713/log.json --log-format json create --bundle /var/run/docker/containerd/daemon/io.containerd.runtime.v2.task/moby/042d09379b04372c2b609d8f04c31cab8786ab8a2acc75ba9b09786e2ea5f713 --pid-file /var/run/docker/containerd/daemon/io.containerd.runtime.v2.task/moby/042d09379b04372c2b609d8f04c31cab8786ab8a2acc75ba9b09786e2ea5f713/init.pid 042d09379b04372c2b609d8f04c31cab8786ab8a2acc75ba9b09786e2ea5f713]
        2025/08/31 22:04:53 delegatec environment: [HOSTNAME=f753b7489752 SHLVL=3 LD_LIBRARY_PATH=/opt/containerd/lib: HOME=/root MAX_SHIM_VERSION=2 container=docker TTRPC_ADDRESS=/var/run/docker/containerd/containerd.sock.ttrpc DIND_COMMIT=8d9e3502aba39127e4d12196dae16d306f76993d PATH=/opt/containerd/bin:/usr/local/sbin:/usr/local/bin:/usr/sbin:/usr/bin:/sbin:/bin GRPC_ADDRESS=/var/run/docker/containerd/containerd.sock DOCKER_VERSION=28.3.3 DOCKER_TLS_CERTDIR=/certs NAMESPACE=moby DOCKER_BUILDX_VERSION=0.26.1 DOCKER_COMPOSE_VERSION=2.39.1 PWD=/run/docker/containerd/daemon/io.containerd.runtime.v2.task/moby/042d09379b04372c2b609d8f04c31cab8786ab8a2acc75ba9b09786e2ea5f713 GOMAXPROCS=4]
        2025/08/31 22:04:53 delegatec parsed command: runc.Create{Global:runc.Global{Root:"/var/run/docker/runtime-runc/moby", Debug:false, Log:"/var/run/docker/containerd/daemon/io.containerd.runtime.v2.task/moby/042d09379b04372c2b609d8f04c31cab8786ab8a2acc75ba9b09786e2ea5f713/log.json", LogFormat:"json", SystemdCgroup:false, Criu:"", Rootless:""}, BundleOpt:runc.BundleOpt{Bundle:"/var/run/docker/containerd/daemon/io.containerd.runtime.v2.task/moby/042d09379b04372c2b609d8f04c31cab8786ab8a2acc75ba9b09786e2ea5f713"}, ConsoleSocketOpt:runc.ConsoleSocketOpt{ConsoleSocket:""}, PivotKeyringFDsOpt:runc.PivotKeyringFDsOpt{NoPivot:false, NoNewKeyring:false, PreserveFDs:(*uint)(nil)}, PidFileOpt:runc.PidFileOpt{PidFile:"/var/run/docker/containerd/daemon/io.containerd.runtime.v2.task/moby/042d09379b04372c2b609d8f04c31cab8786ab8a2acc75ba9b09786e2ea5f713/init.pid"}, ContainerID:"042d09379b04372c2b609d8f04c31cab8786ab8a2acc75ba9b09786e2ea5f713"}
        2025/08/31 22:04:53 delegatec delegate path: /usr/local/bin/runc
        2025/08/31 22:04:53 delegatec called with args: [/usr/local/sbin/delegatec --delegate_path /usr/local/bin/runc --root /var/run/docker/runtime-runc/moby --log /run/docker/containerd/daemon/io.containerd.runtime.v2.task/moby/042d09379b04372c2b609d8f04c31cab8786ab8a2acc75ba9b09786e2ea5f713/log.json --log-format json delete --force 042d09379b04372c2b609d8f04c31cab8786ab8a2acc75ba9b09786e2ea5f713]
        2025/08/31 22:04:53 delegatec environment: [HOSTNAME=f753b7489752 SHLVL=3 LD_LIBRARY_PATH=/opt/containerd/lib: HOME=/root MAX_SHIM_VERSION=2 container=docker TTRPC_ADDRESS=/var/run/docker/containerd/containerd.sock.ttrpc DIND_COMMIT=8d9e3502aba39127e4d12196dae16d306f76993d PATH=/opt/containerd/bin:/usr/local/sbin:/usr/local/bin:/usr/sbin:/usr/bin:/sbin:/bin GRPC_ADDRESS=/var/run/docker/containerd/containerd.sock DOCKER_VERSION=28.3.3 DOCKER_TLS_CERTDIR=/certs NAMESPACE=moby DOCKER_BUILDX_VERSION=0.26.1 DOCKER_COMPOSE_VERSION=2.39.1 PWD=/run/docker/containerd/daemon/io.containerd.runtime.v2.task/moby/042d09379b04372c2b609d8f04c31cab8786ab8a2acc75ba9b09786e2ea5f713 GOMAXPROCS=2]
        2025/08/31 22:04:53 delegatec parsed command: runc.Delete{Global:runc.Global{Root:"/var/run/docker/runtime-runc/moby", Debug:false, Log:"/run/docker/containerd/daemon/io.containerd.runtime.v2.task/moby/042d09379b04372c2b609d8f04c31cab8786ab8a2acc75ba9b09786e2ea5f713/log.json", LogFormat:"json", SystemdCgroup:false, Criu:"", Rootless:""}, Force:true, ContainerID:"042d09379b04372c2b609d8f04c31cab8786ab8a2acc75ba9b09786e2ea5f713"}
        2025/08/31 22:04:53 delegatec delegate path: /usr/local/bin/runc
        2025/08/31 22:04:53 delegatec called with args: [/usr/local/sbin/delegatec --delegate_path /usr/local/bin/runc --root /var/run/docker/runtime-runc/moby --log /var/run/docker/containerd/daemon/io.containerd.runtime.v2.task/moby/1591e1b3252fa98e6750da703af72e09ab1dbf5e7cae4f3ac47526fb71b6a2a8/log.json --log-format json create --bundle /var/run/docker/containerd/daemon/io.containerd.runtime.v2.task/moby/1591e1b3252fa98e6750da703af72e09ab1dbf5e7cae4f3ac47526fb71b6a2a8 --pid-file /var/run/docker/containerd/daemon/io.containerd.runtime.v2.task/moby/1591e1b3252fa98e6750da703af72e09ab1dbf5e7cae4f3ac47526fb71b6a2a8/init.pid 1591e1b3252fa98e6750da703af72e09ab1dbf5e7cae4f3ac47526fb71b6a2a8]
        2025/08/31 22:04:53 delegatec environment: [HOSTNAME=f753b7489752 SHLVL=3 LD_LIBRARY_PATH=/opt/containerd/lib: HOME=/root MAX_SHIM_VERSION=2 container=docker TTRPC_ADDRESS=/var/run/docker/containerd/containerd.sock.ttrpc DIND_COMMIT=8d9e3502aba39127e4d12196dae16d306f76993d PATH=/opt/containerd/bin:/usr/local/sbin:/usr/local/bin:/usr/sbin:/usr/bin:/sbin:/bin GRPC_ADDRESS=/var/run/docker/containerd/containerd.sock DOCKER_VERSION=28.3.3 DOCKER_TLS_CERTDIR=/certs NAMESPACE=moby DOCKER_BUILDX_VERSION=0.26.1 DOCKER_COMPOSE_VERSION=2.39.1 PWD=/run/docker/containerd/daemon/io.containerd.runtime.v2.task/moby/1591e1b3252fa98e6750da703af72e09ab1dbf5e7cae4f3ac47526fb71b6a2a8 GOMAXPROCS=4]
        2025/08/31 22:04:53 delegatec parsed command: runc.Create{Global:runc.Global{Root:"/var/run/docker/runtime-runc/moby", Debug:false, Log:"/var/run/docker/containerd/daemon/io.containerd.runtime.v2.task/moby/1591e1b3252fa98e6750da703af72e09ab1dbf5e7cae4f3ac47526fb71b6a2a8/log.json", LogFormat:"json", SystemdCgroup:false, Criu:"", Rootless:""}, BundleOpt:runc.BundleOpt{Bundle:"/var/run/docker/containerd/daemon/io.containerd.runtime.v2.task/moby/1591e1b3252fa98e6750da703af72e09ab1dbf5e7cae4f3ac47526fb71b6a2a8"}, ConsoleSocketOpt:runc.ConsoleSocketOpt{ConsoleSocket:""}, PivotKeyringFDsOpt:runc.PivotKeyringFDsOpt{NoPivot:false, NoNewKeyring:false, PreserveFDs:(*uint)(nil)}, PidFileOpt:runc.PidFileOpt{PidFile:"/var/run/docker/containerd/daemon/io.containerd.runtime.v2.task/moby/1591e1b3252fa98e6750da703af72e09ab1dbf5e7cae4f3ac47526fb71b6a2a8/init.pid"}, ContainerID:"1591e1b3252fa98e6750da703af72e09ab1dbf5e7cae4f3ac47526fb71b6a2a8"}
        2025/08/31 22:04:53 delegatec delegate path: /usr/local/bin/runc
        2025/08/31 22:04:53 delegatec called with args: [/usr/local/sbin/delegatec --delegate_path /usr/local/bin/runc --root /var/run/docker/runtime-runc/moby --log /run/docker/containerd/daemon/io.containerd.runtime.v2.task/moby/1591e1b3252fa98e6750da703af72e09ab1dbf5e7cae4f3ac47526fb71b6a2a8/log.json --log-format json delete --force 1591e1b3252fa98e6750da703af72e09ab1dbf5e7cae4f3ac47526fb71b6a2a8]
        2025/08/31 22:04:53 delegatec environment: [HOSTNAME=f753b7489752 SHLVL=3 LD_LIBRARY_PATH=/opt/containerd/lib: HOME=/root MAX_SHIM_VERSION=2 container=docker TTRPC_ADDRESS=/var/run/docker/containerd/containerd.sock.ttrpc DIND_COMMIT=8d9e3502aba39127e4d12196dae16d306f76993d PATH=/opt/containerd/bin:/usr/local/sbin:/usr/local/bin:/usr/sbin:/usr/bin:/sbin:/bin GRPC_ADDRESS=/var/run/docker/containerd/containerd.sock DOCKER_VERSION=28.3.3 DOCKER_TLS_CERTDIR=/certs NAMESPACE=moby DOCKER_BUILDX_VERSION=0.26.1 DOCKER_COMPOSE_VERSION=2.39.1 PWD=/run/docker/containerd/daemon/io.containerd.runtime.v2.task/moby/1591e1b3252fa98e6750da703af72e09ab1dbf5e7cae4f3ac47526fb71b6a2a8 GOMAXPROCS=2]
        2025/08/31 22:04:53 delegatec parsed command: runc.Delete{Global:runc.Global{Root:"/var/run/docker/runtime-runc/moby", Debug:false, Log:"/run/docker/containerd/daemon/io.containerd.runtime.v2.task/moby/1591e1b3252fa98e6750da703af72e09ab1dbf5e7cae4f3ac47526fb71b6a2a8/log.json", LogFormat:"json", SystemdCgroup:false, Criu:"", Rootless:""}, Force:true, ContainerID:"1591e1b3252fa98e6750da703af72e09ab1dbf5e7cae4f3ac47526fb71b6a2a8"}
        2025/08/31 22:04:53 delegatec delegate path: /usr/local/bin/runc
        
        --------------------
=== NAME  TestRuntimeParity/memory_limit
    dind_test.go:980: runc log empty
=== NAME  TestRuntimeParity/env
    dind_test.go:1013: runc exited with 0
    dind_test.go:1014: runc output:
        bar
    dind_test.go:1015: delegatec exited with 125
    dind_test.go:1016: delegatec output:
        docker: Error response from daemon: failed to create task for container: failed to create shim task: OCI runtime create failed: /var/lib/docker/runtimes/delegatec.XQ4R1TXV9RVB-6VXNQQ6T94RZ3BX12S543VW4JWFW99SNDHTX9W0==== did not terminate successfully: exit status 2: unknown
        
        Run 'docker run --help' for more information
    dind_test.go:1019: mismatch: runc [0] "bar" vs delegatec [125] "docker: Error response from daemon: failed to create task for container: failed to create shim task: OCI runtime create failed: /var/lib/docker/runtimes/delegatec.XQ4R1TXV9RVB-6VXNQQ6T94RZ3BX12S543VW4JWFW99SNDHTX9W0==== did not terminate successfully: exit status 2: unknown\n\nRun 'docker run --help' for more information"
=== NAME  TestRuntimeParity/memory_limit
    dind_test.go:981: criu check exit code 0
        stdout:
        
        stderr:
=== CONT  TestRuntimeParity/healthcheck
=== NAME  TestRuntimeParity/volume
    dind_test.go:980: runc log empty
=== NAME  TestRuntimeParity/env
    dind_test.go:979: --- delegatec.log ---
             1�2025/08/31 22:04:49 delegatec called with args: [/usr/local/sbin/delegatec --delegate_path /usr/local/bin/runc features]
        2025/08/31 22:04:49 delegatec environment: [OTEL_EXPORTER_OTLP_TRACES_PROTOCOL=http/protobuf HOSTNAME=c8a3e161c430 SHLVL=3 HOME=/root OTEL_SERVICE_NAME=dockerd OTEL_EXPORTER_OTLP_METRICS_PROTOCOL=http/protobuf container=docker TMPDIR=/var/lib/docker/tmp DIND_COMMIT=8d9e3502aba39127e4d12196dae16d306f76993d PATH=/usr/local/sbin:/usr/local/bin:/usr/sbin:/usr/bin:/sbin:/bin DOCKER_VERSION=28.3.3 DOCKER_TLS_CERTDIR=/certs DOCKER_BUILDX_VERSION=0.26.1 DOCKER_COMPOSE_VERSION=2.39.1 PWD=/]
        2025/08/31 22:04:49 delegatec parsed command: runc.Features{Global:runc.Global{Root:"", Debug:false, Log:"", LogFormat:"", SystemdCgroup:false, Criu:"", Rootless:""}}
        2025/08/31 22:04:49 delegatec delegate path: /usr/local/bin/runc
        2025/08/31 22:04:53 delegatec called with args: [/usr/local/sbin/delegatec --delegate_path /usr/local/bin/runc --root /var/run/docker/runtime-runc/moby --log /var/run/docker/containerd/daemon/io.containerd.runtime.v2.task/moby/f1a0c8a200d819f7990465c877c3167372da7b8098a450176b06e6c1cc7ab420/log.json --log-format json create --bundle /var/run/docker/containerd/daemon/io.containerd.runtime.v2.task/moby/f1a0c8a200d819f7990465c877c3167372da7b8098a450176b06e6c1cc7ab420 --pid-file /var/run/docker/containerd/daemon/io.containerd.runtime.v2.task/moby/f1a0c8a200d819f7990465c877c3167372da7b8098a450176b06e6c1cc7ab420/init.pid f1a0c8a200d819f7990465c877c3167372da7b8098a450176b06e6c1cc7ab420]
        2025/08/31 22:04:53 delegatec environment: [HOSTNAME=c8a3e161c430 SHLVL=3 LD_LIBRARY_PATH=/opt/containerd/lib: HOME=/root MAX_SHIM_VERSION=2 container=docker TTRPC_ADDRESS=/var/run/docker/containerd/containerd.sock.ttrpc DIND_COMMIT=8d9e3502aba39127e4d12196dae16d306f76993d PATH=/opt/containerd/bin:/usr/local/sbin:/usr/local/bin:/usr/sbin:/usr/bin:/sbin:/bin GRPC_ADDRESS=/var/run/docker/containerd/containerd.sock DOCKER_VERSION=28.3.3 DOCKER_TLS_CERTDIR=/certs NAMESPACE=moby DOCKER_BUILDX_VERSION=0.26.1 DOCKER_COMPOSE_VERSION=2.39.1 PWD=/run/docker/containerd/daemon/io.containerd.runtime.v2.task/moby/f1a0c8a200d819f7990465c877c3167372da7b8098a450176b06e6c1cc7ab420 GOMAXPROCS=4]
        2025/08/31 22:04:53 delegatec parsed command: runc.Create{Global:runc.Global{Root:"/var/run/docker/runtime-runc/moby", Debug:false, Log:"/var/run/docker/containerd/daemon/io.containerd.runtime.v2.task/moby/f1a0c8a200d819f7990465c877c3167372da7b8098a450176b06e6c1cc7ab420/log.json", LogFormat:"json", SystemdCgroup:false, Criu:"", Rootless:""}, BundleOpt:runc.BundleOpt{Bundle:"/var/run/docker/containerd/daemon/io.containerd.runtime.v2.task/moby/f1a0c8a200d819f7990465c877c3167372da7b8098a450176b06e6c1cc7ab420"}, ConsoleSocketOpt:runc.ConsoleSocketOpt{ConsoleSocket:""}, PivotKeyringFDsOpt:runc.PivotKeyringFDsOpt{NoPivot:false, NoNewKeyring:false, PreserveFDs:(*uint)(nil)}, PidFileOpt:runc.PidFileOpt{PidFile:"/var/run/docker/containerd/daemon/io.containerd.runtime.v2.task/moby/f1a0c8a200d819f7990465c877c3167372da7b8098a450176b06e6c1cc7ab420/init.pid"}, ContainerID:"f1a0c8a200d819f7990465c877c3167372da7b8098a450176b06e6c1cc7ab420"}
        2025/08/31 22:04:53 delegatec delegate path: /usr/local/bin/runc
        2025/08/31 22:04:53 delegatec called with args: [/usr/local/sbin/delegatec --delegate_path /usr/local/bin/runc --root /var/run/docker/runtime-runc/moby --log /run/docker/containerd/daemon/io.containerd.runtime.v2.task/moby/f1a0c8a200d819f7990465c877c3167372da7b8098a450176b06e6c1cc7ab420/log.json --log-format json delete --force f1a0c8a200d819f7990465c877c3167372da7b8098a450176b06e6c1cc7ab420]
        2025/08/31 22:04:53 delegatec environment: [HOSTNAME=c8a3e161c430 SHLVL=3 LD_LIBRARY_PATH=/opt/containerd/lib: HOME=/root MAX_SHIM_VERSION=2 container=docker TTRPC_ADDRESS=/var/run/docker/containerd/containerd.sock.ttrpc DIND_COMMIT=8d9e3502aba39127e4d12196dae16d306f76993d PATH=/opt/containerd/bin:/usr/local/sbin:/usr/local/bin:/usr/sbin:/usr/bin:/sbin:/bin GRPC_ADDRESS=/var/run/docker/containerd/containerd.sock DOCKER_VERSION=28.3.3 DOCKER_TLS_CERTDIR=/certs NAMESPACE=moby DOCKER_BUILDX_VERSION=0.26.1 DOCKER_COMPOSE_VERSION=2.39.1 PWD=/run/docker/containerd/daemon/io.containerd.runtime.v2.task/moby/f1a0c8a200d819f7990465c877c3167372da7b8098a450176b06e6c1cc7ab420 GOMAXPROCS=2]
        2025/08/31 22:04:53 delegatec parsed command: runc.Delete{Global:runc.Global{Root:"/var/run/docker/runtime-runc/moby", Debug:false, Log:"/run/docker/containerd/daemon/io.containerd.runtime.v2.task/moby/f1a0c8a200d819f7990465c877c3167372da7b8098a450176b06e6c1cc7ab420/log.json", LogFormat:"json", SystemdCgroup:false, Criu:"", Rootless:""}, Force:true, ContainerID:"f1a0c8a200d819f7990465c877c3167372da7b8098a450176b06e6c1cc7ab420"}
        2025/08/31 22:04:53 delegatec delegate path: /usr/local/bin/runc
        2025/08/31 22:04:53 delegatec called with args: [/usr/local/sbin/delegatec --delegate_path /usr/local/bin/runc --root /var/run/docker/runtime-runc/moby --log /var/run/docker/containerd/daemon/io.containerd.runtime.v2.task/moby/64c7ba2988912e54e9e4e5a75478b500d40ccdd4d52aaa939ca6f7c38c0b906c/log.json --log-format json create --bundle /var/run/docker/containerd/daemon/io.containerd.runtime.v2.task/moby/64c7ba2988912e54e9e4e5a75478b500d40ccdd4d52aaa939ca6f7c38c0b906c --pid-file /var/run/docker/containerd/daemon/io.containerd.runtime.v2.task/moby/64c7ba2988912e54e9e4e5a75478b500d40ccdd4d52aaa939ca6f7c38c0b906c/init.pid 64c7ba2988912e54e9e4e5a75478b500d40ccdd4d52aaa939ca6f7c38c0b906c]
        2025/08/31 22:04:53 delegatec environment: [HOSTNAME=c8a3e161c430 SHLVL=3 LD_LIBRARY_PATH=/opt/containerd/lib: HOME=/root MAX_SHIM_VERSION=2 container=docker TTRPC_ADDRESS=/var/run/docker/containerd/containerd.sock.ttrpc DIND_COMMIT=8d9e3502aba39127e4d12196dae16d306f76993d PATH=/opt/containerd/bin:/usr/local/sbin:/usr/local/bin:/usr/sbin:/usr/bin:/sbin:/bin GRPC_ADDRESS=/var/run/docker/containerd/containerd.sock DOCKER_VERSION=28.3.3 DOCKER_TLS_CERTDIR=/certs NAMESPACE=moby DOCKER_BUILDX_VERSION=0.26.1 DOCKER_COMPOSE_VERSION=2.39.1 PWD=/run/docker/containerd/daemon/io.containerd.runtime.v2.task/moby/64c7ba2988912e54e9e4e5a75478b500d40ccdd4d52aaa939ca6f7c38c0b906c GOMAXPROCS=4]
        2025/08/31 22:04:53 delegatec parsed command: runc.Create{Global:runc.Global{Root:"/var/run/docker/runtime-runc/moby", Debug:false, Log:"/var/run/docker/containerd/daemon/io.containerd.runtime.v2.task/moby/64c7ba2988912e54e9e4e5a75478b500d40ccdd4d52aaa939ca6f7c38c0b906c/log.json", LogFormat:"json", SystemdCgroup:false, Criu:"", Rootless:""}, BundleOpt:runc.BundleOpt{Bundle:"/var/run/docker/containerd/daemon/io.containerd.runtime.v2.task/moby/64c7ba2988912e54e9e4e5a75478b500d40ccdd4d52aaa939ca6f7c38c0b906c"}, ConsoleSocketOpt:runc.ConsoleSocketOpt{ConsoleSocket:""}, PivotKeyringFDsOpt:runc.PivotKeyringFDsOpt{NoPivot:false, NoNewKeyring:false, PreserveFDs:(*uint)(nil)}, PidFileOpt:runc.PidFileOpt{PidFile:"/var/run/docker/containerd/daemon/io.containerd.runtime.v2.task/moby/64c7ba2988912e54e9e4e5a75478b500d40ccdd4d52aaa939ca6f7c38c0b906c/init.pid"}, ContainerID:"64c7ba2988912e54e9e4e5a75478b500d40ccdd4d52aaa939ca6f7c38c0b906c"}
        2025/08/31 22:04:53 delegatec delegate path: /usr/local/bin/runc
        2025/08/31 22:04:53 delegatec called with args: [/usr/local/sbin/delegatec --delegate_path /usr/local/bin/runc --root /var/run/docker/runtime-runc/moby --log /run/docker/containerd/daemon/io.containerd.runtime.v2.task/moby/64c7ba2988912e54e9e4e5a75478b500d40ccdd4d52aaa939ca6f7c38c0b906c/log.json --log-format json delete --force 64c7ba2988912e54e9e4e5a75478b500d40ccdd4d52aaa939ca6f7c38c0b906c]
        2025/08/31 22:04:53 delegatec environment: [HOSTNAME=c8a3e161c430 SHLVL=3 LD_LIBRARY_PATH=/opt/containerd/lib: HOME=/root MAX_SHIM_VERSION=2 container=docker TTRPC_ADDRESS=/var/run/docker/containerd/containerd.sock.ttrpc DIND_COMMIT=8d9e3502aba39127e4d12196dae16d306f76993d PATH=/opt/containerd/bin:/usr/local/sbin:/usr/local/bin:/usr/sbin:/usr/bin:/sbin:/bin GRPC_ADDRESS=/var/run/docker/containerd/containerd.sock DOCKER_VERSION=28.3.3 DOCKER_TLS_CERTDIR=/certs NAMESPACE=moby DOCKER_BUILDX_VERSION=0.26.1 DOCKER_COMPOSE_VERSION=2.39.1 PWD=/run/docker/containerd/daemon/io.containerd.runtime.v2.task/moby/64c7ba2988912e54e9e4e5a75478b500d40ccdd4d52aaa939ca6f7c38c0b906c GOMAXPROCS=2]
        2025/08/31 22:04:53 delegatec parsed command: runc.Delete{Global:runc.Global{Root:"/var/run/docker/runtime-runc/moby", Debug:false, Log:"/run/docker/containerd/daemon/io.containerd.runtime.v2.task/moby/64c7ba2988912e54e9e4e5a75478b500d40ccdd4d52aaa939ca6f7c38c0b906c/log.json", LogFormat:"json", SystemdCgroup:false, Criu:"", Rootless:""}, Force:true, ContainerID:"64c7ba2988912e54e9e4e5a75478b500d40ccdd4d52aaa939ca6f7c38c0b906c"}
        2025/08/31 22:04:53 delegatec delegate path: /usr/local/bin/runc
        2025/08/31 22:04:54 delegatec called with args: [/usr/local/sbin/delegatec --delegate_path /usr/local/bin/runc --root /var/run/docker/runtime-runc/moby --log /var/run/docker/containerd/daemon/io.containerd.runtime.v2.task/moby/6d7d41ae797e267e0259af30d1176e242276d42f7479f93eb0ad423a21871cbd/log.json --log-format json create --bundle /var/run/docker/containerd/daemon/io.containerd.runtime.v2.task/moby/6d7d41ae797e267e0259af30d1176e242276d42f7479f93eb0ad423a21871cbd --pid-file /var/run/docker/containerd/daemon/io.containerd.runtime.v2.task/moby/6d7d41ae797e267e0259af30d1176e242276d42f7479f93eb0ad423a21871cbd/init.pid 6d7d41ae797e267e0259af30d1176e242276d42f7479f93eb0ad423a21871cbd]
        2025/08/31 22:04:54 delegatec environment: [HOSTNAME=c8a3e161c430 SHLVL=3 LD_LIBRARY_PATH=/opt/containerd/lib: HOME=/root MAX_SHIM_VERSION=2 container=docker TTRPC_ADDRESS=/var/run/docker/containerd/containerd.sock.ttrpc DIND_COMMIT=8d9e3502aba39127e4d12196dae16d306f76993d PATH=/opt/containerd/bin:/usr/local/sbin:/usr/local/bin:/usr/sbin:/usr/bin:/sbin:/bin GRPC_ADDRESS=/var/run/docker/containerd/containerd.sock DOCKER_VERSION=28.3.3 DOCKER_TLS_CERTDIR=/certs NAMESPACE=moby DOCKER_BUILDX_VERSION=0.26.1 DOCKER_COMPOSE_VERSION=2.39.1 PWD=/run/docker/containerd/daemon/io.containerd.runtime.v2.task/moby/6d7d41ae797e267e0259af30d1176e242276d42f7479f93eb0ad423a21871cbd GOMAXPROCS=4]
        2025/08/31 22:04:54 delegatec parsed command: runc.Create{Global:runc.Global{Root:"/var/run/docker/runtime-runc/moby", Debug:false, Log:"/var/run/docker/containerd/daemon/io.containerd.runtime.v2.task/moby/6d7d41ae797e267e0259af30d1176e242276d42f7479f93eb0ad423a21871cbd/log.json", LogFormat:"json", SystemdCgroup:false, Criu:"", Rootless:""}, BundleOpt:runc.BundleOpt{Bundle:"/var/run/docker/containerd/daemon/io.containerd.runtime.v2.task/moby/6d7d41ae797e267e0259af30d1176e242276d42f7479f93eb0ad423a21871cbd"}, ConsoleSocketOpt:runc.ConsoleSocketOpt{ConsoleSocket:""}, PivotKeyringFDsOpt:runc.PivotKeyringFDsOpt{NoPivot:false, NoNewKeyring:false, PreserveFDs:(*uint)(nil)}, PidFileOpt:runc.PidFileOpt{PidFile:"/var/run/docker/containerd/daemon/io.containerd.runtime.v2.task/moby/6d7d41ae797e267e0259af30d1176e242276d42f7479f93eb0ad423a21871cbd/init.pid"}, ContainerID:"6d7d41ae797e267e0259af30d1176e242276d42f7479f93eb0ad423a21871cbd"}
        2025/08/31 22:04:54 delegatec delegate path: /usr/local/bin/runc
        2025/08/31 22:04:54 delegatec called with args: [/usr/local/sbin/delegatec --delegate_path /usr/local/bin/runc --root /var/run/docker/runtime-runc/moby --log /run/docker/containerd/daemon/io.containerd.runtime.v2.task/moby/6d7d41ae797e267e0259af30d1176e242276d42f7479f93eb0ad423a21871cbd/log.json --log-format json delete --force 6d7d41ae797e267e0259af30d1176e242276d42f7479f93eb0ad423a21871cbd]
        2025/08/31 22:04:54 delegatec environment: [HOSTNAME=c8a3e161c430 SHLVL=3 LD_LIBRARY_PATH=/opt/containerd/lib: HOME=/root MAX_SHIM_VERSION=2 container=docker TTRPC_ADDRESS=/var/run/docker/containerd/containerd.sock.ttrpc DIND_COMMIT=8d9e3502aba39127e4d12196dae16d306f76993d PATH=/opt/containerd/bin:/usr/local/sbin:/usr/local/bin:/usr/sbin:/usr/bin:/sbin:/bin GRPC_ADDRESS=/var/run/docker/containerd/containerd.sock DOCKER_VERSION=28.3.3 DOCKER_TLS_CERTDIR=/certs NAMESPACE=moby DOCKER_BUILDX_VERSION=0.26.1 DOCKER_COMPOSE_VERSION=2.39.1 PWD=/run/docker/containerd/daemon/io.containerd.runtime.v2.task/moby/6d7d41ae797e267e0259af30d1176e242276d42f7479f93eb0ad423a21871cbd GOMAXPROCS=2]
        2025/08/31 22:04:54 delegatec parsed command: runc.Delete{Global:runc.Global{Root:"/var/run/docker/runtime-runc/moby", Debug:false, Log:"/run/docker/containerd/daemon/io.containerd.runtime.v2.task/moby/6d7d41ae797e267e0259af30d1176e242276d42f7479f93eb0ad423a21871cbd/log.json", LogFormat:"json", SystemdCgroup:false, Criu:"", Rootless:""}, Force:true, ContainerID:"6d7d41ae797e267e0259af30d1176e242276d42f7479f93eb0ad423a21871cbd"}
        2025/08/31 22:04:54 delegatec delegate path: /usr/local/bin/runc
        
        --------------------
=== NAME  TestRuntimeParity/volume
    dind_test.go:981: criu check exit code 0
        stdout:
        
        stderr:
=== CONT  TestRuntimeParity/restart
=== NAME  TestRuntimeParity/env
    dind_test.go:980: runc log empty
    dind_test.go:981: criu check exit code 0
        stdout:
        
        stderr:
=== CONT  TestRuntimeParity/kill_sigkill
=== NAME  TestRuntimeParity/update_limits
    dind_test.go:1011: delegatec exec failed: start container: %!w(<nil>)
    dind_test.go:979: --- delegatec.log ---
             A 2025/08/31 22:04:49 delegatec called with args: [/usr/local/sbin/delegatec --delegate_path /usr/local/bin/runc features]
        2025/08/31 22:04:49 delegatec environment: [OTEL_EXPORTER_OTLP_TRACES_PROTOCOL=http/protobuf HOSTNAME=c8a3e161c430 SHLVL=3 HOME=/root OTEL_SERVICE_NAME=dockerd OTEL_EXPORTER_OTLP_METRICS_PROTOCOL=http/protobuf container=docker TMPDIR=/var/lib/docker/tmp DIND_COMMIT=8d9e3502aba39127e4d12196dae16d306f76993d PATH=/usr/local/sbin:/usr/local/bin:/usr/sbin:/usr/bin:/sbin:/bin DOCKER_VERSION=28.3.3 DOCKER_TLS_CERTDIR=/certs DOCKER_BUILDX_VERSION=0.26.1 DOCKER_COMPOSE_VERSION=2.39.1 PWD=/]
        2025/08/31 22:04:49 delegatec parsed command: runc.Features{Global:runc.Global{Root:"", Debug:false, Log:"", LogFormat:"", SystemdCgroup:false, Criu:"", Rootless:""}}
        2025/08/31 22:04:49 delegatec delegate path: /usr/local/bin/runc
        2025/08/31 22:04:53 delegatec called with args: [/usr/local/sbin/delegatec --delegate_path /usr/local/bin/runc --root /var/run/docker/runtime-runc/moby --log /var/run/docker/containerd/daemon/io.containerd.runtime.v2.task/moby/f1a0c8a200d819f7990465c877c3167372da7b8098a450176b06e6c1cc7ab420/log.json --log-format json create --bundle /var/run/docker/containerd/daemon/io.containerd.runtime.v2.task/moby/f1a0c8a200d819f7990465c877c3167372da7b8098a450176b06e6c1cc7ab420 --pid-file /var/run/docker/containerd/daemon/io.containerd.runtime.v2.task/moby/f1a0c8a200d819f7990465c877c3167372da7b8098a450176b06e6c1cc7ab420/init.pid f1a0c8a200d819f7990465c877c3167372da7b8098a450176b06e6c1cc7ab420]
        2025/08/31 22:04:53 delegatec environment: [HOSTNAME=c8a3e161c430 SHLVL=3 LD_LIBRARY_PATH=/opt/containerd/lib: HOME=/root MAX_SHIM_VERSION=2 container=docker TTRPC_ADDRESS=/var/run/docker/containerd/containerd.sock.ttrpc DIND_COMMIT=8d9e3502aba39127e4d12196dae16d306f76993d PATH=/opt/containerd/bin:/usr/local/sbin:/usr/local/bin:/usr/sbin:/usr/bin:/sbin:/bin GRPC_ADDRESS=/var/run/docker/containerd/containerd.sock DOCKER_VERSION=28.3.3 DOCKER_TLS_CERTDIR=/certs NAMESPACE=moby DOCKER_BUILDX_VERSION=0.26.1 DOCKER_COMPOSE_VERSION=2.39.1 PWD=/run/docker/containerd/daemon/io.containerd.runtime.v2.task/moby/f1a0c8a200d819f7990465c877c3167372da7b8098a450176b06e6c1cc7ab420 GOMAXPROCS=4]
        2025/08/31 22:04:53 delegatec parsed command: runc.Create{Global:runc.Global{Root:"/var/run/docker/runtime-runc/moby", Debug:false, Log:"/var/run/docker/containerd/daemon/io.containerd.runtime.v2.task/moby/f1a0c8a200d819f7990465c877c3167372da7b8098a450176b06e6c1cc7ab420/log.json", LogFormat:"json", SystemdCgroup:false, Criu:"", Rootless:""}, BundleOpt:runc.BundleOpt{Bundle:"/var/run/docker/containerd/daemon/io.containerd.runtime.v2.task/moby/f1a0c8a200d819f7990465c877c3167372da7b8098a450176b06e6c1cc7ab420"}, ConsoleSocketOpt:runc.ConsoleSocketOpt{ConsoleSocket:""}, PivotKeyringFDsOpt:runc.PivotKeyringFDsOpt{NoPivot:false, NoNewKeyring:false, PreserveFDs:(*uint)(nil)}, PidFileOpt:runc.PidFileOpt{PidFile:"/var/run/docker/containerd/daemon/io.containerd.runtime.v2.task/moby/f1a0c8a200d819f7990465c877c3167372da7b8098a450176b06e6c1cc7ab420/init.pid"}, ContainerID:"f1a0c8a200d819f7990465c877c3167372da7b8098a450176b06e6c1cc7ab420"}
        2025/08/31 22:04:53 delegatec delegate path: /usr/local/bin/runc
        2025/08/31 22:04:53 delegatec called with args: [/usr/local/sbin/delegatec --delegate_path /usr/local/bin/runc --root /var/run/docker/runtime-runc/moby --log /run/docker/containerd/daemon/io.containerd.runtime.v2.task/moby/f1a0c8a200d819f7990465c877c3167372da7b8098a450176b06e6c1cc7ab420/log.json --log-format json delete --force f1a0c8a200d819f7990465c877c3167372da7b8098a450176b06e6c1cc7ab420]
        2025/08/31 22:04:53 delegatec environment: [HOSTNAME=c8a3e161c430 SHLVL=3 LD_LIBRARY_PATH=/opt/containerd/lib: HOME=/root MAX_SHIM_VERSION=2 container=docker TTRPC_ADDRESS=/var/run/docker/containerd/containerd.sock.ttrpc DIND_COMMIT=8d9e3502aba39127e4d12196dae16d306f76993d PATH=/opt/containerd/bin:/usr/local/sbin:/usr/local/bin:/usr/sbin:/usr/bin:/sbin:/bin GRPC_ADDRESS=/var/run/docker/containerd/containerd.sock DOCKER_VERSION=28.3.3 DOCKER_TLS_CERTDIR=/certs NAMESPACE=moby DOCKER_BUILDX_VERSION=0.26.1 DOCKER_COMPOSE_VERSION=2.39.1 PWD=/run/docker/containerd/daemon/io.containerd.runtime.v2.task/moby/f1a0c8a200d819f7990465c877c3167372da7b8098a450176b06e6c1cc7ab420 GOMAXPROCS=2]
        2025/08/31 22:04:53 delegatec parsed command: runc.Delete{Global:runc.Global{Root:"/var/run/docker/runtime-runc/moby", Debug:false, Log:"/run/docker/containerd/daemon/io.containerd.runtime.v2.task/moby/f1a0c8a200d819f7990465c877c3167372da7b8098a450176b06e6c1cc7ab420/log.json", LogFormat:"json", SystemdCgroup:false, Criu:"", Rootless:""}, Force:true, ContainerID:"f1a0c8a200d819f7990465c877c3167372da7b8098a450176b06e6c1cc7ab420"}
        2025/08/31 22:04:53 delegatec delegate path: /usr/local/bin/runc
        2025/08/31 22:04:53 delegatec called with args: [/usr/local/sbin/delegatec --delegate_path /usr/local/bin/runc --root /var/run/docker/runtime-runc/moby --log /var/run/docker/containerd/daemon/io.containerd.runtime.v2.task/moby/64c7ba2988912e54e9e4e5a75478b500d40ccdd4d52aaa939ca6f7c38c0b906c/log.json --log-format json create --bundle /var/run/docker/containerd/daemon/io.containerd.runtime.v2.task/moby/64c7ba2988912e54e9e4e5a75478b500d40ccdd4d52aaa939ca6f7c38c0b906c --pid-file /var/run/docker/containerd/daemon/io.containerd.runtime.v2.task/moby/64c7ba2988912e54e9e4e5a75478b500d40ccdd4d52aaa939ca6f7c38c0b906c/init.pid 64c7ba2988912e54e9e4e5a75478b500d40ccdd4d52aaa939ca6f7c38c0b906c]
        2025/08/31 22:04:53 delegatec environment: [HOSTNAME=c8a3e161c430 SHLVL=3 LD_LIBRARY_PATH=/opt/containerd/lib: HOME=/root MAX_SHIM_VERSION=2 container=docker TTRPC_ADDRESS=/var/run/docker/containerd/containerd.sock.ttrpc DIND_COMMIT=8d9e3502aba39127e4d12196dae16d306f76993d PATH=/opt/containerd/bin:/usr/local/sbin:/usr/local/bin:/usr/sbin:/usr/bin:/sbin:/bin GRPC_ADDRESS=/var/run/docker/containerd/containerd.sock DOCKER_VERSION=28.3.3 DOCKER_TLS_CERTDIR=/certs NAMESPACE=moby DOCKER_BUILDX_VERSION=0.26.1 DOCKER_COMPOSE_VERSION=2.39.1 PWD=/run/docker/containerd/daemon/io.containerd.runtime.v2.task/moby/64c7ba2988912e54e9e4e5a75478b500d40ccdd4d52aaa939ca6f7c38c0b906c GOMAXPROCS=4]
        2025/08/31 22:04:53 delegatec parsed command: runc.Create{Global:runc.Global{Root:"/var/run/docker/runtime-runc/moby", Debug:false, Log:"/var/run/docker/containerd/daemon/io.containerd.runtime.v2.task/moby/64c7ba2988912e54e9e4e5a75478b500d40ccdd4d52aaa939ca6f7c38c0b906c/log.json", LogFormat:"json", SystemdCgroup:false, Criu:"", Rootless:""}, BundleOpt:runc.BundleOpt{Bundle:"/var/run/docker/containerd/daemon/io.containerd.runtime.v2.task/moby/64c7ba2988912e54e9e4e5a75478b500d40ccdd4d52aaa939ca6f7c38c0b906c"}, ConsoleSocketOpt:runc.ConsoleSocketOpt{ConsoleSocket:""}, PivotKeyringFDsOpt:runc.PivotKeyringFDsOpt{NoPivot:false, NoNewKeyring:false, PreserveFDs:(*uint)(nil)}, PidFileOpt:runc.PidFileOpt{PidFile:"/var/run/docker/containerd/daemon/io.containerd.runtime.v2.task/moby/64c7ba2988912e54e9e4e5a75478b500d40ccdd4d52aaa939ca6f7c38c0b906c/init.pid"}, ContainerID:"64c7ba2988912e54e9e4e5a75478b500d40ccdd4d52aaa939ca6f7c38c0b906c"}
        2025/08/31 22:04:53 delegatec delegate path: /usr/local/bin/runc
        2025/08/31 22:04:53 delegatec called with args: [/usr/local/sbin/delegatec --delegate_path /usr/local/bin/runc --root /var/run/docker/runtime-runc/moby --log /run/docker/containerd/daemon/io.containerd.runtime.v2.task/moby/64c7ba2988912e54e9e4e5a75478b500d40ccdd4d52aaa939ca6f7c38c0b906c/log.json --log-format json delete --force 64c7ba2988912e54e9e4e5a75478b500d40ccdd4d52aaa939ca6f7c38c0b906c]
        2025/08/31 22:04:53 delegatec environment: [HOSTNAME=c8a3e161c430 SHLVL=3 LD_LIBRARY_PATH=/opt/containerd/lib: HOME=/root MAX_SHIM_VERSION=2 container=docker TTRPC_ADDRESS=/var/run/docker/containerd/containerd.sock.ttrpc DIND_COMMIT=8d9e3502aba39127e4d12196dae16d306f76993d PATH=/opt/containerd/bin:/usr/local/sbin:/usr/local/bin:/usr/sbin:/usr/bin:/sbin:/bin GRPC_ADDRESS=/var/run/docker/containerd/containerd.sock DOCKER_VERSION=28.3.3 DOCKER_TLS_CERTDIR=/certs NAMESPACE=moby DOCKER_BUILDX_VERSION=0.26.1 DOCKER_COMPOSE_VERSION=2.39.1 PWD=/run/docker/containerd/daemon/io.containerd.runtime.v2.task/moby/64c7ba2988912e54e9e4e5a75478b500d40ccdd4d52aaa939ca6f7c38c0b906c GOMAXPROCS=2]
        2025/08/31 22:04:53 delegatec parsed command: runc.Delete{Global:runc.Global{Root:"/var/run/docker/runtime-runc/moby", Debug:false, Log:"/run/docker/containerd/daemon/io.containerd.runtime.v2.task/moby/64c7ba2988912e54e9e4e5a75478b500d40ccdd4d52aaa939ca6f7c38c0b906c/log.json", LogFormat:"json", SystemdCgroup:false, Criu:"", Rootless:""}, Force:true, ContainerID:"64c7ba2988912e54e9e4e5a75478b500d40ccdd4d52aaa939ca6f7c38c0b906c"}
        2025/08/31 22:04:53 delegatec delegate path: /usr/local/bin/runc
        2025/08/31 22:04:54 delegatec called with args: [/usr/local/sbin/delegatec --delegate_path /usr/local/bin/runc --root /var/run/docker/runtime-runc/moby --log /var/run/docker/containerd/daemon/io.containerd.runtime.v2.task/moby/6d7d41ae797e267e0259af30d1176e242276d42f7479f93eb0ad423a21871cbd/log.json --log-format json create --bundle /var/run/docker/containerd/daemon/io.containerd.runtime.v2.task/moby/6d7d41ae797e267e0259af30d1176e242276d42f7479f93eb0ad423a21871cbd --pid-file /var/run/docker/containerd/daemon/io.containerd.runtime.v2.task/moby/6d7d41ae797e267e0259af30d1176e242276d42f7479f93eb0ad423a21871cbd/init.pid 6d7d41ae797e267e0259af30d1176e242276d42f7479f93eb0ad423a21871cbd]
        2025/08/31 22:04:54 delegatec environment: [HOSTNAME=c8a3e161c430 SHLVL=3 LD_LIBRARY_PATH=/opt/containerd/lib: HOME=/root MAX_SHIM_VERSION=2 container=docker TTRPC_ADDRESS=/var/run/docker/containerd/containerd.sock.ttrpc DIND_COMMIT=8d9e3502aba39127e4d12196dae16d306f76993d PATH=/opt/containerd/bin:/usr/local/sbin:/usr/local/bin:/usr/sbin:/usr/bin:/sbin:/bin GRPC_ADDRESS=/var/run/docker/containerd/containerd.sock DOCKER_VERSION=28.3.3 DOCKER_TLS_CERTDIR=/certs NAMESPACE=moby DOCKER_BUILDX_VERSION=0.26.1 DOCKER_COMPOSE_VERSION=2.39.1 PWD=/run/docker/containerd/daemon/io.containerd.runtime.v2.task/moby/6d7d41ae797e267e0259af30d1176e242276d42f7479f93eb0ad423a21871cbd GOMAXPROCS=4]
        2025/08/31 22:04:54 delegatec parsed command: runc.Create{Global:runc.Global{Root:"/var/run/docker/runtime-runc/moby", Debug:false, Log:"/var/run/docker/containerd/daemon/io.containerd.runtime.v2.task/moby/6d7d41ae797e267e0259af30d1176e242276d42f7479f93eb0ad423a21871cbd/log.json", LogFormat:"json", SystemdCgroup:false, Criu:"", Rootless:""}, BundleOpt:runc.BundleOpt{Bundle:"/var/run/docker/containerd/daemon/io.containerd.runtime.v2.task/moby/6d7d41ae797e267e0259af30d1176e242276d42f7479f93eb0ad423a21871cbd"}, ConsoleSocketOpt:runc.ConsoleSocketOpt{ConsoleSocket:""}, PivotKeyringFDsOpt:runc.PivotKeyringFDsOpt{NoPivot:false, NoNewKeyring:false, PreserveFDs:(*uint)(nil)}, PidFileOpt:runc.PidFileOpt{PidFile:"/var/run/docker/containerd/daemon/io.containerd.runtime.v2.task/moby/6d7d41ae797e267e0259af30d1176e242276d42f7479f93eb0ad423a21871cbd/init.pid"}, ContainerID:"6d7d41ae797e267e0259af30d1176e242276d42f7479f93eb0ad423a21871cbd"}
        2025/08/31 22:04:54 delegatec delegate path: /usr/local/bin/runc
        2025/08/31 22:04:54 delegatec called with args: [/usr/local/sbin/delegatec --delegate_path /usr/local/bin/runc --root /var/run/docker/runtime-runc/moby --log /run/docker/containerd/daemon/io.containerd.runtime.v2.task/moby/6d7d41ae797e267e0259af30d1176e242276d42f7479f93eb0ad423a21871cbd/log.json --log-format json delete --force 6d7d41ae797e267e0259af30d1176e242276d42f7479f93eb0ad423a21871cbd]
        2025/08/31 22:04:54 delegatec environment: [HOSTNAME=c8a3e161c430 SHLVL=3 LD_LIBRARY_PATH=/opt/containerd/lib: HOME=/root MAX_SHIM_VERSION=2 container=docker TTRPC_ADDRESS=/var/run/docker/containerd/containerd.sock.ttrpc DIND_COMMIT=8d9e3502aba39127e4d12196dae16d306f76993d PATH=/opt/containerd/bin:/usr/local/sbin:/usr/local/bin:/usr/sbin:/usr/bin:/sbin:/bin GRPC_ADDRESS=/var/run/docker/containerd/containerd.sock DOCKER_VERSION=28.3.3 DOCKER_TLS_CERTDIR=/certs NAMESPACE=moby DOCKER_BUILDX_VERSION=0.26.1 DOCKER_COMPOSE_VERSION=2.39.1 PWD=/run/docker/containerd/daemon/io.containerd.runtime.v2.task/moby/6d7d41ae797e267e0259af30d1176e242276d42f7479f93eb0ad423a21871cbd GOMAXPROCS=2]
        2025/08/31 22:04:54 delegatec parsed command: runc.Delete{Global:runc.Global{Root:"/var/run/docker/runtime-runc/moby", Debug:false, Log:"/run/docker/containerd/daemon/io.containerd.runtime.v2.task/moby/6d7d41ae797e267e0259af30d1176e242276d42f7479f93eb0ad423a21871cbd/log.json", LogFormat:"json", SystemdCgroup:false, Criu:"", Rootless:""}, Force:true, ContainerID:"6d7d41ae797e267e0259af30d1176e242276d42f7479f93eb0ad423a21871cbd"}
        2025/08/31 22:04:54 delegatec delegate path: /usr/local/bin/runc
        2025/08/31 22:04:54 delegatec called with args: [/usr/local/sbin/delegatec --delegate_path /usr/local/bin/runc --root /var/run/docker/runtime-runc/moby --log /var/run/docker/containerd/daemon/io.containerd.runtime.v2.task/moby/07c8591552ce3964704b776752571bbf36a61eb1fac706e0195187dd966fd429/log.json --log-format json create --bundle /var/run/docker/containerd/daemon/io.containerd.runtime.v2.task/moby/07c8591552ce3964704b776752571bbf36a61eb1fac706e0195187dd966fd429 --pid-file /var/run/docker/containerd/daemon/io.containerd.runtime.v2.task/moby/07c8591552ce3964704b776752571bbf36a61eb1fac706e0195187dd966fd429/init.pid 07c8591552ce3964704b776752571bbf36a61eb1fac706e0195187dd966fd429]
        2025/08/31 22:04:54 delegatec environment: [HOSTNAME=c8a3e161c430 SHLVL=3 LD_LIBRARY_PATH=/opt/containerd/lib: HOME=/root MAX_SHIM_VERSION=2 container=docker TTRPC_ADDRESS=/var/run/docker/containerd/containerd.sock.ttrpc DIND_COMMIT=8d9e3502aba39127e4d12196dae16d306f76993d PATH=/opt/containerd/bin:/usr/local/sbin:/usr/local/bin:/usr/sbin:/usr/bin:/sbin:/bin GRPC_ADDRESS=/var/run/docker/containerd/containerd.sock DOCKER_VERSION=28.3.3 DOCKER_TLS_CERTDIR=/certs NAMESPACE=moby DOCKER_BUILDX_VERSION=0.26.1 DOCKER_COMPOSE_VERSION=2.39.1 PWD=/run/docker/containerd/daemon/io.containerd.runtime.v2.task/moby/07c8591552ce3964704b776752571bbf36a61eb1fac706e0195187dd966fd429 GOMAXPROCS=4]
        2025/08/31 22:04:54 delegatec parsed command: runc.Create{Global:runc.Global{Root:"/var/run/docker/runtime-runc/moby", Debug:false, Log:"/var/run/docker/containerd/daemon/io.containerd.runtime.v2.task/moby/07c8591552ce3964704b776752571bbf36a61eb1fac706e0195187dd966fd429/log.json", LogFormat:"json", SystemdCgroup:false, Criu:"", Rootless:""}, BundleOpt:runc.BundleOpt{Bundle:"/var/run/docker/containerd/daemon/io.containerd.runtime.v2.task/moby/07c8591552ce3964704b776752571bbf36a61eb1fac706e0195187dd966fd429"}, ConsoleSocketOpt:runc.ConsoleSocketOpt{ConsoleSocket:""}, PivotKeyringFDsOpt:runc.PivotKeyringFDsOpt{NoPivot:false, NoNewKeyring:false, PreserveFDs:(*uint)(nil)}, PidFileOpt:runc.PidFileOpt{PidFile:"/var/run/docker/containerd/daemon/io.containerd.runtime.v2.task/moby/07c8591552ce3964704b776752571bbf36a61eb1fac706e0195187dd966fd429/init.pid"}, ContainerID:"07c8591552ce3964704b776752571bbf36a61eb1fac706e0195187dd966fd429"}
        2025/08/31 22:04:54 delegatec delegate path: /usr/local/bin/runc
        2025/08/31 22:04:54 delegatec called with args: [/usr/local/sbin/delegatec --delegate_path /usr/local/bin/runc --root /var/run/docker/runtime-runc/moby --log /run/docker/containerd/daemon/io.containerd.runtime.v2.task/moby/07c8591552ce3964704b776752571bbf36a61eb1fac706e0195187dd966fd429/log.json --log-format json delete --force 07c8591552ce3964704b776752571bbf36a61eb1fac706e0195187dd966fd429]
        2025/08/31 22:04:54 delegatec environment: [HOSTNAME=c8a3e161c430 SHLVL=3 LD_LIBRARY_PATH=/opt/containerd/lib: HOME=/root MAX_SHIM_VERSION=2 container=docker TTRPC_ADDRESS=/var/run/docker/containerd/containerd.sock.ttrpc DIND_COMMIT=8d9e3502aba39127e4d12196dae16d306f76993d PATH=/opt/containerd/bin:/usr/local/sbin:/usr/local/bin:/usr/sbin:/usr/bin:/sbin:/bin GRPC_ADDRESS=/var/run/docker/containerd/containerd.sock DOCKER_VERSION=28.3.3 DOCKER_TLS_CERTDIR=/certs NAMESPACE=moby DOCKER_BUILDX_VERSION=0.26.1 DOCKER_COMPOSE_VERSION=2.39.1 PWD=/run/docker/containerd/daemon/io.containerd.runtime.v2.task/moby/07c8591552ce3964704b776752571bbf36a61eb1fac706e0195187dd966fd429 GOMAXPROCS=2]
        2025/08/31 22:04:54 delegatec parsed command: runc.Delete{Global:runc.Global{Root:"/var/run/docker/runtime-runc/moby", Debug:false, Log:"/run/docker/containerd/daemon/io.containerd.runtime.v2.task/moby/07c8591552ce3964704b776752571bbf36a61eb1fac706e0195187dd966fd429/log.json", LogFormat:"json", SystemdCgroup:false, Criu:"", Rootless:""}, Force:true, ContainerID:"07c8591552ce3964704b776752571bbf36a61eb1fac706e0195187dd966fd429"}
        2025/08/31 22:04:54 delegatec delegate path: /usr/local/bin/runc
        
        --------------------
    dind_test.go:980: runc log empty
=== NAME  TestRuntimeParity/cpu_limit
    dind_test.go:1013: runc exited with 0
    dind_test.go:1014: runc output:
        50000 100000
    dind_test.go:1015: delegatec exited with 125
    dind_test.go:1016: delegatec output:
        docker: Error response from daemon: failed to create task for container: failed to create shim task: OCI runtime create failed: /var/lib/docker/runtimes/delegatec.XQ4R1TXV9RVB-6VXNQQ6T94RZ3BX12S543VW4JWFW99SNDHTX9W0==== did not terminate successfully: exit status 2: unknown
        
        Run 'docker run --help' for more information
    dind_test.go:1019: mismatch: runc [0] "50000 100000" vs delegatec [125] "docker: Error response from daemon: failed to create task for container: failed to create shim task: OCI runtime create failed: /var/lib/docker/runtimes/delegatec.XQ4R1TXV9RVB-6VXNQQ6T94RZ3BX12S543VW4JWFW99SNDHTX9W0==== did not terminate successfully: exit status 2: unknown\n\nRun 'docker run --help' for more information"
=== NAME  TestRuntimeParity/update_limits
    dind_test.go:981: criu check exit code 0
        stdout:
        
        stderr:
=== CONT  TestRuntimeParity/checkpoint_restore
=== NAME  TestRuntimeParity/cpu_limit
    dind_test.go:979: --- delegatec.log ---
             P�2025/08/31 22:04:49 delegatec called with args: [/usr/local/sbin/delegatec --delegate_path /usr/local/bin/runc features]
        2025/08/31 22:04:49 delegatec environment: [OTEL_EXPORTER_OTLP_TRACES_PROTOCOL=http/protobuf HOSTNAME=c8a3e161c430 SHLVL=3 HOME=/root OTEL_SERVICE_NAME=dockerd OTEL_EXPORTER_OTLP_METRICS_PROTOCOL=http/protobuf container=docker TMPDIR=/var/lib/docker/tmp DIND_COMMIT=8d9e3502aba39127e4d12196dae16d306f76993d PATH=/usr/local/sbin:/usr/local/bin:/usr/sbin:/usr/bin:/sbin:/bin DOCKER_VERSION=28.3.3 DOCKER_TLS_CERTDIR=/certs DOCKER_BUILDX_VERSION=0.26.1 DOCKER_COMPOSE_VERSION=2.39.1 PWD=/]
        2025/08/31 22:04:49 delegatec parsed command: runc.Features{Global:runc.Global{Root:"", Debug:false, Log:"", LogFormat:"", SystemdCgroup:false, Criu:"", Rootless:""}}
        2025/08/31 22:04:49 delegatec delegate path: /usr/local/bin/runc
        2025/08/31 22:04:53 delegatec called with args: [/usr/local/sbin/delegatec --delegate_path /usr/local/bin/runc --root /var/run/docker/runtime-runc/moby --log /var/run/docker/containerd/daemon/io.containerd.runtime.v2.task/moby/f1a0c8a200d819f7990465c877c3167372da7b8098a450176b06e6c1cc7ab420/log.json --log-format json create --bundle /var/run/docker/containerd/daemon/io.containerd.runtime.v2.task/moby/f1a0c8a200d819f7990465c877c3167372da7b8098a450176b06e6c1cc7ab420 --pid-file /var/run/docker/containerd/daemon/io.containerd.runtime.v2.task/moby/f1a0c8a200d819f7990465c877c3167372da7b8098a450176b06e6c1cc7ab420/init.pid f1a0c8a200d819f7990465c877c3167372da7b8098a450176b06e6c1cc7ab420]
        2025/08/31 22:04:53 delegatec environment: [HOSTNAME=c8a3e161c430 SHLVL=3 LD_LIBRARY_PATH=/opt/containerd/lib: HOME=/root MAX_SHIM_VERSION=2 container=docker TTRPC_ADDRESS=/var/run/docker/containerd/containerd.sock.ttrpc DIND_COMMIT=8d9e3502aba39127e4d12196dae16d306f76993d PATH=/opt/containerd/bin:/usr/local/sbin:/usr/local/bin:/usr/sbin:/usr/bin:/sbin:/bin GRPC_ADDRESS=/var/run/docker/containerd/containerd.sock DOCKER_VERSION=28.3.3 DOCKER_TLS_CERTDIR=/certs NAMESPACE=moby DOCKER_BUILDX_VERSION=0.26.1 DOCKER_COMPOSE_VERSION=2.39.1 PWD=/run/docker/containerd/daemon/io.containerd.runtime.v2.task/moby/f1a0c8a200d819f7990465c877c3167372da7b8098a450176b06e6c1cc7ab420 GOMAXPROCS=4]
        2025/08/31 22:04:53 delegatec parsed command: runc.Create{Global:runc.Global{Root:"/var/run/docker/runtime-runc/moby", Debug:false, Log:"/var/run/docker/containerd/daemon/io.containerd.runtime.v2.task/moby/f1a0c8a200d819f7990465c877c3167372da7b8098a450176b06e6c1cc7ab420/log.json", LogFormat:"json", SystemdCgroup:false, Criu:"", Rootless:""}, BundleOpt:runc.BundleOpt{Bundle:"/var/run/docker/containerd/daemon/io.containerd.runtime.v2.task/moby/f1a0c8a200d819f7990465c877c3167372da7b8098a450176b06e6c1cc7ab420"}, ConsoleSocketOpt:runc.ConsoleSocketOpt{ConsoleSocket:""}, PivotKeyringFDsOpt:runc.PivotKeyringFDsOpt{NoPivot:false, NoNewKeyring:false, PreserveFDs:(*uint)(nil)}, PidFileOpt:runc.PidFileOpt{PidFile:"/var/run/docker/containerd/daemon/io.containerd.runtime.v2.task/moby/f1a0c8a200d819f7990465c877c3167372da7b8098a450176b06e6c1cc7ab420/init.pid"}, ContainerID:"f1a0c8a200d819f7990465c877c3167372da7b8098a450176b06e6c1cc7ab420"}
        2025/08/31 22:04:53 delegatec delegate path: /usr/local/bin/runc
        2025/08/31 22:04:53 delegatec called with args: [/usr/local/sbin/delegatec --delegate_path /usr/local/bin/runc --root /var/run/docker/runtime-runc/moby --log /run/docker/containerd/daemon/io.containerd.runtime.v2.task/moby/f1a0c8a200d819f7990465c877c3167372da7b8098a450176b06e6c1cc7ab420/log.json --log-format json delete --force f1a0c8a200d819f7990465c877c3167372da7b8098a450176b06e6c1cc7ab420]
        2025/08/31 22:04:53 delegatec environment: [HOSTNAME=c8a3e161c430 SHLVL=3 LD_LIBRARY_PATH=/opt/containerd/lib: HOME=/root MAX_SHIM_VERSION=2 container=docker TTRPC_ADDRESS=/var/run/docker/containerd/containerd.sock.ttrpc DIND_COMMIT=8d9e3502aba39127e4d12196dae16d306f76993d PATH=/opt/containerd/bin:/usr/local/sbin:/usr/local/bin:/usr/sbin:/usr/bin:/sbin:/bin GRPC_ADDRESS=/var/run/docker/containerd/containerd.sock DOCKER_VERSION=28.3.3 DOCKER_TLS_CERTDIR=/certs NAMESPACE=moby DOCKER_BUILDX_VERSION=0.26.1 DOCKER_COMPOSE_VERSION=2.39.1 PWD=/run/docker/containerd/daemon/io.containerd.runtime.v2.task/moby/f1a0c8a200d819f7990465c877c3167372da7b8098a450176b06e6c1cc7ab420 GOMAXPROCS=2]
        2025/08/31 22:04:53 delegatec parsed command: runc.Delete{Global:runc.Global{Root:"/var/run/docker/runtime-runc/moby", Debug:false, Log:"/run/docker/containerd/daemon/io.containerd.runtime.v2.task/moby/f1a0c8a200d819f7990465c877c3167372da7b8098a450176b06e6c1cc7ab420/log.json", LogFormat:"json", SystemdCgroup:false, Criu:"", Rootless:""}, Force:true, ContainerID:"f1a0c8a200d819f7990465c877c3167372da7b8098a450176b06e6c1cc7ab420"}
        2025/08/31 22:04:53 delegatec delegate path: /usr/local/bin/runc
        2025/08/31 22:04:53 delegatec called with args: [/usr/local/sbin/delegatec --delegate_path /usr/local/bin/runc --root /var/run/docker/runtime-runc/moby --log /var/run/docker/containerd/daemon/io.containerd.runtime.v2.task/moby/64c7ba2988912e54e9e4e5a75478b500d40ccdd4d52aaa939ca6f7c38c0b906c/log.json --log-format json create --bundle /var/run/docker/containerd/daemon/io.containerd.runtime.v2.task/moby/64c7ba2988912e54e9e4e5a75478b500d40ccdd4d52aaa939ca6f7c38c0b906c --pid-file /var/run/docker/containerd/daemon/io.containerd.runtime.v2.task/moby/64c7ba2988912e54e9e4e5a75478b500d40ccdd4d52aaa939ca6f7c38c0b906c/init.pid 64c7ba2988912e54e9e4e5a75478b500d40ccdd4d52aaa939ca6f7c38c0b906c]
        2025/08/31 22:04:53 delegatec environment: [HOSTNAME=c8a3e161c430 SHLVL=3 LD_LIBRARY_PATH=/opt/containerd/lib: HOME=/root MAX_SHIM_VERSION=2 container=docker TTRPC_ADDRESS=/var/run/docker/containerd/containerd.sock.ttrpc DIND_COMMIT=8d9e3502aba39127e4d12196dae16d306f76993d PATH=/opt/containerd/bin:/usr/local/sbin:/usr/local/bin:/usr/sbin:/usr/bin:/sbin:/bin GRPC_ADDRESS=/var/run/docker/containerd/containerd.sock DOCKER_VERSION=28.3.3 DOCKER_TLS_CERTDIR=/certs NAMESPACE=moby DOCKER_BUILDX_VERSION=0.26.1 DOCKER_COMPOSE_VERSION=2.39.1 PWD=/run/docker/containerd/daemon/io.containerd.runtime.v2.task/moby/64c7ba2988912e54e9e4e5a75478b500d40ccdd4d52aaa939ca6f7c38c0b906c GOMAXPROCS=4]
        2025/08/31 22:04:53 delegatec parsed command: runc.Create{Global:runc.Global{Root:"/var/run/docker/runtime-runc/moby", Debug:false, Log:"/var/run/docker/containerd/daemon/io.containerd.runtime.v2.task/moby/64c7ba2988912e54e9e4e5a75478b500d40ccdd4d52aaa939ca6f7c38c0b906c/log.json", LogFormat:"json", SystemdCgroup:false, Criu:"", Rootless:""}, BundleOpt:runc.BundleOpt{Bundle:"/var/run/docker/containerd/daemon/io.containerd.runtime.v2.task/moby/64c7ba2988912e54e9e4e5a75478b500d40ccdd4d52aaa939ca6f7c38c0b906c"}, ConsoleSocketOpt:runc.ConsoleSocketOpt{ConsoleSocket:""}, PivotKeyringFDsOpt:runc.PivotKeyringFDsOpt{NoPivot:false, NoNewKeyring:false, PreserveFDs:(*uint)(nil)}, PidFileOpt:runc.PidFileOpt{PidFile:"/var/run/docker/containerd/daemon/io.containerd.runtime.v2.task/moby/64c7ba2988912e54e9e4e5a75478b500d40ccdd4d52aaa939ca6f7c38c0b906c/init.pid"}, ContainerID:"64c7ba2988912e54e9e4e5a75478b500d40ccdd4d52aaa939ca6f7c38c0b906c"}
        2025/08/31 22:04:53 delegatec delegate path: /usr/local/bin/runc
        2025/08/31 22:04:53 delegatec called with args: [/usr/local/sbin/delegatec --delegate_path /usr/local/bin/runc --root /var/run/docker/runtime-runc/moby --log /run/docker/containerd/daemon/io.containerd.runtime.v2.task/moby/64c7ba2988912e54e9e4e5a75478b500d40ccdd4d52aaa939ca6f7c38c0b906c/log.json --log-format json delete --force 64c7ba2988912e54e9e4e5a75478b500d40ccdd4d52aaa939ca6f7c38c0b906c]
        2025/08/31 22:04:53 delegatec environment: [HOSTNAME=c8a3e161c430 SHLVL=3 LD_LIBRARY_PATH=/opt/containerd/lib: HOME=/root MAX_SHIM_VERSION=2 container=docker TTRPC_ADDRESS=/var/run/docker/containerd/containerd.sock.ttrpc DIND_COMMIT=8d9e3502aba39127e4d12196dae16d306f76993d PATH=/opt/containerd/bin:/usr/local/sbin:/usr/local/bin:/usr/sbin:/usr/bin:/sbin:/bin GRPC_ADDRESS=/var/run/docker/containerd/containerd.sock DOCKER_VERSION=28.3.3 DOCKER_TLS_CERTDIR=/certs NAMESPACE=moby DOCKER_BUILDX_VERSION=0.26.1 DOCKER_COMPOSE_VERSION=2.39.1 PWD=/run/docker/containerd/daemon/io.containerd.runtime.v2.task/moby/64c7ba2988912e54e9e4e5a75478b500d40ccdd4d52aaa939ca6f7c38c0b906c GOMAXPROCS=2]
        2025/08/31 22:04:53 delegatec parsed command: runc.Delete{Global:runc.Global{Root:"/var/run/docker/runtime-runc/moby", Debug:false, Log:"/run/docker/containerd/daemon/io.containerd.runtime.v2.task/moby/64c7ba2988912e54e9e4e5a75478b500d40ccdd4d52aaa939ca6f7c38c0b906c/log.json", LogFormat:"json", SystemdCgroup:false, Criu:"", Rootless:""}, Force:true, ContainerID:"64c7ba2988912e54e9e4e5a75478b500d40ccdd4d52aaa939ca6f7c38c0b906c"}
        2025/08/31 22:04:53 delegatec delegate path: /usr/local/bin/runc
        2025/08/31 22:04:54 delegatec called with args: [/usr/local/sbin/delegatec --delegate_path /usr/local/bin/runc --root /var/run/docker/runtime-runc/moby --log /var/run/docker/containerd/daemon/io.containerd.runtime.v2.task/moby/6d7d41ae797e267e0259af30d1176e242276d42f7479f93eb0ad423a21871cbd/log.json --log-format json create --bundle /var/run/docker/containerd/daemon/io.containerd.runtime.v2.task/moby/6d7d41ae797e267e0259af30d1176e242276d42f7479f93eb0ad423a21871cbd --pid-file /var/run/docker/containerd/daemon/io.containerd.runtime.v2.task/moby/6d7d41ae797e267e0259af30d1176e242276d42f7479f93eb0ad423a21871cbd/init.pid 6d7d41ae797e267e0259af30d1176e242276d42f7479f93eb0ad423a21871cbd]
        2025/08/31 22:04:54 delegatec environment: [HOSTNAME=c8a3e161c430 SHLVL=3 LD_LIBRARY_PATH=/opt/containerd/lib: HOME=/root MAX_SHIM_VERSION=2 container=docker TTRPC_ADDRESS=/var/run/docker/containerd/containerd.sock.ttrpc DIND_COMMIT=8d9e3502aba39127e4d12196dae16d306f76993d PATH=/opt/containerd/bin:/usr/local/sbin:/usr/local/bin:/usr/sbin:/usr/bin:/sbin:/bin GRPC_ADDRESS=/var/run/docker/containerd/containerd.sock DOCKER_VERSION=28.3.3 DOCKER_TLS_CERTDIR=/certs NAMESPACE=moby DOCKER_BUILDX_VERSION=0.26.1 DOCKER_COMPOSE_VERSION=2.39.1 PWD=/run/docker/containerd/daemon/io.containerd.runtime.v2.task/moby/6d7d41ae797e267e0259af30d1176e242276d42f7479f93eb0ad423a21871cbd GOMAXPROCS=4]
        2025/08/31 22:04:54 delegatec parsed command: runc.Create{Global:runc.Global{Root:"/var/run/docker/runtime-runc/moby", Debug:false, Log:"/var/run/docker/containerd/daemon/io.containerd.runtime.v2.task/moby/6d7d41ae797e267e0259af30d1176e242276d42f7479f93eb0ad423a21871cbd/log.json", LogFormat:"json", SystemdCgroup:false, Criu:"", Rootless:""}, BundleOpt:runc.BundleOpt{Bundle:"/var/run/docker/containerd/daemon/io.containerd.runtime.v2.task/moby/6d7d41ae797e267e0259af30d1176e242276d42f7479f93eb0ad423a21871cbd"}, ConsoleSocketOpt:runc.ConsoleSocketOpt{ConsoleSocket:""}, PivotKeyringFDsOpt:runc.PivotKeyringFDsOpt{NoPivot:false, NoNewKeyring:false, PreserveFDs:(*uint)(nil)}, PidFileOpt:runc.PidFileOpt{PidFile:"/var/run/docker/containerd/daemon/io.containerd.runtime.v2.task/moby/6d7d41ae797e267e0259af30d1176e242276d42f7479f93eb0ad423a21871cbd/init.pid"}, ContainerID:"6d7d41ae797e267e0259af30d1176e242276d42f7479f93eb0ad423a21871cbd"}
        2025/08/31 22:04:54 delegatec delegate path: /usr/local/bin/runc
        2025/08/31 22:04:54 delegatec called with args: [/usr/local/sbin/delegatec --delegate_path /usr/local/bin/runc --root /var/run/docker/runtime-runc/moby --log /run/docker/containerd/daemon/io.containerd.runtime.v2.task/moby/6d7d41ae797e267e0259af30d1176e242276d42f7479f93eb0ad423a21871cbd/log.json --log-format json delete --force 6d7d41ae797e267e0259af30d1176e242276d42f7479f93eb0ad423a21871cbd]
        2025/08/31 22:04:54 delegatec environment: [HOSTNAME=c8a3e161c430 SHLVL=3 LD_LIBRARY_PATH=/opt/containerd/lib: HOME=/root MAX_SHIM_VERSION=2 container=docker TTRPC_ADDRESS=/var/run/docker/containerd/containerd.sock.ttrpc DIND_COMMIT=8d9e3502aba39127e4d12196dae16d306f76993d PATH=/opt/containerd/bin:/usr/local/sbin:/usr/local/bin:/usr/sbin:/usr/bin:/sbin:/bin GRPC_ADDRESS=/var/run/docker/containerd/containerd.sock DOCKER_VERSION=28.3.3 DOCKER_TLS_CERTDIR=/certs NAMESPACE=moby DOCKER_BUILDX_VERSION=0.26.1 DOCKER_COMPOSE_VERSION=2.39.1 PWD=/run/docker/containerd/daemon/io.containerd.runtime.v2.task/moby/6d7d41ae797e267e0259af30d1176e242276d42f7479f93eb0ad423a21871cbd GOMAXPROCS=2]
        2025/08/31 22:04:54 delegatec parsed command: runc.Delete{Global:runc.Global{Root:"/var/run/docker/runtime-runc/moby", Debug:false, Log:"/run/docker/containerd/daemon/io.containerd.runtime.v2.task/moby/6d7d41ae797e267e0259af30d1176e242276d42f7479f93eb0ad423a21871cbd/log.json", LogFormat:"json", SystemdCgroup:false, Criu:"", Rootless:""}, Force:true, ContainerID:"6d7d41ae797e267e0259af30d1176e242276d42f7479f93eb0ad423a21871cbd"}
        2025/08/31 22:04:54 delegatec delegate path: /usr/local/bin/runc
        2025/08/31 22:04:54 delegatec called with args: [/usr/local/sbin/delegatec --delegate_path /usr/local/bin/runc --root /var/run/docker/runtime-runc/moby --log /var/run/docker/containerd/daemon/io.containerd.runtime.v2.task/moby/07c8591552ce3964704b776752571bbf36a61eb1fac706e0195187dd966fd429/log.json --log-format json create --bundle /var/run/docker/containerd/daemon/io.containerd.runtime.v2.task/moby/07c8591552ce3964704b776752571bbf36a61eb1fac706e0195187dd966fd429 --pid-file /var/run/docker/containerd/daemon/io.containerd.runtime.v2.task/moby/07c8591552ce3964704b776752571bbf36a61eb1fac706e0195187dd966fd429/init.pid 07c8591552ce3964704b776752571bbf36a61eb1fac706e0195187dd966fd429]
        2025/08/31 22:04:54 delegatec environment: [HOSTNAME=c8a3e161c430 SHLVL=3 LD_LIBRARY_PATH=/opt/containerd/lib: HOME=/root MAX_SHIM_VERSION=2 container=docker TTRPC_ADDRESS=/var/run/docker/containerd/containerd.sock.ttrpc DIND_COMMIT=8d9e3502aba39127e4d12196dae16d306f76993d PATH=/opt/containerd/bin:/usr/local/sbin:/usr/local/bin:/usr/sbin:/usr/bin:/sbin:/bin GRPC_ADDRESS=/var/run/docker/containerd/containerd.sock DOCKER_VERSION=28.3.3 DOCKER_TLS_CERTDIR=/certs NAMESPACE=moby DOCKER_BUILDX_VERSION=0.26.1 DOCKER_COMPOSE_VERSION=2.39.1 PWD=/run/docker/containerd/daemon/io.containerd.runtime.v2.task/moby/07c8591552ce3964704b776752571bbf36a61eb1fac706e0195187dd966fd429 GOMAXPROCS=4]
        2025/08/31 22:04:54 delegatec parsed command: runc.Create{Global:runc.Global{Root:"/var/run/docker/runtime-runc/moby", Debug:false, Log:"/var/run/docker/containerd/daemon/io.containerd.runtime.v2.task/moby/07c8591552ce3964704b776752571bbf36a61eb1fac706e0195187dd966fd429/log.json", LogFormat:"json", SystemdCgroup:false, Criu:"", Rootless:""}, BundleOpt:runc.BundleOpt{Bundle:"/var/run/docker/containerd/daemon/io.containerd.runtime.v2.task/moby/07c8591552ce3964704b776752571bbf36a61eb1fac706e0195187dd966fd429"}, ConsoleSocketOpt:runc.ConsoleSocketOpt{ConsoleSocket:""}, PivotKeyringFDsOpt:runc.PivotKeyringFDsOpt{NoPivot:false, NoNewKeyring:false, PreserveFDs:(*uint)(nil)}, PidFileOpt:runc.PidFileOpt{PidFile:"/var/run/docker/containerd/daemon/io.containerd.runtime.v2.task/moby/07c8591552ce3964704b776752571bbf36a61eb1fac706e0195187dd966fd429/init.pid"}, ContainerID:"07c8591552ce3964704b776752571bbf36a61eb1fac706e0195187dd966fd429"}
        2025/08/31 22:04:54 delegatec delegate path: /usr/local/bin/runc
        2025/08/31 22:04:54 delegatec called with args: [/usr/local/sbin/delegatec --delegate_path /usr/local/bin/runc --root /var/run/docker/runtime-runc/moby --log /run/docker/containerd/daemon/io.containerd.runtime.v2.task/moby/07c8591552ce3964704b776752571bbf36a61eb1fac706e0195187dd966fd429/log.json --log-format json delete --force 07c8591552ce3964704b776752571bbf36a61eb1fac706e0195187dd966fd429]
        2025/08/31 22:04:54 delegatec environment: [HOSTNAME=c8a3e161c430 SHLVL=3 LD_LIBRARY_PATH=/opt/containerd/lib: HOME=/root MAX_SHIM_VERSION=2 container=docker TTRPC_ADDRESS=/var/run/docker/containerd/containerd.sock.ttrpc DIND_COMMIT=8d9e3502aba39127e4d12196dae16d306f76993d PATH=/opt/containerd/bin:/usr/local/sbin:/usr/local/bin:/usr/sbin:/usr/bin:/sbin:/bin GRPC_ADDRESS=/var/run/docker/containerd/containerd.sock DOCKER_VERSION=28.3.3 DOCKER_TLS_CERTDIR=/certs NAMESPACE=moby DOCKER_BUILDX_VERSION=0.26.1 DOCKER_COMPOSE_VERSION=2.39.1 PWD=/run/docker/containerd/daemon/io.containerd.runtime.v2.task/moby/07c8591552ce3964704b776752571bbf36a61eb1fac706e0195187dd966fd429 GOMAXPROCS=2]
        2025/08/31 22:04:54 delegatec parsed command: runc.Delete{Global:runc.Global{Root:"/var/run/docker/runtime-runc/moby", Debug:false, Log:"/run/docker/containerd/daemon/io.containerd.runtime.v2.task/moby/07c8591552ce3964704b776752571bbf36a61eb1fac706e0195187dd966fd429/log.json", LogFormat:"json", SystemdCgroup:false, Criu:"", Rootless:""}, Force:true, ContainerID:"07c8591552ce3964704b776752571bbf36a61eb1fac706e0195187dd966fd429"}
        2025/08/31 22:04:54 delegatec delegate path: /usr/local/bin/runc
        2025/08/31 22:04:54 delegatec called with args: [/usr/local/sbin/delegatec --delegate_path /usr/local/bin/runc --root /var/run/docker/runtime-runc/moby --log /var/run/docker/containerd/daemon/io.containerd.runtime.v2.task/moby/e30eb13063c86391117819bf0028f29d5e1cbc17d3765fcf890e9d2a5e06d990/log.json --log-format json create --bundle /var/run/docker/containerd/daemon/io.containerd.runtime.v2.task/moby/e30eb13063c86391117819bf0028f29d5e1cbc17d3765fcf890e9d2a5e06d990 --pid-file /var/run/docker/containerd/daemon/io.containerd.runtime.v2.task/moby/e30eb13063c86391117819bf0028f29d5e1cbc17d3765fcf890e9d2a5e06d990/init.pid e30eb13063c86391117819bf0028f29d5e1cbc17d3765fcf890e9d2a5e06d990]
        2025/08/31 22:04:54 delegatec environment: [HOSTNAME=c8a3e161c430 SHLVL=3 LD_LIBRARY_PATH=/opt/containerd/lib: HOME=/root MAX_SHIM_VERSION=2 container=docker TTRPC_ADDRESS=/var/run/docker/containerd/containerd.sock.ttrpc DIND_COMMIT=8d9e3502aba39127e4d12196dae16d306f76993d PATH=/opt/containerd/bin:/usr/local/sbin:/usr/local/bin:/usr/sbin:/usr/bin:/sbin:/bin GRPC_ADDRESS=/var/run/docker/containerd/containerd.sock DOCKER_VERSION=28.3.3 DOCKER_TLS_CERTDIR=/certs NAMESPACE=moby DOCKER_BUILDX_VERSION=0.26.1 DOCKER_COMPOSE_VERSION=2.39.1 PWD=/run/docker/containerd/daemon/io.containerd.runtime.v2.task/moby/e30eb13063c86391117819bf0028f29d5e1cbc17d3765fcf890e9d2a5e06d990 GOMAXPROCS=4]
        2025/08/31 22:04:54 delegatec parsed command: runc.Create{Global:runc.Global{Root:"/var/run/docker/runtime-runc/moby", Debug:false, Log:"/var/run/docker/containerd/daemon/io.containerd.runtime.v2.task/moby/e30eb13063c86391117819bf0028f29d5e1cbc17d3765fcf890e9d2a5e06d990/log.json", LogFormat:"json", SystemdCgroup:false, Criu:"", Rootless:""}, BundleOpt:runc.BundleOpt{Bundle:"/var/run/docker/containerd/daemon/io.containerd.runtime.v2.task/moby/e30eb13063c86391117819bf0028f29d5e1cbc17d3765fcf890e9d2a5e06d990"}, ConsoleSocketOpt:runc.ConsoleSocketOpt{ConsoleSocket:""}, PivotKeyringFDsOpt:runc.PivotKeyringFDsOpt{NoPivot:false, NoNewKeyring:false, PreserveFDs:(*uint)(nil)}, PidFileOpt:runc.PidFileOpt{PidFile:"/var/run/docker/containerd/daemon/io.containerd.runtime.v2.task/moby/e30eb13063c86391117819bf0028f29d5e1cbc17d3765fcf890e9d2a5e06d990/init.pid"}, ContainerID:"e30eb13063c86391117819bf0028f29d5e1cbc17d3765fcf890e9d2a5e06d990"}
        2025/08/31 22:04:54 delegatec delegate path: /usr/local/bin/runc
        2025/08/31 22:04:54 delegatec called with args: [/usr/local/sbin/delegatec --delegate_path /usr/local/bin/runc --root /var/run/docker/runtime-runc/moby --log /run/docker/containerd/daemon/io.containerd.runtime.v2.task/moby/e30eb13063c86391117819bf0028f29d5e1cbc17d3765fcf890e9d2a5e06d990/log.json --log-format json delete --force e30eb13063c86391117819bf0028f29d5e1cbc17d3765fcf890e9d2a5e06d990]
        2025/08/31 22:04:54 delegatec environment: [HOSTNAME=c8a3e161c430 SHLVL=3 LD_LIBRARY_PATH=/opt/containerd/lib: HOME=/root MAX_SHIM_VERSION=2 container=docker TTRPC_ADDRESS=/var/run/docker/containerd/containerd.sock.ttrpc DIND_COMMIT=8d9e3502aba39127e4d12196dae16d306f76993d PATH=/opt/containerd/bin:/usr/local/sbin:/usr/local/bin:/usr/sbin:/usr/bin:/sbin:/bin GRPC_ADDRESS=/var/run/docker/containerd/containerd.sock DOCKER_VERSION=28.3.3 DOCKER_TLS_CERTDIR=/certs NAMESPACE=moby DOCKER_BUILDX_VERSION=0.26.1 DOCKER_COMPOSE_VERSION=2.39.1 PWD=/run/docker/containerd/daemon/io.containerd.runtime.v2.task/moby/e30eb13063c86391117819bf0028f29d5e1cbc17d3765fcf890e9d2a5e06d990 GOMAXPROCS=2]
        2025/08/31 22:04:54 delegatec parsed command: runc.Delete{Global:runc.Global{Root:"/var/run/docker/runtime-runc/moby", Debug:false, Log:"/run/docker/containerd/daemon/io.containerd.runtime.v2.task/moby/e30eb13063c86391117819bf0028f29d5e1cbc17d3765fcf890e9d2a5e06d990/log.json", LogFormat:"json", SystemdCgroup:false, Criu:"", Rootless:""}, Force:true, ContainerID:"e30eb13063c86391117819bf0028f29d5e1cbc17d3765fcf890e9d2a5e06d990"}
        2025/08/31 22:04:54 delegatec delegate path: /usr/local/bin/runc
        
        --------------------
    dind_test.go:980: runc log empty
    dind_test.go:981: criu check exit code 0
        stdout:
        
        stderr:
=== CONT  TestRuntimeParity/top
=== NAME  TestRuntimeParity/tty_stdin
    dind_test.go:1013: runc exited with 0
    dind_test.go:1014: runc output:
        hello
        hello
        hello
    dind_test.go:1015: delegatec exited with 125
    dind_test.go:1016: delegatec output:
        hello
        docker: Error response from daemon: failed to create task for container: failed to create shim task: OCI runtime create failed: /var/lib/docker/runtimes/delegatec.XQ4R1TXV9RVB-6VXNQQ6T94RZ3BX12S543VW4JWFW99SNDHTX9W0==== did not terminate successfully: exit status 2: runtime: epollwait on fd 6 failed with 9
        fatal error: runtime: netpoll failed
        
        runtime stack:
        runtime.throw({0x57312b?, 0xc0000258cc?})
        	/usr/local/go/src/runtime/panic.go:1094 +0x48 fp=0xc000025890 sp=0xc000025860 pc=0x4736c8
        runtime.netpoll(0x95a917adfa9?)
        	/usr/local/go/src/runtime/netpoll_epoll.go:123 +0x3d6 fp=0xc000025f20 sp=0xc000025890 pc=0x43ab16
        runtime.sysmon()
        	/usr/local/go/src/runtime/proc.go:6299 +0x2e6 fp=0xc000025fa0 sp=0xc000025f20 pc=0x44dfa6
        runtime.mstart1()
        	/usr/local/go/src/runtime/proc.go:1928 +0x93 fp=0xc000025fc8 sp=0xc000025fa0 pc=0x4444b3
        runtime.mstart0()
        	/usr/local/go/src/runtime/proc.go:1881 +0x75 fp=0xc000025ff8 sp=0xc000025fc8 pc=0x4443f5
        runtime.mstart()
        	/usr/local/go/src/runtime/asm_amd64.s:395 +0x5 fp=0xc000026000 sp=0xc000025ff8 pc=0x4789c5
        
        goroutine 1 gp=0xc000002380 m=2 mp=0xc000044808 [syscall]:
        syscall.Syscall6(0xf7, 0x3, 0xa, 0xc0001256d8, 0x4, 0xc000186000, 0x0)
        	/usr/local/go/src/syscall/syscall_linux.go:96 +0x39 fp=0xc000125650 sp=0xc0001255f0 pc=0x4afa39
        internal/syscall/unix.Waitid(0x4af9a5?, 0xc0001256d0?, 0xc000125720?, 0xc000125720?, 0x4af9da?)
        	/usr/local/go/src/internal/syscall/unix/waitid_linux.go:18 +0x39 fp=0xc0001256a8 sp=0xc000125650 pc=0x4c2759
        os.(*Process).pidfdWait.func1(...)
        	/usr/local/go/src/os/pidfd_linux.go:109
        os.ignoringEINTR(...)
        	/usr/local/go/src/os/file_posix.go:256
        os.(*Process).pidfdWait(0xc00006c840)
        	/usr/local/go/src/os/pidfd_linux.go:108 +0x1a9 fp=0xc0001257b8 sp=0xc0001256a8 pc=0x4cb9c9
        os.(*Process).wait(0x4ca806?)
        	/usr/local/go/src/os/exec_unix.go:25 +0x1a fp=0xc0001257d0 sp=0xc0001257b8 pc=0x4c8aba
        os.(*Process).Wait(...)
        	/usr/local/go/src/os/exec.go:340
        os/exec.(*Cmd).Wait(0xc000150000)
        	/usr/local/go/src/os/exec/exec.go:922 +0x45 fp=0xc000125830 sp=0xc0001257d0 pc=0x4e09c5
        github.com/TheGrizzlyDev/vino/internal/pkg/runc.(*Wrapper).Run(0xc000125da8, {0x5a8f40, 0xc0001360b0})
        	/src/internal/pkg/runc/wrapper.go:162 +0xba6 fp=0xc000125d18 sp=0xc000125830 pc=0x520706
        main.main()
        	/src/cmd/delegatec/main.go:196 +0xa85 fp=0xc000125f50 sp=0xc000125d18 pc=0x525045
        runtime.main()
        	/usr/local/go/src/runtime/proc.go:285 +0x29d fp=0xc000125fe0 sp=0xc000125f50 pc=0x440e7d
        runtime.goexit({})
        	/usr/local/go/src/runtime/asm_amd64.s:1693 +0x1 fp=0xc000125fe8 sp=0xc000125fe0 pc=0x47a901
        
        goroutine 2 gp=0xc0000028c0 m=nil [force gc (idle)]:
        runtime.gopark(0x0?, 0x0?, 0x0?, 0x0?, 0x0?)
        	/usr/local/go/src/runtime/proc.go:460 +0xce fp=0xc00003efa8 sp=0xc00003ef88 pc=0x4737ee
        runtime.goparkunlock(...)
        	/usr/local/go/src/runtime/proc.go:466
        runtime.forcegchelper()
        	/usr/local/go/src/runtime/proc.go:373 +0xb3 fp=0xc00003efe0 sp=0xc00003efa8 pc=0x4411b3
        runtime.goexit({})
        	/usr/local/go/src/runtime/asm_amd64.s:1693 +0x1 fp=0xc00003efe8 sp=0xc00003efe0 pc=0x47a901
        created by runtime.init.7 in goroutine 1
        	/usr/local/go/src/runtime/proc.go:361 +0x1a
        
        goroutine 3 gp=0xc000002e00 m=nil [GC sweep wait]:
        runtime.gopark(0x0?, 0x0?, 0x0?, 0x0?, 0x0?)
        	/usr/local/go/src/runtime/proc.go:460 +0xce fp=0xc00003f780 sp=0xc00003f760 pc=0x4737ee
        runtime.goparkunlock(...)
        	/usr/local/go/src/runtime/proc.go:466
        runtime.bgsweep(0xc00005e000)
        	/usr/local/go/src/runtime/mgcsweep.go:279 +0x94 fp=0xc00003f7c8 sp=0xc00003f780 pc=0x42c234
        runtime.gcenable.gowrap1()
        	/usr/local/go/src/runtime/mgc.go:212 +0x25 fp=0xc00003f7e0 sp=0xc00003f7c8 pc=0x420485
        runtime.goexit({})
        	/usr/local/go/src/runtime/asm_amd64.s:1693 +0x1 fp=0xc00003f7e8 sp=0xc00003f7e0 pc=0x47a901
        created by runtime.gcenable in goroutine 1
        	/usr/local/go/src/runtime/mgc.go:212 +0x66
        
        goroutine 4 gp=0xc000002fc0 m=nil [GC scavenge wait]:
        runtime.gopark(0xc00005e000?, 0x5a6f20?, 0x1?, 0x0?, 0xc000002fc0?)
        	/usr/local/go/src/runtime/proc.go:460 +0xce fp=0xc00003ff78 sp=0xc00003ff58 pc=0x4737ee
        runtime.goparkunlock(...)
        	/usr/local/go/src/runtime/proc.go:466
        runtime.(*scavengerState).park(0x69a420)
        	/usr/local/go/src/runtime/mgcscavenge.go:425 +0x49 fp=0xc00003ffa8 sp=0xc00003ff78 pc=0x429d09
        runtime.bgscavenge(0xc00005e000)
        	/usr/local/go/src/runtime/mgcscavenge.go:653 +0x3c fp=0xc00003ffc8 sp=0xc00003ffa8 pc=0x42a29c
        runtime.gcenable.gowrap2()
        	/usr/local/go/src/runtime/mgc.go:213 +0x25 fp=0xc00003ffe0 sp=0xc00003ffc8 pc=0x420425
        runtime.goexit({})
        	/usr/local/go/src/runtime/asm_amd64.s:1693 +0x1 fp=0xc00003ffe8 sp=0xc00003ffe0 pc=0x47a901
        created by runtime.gcenable in goroutine 1
        	/usr/local/go/src/runtime/mgc.go:213 +0xa5
        
        goroutine 5 gp=0xc000003500 m=nil [GOMAXPROCS updater (idle)]:
        runtime.gopark(0x0?, 0x0?, 0x0?, 0x0?, 0x0?)
        	/usr/local/go/src/runtime/proc.go:460 +0xce fp=0xc000040788 sp=0xc000040768 pc=0x4737ee
        runtime.goparkunlock(...)
        	/usr/local/go/src/runtime/proc.go:466
        runtime.updateMaxProcsGoroutine()
        	/usr/local/go/src/runtime/proc.go:6706 +0xe7 fp=0xc0000407e0 sp=0xc000040788 pc=0x44f087
        runtime.goexit({})
        	/usr/local/go/src/runtime/asm_amd64.s:1693 +0x1 fp=0xc0000407e8 sp=0xc0000407e0 pc=0x47a901
        created by runtime.defaultGOMAXPROCSUpdateEnable in goroutine 1
        	/usr/local/go/src/runtime/proc.go:6694 +0x37
        
        goroutine 6 gp=0xc0000036c0 m=nil [finalizer wait]:
        runtime.gopark(0x450055?, 0x4291fc?, 0x60?, 0xb0?, 0x490013?)
        	/usr/local/go/src/runtime/proc.go:460 +0xce fp=0xc00003e620 sp=0xc00003e600 pc=0x4737ee
        runtime.runFinalizers()
        	/usr/local/go/src/runtime/mfinal.go:210 +0x107 fp=0xc00003e7e0 sp=0xc00003e620 pc=0x41f427
        runtime.goexit({})
        	/usr/local/go/src/runtime/asm_amd64.s:1693 +0x1 fp=0xc00003e7e8 sp=0xc00003e7e0 pc=0x47a901
        created by runtime.createfing in goroutine 1
        	/usr/local/go/src/runtime/mfinal.go:172 +0x3d
        
        goroutine 7 gp=0xc000003880 m=nil [cleanup wait]:
        runtime.gopark(0x0?, 0x0?, 0x0?, 0x0?, 0x0?)
        	/usr/local/go/src/runtime/proc.go:460 +0xce fp=0xc000040f68 sp=0xc000040f48 pc=0x4737ee
        runtime.goparkunlock(...)
        	/usr/local/go/src/runtime/proc.go:466
        runtime.(*cleanupQueue).dequeue(0x69a620)
        	/usr/local/go/src/runtime/mcleanup.go:439 +0xc5 fp=0xc000040fa0 sp=0xc000040f68 pc=0x41c6a5
        runtime.runCleanups()
        	/usr/local/go/src/runtime/mcleanup.go:635 +0x45 fp=0xc000040fe0 sp=0xc000040fa0 pc=0x41cd05
        runtime.goexit({})
        	/usr/local/go/src/runtime/asm_amd64.s:1693 +0x1 fp=0xc000040fe8 sp=0xc000040fe0 pc=0x47a901
        created by runtime.(*cleanupQueue).createGs in goroutine 1
        	/usr/local/go/src/runtime/mcleanup.go:589 +0xa5
        
        goroutine 8 gp=0xc000003a40 m=4 mp=0xc000080008 [syscall]:
        runtime.notetsleepg(0x6ba9c0, 0xffffffffffffffff)
        	/usr/local/go/src/runtime/lock_futex.go:123 +0x29 fp=0xc0000417a0 sp=0xc000041778 pc=0x415269
        os/signal.signal_recv()
        	/usr/local/go/src/runtime/sigqueue.go:152 +0x29 fp=0xc0000417c0 sp=0xc0000417a0 pc=0x475269
        os/signal.loop()
        	/usr/local/go/src/os/signal/signal_unix.go:23 +0x13 fp=0xc0000417e0 sp=0xc0000417c0 pc=0x514313
        runtime.goexit({})
        	/usr/local/go/src/runtime/asm_amd64.s:1693 +0x1 fp=0xc0000417e8 sp=0xc0000417e0 pc=0x47a901
        created by os/signal.Notify.func1.1 in goroutine 1
        	/usr/local/go/src/os/signal/signal.go:152 +0x1f
        
        goroutine 9 gp=0xc000003c00 m=nil [select, locked to thread]:
        runtime.gopark(0xc000041fa8?, 0x2?, 0x58?, 0x0?, 0xc000041f94?)
        	/usr/local/go/src/runtime/proc.go:460 +0xce fp=0xc000041e18 sp=0xc000041df8 pc=0x4737ee
        runtime.selectgo(0xc000041fa8, 0xc000041f90, 0x0?, 0x0, 0x0?, 0x1)
        	/usr/local/go/src/runtime/select.go:351 +0x845 fp=0xc000041f58 sp=0xc000041e18 pc=0x4538e5
        runtime.ensureSigM.func1()
        	/usr/local/go/src/runtime/signal_unix.go:1085 +0x194 fp=0xc000041fe0 sp=0xc000041f58 pc=0x46f254
        runtime.goexit({})
        	/usr/local/go/src/runtime/asm_amd64.s:1693 +0x1 fp=0xc000041fe8 sp=0xc000041fe0 pc=0x47a901
        created by runtime.ensureSigM in goroutine 1
        	/usr/local/go/src/runtime/signal_unix.go:1068 +0xc5
        
        goroutine 17 gp=0xc000184000 m=nil [chan receive]:
        runtime.gopark(0x0?, 0x0?, 0x0?, 0x0?, 0x0?)
        	/usr/local/go/src/runtime/proc.go:460 +0xce fp=0xc00003a6d8 sp=0xc00003a6b8 pc=0x4737ee
        runtime.chanrecv(0xc000116540, 0xc00003a7a8, 0x1)
        	/usr/local/go/src/runtime/chan.go:667 +0x44e fp=0xc00003a750 sp=0xc00003a6d8 pc=0x40fe4e
        runtime.chanrecv2(0x0?, 0x0?)
        	/usr/local/go/src/runtime/chan.go:514 +0x12 fp=0xc00003a778 sp=0xc00003a750 pc=0x40f9f2
        github.com/TheGrizzlyDev/vino/internal/pkg/runc.(*Wrapper).Run.func1()
        	/src/internal/pkg/runc/wrapper.go:148 +0x8c fp=0xc00003a7e0 sp=0xc00003a778 pc=0x5209cc
        runtime.goexit({})
        	/usr/local/go/src/runtime/asm_amd64.s:1693 +0x1 fp=0xc00003a7e8 sp=0xc00003a7e0 pc=0x47a901
        created by github.com/TheGrizzlyDev/vino/internal/pkg/runc.(*Wrapper).Run in goroutine 1
        	/src/internal/pkg/runc/wrapper.go:146 +0xb05
        : unknown
        
        Run 'docker run --help' for more information
    dind_test.go:1019: mismatch: runc [0] "hello\r\nhello\r\nhello" vs delegatec [125] "hello\r\ndocker: Error response from daemon: failed to create task for container: failed to create shim task: OCI runtime create failed: /var/lib/docker/runtimes/delegatec.XQ4R1TXV9RVB-6VXNQQ6T94RZ3BX12S543VW4JWFW99SNDHTX9W0==== did not terminate successfully: exit status 2: runtime: epollwait on fd 6 failed with 9\r\nfatal error: runtime: netpoll failed\r\n\r\nruntime stack:\r\nruntime.throw({0x57312b?, 0xc0000258cc?})\r\n\t/usr/local/go/src/runtime/panic.go:1094 +0x48 fp=0xc000025890 sp=0xc000025860 pc=0x4736c8\r\nruntime.netpoll(0x95a917adfa9?)\r\n\t/usr/local/go/src/runtime/netpoll_epoll.go:123 +0x3d6 fp=0xc000025f20 sp=0xc000025890 pc=0x43ab16\r\nruntime.sysmon()\r\n\t/usr/local/go/src/runtime/proc.go:6299 +0x2e6 fp=0xc000025fa0 sp=0xc000025f20 pc=0x44dfa6\r\nruntime.mstart1()\r\n\t/usr/local/go/src/runtime/proc.go:1928 +0x93 fp=0xc000025fc8 sp=0xc000025fa0 pc=0x4444b3\r\nruntime.mstart0()\r\n\t/usr/local/go/src/runtime/proc.go:1881 +0x75 fp=0xc000025ff8 sp=0xc000025fc8 pc=0x4443f5\r\nruntime.mstart()\r\n\t/usr/local/go/src/runtime/asm_amd64.s:395 +0x5 fp=0xc000026000 sp=0xc000025ff8 pc=0x4789c5\r\n\r\ngoroutine 1 gp=0xc000002380 m=2 mp=0xc000044808 [syscall]:\r\nsyscall.Syscall6(0xf7, 0x3, 0xa, 0xc0001256d8, 0x4, 0xc000186000, 0x0)\r\n\t/usr/local/go/src/syscall/syscall_linux.go:96 +0x39 fp=0xc000125650 sp=0xc0001255f0 pc=0x4afa39\r\ninternal/syscall/unix.Waitid(0x4af9a5?, 0xc0001256d0?, 0xc000125720?, 0xc000125720?, 0x4af9da?)\r\n\t/usr/local/go/src/internal/syscall/unix/waitid_linux.go:18 +0x39 fp=0xc0001256a8 sp=0xc000125650 pc=0x4c2759\r\nos.(*Process).pidfdWait.func1(...)\r\n\t/usr/local/go/src/os/pidfd_linux.go:109\r\nos.ignoringEINTR(...)\r\n\t/usr/local/go/src/os/file_posix.go:256\r\nos.(*Process).pidfdWait(0xc00006c840)\r\n\t/usr/local/go/src/os/pidfd_linux.go:108 +0x1a9 fp=0xc0001257b8 sp=0xc0001256a8 pc=0x4cb9c9\r\nos.(*Process).wait(0x4ca806?)\r\n\t/usr/local/go/src/os/exec_unix.go:25 +0x1a fp=0xc0001257d0 sp=0xc0001257b8 pc=0x4c8aba\r\nos.(*Process).Wait(...)\r\n\t/usr/local/go/src/os/exec.go:340\r\nos/exec.(*Cmd).Wait(0xc000150000)\r\n\t/usr/local/go/src/os/exec/exec.go:922 +0x45 fp=0xc000125830 sp=0xc0001257d0 pc=0x4e09c5\r\ngithub.com/TheGrizzlyDev/vino/internal/pkg/runc.(*Wrapper).Run(0xc000125da8, {0x5a8f40, 0xc0001360b0})\r\n\t/src/internal/pkg/runc/wrapper.go:162 +0xba6 fp=0xc000125d18 sp=0xc000125830 pc=0x520706\r\nmain.main()\r\n\t/src/cmd/delegatec/main.go:196 +0xa85 fp=0xc000125f50 sp=0xc000125d18 pc=0x525045\r\nruntime.main()\r\n\t/usr/local/go/src/runtime/proc.go:285 +0x29d fp=0xc000125fe0 sp=0xc000125f50 pc=0x440e7d\r\nruntime.goexit({})\r\n\t/usr/local/go/src/runtime/asm_amd64.s:1693 +0x1 fp=0xc000125fe8 sp=0xc000125fe0 pc=0x47a901\r\n\r\ngoroutine 2 gp=0xc0000028c0 m=nil [force gc (idle)]:\r\nruntime.gopark(0x0?, 0x0?, 0x0?, 0x0?, 0x0?)\r\n\t/usr/local/go/src/runtime/proc.go:460 +0xce fp=0xc00003efa8 sp=0xc00003ef88 pc=0x4737ee\r\nruntime.goparkunlock(...)\r\n\t/usr/local/go/src/runtime/proc.go:466\r\nruntime.forcegchelper()\r\n\t/usr/local/go/src/runtime/proc.go:373 +0xb3 fp=0xc00003efe0 sp=0xc00003efa8 pc=0x4411b3\r\nruntime.goexit({})\r\n\t/usr/local/go/src/runtime/asm_amd64.s:1693 +0x1 fp=0xc00003efe8 sp=0xc00003efe0 pc=0x47a901\r\ncreated by runtime.init.7 in goroutine 1\r\n\t/usr/local/go/src/runtime/proc.go:361 +0x1a\r\n\r\ngoroutine 3 gp=0xc000002e00 m=nil [GC sweep wait]:\r\nruntime.gopark(0x0?, 0x0?, 0x0?, 0x0?, 0x0?)\r\n\t/usr/local/go/src/runtime/proc.go:460 +0xce fp=0xc00003f780 sp=0xc00003f760 pc=0x4737ee\r\nruntime.goparkunlock(...)\r\n\t/usr/local/go/src/runtime/proc.go:466\r\nruntime.bgsweep(0xc00005e000)\r\n\t/usr/local/go/src/runtime/mgcsweep.go:279 +0x94 fp=0xc00003f7c8 sp=0xc00003f780 pc=0x42c234\r\nruntime.gcenable.gowrap1()\r\n\t/usr/local/go/src/runtime/mgc.go:212 +0x25 fp=0xc00003f7e0 sp=0xc00003f7c8 pc=0x420485\r\nruntime.goexit({})\r\n\t/usr/local/go/src/runtime/asm_amd64.s:1693 +0x1 fp=0xc00003f7e8 sp=0xc00003f7e0 pc=0x47a901\r\ncreated by runtime.gcenable in goroutine 1\r\n\t/usr/local/go/src/runtime/mgc.go:212 +0x66\r\n\r\ngoroutine 4 gp=0xc000002fc0 m=nil [GC scavenge wait]:\r\nruntime.gopark(0xc00005e000?, 0x5a6f20?, 0x1?, 0x0?, 0xc000002fc0?)\r\n\t/usr/local/go/src/runtime/proc.go:460 +0xce fp=0xc00003ff78 sp=0xc00003ff58 pc=0x4737ee\r\nruntime.goparkunlock(...)\r\n\t/usr/local/go/src/runtime/proc.go:466\r\nruntime.(*scavengerState).park(0x69a420)\r\n\t/usr/local/go/src/runtime/mgcscavenge.go:425 +0x49 fp=0xc00003ffa8 sp=0xc00003ff78 pc=0x429d09\r\nruntime.bgscavenge(0xc00005e000)\r\n\t/usr/local/go/src/runtime/mgcscavenge.go:653 +0x3c fp=0xc00003ffc8 sp=0xc00003ffa8 pc=0x42a29c\r\nruntime.gcenable.gowrap2()\r\n\t/usr/local/go/src/runtime/mgc.go:213 +0x25 fp=0xc00003ffe0 sp=0xc00003ffc8 pc=0x420425\r\nruntime.goexit({})\r\n\t/usr/local/go/src/runtime/asm_amd64.s:1693 +0x1 fp=0xc00003ffe8 sp=0xc00003ffe0 pc=0x47a901\r\ncreated by runtime.gcenable in goroutine 1\r\n\t/usr/local/go/src/runtime/mgc.go:213 +0xa5\r\n\r\ngoroutine 5 gp=0xc000003500 m=nil [GOMAXPROCS updater (idle)]:\r\nruntime.gopark(0x0?, 0x0?, 0x0?, 0x0?, 0x0?)\r\n\t/usr/local/go/src/runtime/proc.go:460 +0xce fp=0xc000040788 sp=0xc000040768 pc=0x4737ee\r\nruntime.goparkunlock(...)\r\n\t/usr/local/go/src/runtime/proc.go:466\r\nruntime.updateMaxProcsGoroutine()\r\n\t/usr/local/go/src/runtime/proc.go:6706 +0xe7 fp=0xc0000407e0 sp=0xc000040788 pc=0x44f087\r\nruntime.goexit({})\r\n\t/usr/local/go/src/runtime/asm_amd64.s:1693 +0x1 fp=0xc0000407e8 sp=0xc0000407e0 pc=0x47a901\r\ncreated by runtime.defaultGOMAXPROCSUpdateEnable in goroutine 1\r\n\t/usr/local/go/src/runtime/proc.go:6694 +0x37\r\n\r\ngoroutine 6 gp=0xc0000036c0 m=nil [finalizer wait]:\r\nruntime.gopark(0x450055?, 0x4291fc?, 0x60?, 0xb0?, 0x490013?)\r\n\t/usr/local/go/src/runtime/proc.go:460 +0xce fp=0xc00003e620 sp=0xc00003e600 pc=0x4737ee\r\nruntime.runFinalizers()\r\n\t/usr/local/go/src/runtime/mfinal.go:210 +0x107 fp=0xc00003e7e0 sp=0xc00003e620 pc=0x41f427\r\nruntime.goexit({})\r\n\t/usr/local/go/src/runtime/asm_amd64.s:1693 +0x1 fp=0xc00003e7e8 sp=0xc00003e7e0 pc=0x47a901\r\ncreated by runtime.createfing in goroutine 1\r\n\t/usr/local/go/src/runtime/mfinal.go:172 +0x3d\r\n\r\ngoroutine 7 gp=0xc000003880 m=nil [cleanup wait]:\r\nruntime.gopark(0x0?, 0x0?, 0x0?, 0x0?, 0x0?)\r\n\t/usr/local/go/src/runtime/proc.go:460 +0xce fp=0xc000040f68 sp=0xc000040f48 pc=0x4737ee\r\nruntime.goparkunlock(...)\r\n\t/usr/local/go/src/runtime/proc.go:466\r\nruntime.(*cleanupQueue).dequeue(0x69a620)\r\n\t/usr/local/go/src/runtime/mcleanup.go:439 +0xc5 fp=0xc000040fa0 sp=0xc000040f68 pc=0x41c6a5\r\nruntime.runCleanups()\r\n\t/usr/local/go/src/runtime/mcleanup.go:635 +0x45 fp=0xc000040fe0 sp=0xc000040fa0 pc=0x41cd05\r\nruntime.goexit({})\r\n\t/usr/local/go/src/runtime/asm_amd64.s:1693 +0x1 fp=0xc000040fe8 sp=0xc000040fe0 pc=0x47a901\r\ncreated by runtime.(*cleanupQueue).createGs in goroutine 1\r\n\t/usr/local/go/src/runtime/mcleanup.go:589 +0xa5\r\n\r\ngoroutine 8 gp=0xc000003a40 m=4 mp=0xc000080008 [syscall]:\r\nruntime.notetsleepg(0x6ba9c0, 0xffffffffffffffff)\r\n\t/usr/local/go/src/runtime/lock_futex.go:123 +0x29 fp=0xc0000417a0 sp=0xc000041778 pc=0x415269\r\nos/signal.signal_recv()\r\n\t/usr/local/go/src/runtime/sigqueue.go:152 +0x29 fp=0xc0000417c0 sp=0xc0000417a0 pc=0x475269\r\nos/signal.loop()\r\n\t/usr/local/go/src/os/signal/signal_unix.go:23 +0x13 fp=0xc0000417e0 sp=0xc0000417c0 pc=0x514313\r\nruntime.goexit({})\r\n\t/usr/local/go/src/runtime/asm_amd64.s:1693 +0x1 fp=0xc0000417e8 sp=0xc0000417e0 pc=0x47a901\r\ncreated by os/signal.Notify.func1.1 in goroutine 1\r\n\t/usr/local/go/src/os/signal/signal.go:152 +0x1f\r\n\r\ngoroutine 9 gp=0xc000003c00 m=nil [select, locked to thread]:\r\nruntime.gopark(0xc000041fa8?, 0x2?, 0x58?, 0x0?, 0xc000041f94?)\r\n\t/usr/local/go/src/runtime/proc.go:460 +0xce fp=0xc000041e18 sp=0xc000041df8 pc=0x4737ee\r\nruntime.selectgo(0xc000041fa8, 0xc000041f90, 0x0?, 0x0, 0x0?, 0x1)\r\n\t/usr/local/go/src/runtime/select.go:351 +0x845 fp=0xc000041f58 sp=0xc000041e18 pc=0x4538e5\r\nruntime.ensureSigM.func1()\r\n\t/usr/local/go/src/runtime/signal_unix.go:1085 +0x194 fp=0xc000041fe0 sp=0xc000041f58 pc=0x46f254\r\nruntime.goexit({})\r\n\t/usr/local/go/src/runtime/asm_amd64.s:1693 +0x1 fp=0xc000041fe8 sp=0xc000041fe0 pc=0x47a901\r\ncreated by runtime.ensureSigM in goroutine 1\r\n\t/usr/local/go/src/runtime/signal_unix.go:1068 +0xc5\r\n\r\ngoroutine 17 gp=0xc000184000 m=nil [chan receive]:\r\nruntime.gopark(0x0?, 0x0?, 0x0?, 0x0?, 0x0?)\r\n\t/usr/local/go/src/runtime/proc.go:460 +0xce fp=0xc00003a6d8 sp=0xc00003a6b8 pc=0x4737ee\r\nruntime.chanrecv(0xc000116540, 0xc00003a7a8, 0x1)\r\n\t/usr/local/go/src/runtime/chan.go:667 +0x44e fp=0xc00003a750 sp=0xc00003a6d8 pc=0x40fe4e\r\nruntime.chanrecv2(0x0?, 0x0?)\r\n\t/usr/local/go/src/runtime/chan.go:514 +0x12 fp=0xc00003a778 sp=0xc00003a750 pc=0x40f9f2\r\ngithub.com/TheGrizzlyDev/vino/internal/pkg/runc.(*Wrapper).Run.func1()\r\n\t/src/internal/pkg/runc/wrapper.go:148 +0x8c fp=0xc00003a7e0 sp=0xc00003a778 pc=0x5209cc\r\nruntime.goexit({})\r\n\t/usr/local/go/src/runtime/asm_amd64.s:1693 +0x1 fp=0xc00003a7e8 sp=0xc00003a7e0 pc=0x47a901\r\ncreated by github.com/TheGrizzlyDev/vino/internal/pkg/runc.(*Wrapper).Run in goroutine 1\r\n\t/src/internal/pkg/runc/wrapper.go:146 +0xb05\r\n: unknown\r\n\r\nRun 'docker run --help' for more information"
    dind_test.go:979: --- delegatec.log ---
             `T2025/08/31 22:04:49 delegatec called with args: [/usr/local/sbin/delegatec --delegate_path /usr/local/bin/runc features]
        2025/08/31 22:04:49 delegatec environment: [OTEL_EXPORTER_OTLP_TRACES_PROTOCOL=http/protobuf HOSTNAME=c8a3e161c430 SHLVL=3 HOME=/root OTEL_SERVICE_NAME=dockerd OTEL_EXPORTER_OTLP_METRICS_PROTOCOL=http/protobuf container=docker TMPDIR=/var/lib/docker/tmp DIND_COMMIT=8d9e3502aba39127e4d12196dae16d306f76993d PATH=/usr/local/sbin:/usr/local/bin:/usr/sbin:/usr/bin:/sbin:/bin DOCKER_VERSION=28.3.3 DOCKER_TLS_CERTDIR=/certs DOCKER_BUILDX_VERSION=0.26.1 DOCKER_COMPOSE_VERSION=2.39.1 PWD=/]
        2025/08/31 22:04:49 delegatec parsed command: runc.Features{Global:runc.Global{Root:"", Debug:false, Log:"", LogFormat:"", SystemdCgroup:false, Criu:"", Rootless:""}}
        2025/08/31 22:04:49 delegatec delegate path: /usr/local/bin/runc
        2025/08/31 22:04:53 delegatec called with args: [/usr/local/sbin/delegatec --delegate_path /usr/local/bin/runc --root /var/run/docker/runtime-runc/moby --log /var/run/docker/containerd/daemon/io.containerd.runtime.v2.task/moby/f1a0c8a200d819f7990465c877c3167372da7b8098a450176b06e6c1cc7ab420/log.json --log-format json create --bundle /var/run/docker/containerd/daemon/io.containerd.runtime.v2.task/moby/f1a0c8a200d819f7990465c877c3167372da7b8098a450176b06e6c1cc7ab420 --pid-file /var/run/docker/containerd/daemon/io.containerd.runtime.v2.task/moby/f1a0c8a200d819f7990465c877c3167372da7b8098a450176b06e6c1cc7ab420/init.pid f1a0c8a200d819f7990465c877c3167372da7b8098a450176b06e6c1cc7ab420]
        2025/08/31 22:04:53 delegatec environment: [HOSTNAME=c8a3e161c430 SHLVL=3 LD_LIBRARY_PATH=/opt/containerd/lib: HOME=/root MAX_SHIM_VERSION=2 container=docker TTRPC_ADDRESS=/var/run/docker/containerd/containerd.sock.ttrpc DIND_COMMIT=8d9e3502aba39127e4d12196dae16d306f76993d PATH=/opt/containerd/bin:/usr/local/sbin:/usr/local/bin:/usr/sbin:/usr/bin:/sbin:/bin GRPC_ADDRESS=/var/run/docker/containerd/containerd.sock DOCKER_VERSION=28.3.3 DOCKER_TLS_CERTDIR=/certs NAMESPACE=moby DOCKER_BUILDX_VERSION=0.26.1 DOCKER_COMPOSE_VERSION=2.39.1 PWD=/run/docker/containerd/daemon/io.containerd.runtime.v2.task/moby/f1a0c8a200d819f7990465c877c3167372da7b8098a450176b06e6c1cc7ab420 GOMAXPROCS=4]
        2025/08/31 22:04:53 delegatec parsed command: runc.Create{Global:runc.Global{Root:"/var/run/docker/runtime-runc/moby", Debug:false, Log:"/var/run/docker/containerd/daemon/io.containerd.runtime.v2.task/moby/f1a0c8a200d819f7990465c877c3167372da7b8098a450176b06e6c1cc7ab420/log.json", LogFormat:"json", SystemdCgroup:false, Criu:"", Rootless:""}, BundleOpt:runc.BundleOpt{Bundle:"/var/run/docker/containerd/daemon/io.containerd.runtime.v2.task/moby/f1a0c8a200d819f7990465c877c3167372da7b8098a450176b06e6c1cc7ab420"}, ConsoleSocketOpt:runc.ConsoleSocketOpt{ConsoleSocket:""}, PivotKeyringFDsOpt:runc.PivotKeyringFDsOpt{NoPivot:false, NoNewKeyring:false, PreserveFDs:(*uint)(nil)}, PidFileOpt:runc.PidFileOpt{PidFile:"/var/run/docker/containerd/daemon/io.containerd.runtime.v2.task/moby/f1a0c8a200d819f7990465c877c3167372da7b8098a450176b06e6c1cc7ab420/init.pid"}, ContainerID:"f1a0c8a200d819f7990465c877c3167372da7b8098a450176b06e6c1cc7ab420"}
        2025/08/31 22:04:53 delegatec delegate path: /usr/local/bin/runc
        2025/08/31 22:04:53 delegatec called with args: [/usr/local/sbin/delegatec --delegate_path /usr/local/bin/runc --root /var/run/docker/runtime-runc/moby --log /run/docker/containerd/daemon/io.containerd.runtime.v2.task/moby/f1a0c8a200d819f7990465c877c3167372da7b8098a450176b06e6c1cc7ab420/log.json --log-format json delete --force f1a0c8a200d819f7990465c877c3167372da7b8098a450176b06e6c1cc7ab420]
        2025/08/31 22:04:53 delegatec environment: [HOSTNAME=c8a3e161c430 SHLVL=3 LD_LIBRARY_PATH=/opt/containerd/lib: HOME=/root MAX_SHIM_VERSION=2 container=docker TTRPC_ADDRESS=/var/run/docker/containerd/containerd.sock.ttrpc DIND_COMMIT=8d9e3502aba39127e4d12196dae16d306f76993d PATH=/opt/containerd/bin:/usr/local/sbin:/usr/local/bin:/usr/sbin:/usr/bin:/sbin:/bin GRPC_ADDRESS=/var/run/docker/containerd/containerd.sock DOCKER_VERSION=28.3.3 DOCKER_TLS_CERTDIR=/certs NAMESPACE=moby DOCKER_BUILDX_VERSION=0.26.1 DOCKER_COMPOSE_VERSION=2.39.1 PWD=/run/docker/containerd/daemon/io.containerd.runtime.v2.task/moby/f1a0c8a200d819f7990465c877c3167372da7b8098a450176b06e6c1cc7ab420 GOMAXPROCS=2]
        2025/08/31 22:04:53 delegatec parsed command: runc.Delete{Global:runc.Global{Root:"/var/run/docker/runtime-runc/moby", Debug:false, Log:"/run/docker/containerd/daemon/io.containerd.runtime.v2.task/moby/f1a0c8a200d819f7990465c877c3167372da7b8098a450176b06e6c1cc7ab420/log.json", LogFormat:"json", SystemdCgroup:false, Criu:"", Rootless:""}, Force:true, ContainerID:"f1a0c8a200d819f7990465c877c3167372da7b8098a450176b06e6c1cc7ab420"}
        2025/08/31 22:04:53 delegatec delegate path: /usr/local/bin/runc
        2025/08/31 22:04:53 delegatec called with args: [/usr/local/sbin/delegatec --delegate_path /usr/local/bin/runc --root /var/run/docker/runtime-runc/moby --log /var/run/docker/containerd/daemon/io.containerd.runtime.v2.task/moby/64c7ba2988912e54e9e4e5a75478b500d40ccdd4d52aaa939ca6f7c38c0b906c/log.json --log-format json create --bundle /var/run/docker/containerd/daemon/io.containerd.runtime.v2.task/moby/64c7ba2988912e54e9e4e5a75478b500d40ccdd4d52aaa939ca6f7c38c0b906c --pid-file /var/run/docker/containerd/daemon/io.containerd.runtime.v2.task/moby/64c7ba2988912e54e9e4e5a75478b500d40ccdd4d52aaa939ca6f7c38c0b906c/init.pid 64c7ba2988912e54e9e4e5a75478b500d40ccdd4d52aaa939ca6f7c38c0b906c]
        2025/08/31 22:04:53 delegatec environment: [HOSTNAME=c8a3e161c430 SHLVL=3 LD_LIBRARY_PATH=/opt/containerd/lib: HOME=/root MAX_SHIM_VERSION=2 container=docker TTRPC_ADDRESS=/var/run/docker/containerd/containerd.sock.ttrpc DIND_COMMIT=8d9e3502aba39127e4d12196dae16d306f76993d PATH=/opt/containerd/bin:/usr/local/sbin:/usr/local/bin:/usr/sbin:/usr/bin:/sbin:/bin GRPC_ADDRESS=/var/run/docker/containerd/containerd.sock DOCKER_VERSION=28.3.3 DOCKER_TLS_CERTDIR=/certs NAMESPACE=moby DOCKER_BUILDX_VERSION=0.26.1 DOCKER_COMPOSE_VERSION=2.39.1 PWD=/run/docker/containerd/daemon/io.containerd.runtime.v2.task/moby/64c7ba2988912e54e9e4e5a75478b500d40ccdd4d52aaa939ca6f7c38c0b906c GOMAXPROCS=4]
        2025/08/31 22:04:53 delegatec parsed command: runc.Create{Global:runc.Global{Root:"/var/run/docker/runtime-runc/moby", Debug:false, Log:"/var/run/docker/containerd/daemon/io.containerd.runtime.v2.task/moby/64c7ba2988912e54e9e4e5a75478b500d40ccdd4d52aaa939ca6f7c38c0b906c/log.json", LogFormat:"json", SystemdCgroup:false, Criu:"", Rootless:""}, BundleOpt:runc.BundleOpt{Bundle:"/var/run/docker/containerd/daemon/io.containerd.runtime.v2.task/moby/64c7ba2988912e54e9e4e5a75478b500d40ccdd4d52aaa939ca6f7c38c0b906c"}, ConsoleSocketOpt:runc.ConsoleSocketOpt{ConsoleSocket:""}, PivotKeyringFDsOpt:runc.PivotKeyringFDsOpt{NoPivot:false, NoNewKeyring:false, PreserveFDs:(*uint)(nil)}, PidFileOpt:runc.PidFileOpt{PidFile:"/var/run/docker/containerd/daemon/io.containerd.runtime.v2.task/moby/64c7ba2988912e54e9e4e5a75478b500d40ccdd4d52aaa939ca6f7c38c0b906c/init.pid"}, ContainerID:"64c7ba2988912e54e9e4e5a75478b500d40ccdd4d52aaa939ca6f7c38c0b906c"}
        2025/08/31 22:04:53 delegatec delegate path: /usr/local/bin/runc
        2025/08/31 22:04:53 delegatec called with args: [/usr/local/sbin/delegatec --delegate_path /usr/local/bin/runc --root /var/run/docker/runtime-runc/moby --log /run/docker/containerd/daemon/io.containerd.runtime.v2.task/moby/64c7ba2988912e54e9e4e5a75478b500d40ccdd4d52aaa939ca6f7c38c0b906c/log.json --log-format json delete --force 64c7ba2988912e54e9e4e5a75478b500d40ccdd4d52aaa939ca6f7c38c0b906c]
        2025/08/31 22:04:53 delegatec environment: [HOSTNAME=c8a3e161c430 SHLVL=3 LD_LIBRARY_PATH=/opt/containerd/lib: HOME=/root MAX_SHIM_VERSION=2 container=docker TTRPC_ADDRESS=/var/run/docker/containerd/containerd.sock.ttrpc DIND_COMMIT=8d9e3502aba39127e4d12196dae16d306f76993d PATH=/opt/containerd/bin:/usr/local/sbin:/usr/local/bin:/usr/sbin:/usr/bin:/sbin:/bin GRPC_ADDRESS=/var/run/docker/containerd/containerd.sock DOCKER_VERSION=28.3.3 DOCKER_TLS_CERTDIR=/certs NAMESPACE=moby DOCKER_BUILDX_VERSION=0.26.1 DOCKER_COMPOSE_VERSION=2.39.1 PWD=/run/docker/containerd/daemon/io.containerd.runtime.v2.task/moby/64c7ba2988912e54e9e4e5a75478b500d40ccdd4d52aaa939ca6f7c38c0b906c GOMAXPROCS=2]
        2025/08/31 22:04:53 delegatec parsed command: runc.Delete{Global:runc.Global{Root:"/var/run/docker/runtime-runc/moby", Debug:false, Log:"/run/docker/containerd/daemon/io.containerd.runtime.v2.task/moby/64c7ba2988912e54e9e4e5a75478b500d40ccdd4d52aaa939ca6f7c38c0b906c/log.json", LogFormat:"json", SystemdCgroup:false, Criu:"", Rootless:""}, Force:true, ContainerID:"64c7ba2988912e54e9e4e5a75478b500d40ccdd4d52aaa939ca6f7c38c0b906c"}
        2025/08/31 22:04:53 delegatec delegate path: /usr/local/bin/runc
        2025/08/31 22:04:54 delegatec called with args: [/usr/local/sbin/delegatec --delegate_path /usr/local/bin/runc --root /var/run/docker/runtime-runc/moby --log /var/run/docker/containerd/daemon/io.containerd.runtime.v2.task/moby/6d7d41ae797e267e0259af30d1176e242276d42f7479f93eb0ad423a21871cbd/log.json --log-format json create --bundle /var/run/docker/containerd/daemon/io.containerd.runtime.v2.task/moby/6d7d41ae797e267e0259af30d1176e242276d42f7479f93eb0ad423a21871cbd --pid-file /var/run/docker/containerd/daemon/io.containerd.runtime.v2.task/moby/6d7d41ae797e267e0259af30d1176e242276d42f7479f93eb0ad423a21871cbd/init.pid 6d7d41ae797e267e0259af30d1176e242276d42f7479f93eb0ad423a21871cbd]
        2025/08/31 22:04:54 delegatec environment: [HOSTNAME=c8a3e161c430 SHLVL=3 LD_LIBRARY_PATH=/opt/containerd/lib: HOME=/root MAX_SHIM_VERSION=2 container=docker TTRPC_ADDRESS=/var/run/docker/containerd/containerd.sock.ttrpc DIND_COMMIT=8d9e3502aba39127e4d12196dae16d306f76993d PATH=/opt/containerd/bin:/usr/local/sbin:/usr/local/bin:/usr/sbin:/usr/bin:/sbin:/bin GRPC_ADDRESS=/var/run/docker/containerd/containerd.sock DOCKER_VERSION=28.3.3 DOCKER_TLS_CERTDIR=/certs NAMESPACE=moby DOCKER_BUILDX_VERSION=0.26.1 DOCKER_COMPOSE_VERSION=2.39.1 PWD=/run/docker/containerd/daemon/io.containerd.runtime.v2.task/moby/6d7d41ae797e267e0259af30d1176e242276d42f7479f93eb0ad423a21871cbd GOMAXPROCS=4]
        2025/08/31 22:04:54 delegatec parsed command: runc.Create{Global:runc.Global{Root:"/var/run/docker/runtime-runc/moby", Debug:false, Log:"/var/run/docker/containerd/daemon/io.containerd.runtime.v2.task/moby/6d7d41ae797e267e0259af30d1176e242276d42f7479f93eb0ad423a21871cbd/log.json", LogFormat:"json", SystemdCgroup:false, Criu:"", Rootless:""}, BundleOpt:runc.BundleOpt{Bundle:"/var/run/docker/containerd/daemon/io.containerd.runtime.v2.task/moby/6d7d41ae797e267e0259af30d1176e242276d42f7479f93eb0ad423a21871cbd"}, ConsoleSocketOpt:runc.ConsoleSocketOpt{ConsoleSocket:""}, PivotKeyringFDsOpt:runc.PivotKeyringFDsOpt{NoPivot:false, NoNewKeyring:false, PreserveFDs:(*uint)(nil)}, PidFileOpt:runc.PidFileOpt{PidFile:"/var/run/docker/containerd/daemon/io.containerd.runtime.v2.task/moby/6d7d41ae797e267e0259af30d1176e242276d42f7479f93eb0ad423a21871cbd/init.pid"}, ContainerID:"6d7d41ae797e267e0259af30d1176e242276d42f7479f93eb0ad423a21871cbd"}
        2025/08/31 22:04:54 delegatec delegate path: /usr/local/bin/runc
        2025/08/31 22:04:54 delegatec called with args: [/usr/local/sbin/delegatec --delegate_path /usr/local/bin/runc --root /var/run/docker/runtime-runc/moby --log /run/docker/containerd/daemon/io.containerd.runtime.v2.task/moby/6d7d41ae797e267e0259af30d1176e242276d42f7479f93eb0ad423a21871cbd/log.json --log-format json delete --force 6d7d41ae797e267e0259af30d1176e242276d42f7479f93eb0ad423a21871cbd]
        2025/08/31 22:04:54 delegatec environment: [HOSTNAME=c8a3e161c430 SHLVL=3 LD_LIBRARY_PATH=/opt/containerd/lib: HOME=/root MAX_SHIM_VERSION=2 container=docker TTRPC_ADDRESS=/var/run/docker/containerd/containerd.sock.ttrpc DIND_COMMIT=8d9e3502aba39127e4d12196dae16d306f76993d PATH=/opt/containerd/bin:/usr/local/sbin:/usr/local/bin:/usr/sbin:/usr/bin:/sbin:/bin GRPC_ADDRESS=/var/run/docker/containerd/containerd.sock DOCKER_VERSION=28.3.3 DOCKER_TLS_CERTDIR=/certs NAMESPACE=moby DOCKER_BUILDX_VERSION=0.26.1 DOCKER_COMPOSE_VERSION=2.39.1 PWD=/run/docker/containerd/daemon/io.containerd.runtime.v2.task/moby/6d7d41ae797e267e0259af30d1176e242276d42f7479f93eb0ad423a21871cbd GOMAXPROCS=2]
        2025/08/31 22:04:54 delegatec parsed command: runc.Delete{Global:runc.Global{Root:"/var/run/docker/runtime-runc/moby", Debug:false, Log:"/run/docker/containerd/daemon/io.containerd.runtime.v2.task/moby/6d7d41ae797e267e0259af30d1176e242276d42f7479f93eb0ad423a21871cbd/log.json", LogFormat:"json", SystemdCgroup:false, Criu:"", Rootless:""}, Force:true, ContainerID:"6d7d41ae797e267e0259af30d1176e242276d42f7479f93eb0ad423a21871cbd"}
        2025/08/31 22:04:54 delegatec delegate path: /usr/local/bin/runc
        2025/08/31 22:04:54 delegatec called with args: [/usr/local/sbin/delegatec --delegate_path /usr/local/bin/runc --root /var/run/docker/runtime-runc/moby --log /var/run/docker/containerd/daemon/io.containerd.runtime.v2.task/moby/07c8591552ce3964704b776752571bbf36a61eb1fac706e0195187dd966fd429/log.json --log-format json create --bundle /var/run/docker/containerd/daemon/io.containerd.runtime.v2.task/moby/07c8591552ce3964704b776752571bbf36a61eb1fac706e0195187dd966fd429 --pid-file /var/run/docker/containerd/daemon/io.containerd.runtime.v2.task/moby/07c8591552ce3964704b776752571bbf36a61eb1fac706e0195187dd966fd429/init.pid 07c8591552ce3964704b776752571bbf36a61eb1fac706e0195187dd966fd429]
        2025/08/31 22:04:54 delegatec environment: [HOSTNAME=c8a3e161c430 SHLVL=3 LD_LIBRARY_PATH=/opt/containerd/lib: HOME=/root MAX_SHIM_VERSION=2 container=docker TTRPC_ADDRESS=/var/run/docker/containerd/containerd.sock.ttrpc DIND_COMMIT=8d9e3502aba39127e4d12196dae16d306f76993d PATH=/opt/containerd/bin:/usr/local/sbin:/usr/local/bin:/usr/sbin:/usr/bin:/sbin:/bin GRPC_ADDRESS=/var/run/docker/containerd/containerd.sock DOCKER_VERSION=28.3.3 DOCKER_TLS_CERTDIR=/certs NAMESPACE=moby DOCKER_BUILDX_VERSION=0.26.1 DOCKER_COMPOSE_VERSION=2.39.1 PWD=/run/docker/containerd/daemon/io.containerd.runtime.v2.task/moby/07c8591552ce3964704b776752571bbf36a61eb1fac706e0195187dd966fd429 GOMAXPROCS=4]
        2025/08/31 22:04:54 delegatec parsed command: runc.Create{Global:runc.Global{Root:"/var/run/docker/runtime-runc/moby", Debug:false, Log:"/var/run/docker/containerd/daemon/io.containerd.runtime.v2.task/moby/07c8591552ce3964704b776752571bbf36a61eb1fac706e0195187dd966fd429/log.json", LogFormat:"json", SystemdCgroup:false, Criu:"", Rootless:""}, BundleOpt:runc.BundleOpt{Bundle:"/var/run/docker/containerd/daemon/io.containerd.runtime.v2.task/moby/07c8591552ce3964704b776752571bbf36a61eb1fac706e0195187dd966fd429"}, ConsoleSocketOpt:runc.ConsoleSocketOpt{ConsoleSocket:""}, PivotKeyringFDsOpt:runc.PivotKeyringFDsOpt{NoPivot:false, NoNewKeyring:false, PreserveFDs:(*uint)(nil)}, PidFileOpt:runc.PidFileOpt{PidFile:"/var/run/docker/containerd/daemon/io.containerd.runtime.v2.task/moby/07c8591552ce3964704b776752571bbf36a61eb1fac706e0195187dd966fd429/init.pid"}, ContainerID:"07c8591552ce3964704b776752571bbf36a61eb1fac706e0195187dd966fd429"}
        2025/08/31 22:04:54 delegatec delegate path: /usr/local/bin/runc
        2025/08/31 22:04:54 delegatec called with args: [/usr/local/sbin/delegatec --delegate_path /usr/local/bin/runc --root /var/run/docker/runtime-runc/moby --log /run/docker/containerd/daemon/io.containerd.runtime.v2.task/moby/07c8591552ce3964704b776752571bbf36a61eb1fac706e0195187dd966fd429/log.json --log-format json delete --force 07c8591552ce3964704b776752571bbf36a61eb1fac706e0195187dd966fd429]
        2025/08/31 22:04:54 delegatec environment: [HOSTNAME=c8a3e161c430 SHLVL=3 LD_LIBRARY_PATH=/opt/containerd/lib: HOME=/root MAX_SHIM_VERSION=2 container=docker TTRPC_ADDRESS=/var/run/docker/containerd/containerd.sock.ttrpc DIND_COMMIT=8d9e3502aba39127e4d12196dae16d306f76993d PATH=/opt/containerd/bin:/usr/local/sbin:/usr/local/bin:/usr/sbin:/usr/bin:/sbin:/bin GRPC_ADDRESS=/var/run/docker/containerd/containerd.sock DOCKER_VERSION=28.3.3 DOCKER_TLS_CERTDIR=/certs NAMESPACE=moby DOCKER_BUILDX_VERSION=0.26.1 DOCKER_COMPOSE_VERSION=2.39.1 PWD=/run/docker/containerd/daemon/io.containerd.runtime.v2.task/moby/07c8591552ce3964704b776752571bbf36a61eb1fac706e0195187dd966fd429 GOMAXPROCS=2]
        2025/08/31 22:04:54 delegatec parsed command: runc.Delete{Global:runc.Global{Root:"/var/run/docker/runtime-runc/moby", Debug:false, Log:"/run/docker/containerd/daemon/io.containerd.runtime.v2.task/moby/07c8591552ce3964704b776752571bbf36a61eb1fac706e0195187dd966fd429/log.json", LogFormat:"json", SystemdCgroup:false, Criu:"", Rootless:""}, Force:true, ContainerID:"07c8591552ce3964704b776752571bbf36a61eb1fac706e0195187dd966fd429"}
        2025/08/31 22:04:54 delegatec delegate path: /usr/local/bin/runc
        2025/08/31 22:04:54 delegatec called with args: [/usr/local/sbin/delegatec --delegate_path /usr/local/bin/runc --root /var/run/docker/runtime-runc/moby --log /var/run/docker/containerd/daemon/io.containerd.runtime.v2.task/moby/e30eb13063c86391117819bf0028f29d5e1cbc17d3765fcf890e9d2a5e06d990/log.json --log-format json create --bundle /var/run/docker/containerd/daemon/io.containerd.runtime.v2.task/moby/e30eb13063c86391117819bf0028f29d5e1cbc17d3765fcf890e9d2a5e06d990 --pid-file /var/run/docker/containerd/daemon/io.containerd.runtime.v2.task/moby/e30eb13063c86391117819bf0028f29d5e1cbc17d3765fcf890e9d2a5e06d990/init.pid e30eb13063c86391117819bf0028f29d5e1cbc17d3765fcf890e9d2a5e06d990]
        2025/08/31 22:04:54 delegatec environment: [HOSTNAME=c8a3e161c430 SHLVL=3 LD_LIBRARY_PATH=/opt/containerd/lib: HOME=/root MAX_SHIM_VERSION=2 container=docker TTRPC_ADDRESS=/var/run/docker/containerd/containerd.sock.ttrpc DIND_COMMIT=8d9e3502aba39127e4d12196dae16d306f76993d PATH=/opt/containerd/bin:/usr/local/sbin:/usr/local/bin:/usr/sbin:/usr/bin:/sbin:/bin GRPC_ADDRESS=/var/run/docker/containerd/containerd.sock DOCKER_VERSION=28.3.3 DOCKER_TLS_CERTDIR=/certs NAMESPACE=moby DOCKER_BUILDX_VERSION=0.26.1 DOCKER_COMPOSE_VERSION=2.39.1 PWD=/run/docker/containerd/daemon/io.containerd.runtime.v2.task/moby/e30eb13063c86391117819bf0028f29d5e1cbc17d3765fcf890e9d2a5e06d990 GOMAXPROCS=4]
        2025/08/31 22:04:54 delegatec parsed command: runc.Create{Global:runc.Global{Root:"/var/run/docker/runtime-runc/moby", Debug:false, Log:"/var/run/docker/containerd/daemon/io.containerd.runtime.v2.task/moby/e30eb13063c86391117819bf0028f29d5e1cbc17d3765fcf890e9d2a5e06d990/log.json", LogFormat:"json", SystemdCgroup:false, Criu:"", Rootless:""}, BundleOpt:runc.BundleOpt{Bundle:"/var/run/docker/containerd/daemon/io.containerd.runtime.v2.task/moby/e30eb13063c86391117819bf0028f29d5e1cbc17d3765fcf890e9d2a5e06d990"}, ConsoleSocketOpt:runc.ConsoleSocketOpt{ConsoleSocket:""}, PivotKeyringFDsOpt:runc.PivotKeyringFDsOpt{NoPivot:false, NoNewKeyring:false, PreserveFDs:(*uint)(nil)}, PidFileOpt:runc.PidFileOpt{PidFile:"/var/run/docker/containerd/daemon/io.containerd.runtime.v2.task/moby/e30eb13063c86391117819bf0028f29d5e1cbc17d3765fcf890e9d2a5e06d990/init.pid"}, ContainerID:"e30eb13063c86391117819bf0028f29d5e1cbc17d3765fcf890e9d2a5e06d990"}
        2025/08/31 22:04:54 delegatec delegate path: /usr/local/bin/runc
        2025/08/31 22:04:54 delegatec called with args: [/usr/local/sbin/delegatec --delegate_path /usr/local/bin/runc --root /var/run/docker/runtime-runc/moby --log /run/docker/containerd/daemon/io.containerd.runtime.v2.task/moby/e30eb13063c86391117819bf0028f29d5e1cbc17d3765fcf890e9d2a5e06d990/log.json --log-format json delete --force e30eb13063c86391117819bf0028f29d5e1cbc17d3765fcf890e9d2a5e06d990]
        2025/08/31 22:04:54 delegatec environment: [HOSTNAME=c8a3e161c430 SHLVL=3 LD_LIBRARY_PATH=/opt/containerd/lib: HOME=/root MAX_SHIM_VERSION=2 container=docker TTRPC_ADDRESS=/var/run/docker/containerd/containerd.sock.ttrpc DIND_COMMIT=8d9e3502aba39127e4d12196dae16d306f76993d PATH=/opt/containerd/bin:/usr/local/sbin:/usr/local/bin:/usr/sbin:/usr/bin:/sbin:/bin GRPC_ADDRESS=/var/run/docker/containerd/containerd.sock DOCKER_VERSION=28.3.3 DOCKER_TLS_CERTDIR=/certs NAMESPACE=moby DOCKER_BUILDX_VERSION=0.26.1 DOCKER_COMPOSE_VERSION=2.39.1 PWD=/run/docker/containerd/daemon/io.containerd.runtime.v2.task/moby/e30eb13063c86391117819bf0028f29d5e1cbc17d3765fcf890e9d2a5e06d990 GOMAXPROCS=2]
        2025/08/31 22:04:54 delegatec parsed command: runc.Delete{Global:runc.Global{Root:"/var/run/docker/runtime-runc/moby", Debug:false, Log:"/run/docker/containerd/daemon/io.containerd.runtime.v2.task/moby/e30eb13063c86391117819bf0028f29d5e1cbc17d3765fcf890e9d2a5e06d990/log.json", LogFormat:"json", SystemdCgroup:false, Criu:"", Rootless:""}, Force:true, ContainerID:"e30eb13063c86391117819bf0028f29d5e1cbc17d3765fcf890e9d2a5e06d990"}
        2025/08/31 22:04:54 delegatec delegate path: /usr/local/bin/runc
        2025/08/31 22:04:54 delegatec called with args: [/usr/local/sbin/delegatec --delegate_path /usr/local/bin/runc --root /var/run/docker/runtime-runc/moby --log /var/run/docker/containerd/daemon/io.containerd.runtime.v2.task/moby/d143a0c382c471bf5bab26b676cca1e650d49ddde7abec870b26509e2e1a3ba6/log.json --log-format json create --bundle /var/run/docker/containerd/daemon/io.containerd.runtime.v2.task/moby/d143a0c382c471bf5bab26b676cca1e650d49ddde7abec870b26509e2e1a3ba6 --pid-file /var/run/docker/containerd/daemon/io.containerd.runtime.v2.task/moby/d143a0c382c471bf5bab26b676cca1e650d49ddde7abec870b26509e2e1a3ba6/init.pid --console-socket /tmp/pty1137009885/pty.sock d143a0c382c471bf5bab26b676cca1e650d49ddde7abec870b26509e2e1a3ba6]
        2025/08/31 22:04:54 delegatec environment: [HOSTNAME=c8a3e161c430 SHLVL=3 LD_LIBRARY_PATH=/opt/containerd/lib: HOME=/root MAX_SHIM_VERSION=2 container=docker TTRPC_ADDRESS=/var/run/docker/containerd/containerd.sock.ttrpc DIND_COMMIT=8d9e3502aba39127e4d12196dae16d306f76993d PATH=/opt/containerd/bin:/usr/local/sbin:/usr/local/bin:/usr/sbin:/usr/bin:/sbin:/bin GRPC_ADDRESS=/var/run/docker/containerd/containerd.sock DOCKER_VERSION=28.3.3 DOCKER_TLS_CERTDIR=/certs NAMESPACE=moby DOCKER_BUILDX_VERSION=0.26.1 DOCKER_COMPOSE_VERSION=2.39.1 PWD=/run/docker/containerd/daemon/io.containerd.runtime.v2.task/moby/d143a0c382c471bf5bab26b676cca1e650d49ddde7abec870b26509e2e1a3ba6 GOMAXPROCS=4]
        2025/08/31 22:04:54 delegatec parsed command: runc.Create{Global:runc.Global{Root:"/var/run/docker/runtime-runc/moby", Debug:false, Log:"/var/run/docker/containerd/daemon/io.containerd.runtime.v2.task/moby/d143a0c382c471bf5bab26b676cca1e650d49ddde7abec870b26509e2e1a3ba6/log.json", LogFormat:"json", SystemdCgroup:false, Criu:"", Rootless:""}, BundleOpt:runc.BundleOpt{Bundle:"/var/run/docker/containerd/daemon/io.containerd.runtime.v2.task/moby/d143a0c382c471bf5bab26b676cca1e650d49ddde7abec870b26509e2e1a3ba6"}, ConsoleSocketOpt:runc.ConsoleSocketOpt{ConsoleSocket:"/tmp/pty1137009885/pty.sock"}, PivotKeyringFDsOpt:runc.PivotKeyringFDsOpt{NoPivot:false, NoNewKeyring:false, PreserveFDs:(*uint)(nil)}, PidFileOpt:runc.PidFileOpt{PidFile:"/var/run/docker/containerd/daemon/io.containerd.runtime.v2.task/moby/d143a0c382c471bf5bab26b676cca1e650d49ddde7abec870b26509e2e1a3ba6/init.pid"}, ContainerID:"d143a0c382c471bf5bab26b676cca1e650d49ddde7abec870b26509e2e1a3ba6"}
        2025/08/31 22:04:54 delegatec delegate path: /usr/local/bin/runc
        2025/08/31 22:04:54 delegatec called with args: [/usr/local/sbin/delegatec --delegate_path /usr/local/bin/runc --root /var/run/docker/runtime-runc/moby --log /run/docker/containerd/daemon/io.containerd.runtime.v2.task/moby/d143a0c382c471bf5bab26b676cca1e650d49ddde7abec870b26509e2e1a3ba6/log.json --log-format json delete --force d143a0c382c471bf5bab26b676cca1e650d49ddde7abec870b26509e2e1a3ba6]
        2025/08/31 22:04:54 delegatec environment: [HOSTNAME=c8a3e161c430 SHLVL=3 LD_LIBRARY_PATH=/opt/containerd/lib: HOME=/root MAX_SHIM_VERSION=2 container=docker TTRPC_ADDRESS=/var/run/docker/containerd/containerd.sock.ttrpc DIND_COMMIT=8d9e3502aba39127e4d12196dae16d306f76993d PATH=/opt/containerd/bin:/usr/local/sbin:/usr/local/bin:/usr/sbin:/usr/bin:/sbin:/bin GRPC_ADDRESS=/var/run/docker/containerd/containerd.sock DOCKER_VERSION=28.3.3 DOCKER_TLS_CERTDIR=/certs NAMESPACE=moby DOCKER_BUILDX_VERSION=0.26.1 DOCKER_COMPOSE_VERSION=2.39.1 PWD=/run/docker/containerd/daemon/io.containerd.runtime.v2.task/moby/d143a0c382c471bf5bab26b676cca1e650d49ddde7abec870b26509e2e1a3ba6 GOMAXPROCS=2]
        2025/08/31 22:04:54 delegatec parsed command: runc.Delete{Global:runc.Global{Root:"/var/run/docker/runtime-runc/moby", Debug:false, Log:"/run/docker/containerd/daemon/io.containerd.runtime.v2.task/moby/d143a0c382c471bf5bab26b676cca1e650d49ddde7abec870b26509e2e1a3ba6/log.json", LogFormat:"json", SystemdCgroup:false, Criu:"", Rootless:""}, Force:true, ContainerID:"d143a0c382c471bf5bab26b676cca1e650d49ddde7abec870b26509e2e1a3ba6"}
        2025/08/31 22:04:54 delegatec delegate path: /usr/local/bin/runc
        
        --------------------
    dind_test.go:980: runc log empty
=== NAME  TestRuntimeParity/exec_after_run
    dind_test.go:1011: delegatec exec failed: start container: exit code 125
=== NAME  TestRuntimeParity/tty_stdin
    dind_test.go:981: criu check exit code 0
        stdout:
        
        stderr:
=== CONT  TestRuntimeParity/pause/unpause
=== NAME  TestRuntimeParity/exec_after_run
    dind_test.go:979: --- delegatec.log ---
             o�2025/08/31 22:04:49 delegatec called with args: [/usr/local/sbin/delegatec --delegate_path /usr/local/bin/runc features]
        2025/08/31 22:04:49 delegatec environment: [OTEL_EXPORTER_OTLP_TRACES_PROTOCOL=http/protobuf HOSTNAME=c8a3e161c430 SHLVL=3 HOME=/root OTEL_SERVICE_NAME=dockerd OTEL_EXPORTER_OTLP_METRICS_PROTOCOL=http/protobuf container=docker TMPDIR=/var/lib/docker/tmp DIND_COMMIT=8d9e3502aba39127e4d12196dae16d306f76993d PATH=/usr/local/sbin:/usr/local/bin:/usr/sbin:/usr/bin:/sbin:/bin DOCKER_VERSION=28.3.3 DOCKER_TLS_CERTDIR=/certs DOCKER_BUILDX_VERSION=0.26.1 DOCKER_COMPOSE_VERSION=2.39.1 PWD=/]
        2025/08/31 22:04:49 delegatec parsed command: runc.Features{Global:runc.Global{Root:"", Debug:false, Log:"", LogFormat:"", SystemdCgroup:false, Criu:"", Rootless:""}}
        2025/08/31 22:04:49 delegatec delegate path: /usr/local/bin/runc
        2025/08/31 22:04:53 delegatec called with args: [/usr/local/sbin/delegatec --delegate_path /usr/local/bin/runc --root /var/run/docker/runtime-runc/moby --log /var/run/docker/containerd/daemon/io.containerd.runtime.v2.task/moby/f1a0c8a200d819f7990465c877c3167372da7b8098a450176b06e6c1cc7ab420/log.json --log-format json create --bundle /var/run/docker/containerd/daemon/io.containerd.runtime.v2.task/moby/f1a0c8a200d819f7990465c877c3167372da7b8098a450176b06e6c1cc7ab420 --pid-file /var/run/docker/containerd/daemon/io.containerd.runtime.v2.task/moby/f1a0c8a200d819f7990465c877c3167372da7b8098a450176b06e6c1cc7ab420/init.pid f1a0c8a200d819f7990465c877c3167372da7b8098a450176b06e6c1cc7ab420]
        2025/08/31 22:04:53 delegatec environment: [HOSTNAME=c8a3e161c430 SHLVL=3 LD_LIBRARY_PATH=/opt/containerd/lib: HOME=/root MAX_SHIM_VERSION=2 container=docker TTRPC_ADDRESS=/var/run/docker/containerd/containerd.sock.ttrpc DIND_COMMIT=8d9e3502aba39127e4d12196dae16d306f76993d PATH=/opt/containerd/bin:/usr/local/sbin:/usr/local/bin:/usr/sbin:/usr/bin:/sbin:/bin GRPC_ADDRESS=/var/run/docker/containerd/containerd.sock DOCKER_VERSION=28.3.3 DOCKER_TLS_CERTDIR=/certs NAMESPACE=moby DOCKER_BUILDX_VERSION=0.26.1 DOCKER_COMPOSE_VERSION=2.39.1 PWD=/run/docker/containerd/daemon/io.containerd.runtime.v2.task/moby/f1a0c8a200d819f7990465c877c3167372da7b8098a450176b06e6c1cc7ab420 GOMAXPROCS=4]
        2025/08/31 22:04:53 delegatec parsed command: runc.Create{Global:runc.Global{Root:"/var/run/docker/runtime-runc/moby", Debug:false, Log:"/var/run/docker/containerd/daemon/io.containerd.runtime.v2.task/moby/f1a0c8a200d819f7990465c877c3167372da7b8098a450176b06e6c1cc7ab420/log.json", LogFormat:"json", SystemdCgroup:false, Criu:"", Rootless:""}, BundleOpt:runc.BundleOpt{Bundle:"/var/run/docker/containerd/daemon/io.containerd.runtime.v2.task/moby/f1a0c8a200d819f7990465c877c3167372da7b8098a450176b06e6c1cc7ab420"}, ConsoleSocketOpt:runc.ConsoleSocketOpt{ConsoleSocket:""}, PivotKeyringFDsOpt:runc.PivotKeyringFDsOpt{NoPivot:false, NoNewKeyring:false, PreserveFDs:(*uint)(nil)}, PidFileOpt:runc.PidFileOpt{PidFile:"/var/run/docker/containerd/daemon/io.containerd.runtime.v2.task/moby/f1a0c8a200d819f7990465c877c3167372da7b8098a450176b06e6c1cc7ab420/init.pid"}, ContainerID:"f1a0c8a200d819f7990465c877c3167372da7b8098a450176b06e6c1cc7ab420"}
        2025/08/31 22:04:53 delegatec delegate path: /usr/local/bin/runc
        2025/08/31 22:04:53 delegatec called with args: [/usr/local/sbin/delegatec --delegate_path /usr/local/bin/runc --root /var/run/docker/runtime-runc/moby --log /run/docker/containerd/daemon/io.containerd.runtime.v2.task/moby/f1a0c8a200d819f7990465c877c3167372da7b8098a450176b06e6c1cc7ab420/log.json --log-format json delete --force f1a0c8a200d819f7990465c877c3167372da7b8098a450176b06e6c1cc7ab420]
        2025/08/31 22:04:53 delegatec environment: [HOSTNAME=c8a3e161c430 SHLVL=3 LD_LIBRARY_PATH=/opt/containerd/lib: HOME=/root MAX_SHIM_VERSION=2 container=docker TTRPC_ADDRESS=/var/run/docker/containerd/containerd.sock.ttrpc DIND_COMMIT=8d9e3502aba39127e4d12196dae16d306f76993d PATH=/opt/containerd/bin:/usr/local/sbin:/usr/local/bin:/usr/sbin:/usr/bin:/sbin:/bin GRPC_ADDRESS=/var/run/docker/containerd/containerd.sock DOCKER_VERSION=28.3.3 DOCKER_TLS_CERTDIR=/certs NAMESPACE=moby DOCKER_BUILDX_VERSION=0.26.1 DOCKER_COMPOSE_VERSION=2.39.1 PWD=/run/docker/containerd/daemon/io.containerd.runtime.v2.task/moby/f1a0c8a200d819f7990465c877c3167372da7b8098a450176b06e6c1cc7ab420 GOMAXPROCS=2]
        2025/08/31 22:04:53 delegatec parsed command: runc.Delete{Global:runc.Global{Root:"/var/run/docker/runtime-runc/moby", Debug:false, Log:"/run/docker/containerd/daemon/io.containerd.runtime.v2.task/moby/f1a0c8a200d819f7990465c877c3167372da7b8098a450176b06e6c1cc7ab420/log.json", LogFormat:"json", SystemdCgroup:false, Criu:"", Rootless:""}, Force:true, ContainerID:"f1a0c8a200d819f7990465c877c3167372da7b8098a450176b06e6c1cc7ab420"}
        2025/08/31 22:04:53 delegatec delegate path: /usr/local/bin/runc
        2025/08/31 22:04:53 delegatec called with args: [/usr/local/sbin/delegatec --delegate_path /usr/local/bin/runc --root /var/run/docker/runtime-runc/moby --log /var/run/docker/containerd/daemon/io.containerd.runtime.v2.task/moby/64c7ba2988912e54e9e4e5a75478b500d40ccdd4d52aaa939ca6f7c38c0b906c/log.json --log-format json create --bundle /var/run/docker/containerd/daemon/io.containerd.runtime.v2.task/moby/64c7ba2988912e54e9e4e5a75478b500d40ccdd4d52aaa939ca6f7c38c0b906c --pid-file /var/run/docker/containerd/daemon/io.containerd.runtime.v2.task/moby/64c7ba2988912e54e9e4e5a75478b500d40ccdd4d52aaa939ca6f7c38c0b906c/init.pid 64c7ba2988912e54e9e4e5a75478b500d40ccdd4d52aaa939ca6f7c38c0b906c]
        2025/08/31 22:04:53 delegatec environment: [HOSTNAME=c8a3e161c430 SHLVL=3 LD_LIBRARY_PATH=/opt/containerd/lib: HOME=/root MAX_SHIM_VERSION=2 container=docker TTRPC_ADDRESS=/var/run/docker/containerd/containerd.sock.ttrpc DIND_COMMIT=8d9e3502aba39127e4d12196dae16d306f76993d PATH=/opt/containerd/bin:/usr/local/sbin:/usr/local/bin:/usr/sbin:/usr/bin:/sbin:/bin GRPC_ADDRESS=/var/run/docker/containerd/containerd.sock DOCKER_VERSION=28.3.3 DOCKER_TLS_CERTDIR=/certs NAMESPACE=moby DOCKER_BUILDX_VERSION=0.26.1 DOCKER_COMPOSE_VERSION=2.39.1 PWD=/run/docker/containerd/daemon/io.containerd.runtime.v2.task/moby/64c7ba2988912e54e9e4e5a75478b500d40ccdd4d52aaa939ca6f7c38c0b906c GOMAXPROCS=4]
        2025/08/31 22:04:53 delegatec parsed command: runc.Create{Global:runc.Global{Root:"/var/run/docker/runtime-runc/moby", Debug:false, Log:"/var/run/docker/containerd/daemon/io.containerd.runtime.v2.task/moby/64c7ba2988912e54e9e4e5a75478b500d40ccdd4d52aaa939ca6f7c38c0b906c/log.json", LogFormat:"json", SystemdCgroup:false, Criu:"", Rootless:""}, BundleOpt:runc.BundleOpt{Bundle:"/var/run/docker/containerd/daemon/io.containerd.runtime.v2.task/moby/64c7ba2988912e54e9e4e5a75478b500d40ccdd4d52aaa939ca6f7c38c0b906c"}, ConsoleSocketOpt:runc.ConsoleSocketOpt{ConsoleSocket:""}, PivotKeyringFDsOpt:runc.PivotKeyringFDsOpt{NoPivot:false, NoNewKeyring:false, PreserveFDs:(*uint)(nil)}, PidFileOpt:runc.PidFileOpt{PidFile:"/var/run/docker/containerd/daemon/io.containerd.runtime.v2.task/moby/64c7ba2988912e54e9e4e5a75478b500d40ccdd4d52aaa939ca6f7c38c0b906c/init.pid"}, ContainerID:"64c7ba2988912e54e9e4e5a75478b500d40ccdd4d52aaa939ca6f7c38c0b906c"}
        2025/08/31 22:04:53 delegatec delegate path: /usr/local/bin/runc
        2025/08/31 22:04:53 delegatec called with args: [/usr/local/sbin/delegatec --delegate_path /usr/local/bin/runc --root /var/run/docker/runtime-runc/moby --log /run/docker/containerd/daemon/io.containerd.runtime.v2.task/moby/64c7ba2988912e54e9e4e5a75478b500d40ccdd4d52aaa939ca6f7c38c0b906c/log.json --log-format json delete --force 64c7ba2988912e54e9e4e5a75478b500d40ccdd4d52aaa939ca6f7c38c0b906c]
        2025/08/31 22:04:53 delegatec environment: [HOSTNAME=c8a3e161c430 SHLVL=3 LD_LIBRARY_PATH=/opt/containerd/lib: HOME=/root MAX_SHIM_VERSION=2 container=docker TTRPC_ADDRESS=/var/run/docker/containerd/containerd.sock.ttrpc DIND_COMMIT=8d9e3502aba39127e4d12196dae16d306f76993d PATH=/opt/containerd/bin:/usr/local/sbin:/usr/local/bin:/usr/sbin:/usr/bin:/sbin:/bin GRPC_ADDRESS=/var/run/docker/containerd/containerd.sock DOCKER_VERSION=28.3.3 DOCKER_TLS_CERTDIR=/certs NAMESPACE=moby DOCKER_BUILDX_VERSION=0.26.1 DOCKER_COMPOSE_VERSION=2.39.1 PWD=/run/docker/containerd/daemon/io.containerd.runtime.v2.task/moby/64c7ba2988912e54e9e4e5a75478b500d40ccdd4d52aaa939ca6f7c38c0b906c GOMAXPROCS=2]
        2025/08/31 22:04:53 delegatec parsed command: runc.Delete{Global:runc.Global{Root:"/var/run/docker/runtime-runc/moby", Debug:false, Log:"/run/docker/containerd/daemon/io.containerd.runtime.v2.task/moby/64c7ba2988912e54e9e4e5a75478b500d40ccdd4d52aaa939ca6f7c38c0b906c/log.json", LogFormat:"json", SystemdCgroup:false, Criu:"", Rootless:""}, Force:true, ContainerID:"64c7ba2988912e54e9e4e5a75478b500d40ccdd4d52aaa939ca6f7c38c0b906c"}
        2025/08/31 22:04:53 delegatec delegate path: /usr/local/bin/runc
        2025/08/31 22:04:54 delegatec called with args: [/usr/local/sbin/delegatec --delegate_path /usr/local/bin/runc --root /var/run/docker/runtime-runc/moby --log /var/run/docker/containerd/daemon/io.containerd.runtime.v2.task/moby/6d7d41ae797e267e0259af30d1176e242276d42f7479f93eb0ad423a21871cbd/log.json --log-format json create --bundle /var/run/docker/containerd/daemon/io.containerd.runtime.v2.task/moby/6d7d41ae797e267e0259af30d1176e242276d42f7479f93eb0ad423a21871cbd --pid-file /var/run/docker/containerd/daemon/io.containerd.runtime.v2.task/moby/6d7d41ae797e267e0259af30d1176e242276d42f7479f93eb0ad423a21871cbd/init.pid 6d7d41ae797e267e0259af30d1176e242276d42f7479f93eb0ad423a21871cbd]
        2025/08/31 22:04:54 delegatec environment: [HOSTNAME=c8a3e161c430 SHLVL=3 LD_LIBRARY_PATH=/opt/containerd/lib: HOME=/root MAX_SHIM_VERSION=2 container=docker TTRPC_ADDRESS=/var/run/docker/containerd/containerd.sock.ttrpc DIND_COMMIT=8d9e3502aba39127e4d12196dae16d306f76993d PATH=/opt/containerd/bin:/usr/local/sbin:/usr/local/bin:/usr/sbin:/usr/bin:/sbin:/bin GRPC_ADDRESS=/var/run/docker/containerd/containerd.sock DOCKER_VERSION=28.3.3 DOCKER_TLS_CERTDIR=/certs NAMESPACE=moby DOCKER_BUILDX_VERSION=0.26.1 DOCKER_COMPOSE_VERSION=2.39.1 PWD=/run/docker/containerd/daemon/io.containerd.runtime.v2.task/moby/6d7d41ae797e267e0259af30d1176e242276d42f7479f93eb0ad423a21871cbd GOMAXPROCS=4]
        2025/08/31 22:04:54 delegatec parsed command: runc.Create{Global:runc.Global{Root:"/var/run/docker/runtime-runc/moby", Debug:false, Log:"/var/run/docker/containerd/daemon/io.containerd.runtime.v2.task/moby/6d7d41ae797e267e0259af30d1176e242276d42f7479f93eb0ad423a21871cbd/log.json", LogFormat:"json", SystemdCgroup:false, Criu:"", Rootless:""}, BundleOpt:runc.BundleOpt{Bundle:"/var/run/docker/containerd/daemon/io.containerd.runtime.v2.task/moby/6d7d41ae797e267e0259af30d1176e242276d42f7479f93eb0ad423a21871cbd"}, ConsoleSocketOpt:runc.ConsoleSocketOpt{ConsoleSocket:""}, PivotKeyringFDsOpt:runc.PivotKeyringFDsOpt{NoPivot:false, NoNewKeyring:false, PreserveFDs:(*uint)(nil)}, PidFileOpt:runc.PidFileOpt{PidFile:"/var/run/docker/containerd/daemon/io.containerd.runtime.v2.task/moby/6d7d41ae797e267e0259af30d1176e242276d42f7479f93eb0ad423a21871cbd/init.pid"}, ContainerID:"6d7d41ae797e267e0259af30d1176e242276d42f7479f93eb0ad423a21871cbd"}
        2025/08/31 22:04:54 delegatec delegate path: /usr/local/bin/runc
        2025/08/31 22:04:54 delegatec called with args: [/usr/local/sbin/delegatec --delegate_path /usr/local/bin/runc --root /var/run/docker/runtime-runc/moby --log /run/docker/containerd/daemon/io.containerd.runtime.v2.task/moby/6d7d41ae797e267e0259af30d1176e242276d42f7479f93eb0ad423a21871cbd/log.json --log-format json delete --force 6d7d41ae797e267e0259af30d1176e242276d42f7479f93eb0ad423a21871cbd]
        2025/08/31 22:04:54 delegatec environment: [HOSTNAME=c8a3e161c430 SHLVL=3 LD_LIBRARY_PATH=/opt/containerd/lib: HOME=/root MAX_SHIM_VERSION=2 container=docker TTRPC_ADDRESS=/var/run/docker/containerd/containerd.sock.ttrpc DIND_COMMIT=8d9e3502aba39127e4d12196dae16d306f76993d PATH=/opt/containerd/bin:/usr/local/sbin:/usr/local/bin:/usr/sbin:/usr/bin:/sbin:/bin GRPC_ADDRESS=/var/run/docker/containerd/containerd.sock DOCKER_VERSION=28.3.3 DOCKER_TLS_CERTDIR=/certs NAMESPACE=moby DOCKER_BUILDX_VERSION=0.26.1 DOCKER_COMPOSE_VERSION=2.39.1 PWD=/run/docker/containerd/daemon/io.containerd.runtime.v2.task/moby/6d7d41ae797e267e0259af30d1176e242276d42f7479f93eb0ad423a21871cbd GOMAXPROCS=2]
        2025/08/31 22:04:54 delegatec parsed command: runc.Delete{Global:runc.Global{Root:"/var/run/docker/runtime-runc/moby", Debug:false, Log:"/run/docker/containerd/daemon/io.containerd.runtime.v2.task/moby/6d7d41ae797e267e0259af30d1176e242276d42f7479f93eb0ad423a21871cbd/log.json", LogFormat:"json", SystemdCgroup:false, Criu:"", Rootless:""}, Force:true, ContainerID:"6d7d41ae797e267e0259af30d1176e242276d42f7479f93eb0ad423a21871cbd"}
        2025/08/31 22:04:54 delegatec delegate path: /usr/local/bin/runc
        2025/08/31 22:04:54 delegatec called with args: [/usr/local/sbin/delegatec --delegate_path /usr/local/bin/runc --root /var/run/docker/runtime-runc/moby --log /var/run/docker/containerd/daemon/io.containerd.runtime.v2.task/moby/07c8591552ce3964704b776752571bbf36a61eb1fac706e0195187dd966fd429/log.json --log-format json create --bundle /var/run/docker/containerd/daemon/io.containerd.runtime.v2.task/moby/07c8591552ce3964704b776752571bbf36a61eb1fac706e0195187dd966fd429 --pid-file /var/run/docker/containerd/daemon/io.containerd.runtime.v2.task/moby/07c8591552ce3964704b776752571bbf36a61eb1fac706e0195187dd966fd429/init.pid 07c8591552ce3964704b776752571bbf36a61eb1fac706e0195187dd966fd429]
        2025/08/31 22:04:54 delegatec environment: [HOSTNAME=c8a3e161c430 SHLVL=3 LD_LIBRARY_PATH=/opt/containerd/lib: HOME=/root MAX_SHIM_VERSION=2 container=docker TTRPC_ADDRESS=/var/run/docker/containerd/containerd.sock.ttrpc DIND_COMMIT=8d9e3502aba39127e4d12196dae16d306f76993d PATH=/opt/containerd/bin:/usr/local/sbin:/usr/local/bin:/usr/sbin:/usr/bin:/sbin:/bin GRPC_ADDRESS=/var/run/docker/containerd/containerd.sock DOCKER_VERSION=28.3.3 DOCKER_TLS_CERTDIR=/certs NAMESPACE=moby DOCKER_BUILDX_VERSION=0.26.1 DOCKER_COMPOSE_VERSION=2.39.1 PWD=/run/docker/containerd/daemon/io.containerd.runtime.v2.task/moby/07c8591552ce3964704b776752571bbf36a61eb1fac706e0195187dd966fd429 GOMAXPROCS=4]
        2025/08/31 22:04:54 delegatec parsed command: runc.Create{Global:runc.Global{Root:"/var/run/docker/runtime-runc/moby", Debug:false, Log:"/var/run/docker/containerd/daemon/io.containerd.runtime.v2.task/moby/07c8591552ce3964704b776752571bbf36a61eb1fac706e0195187dd966fd429/log.json", LogFormat:"json", SystemdCgroup:false, Criu:"", Rootless:""}, BundleOpt:runc.BundleOpt{Bundle:"/var/run/docker/containerd/daemon/io.containerd.runtime.v2.task/moby/07c8591552ce3964704b776752571bbf36a61eb1fac706e0195187dd966fd429"}, ConsoleSocketOpt:runc.ConsoleSocketOpt{ConsoleSocket:""}, PivotKeyringFDsOpt:runc.PivotKeyringFDsOpt{NoPivot:false, NoNewKeyring:false, PreserveFDs:(*uint)(nil)}, PidFileOpt:runc.PidFileOpt{PidFile:"/var/run/docker/containerd/daemon/io.containerd.runtime.v2.task/moby/07c8591552ce3964704b776752571bbf36a61eb1fac706e0195187dd966fd429/init.pid"}, ContainerID:"07c8591552ce3964704b776752571bbf36a61eb1fac706e0195187dd966fd429"}
        2025/08/31 22:04:54 delegatec delegate path: /usr/local/bin/runc
        2025/08/31 22:04:54 delegatec called with args: [/usr/local/sbin/delegatec --delegate_path /usr/local/bin/runc --root /var/run/docker/runtime-runc/moby --log /run/docker/containerd/daemon/io.containerd.runtime.v2.task/moby/07c8591552ce3964704b776752571bbf36a61eb1fac706e0195187dd966fd429/log.json --log-format json delete --force 07c8591552ce3964704b776752571bbf36a61eb1fac706e0195187dd966fd429]
        2025/08/31 22:04:54 delegatec environment: [HOSTNAME=c8a3e161c430 SHLVL=3 LD_LIBRARY_PATH=/opt/containerd/lib: HOME=/root MAX_SHIM_VERSION=2 container=docker TTRPC_ADDRESS=/var/run/docker/containerd/containerd.sock.ttrpc DIND_COMMIT=8d9e3502aba39127e4d12196dae16d306f76993d PATH=/opt/containerd/bin:/usr/local/sbin:/usr/local/bin:/usr/sbin:/usr/bin:/sbin:/bin GRPC_ADDRESS=/var/run/docker/containerd/containerd.sock DOCKER_VERSION=28.3.3 DOCKER_TLS_CERTDIR=/certs NAMESPACE=moby DOCKER_BUILDX_VERSION=0.26.1 DOCKER_COMPOSE_VERSION=2.39.1 PWD=/run/docker/containerd/daemon/io.containerd.runtime.v2.task/moby/07c8591552ce3964704b776752571bbf36a61eb1fac706e0195187dd966fd429 GOMAXPROCS=2]
        2025/08/31 22:04:54 delegatec parsed command: runc.Delete{Global:runc.Global{Root:"/var/run/docker/runtime-runc/moby", Debug:false, Log:"/run/docker/containerd/daemon/io.containerd.runtime.v2.task/moby/07c8591552ce3964704b776752571bbf36a61eb1fac706e0195187dd966fd429/log.json", LogFormat:"json", SystemdCgroup:false, Criu:"", Rootless:""}, Force:true, ContainerID:"07c8591552ce3964704b776752571bbf36a61eb1fac706e0195187dd966fd429"}
        2025/08/31 22:04:54 delegatec delegate path: /usr/local/bin/runc
        2025/08/31 22:04:54 delegatec called with args: [/usr/local/sbin/delegatec --delegate_path /usr/local/bin/runc --root /var/run/docker/runtime-runc/moby --log /var/run/docker/containerd/daemon/io.containerd.runtime.v2.task/moby/e30eb13063c86391117819bf0028f29d5e1cbc17d3765fcf890e9d2a5e06d990/log.json --log-format json create --bundle /var/run/docker/containerd/daemon/io.containerd.runtime.v2.task/moby/e30eb13063c86391117819bf0028f29d5e1cbc17d3765fcf890e9d2a5e06d990 --pid-file /var/run/docker/containerd/daemon/io.containerd.runtime.v2.task/moby/e30eb13063c86391117819bf0028f29d5e1cbc17d3765fcf890e9d2a5e06d990/init.pid e30eb13063c86391117819bf0028f29d5e1cbc17d3765fcf890e9d2a5e06d990]
        2025/08/31 22:04:54 delegatec environment: [HOSTNAME=c8a3e161c430 SHLVL=3 LD_LIBRARY_PATH=/opt/containerd/lib: HOME=/root MAX_SHIM_VERSION=2 container=docker TTRPC_ADDRESS=/var/run/docker/containerd/containerd.sock.ttrpc DIND_COMMIT=8d9e3502aba39127e4d12196dae16d306f76993d PATH=/opt/containerd/bin:/usr/local/sbin:/usr/local/bin:/usr/sbin:/usr/bin:/sbin:/bin GRPC_ADDRESS=/var/run/docker/containerd/containerd.sock DOCKER_VERSION=28.3.3 DOCKER_TLS_CERTDIR=/certs NAMESPACE=moby DOCKER_BUILDX_VERSION=0.26.1 DOCKER_COMPOSE_VERSION=2.39.1 PWD=/run/docker/containerd/daemon/io.containerd.runtime.v2.task/moby/e30eb13063c86391117819bf0028f29d5e1cbc17d3765fcf890e9d2a5e06d990 GOMAXPROCS=4]
        2025/08/31 22:04:54 delegatec parsed command: runc.Create{Global:runc.Global{Root:"/var/run/docker/runtime-runc/moby", Debug:false, Log:"/var/run/docker/containerd/daemon/io.containerd.runtime.v2.task/moby/e30eb13063c86391117819bf0028f29d5e1cbc17d3765fcf890e9d2a5e06d990/log.json", LogFormat:"json", SystemdCgroup:false, Criu:"", Rootless:""}, BundleOpt:runc.BundleOpt{Bundle:"/var/run/docker/containerd/daemon/io.containerd.runtime.v2.task/moby/e30eb13063c86391117819bf0028f29d5e1cbc17d3765fcf890e9d2a5e06d990"}, ConsoleSocketOpt:runc.ConsoleSocketOpt{ConsoleSocket:""}, PivotKeyringFDsOpt:runc.PivotKeyringFDsOpt{NoPivot:false, NoNewKeyring:false, PreserveFDs:(*uint)(nil)}, PidFileOpt:runc.PidFileOpt{PidFile:"/var/run/docker/containerd/daemon/io.containerd.runtime.v2.task/moby/e30eb13063c86391117819bf0028f29d5e1cbc17d3765fcf890e9d2a5e06d990/init.pid"}, ContainerID:"e30eb13063c86391117819bf0028f29d5e1cbc17d3765fcf890e9d2a5e06d990"}
        2025/08/31 22:04:54 delegatec delegate path: /usr/local/bin/runc
        2025/08/31 22:04:54 delegatec called with args: [/usr/local/sbin/delegatec --delegate_path /usr/local/bin/runc --root /var/run/docker/runtime-runc/moby --log /run/docker/containerd/daemon/io.containerd.runtime.v2.task/moby/e30eb13063c86391117819bf0028f29d5e1cbc17d3765fcf890e9d2a5e06d990/log.json --log-format json delete --force e30eb13063c86391117819bf0028f29d5e1cbc17d3765fcf890e9d2a5e06d990]
        2025/08/31 22:04:54 delegatec environment: [HOSTNAME=c8a3e161c430 SHLVL=3 LD_LIBRARY_PATH=/opt/containerd/lib: HOME=/root MAX_SHIM_VERSION=2 container=docker TTRPC_ADDRESS=/var/run/docker/containerd/containerd.sock.ttrpc DIND_COMMIT=8d9e3502aba39127e4d12196dae16d306f76993d PATH=/opt/containerd/bin:/usr/local/sbin:/usr/local/bin:/usr/sbin:/usr/bin:/sbin:/bin GRPC_ADDRESS=/var/run/docker/containerd/containerd.sock DOCKER_VERSION=28.3.3 DOCKER_TLS_CERTDIR=/certs NAMESPACE=moby DOCKER_BUILDX_VERSION=0.26.1 DOCKER_COMPOSE_VERSION=2.39.1 PWD=/run/docker/containerd/daemon/io.containerd.runtime.v2.task/moby/e30eb13063c86391117819bf0028f29d5e1cbc17d3765fcf890e9d2a5e06d990 GOMAXPROCS=2]
        2025/08/31 22:04:54 delegatec parsed command: runc.Delete{Global:runc.Global{Root:"/var/run/docker/runtime-runc/moby", Debug:false, Log:"/run/docker/containerd/daemon/io.containerd.runtime.v2.task/moby/e30eb13063c86391117819bf0028f29d5e1cbc17d3765fcf890e9d2a5e06d990/log.json", LogFormat:"json", SystemdCgroup:false, Criu:"", Rootless:""}, Force:true, ContainerID:"e30eb13063c86391117819bf0028f29d5e1cbc17d3765fcf890e9d2a5e06d990"}
        2025/08/31 22:04:54 delegatec delegate path: /usr/local/bin/runc
        2025/08/31 22:04:54 delegatec called with args: [/usr/local/sbin/delegatec --delegate_path /usr/local/bin/runc --root /var/run/docker/runtime-runc/moby --log /var/run/docker/containerd/daemon/io.containerd.runtime.v2.task/moby/d143a0c382c471bf5bab26b676cca1e650d49ddde7abec870b26509e2e1a3ba6/log.json --log-format json create --bundle /var/run/docker/containerd/daemon/io.containerd.runtime.v2.task/moby/d143a0c382c471bf5bab26b676cca1e650d49ddde7abec870b26509e2e1a3ba6 --pid-file /var/run/docker/containerd/daemon/io.containerd.runtime.v2.task/moby/d143a0c382c471bf5bab26b676cca1e650d49ddde7abec870b26509e2e1a3ba6/init.pid --console-socket /tmp/pty1137009885/pty.sock d143a0c382c471bf5bab26b676cca1e650d49ddde7abec870b26509e2e1a3ba6]
        2025/08/31 22:04:54 delegatec environment: [HOSTNAME=c8a3e161c430 SHLVL=3 LD_LIBRARY_PATH=/opt/containerd/lib: HOME=/root MAX_SHIM_VERSION=2 container=docker TTRPC_ADDRESS=/var/run/docker/containerd/containerd.sock.ttrpc DIND_COMMIT=8d9e3502aba39127e4d12196dae16d306f76993d PATH=/opt/containerd/bin:/usr/local/sbin:/usr/local/bin:/usr/sbin:/usr/bin:/sbin:/bin GRPC_ADDRESS=/var/run/docker/containerd/containerd.sock DOCKER_VERSION=28.3.3 DOCKER_TLS_CERTDIR=/certs NAMESPACE=moby DOCKER_BUILDX_VERSION=0.26.1 DOCKER_COMPOSE_VERSION=2.39.1 PWD=/run/docker/containerd/daemon/io.containerd.runtime.v2.task/moby/d143a0c382c471bf5bab26b676cca1e650d49ddde7abec870b26509e2e1a3ba6 GOMAXPROCS=4]
        2025/08/31 22:04:54 delegatec parsed command: runc.Create{Global:runc.Global{Root:"/var/run/docker/runtime-runc/moby", Debug:false, Log:"/var/run/docker/containerd/daemon/io.containerd.runtime.v2.task/moby/d143a0c382c471bf5bab26b676cca1e650d49ddde7abec870b26509e2e1a3ba6/log.json", LogFormat:"json", SystemdCgroup:false, Criu:"", Rootless:""}, BundleOpt:runc.BundleOpt{Bundle:"/var/run/docker/containerd/daemon/io.containerd.runtime.v2.task/moby/d143a0c382c471bf5bab26b676cca1e650d49ddde7abec870b26509e2e1a3ba6"}, ConsoleSocketOpt:runc.ConsoleSocketOpt{ConsoleSocket:"/tmp/pty1137009885/pty.sock"}, PivotKeyringFDsOpt:runc.PivotKeyringFDsOpt{NoPivot:false, NoNewKeyring:false, PreserveFDs:(*uint)(nil)}, PidFileOpt:runc.PidFileOpt{PidFile:"/var/run/docker/containerd/daemon/io.containerd.runtime.v2.task/moby/d143a0c382c471bf5bab26b676cca1e650d49ddde7abec870b26509e2e1a3ba6/init.pid"}, ContainerID:"d143a0c382c471bf5bab26b676cca1e650d49ddde7abec870b26509e2e1a3ba6"}
        2025/08/31 22:04:54 delegatec delegate path: /usr/local/bin/runc
        2025/08/31 22:04:54 delegatec called with args: [/usr/local/sbin/delegatec --delegate_path /usr/local/bin/runc --root /var/run/docker/runtime-runc/moby --log /run/docker/containerd/daemon/io.containerd.runtime.v2.task/moby/d143a0c382c471bf5bab26b676cca1e650d49ddde7abec870b26509e2e1a3ba6/log.json --log-format json delete --force d143a0c382c471bf5bab26b676cca1e650d49ddde7abec870b26509e2e1a3ba6]
        2025/08/31 22:04:54 delegatec environment: [HOSTNAME=c8a3e161c430 SHLVL=3 LD_LIBRARY_PATH=/opt/containerd/lib: HOME=/root MAX_SHIM_VERSION=2 container=docker TTRPC_ADDRESS=/var/run/docker/containerd/containerd.sock.ttrpc DIND_COMMIT=8d9e3502aba39127e4d12196dae16d306f76993d PATH=/opt/containerd/bin:/usr/local/sbin:/usr/local/bin:/usr/sbin:/usr/bin:/sbin:/bin GRPC_ADDRESS=/var/run/docker/containerd/containerd.sock DOCKER_VERSION=28.3.3 DOCKER_TLS_CERTDIR=/certs NAMESPACE=moby DOCKER_BUILDX_VERSION=0.26.1 DOCKER_COMPOSE_VERSION=2.39.1 PWD=/run/docker/containerd/daemon/io.containerd.runtime.v2.task/moby/d143a0c382c471bf5bab26b676cca1e650d49ddde7abec870b26509e2e1a3ba6 GOMAXPROCS=2]
        2025/08/31 22:04:54 delegatec parsed command: runc.Delete{Global:runc.Global{Root:"/var/run/docker/runtime-runc/moby", Debug:false, Log:"/run/docker/containerd/daemon/io.containerd.runtime.v2.task/moby/d143a0c382c471bf5bab26b676cca1e650d49ddde7abec870b26509e2e1a3ba6/log.json", LogFormat:"json", SystemdCgroup:false, Criu:"", Rootless:""}, Force:true, ContainerID:"d143a0c382c471bf5bab26b676cca1e650d49ddde7abec870b26509e2e1a3ba6"}
        2025/08/31 22:04:54 delegatec delegate path: /usr/local/bin/runc
        2025/08/31 22:04:55 delegatec called with args: [/usr/local/sbin/delegatec --delegate_path /usr/local/bin/runc --root /var/run/docker/runtime-runc/moby --log /var/run/docker/containerd/daemon/io.containerd.runtime.v2.task/moby/fb99825cc90b0faa74eec043da16bfe9226b2a4fa877dd19b932d5b9083eaca4/log.json --log-format json create --bundle /var/run/docker/containerd/daemon/io.containerd.runtime.v2.task/moby/fb99825cc90b0faa74eec043da16bfe9226b2a4fa877dd19b932d5b9083eaca4 --pid-file /var/run/docker/containerd/daemon/io.containerd.runtime.v2.task/moby/fb99825cc90b0faa74eec043da16bfe9226b2a4fa877dd19b932d5b9083eaca4/init.pid fb99825cc90b0faa74eec043da16bfe9226b2a4fa877dd19b932d5b9083eaca4]
        2025/08/31 22:04:55 delegatec environment: [HOSTNAME=c8a3e161c430 SHLVL=3 LD_LIBRARY_PATH=/opt/containerd/lib: HOME=/root MAX_SHIM_VERSION=2 container=docker TTRPC_ADDRESS=/var/run/docker/containerd/containerd.sock.ttrpc DIND_COMMIT=8d9e3502aba39127e4d12196dae16d306f76993d PATH=/opt/containerd/bin:/usr/local/sbin:/usr/local/bin:/usr/sbin:/usr/bin:/sbin:/bin GRPC_ADDRESS=/var/run/docker/containerd/containerd.sock DOCKER_VERSION=28.3.3 DOCKER_TLS_CERTDIR=/certs NAMESPACE=moby DOCKER_BUILDX_VERSION=0.26.1 DOCKER_COMPOSE_VERSION=2.39.1 PWD=/run/docker/containerd/daemon/io.containerd.runtime.v2.task/moby/fb99825cc90b0faa74eec043da16bfe9226b2a4fa877dd19b932d5b9083eaca4 GOMAXPROCS=4]
        2025/08/31 22:04:55 delegatec parsed command: runc.Create{Global:runc.Global{Root:"/var/run/docker/runtime-runc/moby", Debug:false, Log:"/var/run/docker/containerd/daemon/io.containerd.runtime.v2.task/moby/fb99825cc90b0faa74eec043da16bfe9226b2a4fa877dd19b932d5b9083eaca4/log.json", LogFormat:"json", SystemdCgroup:false, Criu:"", Rootless:""}, BundleOpt:runc.BundleOpt{Bundle:"/var/run/docker/containerd/daemon/io.containerd.runtime.v2.task/moby/fb99825cc90b0faa74eec043da16bfe9226b2a4fa877dd19b932d5b9083eaca4"}, ConsoleSocketOpt:runc.ConsoleSocketOpt{ConsoleSocket:""}, PivotKeyringFDsOpt:runc.PivotKeyringFDsOpt{NoPivot:false, NoNewKeyring:false, PreserveFDs:(*uint)(nil)}, PidFileOpt:runc.PidFileOpt{PidFile:"/var/run/docker/containerd/daemon/io.containerd.runtime.v2.task/moby/fb99825cc90b0faa74eec043da16bfe9226b2a4fa877dd19b932d5b9083eaca4/init.pid"}, ContainerID:"fb99825cc90b0faa74eec043da16bfe9226b2a4fa877dd19b932d5b9083eaca4"}
        2025/08/31 22:04:55 delegatec delegate path: /usr/local/bin/runc
        2025/08/31 22:04:55 delegatec called with args: [/usr/local/sbin/delegatec --delegate_path /usr/local/bin/runc --root /var/run/docker/runtime-runc/moby --log /run/docker/containerd/daemon/io.containerd.runtime.v2.task/moby/fb99825cc90b0faa74eec043da16bfe9226b2a4fa877dd19b932d5b9083eaca4/log.json --log-format json delete --force fb99825cc90b0faa74eec043da16bfe9226b2a4fa877dd19b932d5b9083eaca4]
        2025/08/31 22:04:55 delegatec environment: [HOSTNAME=c8a3e161c430 SHLVL=3 LD_LIBRARY_PATH=/opt/containerd/lib: HOME=/root MAX_SHIM_VERSION=2 container=docker TTRPC_ADDRESS=/var/run/docker/containerd/containerd.sock.ttrpc DIND_COMMIT=8d9e3502aba39127e4d12196dae16d306f76993d PATH=/opt/containerd/bin:/usr/local/sbin:/usr/local/bin:/usr/sbin:/usr/bin:/sbin:/bin GRPC_ADDRESS=/var/run/docker/containerd/containerd.sock DOCKER_VERSION=28.3.3 DOCKER_TLS_CERTDIR=/certs NAMESPACE=moby DOCKER_BUILDX_VERSION=0.26.1 DOCKER_COMPOSE_VERSION=2.39.1 PWD=/run/docker/containerd/daemon/io.containerd.runtime.v2.task/moby/fb99825cc90b0faa74eec043da16bfe9226b2a4fa877dd19b932d5b9083eaca4 GOMAXPROCS=2]
        2025/08/31 22:04:55 delegatec parsed command: runc.Delete{Global:runc.Global{Root:"/var/run/docker/runtime-runc/moby", Debug:false, Log:"/run/docker/containerd/daemon/io.containerd.runtime.v2.task/moby/fb99825cc90b0faa74eec043da16bfe9226b2a4fa877dd19b932d5b9083eaca4/log.json", LogFormat:"json", SystemdCgroup:false, Criu:"", Rootless:""}, Force:true, ContainerID:"fb99825cc90b0faa74eec043da16bfe9226b2a4fa877dd19b932d5b9083eaca4"}
        2025/08/31 22:04:55 delegatec delegate path: /usr/local/bin/runc
        
        --------------------
    dind_test.go:980: runc log empty
    dind_test.go:981: criu check exit code 0
        stdout:
        
        stderr:
=== CONT  TestRuntimeParity/user_and_capabilities
=== NAME  TestRuntimeParity/container_logs
    dind_test.go:1013: runc exited with 0
    dind_test.go:1014: runc output:
        stdout
        stderr
    dind_test.go:1015: delegatec exited with 125
    dind_test.go:1016: delegatec output:
    dind_test.go:1019: mismatch: runc [0] "stdout\nstderr" vs delegatec [125] ""
    dind_test.go:979: --- delegatec.log ---
             @2025/08/31 22:04:49 delegatec called with args: [/usr/local/sbin/delegatec --delegate_path /usr/local/bin/runc features]
        2025/08/31 22:04:49 delegatec environment: [OTEL_EXPORTER_OTLP_TRACES_PROTOCOL=http/protobuf HOSTNAME=c8a3e161c430 SHLVL=3 HOME=/root OTEL_SERVICE_NAME=dockerd OTEL_EXPORTER_OTLP_METRICS_PROTOCOL=http/protobuf container=docker TMPDIR=/var/lib/docker/tmp DIND_COMMIT=8d9e3502aba39127e4d12196dae16d306f76993d PATH=/usr/local/sbin:/usr/local/bin:/usr/sbin:/usr/bin:/sbin:/bin DOCKER_VERSION=28.3.3 DOCKER_TLS_CERTDIR=/certs DOCKER_BUILDX_VERSION=0.26.1 DOCKER_COMPOSE_VERSION=2.39.1 PWD=/]
        2025/08/31 22:04:49 delegatec parsed command: runc.Features{Global:runc.Global{Root:"", Debug:false, Log:"", LogFormat:"", SystemdCgroup:false, Criu:"", Rootless:""}}
        2025/08/31 22:04:49 delegatec delegate path: /usr/local/bin/runc
        2025/08/31 22:04:53 delegatec called with args: [/usr/local/sbin/delegatec --delegate_path /usr/local/bin/runc --root /var/run/docker/runtime-runc/moby --log /var/run/docker/containerd/daemon/io.containerd.runtime.v2.task/moby/f1a0c8a200d819f7990465c877c3167372da7b8098a450176b06e6c1cc7ab420/log.json --log-format json create --bundle /var/run/docker/containerd/daemon/io.containerd.runtime.v2.task/moby/f1a0c8a200d819f7990465c877c3167372da7b8098a450176b06e6c1cc7ab420 --pid-file /var/run/docker/containerd/daemon/io.containerd.runtime.v2.task/moby/f1a0c8a200d819f7990465c877c3167372da7b8098a450176b06e6c1cc7ab420/init.pid f1a0c8a200d819f7990465c877c3167372da7b8098a450176b06e6c1cc7ab420]
        2025/08/31 22:04:53 delegatec environment: [HOSTNAME=c8a3e161c430 SHLVL=3 LD_LIBRARY_PATH=/opt/containerd/lib: HOME=/root MAX_SHIM_VERSION=2 container=docker TTRPC_ADDRESS=/var/run/docker/containerd/containerd.sock.ttrpc DIND_COMMIT=8d9e3502aba39127e4d12196dae16d306f76993d PATH=/opt/containerd/bin:/usr/local/sbin:/usr/local/bin:/usr/sbin:/usr/bin:/sbin:/bin GRPC_ADDRESS=/var/run/docker/containerd/containerd.sock DOCKER_VERSION=28.3.3 DOCKER_TLS_CERTDIR=/certs NAMESPACE=moby DOCKER_BUILDX_VERSION=0.26.1 DOCKER_COMPOSE_VERSION=2.39.1 PWD=/run/docker/containerd/daemon/io.containerd.runtime.v2.task/moby/f1a0c8a200d819f7990465c877c3167372da7b8098a450176b06e6c1cc7ab420 GOMAXPROCS=4]
        2025/08/31 22:04:53 delegatec parsed command: runc.Create{Global:runc.Global{Root:"/var/run/docker/runtime-runc/moby", Debug:false, Log:"/var/run/docker/containerd/daemon/io.containerd.runtime.v2.task/moby/f1a0c8a200d819f7990465c877c3167372da7b8098a450176b06e6c1cc7ab420/log.json", LogFormat:"json", SystemdCgroup:false, Criu:"", Rootless:""}, BundleOpt:runc.BundleOpt{Bundle:"/var/run/docker/containerd/daemon/io.containerd.runtime.v2.task/moby/f1a0c8a200d819f7990465c877c3167372da7b8098a450176b06e6c1cc7ab420"}, ConsoleSocketOpt:runc.ConsoleSocketOpt{ConsoleSocket:""}, PivotKeyringFDsOpt:runc.PivotKeyringFDsOpt{NoPivot:false, NoNewKeyring:false, PreserveFDs:(*uint)(nil)}, PidFileOpt:runc.PidFileOpt{PidFile:"/var/run/docker/containerd/daemon/io.containerd.runtime.v2.task/moby/f1a0c8a200d819f7990465c877c3167372da7b8098a450176b06e6c1cc7ab420/init.pid"}, ContainerID:"f1a0c8a200d819f7990465c877c3167372da7b8098a450176b06e6c1cc7ab420"}
        2025/08/31 22:04:53 delegatec delegate path: /usr/local/bin/runc
        2025/08/31 22:04:53 delegatec called with args: [/usr/local/sbin/delegatec --delegate_path /usr/local/bin/runc --root /var/run/docker/runtime-runc/moby --log /run/docker/containerd/daemon/io.containerd.runtime.v2.task/moby/f1a0c8a200d819f7990465c877c3167372da7b8098a450176b06e6c1cc7ab420/log.json --log-format json delete --force f1a0c8a200d819f7990465c877c3167372da7b8098a450176b06e6c1cc7ab420]
        2025/08/31 22:04:53 delegatec environment: [HOSTNAME=c8a3e161c430 SHLVL=3 LD_LIBRARY_PATH=/opt/containerd/lib: HOME=/root MAX_SHIM_VERSION=2 container=docker TTRPC_ADDRESS=/var/run/docker/containerd/containerd.sock.ttrpc DIND_COMMIT=8d9e3502aba39127e4d12196dae16d306f76993d PATH=/opt/containerd/bin:/usr/local/sbin:/usr/local/bin:/usr/sbin:/usr/bin:/sbin:/bin GRPC_ADDRESS=/var/run/docker/containerd/containerd.sock DOCKER_VERSION=28.3.3 DOCKER_TLS_CERTDIR=/certs NAMESPACE=moby DOCKER_BUILDX_VERSION=0.26.1 DOCKER_COMPOSE_VERSION=2.39.1 PWD=/run/docker/containerd/daemon/io.containerd.runtime.v2.task/moby/f1a0c8a200d819f7990465c877c3167372da7b8098a450176b06e6c1cc7ab420 GOMAXPROCS=2]
        2025/08/31 22:04:53 delegatec parsed command: runc.Delete{Global:runc.Global{Root:"/var/run/docker/runtime-runc/moby", Debug:false, Log:"/run/docker/containerd/daemon/io.containerd.runtime.v2.task/moby/f1a0c8a200d819f7990465c877c3167372da7b8098a450176b06e6c1cc7ab420/log.json", LogFormat:"json", SystemdCgroup:false, Criu:"", Rootless:""}, Force:true, ContainerID:"f1a0c8a200d819f7990465c877c3167372da7b8098a450176b06e6c1cc7ab420"}
        2025/08/31 22:04:53 delegatec delegate path: /usr/local/bin/runc
        2025/08/31 22:04:53 delegatec called with args: [/usr/local/sbin/delegatec --delegate_path /usr/local/bin/runc --root /var/run/docker/runtime-runc/moby --log /var/run/docker/containerd/daemon/io.containerd.runtime.v2.task/moby/64c7ba2988912e54e9e4e5a75478b500d40ccdd4d52aaa939ca6f7c38c0b906c/log.json --log-format json create --bundle /var/run/docker/containerd/daemon/io.containerd.runtime.v2.task/moby/64c7ba2988912e54e9e4e5a75478b500d40ccdd4d52aaa939ca6f7c38c0b906c --pid-file /var/run/docker/containerd/daemon/io.containerd.runtime.v2.task/moby/64c7ba2988912e54e9e4e5a75478b500d40ccdd4d52aaa939ca6f7c38c0b906c/init.pid 64c7ba2988912e54e9e4e5a75478b500d40ccdd4d52aaa939ca6f7c38c0b906c]
        2025/08/31 22:04:53 delegatec environment: [HOSTNAME=c8a3e161c430 SHLVL=3 LD_LIBRARY_PATH=/opt/containerd/lib: HOME=/root MAX_SHIM_VERSION=2 container=docker TTRPC_ADDRESS=/var/run/docker/containerd/containerd.sock.ttrpc DIND_COMMIT=8d9e3502aba39127e4d12196dae16d306f76993d PATH=/opt/containerd/bin:/usr/local/sbin:/usr/local/bin:/usr/sbin:/usr/bin:/sbin:/bin GRPC_ADDRESS=/var/run/docker/containerd/containerd.sock DOCKER_VERSION=28.3.3 DOCKER_TLS_CERTDIR=/certs NAMESPACE=moby DOCKER_BUILDX_VERSION=0.26.1 DOCKER_COMPOSE_VERSION=2.39.1 PWD=/run/docker/containerd/daemon/io.containerd.runtime.v2.task/moby/64c7ba2988912e54e9e4e5a75478b500d40ccdd4d52aaa939ca6f7c38c0b906c GOMAXPROCS=4]
        2025/08/31 22:04:53 delegatec parsed command: runc.Create{Global:runc.Global{Root:"/var/run/docker/runtime-runc/moby", Debug:false, Log:"/var/run/docker/containerd/daemon/io.containerd.runtime.v2.task/moby/64c7ba2988912e54e9e4e5a75478b500d40ccdd4d52aaa939ca6f7c38c0b906c/log.json", LogFormat:"json", SystemdCgroup:false, Criu:"", Rootless:""}, BundleOpt:runc.BundleOpt{Bundle:"/var/run/docker/containerd/daemon/io.containerd.runtime.v2.task/moby/64c7ba2988912e54e9e4e5a75478b500d40ccdd4d52aaa939ca6f7c38c0b906c"}, ConsoleSocketOpt:runc.ConsoleSocketOpt{ConsoleSocket:""}, PivotKeyringFDsOpt:runc.PivotKeyringFDsOpt{NoPivot:false, NoNewKeyring:false, PreserveFDs:(*uint)(nil)}, PidFileOpt:runc.PidFileOpt{PidFile:"/var/run/docker/containerd/daemon/io.containerd.runtime.v2.task/moby/64c7ba2988912e54e9e4e5a75478b500d40ccdd4d52aaa939ca6f7c38c0b906c/init.pid"}, ContainerID:"64c7ba2988912e54e9e4e5a75478b500d40ccdd4d52aaa939ca6f7c38c0b906c"}
        2025/08/31 22:04:53 delegatec delegate path: /usr/local/bin/runc
        2025/08/31 22:04:53 delegatec called with args: [/usr/local/sbin/delegatec --delegate_path /usr/local/bin/runc --root /var/run/docker/runtime-runc/moby --log /run/docker/containerd/daemon/io.containerd.runtime.v2.task/moby/64c7ba2988912e54e9e4e5a75478b500d40ccdd4d52aaa939ca6f7c38c0b906c/log.json --log-format json delete --force 64c7ba2988912e54e9e4e5a75478b500d40ccdd4d52aaa939ca6f7c38c0b906c]
        2025/08/31 22:04:53 delegatec environment: [HOSTNAME=c8a3e161c430 SHLVL=3 LD_LIBRARY_PATH=/opt/containerd/lib: HOME=/root MAX_SHIM_VERSION=2 container=docker TTRPC_ADDRESS=/var/run/docker/containerd/containerd.sock.ttrpc DIND_COMMIT=8d9e3502aba39127e4d12196dae16d306f76993d PATH=/opt/containerd/bin:/usr/local/sbin:/usr/local/bin:/usr/sbin:/usr/bin:/sbin:/bin GRPC_ADDRESS=/var/run/docker/containerd/containerd.sock DOCKER_VERSION=28.3.3 DOCKER_TLS_CERTDIR=/certs NAMESPACE=moby DOCKER_BUILDX_VERSION=0.26.1 DOCKER_COMPOSE_VERSION=2.39.1 PWD=/run/docker/containerd/daemon/io.containerd.runtime.v2.task/moby/64c7ba2988912e54e9e4e5a75478b500d40ccdd4d52aaa939ca6f7c38c0b906c GOMAXPROCS=2]
        2025/08/31 22:04:53 delegatec parsed command: runc.Delete{Global:runc.Global{Root:"/var/run/docker/runtime-runc/moby", Debug:false, Log:"/run/docker/containerd/daemon/io.containerd.runtime.v2.task/moby/64c7ba2988912e54e9e4e5a75478b500d40ccdd4d52aaa939ca6f7c38c0b906c/log.json", LogFormat:"json", SystemdCgroup:false, Criu:"", Rootless:""}, Force:true, ContainerID:"64c7ba2988912e54e9e4e5a75478b500d40ccdd4d52aaa939ca6f7c38c0b906c"}
        2025/08/31 22:04:53 delegatec delegate path: /usr/local/bin/runc
        2025/08/31 22:04:54 delegatec called with args: [/usr/local/sbin/delegatec --delegate_path /usr/local/bin/runc --root /var/run/docker/runtime-runc/moby --log /var/run/docker/containerd/daemon/io.containerd.runtime.v2.task/moby/6d7d41ae797e267e0259af30d1176e242276d42f7479f93eb0ad423a21871cbd/log.json --log-format json create --bundle /var/run/docker/containerd/daemon/io.containerd.runtime.v2.task/moby/6d7d41ae797e267e0259af30d1176e242276d42f7479f93eb0ad423a21871cbd --pid-file /var/run/docker/containerd/daemon/io.containerd.runtime.v2.task/moby/6d7d41ae797e267e0259af30d1176e242276d42f7479f93eb0ad423a21871cbd/init.pid 6d7d41ae797e267e0259af30d1176e242276d42f7479f93eb0ad423a21871cbd]
        2025/08/31 22:04:54 delegatec environment: [HOSTNAME=c8a3e161c430 SHLVL=3 LD_LIBRARY_PATH=/opt/containerd/lib: HOME=/root MAX_SHIM_VERSION=2 container=docker TTRPC_ADDRESS=/var/run/docker/containerd/containerd.sock.ttrpc DIND_COMMIT=8d9e3502aba39127e4d12196dae16d306f76993d PATH=/opt/containerd/bin:/usr/local/sbin:/usr/local/bin:/usr/sbin:/usr/bin:/sbin:/bin GRPC_ADDRESS=/var/run/docker/containerd/containerd.sock DOCKER_VERSION=28.3.3 DOCKER_TLS_CERTDIR=/certs NAMESPACE=moby DOCKER_BUILDX_VERSION=0.26.1 DOCKER_COMPOSE_VERSION=2.39.1 PWD=/run/docker/containerd/daemon/io.containerd.runtime.v2.task/moby/6d7d41ae797e267e0259af30d1176e242276d42f7479f93eb0ad423a21871cbd GOMAXPROCS=4]
        2025/08/31 22:04:54 delegatec parsed command: runc.Create{Global:runc.Global{Root:"/var/run/docker/runtime-runc/moby", Debug:false, Log:"/var/run/docker/containerd/daemon/io.containerd.runtime.v2.task/moby/6d7d41ae797e267e0259af30d1176e242276d42f7479f93eb0ad423a21871cbd/log.json", LogFormat:"json", SystemdCgroup:false, Criu:"", Rootless:""}, BundleOpt:runc.BundleOpt{Bundle:"/var/run/docker/containerd/daemon/io.containerd.runtime.v2.task/moby/6d7d41ae797e267e0259af30d1176e242276d42f7479f93eb0ad423a21871cbd"}, ConsoleSocketOpt:runc.ConsoleSocketOpt{ConsoleSocket:""}, PivotKeyringFDsOpt:runc.PivotKeyringFDsOpt{NoPivot:false, NoNewKeyring:false, PreserveFDs:(*uint)(nil)}, PidFileOpt:runc.PidFileOpt{PidFile:"/var/run/docker/containerd/daemon/io.containerd.runtime.v2.task/moby/6d7d41ae797e267e0259af30d1176e242276d42f7479f93eb0ad423a21871cbd/init.pid"}, ContainerID:"6d7d41ae797e267e0259af30d1176e242276d42f7479f93eb0ad423a21871cbd"}
        2025/08/31 22:04:54 delegatec delegate path: /usr/local/bin/runc
        2025/08/31 22:04:54 delegatec called with args: [/usr/local/sbin/delegatec --delegate_path /usr/local/bin/runc --root /var/run/docker/runtime-runc/moby --log /run/docker/containerd/daemon/io.containerd.runtime.v2.task/moby/6d7d41ae797e267e0259af30d1176e242276d42f7479f93eb0ad423a21871cbd/log.json --log-format json delete --force 6d7d41ae797e267e0259af30d1176e242276d42f7479f93eb0ad423a21871cbd]
        2025/08/31 22:04:54 delegatec environment: [HOSTNAME=c8a3e161c430 SHLVL=3 LD_LIBRARY_PATH=/opt/containerd/lib: HOME=/root MAX_SHIM_VERSION=2 container=docker TTRPC_ADDRESS=/var/run/docker/containerd/containerd.sock.ttrpc DIND_COMMIT=8d9e3502aba39127e4d12196dae16d306f76993d PATH=/opt/containerd/bin:/usr/local/sbin:/usr/local/bin:/usr/sbin:/usr/bin:/sbin:/bin GRPC_ADDRESS=/var/run/docker/containerd/containerd.sock DOCKER_VERSION=28.3.3 DOCKER_TLS_CERTDIR=/certs NAMESPACE=moby DOCKER_BUILDX_VERSION=0.26.1 DOCKER_COMPOSE_VERSION=2.39.1 PWD=/run/docker/containerd/daemon/io.containerd.runtime.v2.task/moby/6d7d41ae797e267e0259af30d1176e242276d42f7479f93eb0ad423a21871cbd GOMAXPROCS=2]
        2025/08/31 22:04:54 delegatec parsed command: runc.Delete{Global:runc.Global{Root:"/var/run/docker/runtime-runc/moby", Debug:false, Log:"/run/docker/containerd/daemon/io.containerd.runtime.v2.task/moby/6d7d41ae797e267e0259af30d1176e242276d42f7479f93eb0ad423a21871cbd/log.json", LogFormat:"json", SystemdCgroup:false, Criu:"", Rootless:""}, Force:true, ContainerID:"6d7d41ae797e267e0259af30d1176e242276d42f7479f93eb0ad423a21871cbd"}
        2025/08/31 22:04:54 delegatec delegate path: /usr/local/bin/runc
        2025/08/31 22:04:54 delegatec called with args: [/usr/local/sbin/delegatec --delegate_path /usr/local/bin/runc --root /var/run/docker/runtime-runc/moby --log /var/run/docker/containerd/daemon/io.containerd.runtime.v2.task/moby/07c8591552ce3964704b776752571bbf36a61eb1fac706e0195187dd966fd429/log.json --log-format json create --bundle /var/run/docker/containerd/daemon/io.containerd.runtime.v2.task/moby/07c8591552ce3964704b776752571bbf36a61eb1fac706e0195187dd966fd429 --pid-file /var/run/docker/containerd/daemon/io.containerd.runtime.v2.task/moby/07c8591552ce3964704b776752571bbf36a61eb1fac706e0195187dd966fd429/init.pid 07c8591552ce3964704b776752571bbf36a61eb1fac706e0195187dd966fd429]
        2025/08/31 22:04:54 delegatec environment: [HOSTNAME=c8a3e161c430 SHLVL=3 LD_LIBRARY_PATH=/opt/containerd/lib: HOME=/root MAX_SHIM_VERSION=2 container=docker TTRPC_ADDRESS=/var/run/docker/containerd/containerd.sock.ttrpc DIND_COMMIT=8d9e3502aba39127e4d12196dae16d306f76993d PATH=/opt/containerd/bin:/usr/local/sbin:/usr/local/bin:/usr/sbin:/usr/bin:/sbin:/bin GRPC_ADDRESS=/var/run/docker/containerd/containerd.sock DOCKER_VERSION=28.3.3 DOCKER_TLS_CERTDIR=/certs NAMESPACE=moby DOCKER_BUILDX_VERSION=0.26.1 DOCKER_COMPOSE_VERSION=2.39.1 PWD=/run/docker/containerd/daemon/io.containerd.runtime.v2.task/moby/07c8591552ce3964704b776752571bbf36a61eb1fac706e0195187dd966fd429 GOMAXPROCS=4]
        2025/08/31 22:04:54 delegatec parsed command: runc.Create{Global:runc.Global{Root:"/var/run/docker/runtime-runc/moby", Debug:false, Log:"/var/run/docker/containerd/daemon/io.containerd.runtime.v2.task/moby/07c8591552ce3964704b776752571bbf36a61eb1fac706e0195187dd966fd429/log.json", LogFormat:"json", SystemdCgroup:false, Criu:"", Rootless:""}, BundleOpt:runc.BundleOpt{Bundle:"/var/run/docker/containerd/daemon/io.containerd.runtime.v2.task/moby/07c8591552ce3964704b776752571bbf36a61eb1fac706e0195187dd966fd429"}, ConsoleSocketOpt:runc.ConsoleSocketOpt{ConsoleSocket:""}, PivotKeyringFDsOpt:runc.PivotKeyringFDsOpt{NoPivot:false, NoNewKeyring:false, PreserveFDs:(*uint)(nil)}, PidFileOpt:runc.PidFileOpt{PidFile:"/var/run/docker/containerd/daemon/io.containerd.runtime.v2.task/moby/07c8591552ce3964704b776752571bbf36a61eb1fac706e0195187dd966fd429/init.pid"}, ContainerID:"07c8591552ce3964704b776752571bbf36a61eb1fac706e0195187dd966fd429"}
        2025/08/31 22:04:54 delegatec delegate path: /usr/local/bin/runc
        2025/08/31 22:04:54 delegatec called with args: [/usr/local/sbin/delegatec --delegate_path /usr/local/bin/runc --root /var/run/docker/runtime-runc/moby --log /run/docker/containerd/daemon/io.containerd.runtime.v2.task/moby/07c8591552ce3964704b776752571bbf36a61eb1fac706e0195187dd966fd429/log.json --log-format json delete --force 07c8591552ce3964704b776752571bbf36a61eb1fac706e0195187dd966fd429]
        2025/08/31 22:04:54 delegatec environment: [HOSTNAME=c8a3e161c430 SHLVL=3 LD_LIBRARY_PATH=/opt/containerd/lib: HOME=/root MAX_SHIM_VERSION=2 container=docker TTRPC_ADDRESS=/var/run/docker/containerd/containerd.sock.ttrpc DIND_COMMIT=8d9e3502aba39127e4d12196dae16d306f76993d PATH=/opt/containerd/bin:/usr/local/sbin:/usr/local/bin:/usr/sbin:/usr/bin:/sbin:/bin GRPC_ADDRESS=/var/run/docker/containerd/containerd.sock DOCKER_VERSION=28.3.3 DOCKER_TLS_CERTDIR=/certs NAMESPACE=moby DOCKER_BUILDX_VERSION=0.26.1 DOCKER_COMPOSE_VERSION=2.39.1 PWD=/run/docker/containerd/daemon/io.containerd.runtime.v2.task/moby/07c8591552ce3964704b776752571bbf36a61eb1fac706e0195187dd966fd429 GOMAXPROCS=2]
        2025/08/31 22:04:54 delegatec parsed command: runc.Delete{Global:runc.Global{Root:"/var/run/docker/runtime-runc/moby", Debug:false, Log:"/run/docker/containerd/daemon/io.containerd.runtime.v2.task/moby/07c8591552ce3964704b776752571bbf36a61eb1fac706e0195187dd966fd429/log.json", LogFormat:"json", SystemdCgroup:false, Criu:"", Rootless:""}, Force:true, ContainerID:"07c8591552ce3964704b776752571bbf36a61eb1fac706e0195187dd966fd429"}
        2025/08/31 22:04:54 delegatec delegate path: /usr/local/bin/runc
        2025/08/31 22:04:54 delegatec called with args: [/usr/local/sbin/delegatec --delegate_path /usr/local/bin/runc --root /var/run/docker/runtime-runc/moby --log /var/run/docker/containerd/daemon/io.containerd.runtime.v2.task/moby/e30eb13063c86391117819bf0028f29d5e1cbc17d3765fcf890e9d2a5e06d990/log.json --log-format json create --bundle /var/run/docker/containerd/daemon/io.containerd.runtime.v2.task/moby/e30eb13063c86391117819bf0028f29d5e1cbc17d3765fcf890e9d2a5e06d990 --pid-file /var/run/docker/containerd/daemon/io.containerd.runtime.v2.task/moby/e30eb13063c86391117819bf0028f29d5e1cbc17d3765fcf890e9d2a5e06d990/init.pid e30eb13063c86391117819bf0028f29d5e1cbc17d3765fcf890e9d2a5e06d990]
        2025/08/31 22:04:54 delegatec environment: [HOSTNAME=c8a3e161c430 SHLVL=3 LD_LIBRARY_PATH=/opt/containerd/lib: HOME=/root MAX_SHIM_VERSION=2 container=docker TTRPC_ADDRESS=/var/run/docker/containerd/containerd.sock.ttrpc DIND_COMMIT=8d9e3502aba39127e4d12196dae16d306f76993d PATH=/opt/containerd/bin:/usr/local/sbin:/usr/local/bin:/usr/sbin:/usr/bin:/sbin:/bin GRPC_ADDRESS=/var/run/docker/containerd/containerd.sock DOCKER_VERSION=28.3.3 DOCKER_TLS_CERTDIR=/certs NAMESPACE=moby DOCKER_BUILDX_VERSION=0.26.1 DOCKER_COMPOSE_VERSION=2.39.1 PWD=/run/docker/containerd/daemon/io.containerd.runtime.v2.task/moby/e30eb13063c86391117819bf0028f29d5e1cbc17d3765fcf890e9d2a5e06d990 GOMAXPROCS=4]
        2025/08/31 22:04:54 delegatec parsed command: runc.Create{Global:runc.Global{Root:"/var/run/docker/runtime-runc/moby", Debug:false, Log:"/var/run/docker/containerd/daemon/io.containerd.runtime.v2.task/moby/e30eb13063c86391117819bf0028f29d5e1cbc17d3765fcf890e9d2a5e06d990/log.json", LogFormat:"json", SystemdCgroup:false, Criu:"", Rootless:""}, BundleOpt:runc.BundleOpt{Bundle:"/var/run/docker/containerd/daemon/io.containerd.runtime.v2.task/moby/e30eb13063c86391117819bf0028f29d5e1cbc17d3765fcf890e9d2a5e06d990"}, ConsoleSocketOpt:runc.ConsoleSocketOpt{ConsoleSocket:""}, PivotKeyringFDsOpt:runc.PivotKeyringFDsOpt{NoPivot:false, NoNewKeyring:false, PreserveFDs:(*uint)(nil)}, PidFileOpt:runc.PidFileOpt{PidFile:"/var/run/docker/containerd/daemon/io.containerd.runtime.v2.task/moby/e30eb13063c86391117819bf0028f29d5e1cbc17d3765fcf890e9d2a5e06d990/init.pid"}, ContainerID:"e30eb13063c86391117819bf0028f29d5e1cbc17d3765fcf890e9d2a5e06d990"}
        2025/08/31 22:04:54 delegatec delegate path: /usr/local/bin/runc
        2025/08/31 22:04:54 delegatec called with args: [/usr/local/sbin/delegatec --delegate_path /usr/local/bin/runc --root /var/run/docker/runtime-runc/moby --log /run/docker/containerd/daemon/io.containerd.runtime.v2.task/moby/e30eb13063c86391117819bf0028f29d5e1cbc17d3765fcf890e9d2a5e06d990/log.json --log-format json delete --force e30eb13063c86391117819bf0028f29d5e1cbc17d3765fcf890e9d2a5e06d990]
        2025/08/31 22:04:54 delegatec environment: [HOSTNAME=c8a3e161c430 SHLVL=3 LD_LIBRARY_PATH=/opt/containerd/lib: HOME=/root MAX_SHIM_VERSION=2 container=docker TTRPC_ADDRESS=/var/run/docker/containerd/containerd.sock.ttrpc DIND_COMMIT=8d9e3502aba39127e4d12196dae16d306f76993d PATH=/opt/containerd/bin:/usr/local/sbin:/usr/local/bin:/usr/sbin:/usr/bin:/sbin:/bin GRPC_ADDRESS=/var/run/docker/containerd/containerd.sock DOCKER_VERSION=28.3.3 DOCKER_TLS_CERTDIR=/certs NAMESPACE=moby DOCKER_BUILDX_VERSION=0.26.1 DOCKER_COMPOSE_VERSION=2.39.1 PWD=/run/docker/containerd/daemon/io.containerd.runtime.v2.task/moby/e30eb13063c86391117819bf0028f29d5e1cbc17d3765fcf890e9d2a5e06d990 GOMAXPROCS=2]
        2025/08/31 22:04:54 delegatec parsed command: runc.Delete{Global:runc.Global{Root:"/var/run/docker/runtime-runc/moby", Debug:false, Log:"/run/docker/containerd/daemon/io.containerd.runtime.v2.task/moby/e30eb13063c86391117819bf0028f29d5e1cbc17d3765fcf890e9d2a5e06d990/log.json", LogFormat:"json", SystemdCgroup:false, Criu:"", Rootless:""}, Force:true, ContainerID:"e30eb13063c86391117819bf0028f29d5e1cbc17d3765fcf890e9d2a5e06d990"}
        2025/08/31 22:04:54 delegatec delegate path: /usr/local/bin/runc
        2025/08/31 22:04:54 delegatec called with args: [/usr/local/sbin/delegatec --delegate_path /usr/local/bin/runc --root /var/run/docker/runtime-runc/moby --log /var/run/docker/containerd/daemon/io.containerd.runtime.v2.task/moby/d143a0c382c471bf5bab26b676cca1e650d49ddde7abec870b26509e2e1a3ba6/log.json --log-format json create --bundle /var/run/docker/containerd/daemon/io.containerd.runtime.v2.task/moby/d143a0c382c471bf5bab26b676cca1e650d49ddde7abec870b26509e2e1a3ba6 --pid-file /var/run/docker/containerd/daemon/io.containerd.runtime.v2.task/moby/d143a0c382c471bf5bab26b676cca1e650d49ddde7abec870b26509e2e1a3ba6/init.pid --console-socket /tmp/pty1137009885/pty.sock d143a0c382c471bf5bab26b676cca1e650d49ddde7abec870b26509e2e1a3ba6]
        2025/08/31 22:04:54 delegatec environment: [HOSTNAME=c8a3e161c430 SHLVL=3 LD_LIBRARY_PATH=/opt/containerd/lib: HOME=/root MAX_SHIM_VERSION=2 container=docker TTRPC_ADDRESS=/var/run/docker/containerd/containerd.sock.ttrpc DIND_COMMIT=8d9e3502aba39127e4d12196dae16d306f76993d PATH=/opt/containerd/bin:/usr/local/sbin:/usr/local/bin:/usr/sbin:/usr/bin:/sbin:/bin GRPC_ADDRESS=/var/run/docker/containerd/containerd.sock DOCKER_VERSION=28.3.3 DOCKER_TLS_CERTDIR=/certs NAMESPACE=moby DOCKER_BUILDX_VERSION=0.26.1 DOCKER_COMPOSE_VERSION=2.39.1 PWD=/run/docker/containerd/daemon/io.containerd.runtime.v2.task/moby/d143a0c382c471bf5bab26b676cca1e650d49ddde7abec870b26509e2e1a3ba6 GOMAXPROCS=4]
        2025/08/31 22:04:54 delegatec parsed command: runc.Create{Global:runc.Global{Root:"/var/run/docker/runtime-runc/moby", Debug:false, Log:"/var/run/docker/containerd/daemon/io.containerd.runtime.v2.task/moby/d143a0c382c471bf5bab26b676cca1e650d49ddde7abec870b26509e2e1a3ba6/log.json", LogFormat:"json", SystemdCgroup:false, Criu:"", Rootless:""}, BundleOpt:runc.BundleOpt{Bundle:"/var/run/docker/containerd/daemon/io.containerd.runtime.v2.task/moby/d143a0c382c471bf5bab26b676cca1e650d49ddde7abec870b26509e2e1a3ba6"}, ConsoleSocketOpt:runc.ConsoleSocketOpt{ConsoleSocket:"/tmp/pty1137009885/pty.sock"}, PivotKeyringFDsOpt:runc.PivotKeyringFDsOpt{NoPivot:false, NoNewKeyring:false, PreserveFDs:(*uint)(nil)}, PidFileOpt:runc.PidFileOpt{PidFile:"/var/run/docker/containerd/daemon/io.containerd.runtime.v2.task/moby/d143a0c382c471bf5bab26b676cca1e650d49ddde7abec870b26509e2e1a3ba6/init.pid"}, ContainerID:"d143a0c382c471bf5bab26b676cca1e650d49ddde7abec870b26509e2e1a3ba6"}
        2025/08/31 22:04:54 delegatec delegate path: /usr/local/bin/runc
        2025/08/31 22:04:54 delegatec called with args: [/usr/local/sbin/delegatec --delegate_path /usr/local/bin/runc --root /var/run/docker/runtime-runc/moby --log /run/docker/containerd/daemon/io.containerd.runtime.v2.task/moby/d143a0c382c471bf5bab26b676cca1e650d49ddde7abec870b26509e2e1a3ba6/log.json --log-format json delete --force d143a0c382c471bf5bab26b676cca1e650d49ddde7abec870b26509e2e1a3ba6]
        2025/08/31 22:04:54 delegatec environment: [HOSTNAME=c8a3e161c430 SHLVL=3 LD_LIBRARY_PATH=/opt/containerd/lib: HOME=/root MAX_SHIM_VERSION=2 container=docker TTRPC_ADDRESS=/var/run/docker/containerd/containerd.sock.ttrpc DIND_COMMIT=8d9e3502aba39127e4d12196dae16d306f76993d PATH=/opt/containerd/bin:/usr/local/sbin:/usr/local/bin:/usr/sbin:/usr/bin:/sbin:/bin GRPC_ADDRESS=/var/run/docker/containerd/containerd.sock DOCKER_VERSION=28.3.3 DOCKER_TLS_CERTDIR=/certs NAMESPACE=moby DOCKER_BUILDX_VERSION=0.26.1 DOCKER_COMPOSE_VERSION=2.39.1 PWD=/run/docker/containerd/daemon/io.containerd.runtime.v2.task/moby/d143a0c382c471bf5bab26b676cca1e650d49ddde7abec870b26509e2e1a3ba6 GOMAXPROCS=2]
        2025/08/31 22:04:54 delegatec parsed command: runc.Delete{Global:runc.Global{Root:"/var/run/docker/runtime-runc/moby", Debug:false, Log:"/run/docker/containerd/daemon/io.containerd.runtime.v2.task/moby/d143a0c382c471bf5bab26b676cca1e650d49ddde7abec870b26509e2e1a3ba6/log.json", LogFormat:"json", SystemdCgroup:false, Criu:"", Rootless:""}, Force:true, ContainerID:"d143a0c382c471bf5bab26b676cca1e650d49ddde7abec870b26509e2e1a3ba6"}
        2025/08/31 22:04:54 delegatec delegate path: /usr/local/bin/runc
        2025/08/31 22:04:55 delegatec called with args: [/usr/local/sbin/delegatec --delegate_path /usr/local/bin/runc --root /var/run/docker/runtime-runc/moby --log /var/run/docker/containerd/daemon/io.containerd.runtime.v2.task/moby/fb99825cc90b0faa74eec043da16bfe9226b2a4fa877dd19b932d5b9083eaca4/log.json --log-format json create --bundle /var/run/docker/containerd/daemon/io.containerd.runtime.v2.task/moby/fb99825cc90b0faa74eec043da16bfe9226b2a4fa877dd19b932d5b9083eaca4 --pid-file /var/run/docker/containerd/daemon/io.containerd.runtime.v2.task/moby/fb99825cc90b0faa74eec043da16bfe9226b2a4fa877dd19b932d5b9083eaca4/init.pid fb99825cc90b0faa74eec043da16bfe9226b2a4fa877dd19b932d5b9083eaca4]
        2025/08/31 22:04:55 delegatec environment: [HOSTNAME=c8a3e161c430 SHLVL=3 LD_LIBRARY_PATH=/opt/containerd/lib: HOME=/root MAX_SHIM_VERSION=2 container=docker TTRPC_ADDRESS=/var/run/docker/containerd/containerd.sock.ttrpc DIND_COMMIT=8d9e3502aba39127e4d12196dae16d306f76993d PATH=/opt/containerd/bin:/usr/local/sbin:/usr/local/bin:/usr/sbin:/usr/bin:/sbin:/bin GRPC_ADDRESS=/var/run/docker/containerd/containerd.sock DOCKER_VERSION=28.3.3 DOCKER_TLS_CERTDIR=/certs NAMESPACE=moby DOCKER_BUILDX_VERSION=0.26.1 DOCKER_COMPOSE_VERSION=2.39.1 PWD=/run/docker/containerd/daemon/io.containerd.runtime.v2.task/moby/fb99825cc90b0faa74eec043da16bfe9226b2a4fa877dd19b932d5b9083eaca4 GOMAXPROCS=4]
        2025/08/31 22:04:55 delegatec parsed command: runc.Create{Global:runc.Global{Root:"/var/run/docker/runtime-runc/moby", Debug:false, Log:"/var/run/docker/containerd/daemon/io.containerd.runtime.v2.task/moby/fb99825cc90b0faa74eec043da16bfe9226b2a4fa877dd19b932d5b9083eaca4/log.json", LogFormat:"json", SystemdCgroup:false, Criu:"", Rootless:""}, BundleOpt:runc.BundleOpt{Bundle:"/var/run/docker/containerd/daemon/io.containerd.runtime.v2.task/moby/fb99825cc90b0faa74eec043da16bfe9226b2a4fa877dd19b932d5b9083eaca4"}, ConsoleSocketOpt:runc.ConsoleSocketOpt{ConsoleSocket:""}, PivotKeyringFDsOpt:runc.PivotKeyringFDsOpt{NoPivot:false, NoNewKeyring:false, PreserveFDs:(*uint)(nil)}, PidFileOpt:runc.PidFileOpt{PidFile:"/var/run/docker/containerd/daemon/io.containerd.runtime.v2.task/moby/fb99825cc90b0faa74eec043da16bfe9226b2a4fa877dd19b932d5b9083eaca4/init.pid"}, ContainerID:"fb99825cc90b0faa74eec043da16bfe9226b2a4fa877dd19b932d5b9083eaca4"}
        2025/08/31 22:04:55 delegatec delegate path: /usr/local/bin/runc
        2025/08/31 22:04:55 delegatec called with args: [/usr/local/sbin/delegatec --delegate_path /usr/local/bin/runc --root /var/run/docker/runtime-runc/moby --log /run/docker/containerd/daemon/io.containerd.runtime.v2.task/moby/fb99825cc90b0faa74eec043da16bfe9226b2a4fa877dd19b932d5b9083eaca4/log.json --log-format json delete --force fb99825cc90b0faa74eec043da16bfe9226b2a4fa877dd19b932d5b9083eaca4]
        2025/08/31 22:04:55 delegatec environment: [HOSTNAME=c8a3e161c430 SHLVL=3 LD_LIBRARY_PATH=/opt/containerd/lib: HOME=/root MAX_SHIM_VERSION=2 container=docker TTRPC_ADDRESS=/var/run/docker/containerd/containerd.sock.ttrpc DIND_COMMIT=8d9e3502aba39127e4d12196dae16d306f76993d PATH=/opt/containerd/bin:/usr/local/sbin:/usr/local/bin:/usr/sbin:/usr/bin:/sbin:/bin GRPC_ADDRESS=/var/run/docker/containerd/containerd.sock DOCKER_VERSION=28.3.3 DOCKER_TLS_CERTDIR=/certs NAMESPACE=moby DOCKER_BUILDX_VERSION=0.26.1 DOCKER_COMPOSE_VERSION=2.39.1 PWD=/run/docker/containerd/daemon/io.containerd.runtime.v2.task/moby/fb99825cc90b0faa74eec043da16bfe9226b2a4fa877dd19b932d5b9083eaca4 GOMAXPROCS=2]
        2025/08/31 22:04:55 delegatec parsed command: runc.Delete{Global:runc.Global{Root:"/var/run/docker/runtime-runc/moby", Debug:false, Log:"/run/docker/containerd/daemon/io.containerd.runtime.v2.task/moby/fb99825cc90b0faa74eec043da16bfe9226b2a4fa877dd19b932d5b9083eaca4/log.json", LogFormat:"json", SystemdCgroup:false, Criu:"", Rootless:""}, Force:true, ContainerID:"fb99825cc90b0faa74eec043da16bfe9226b2a4fa877dd19b932d5b9083eaca4"}
        2025/08/31 22:04:55 delegatec delegate path: /usr/local/bin/runc
        2025/08/31 22:04:55 delegatec called with args: [/usr/local/sbin/delegatec --delegate_path /usr/local/bin/runc --root /var/run/docker/runtime-runc/moby --log /var/run/docker/containerd/daemon/io.containerd.runtime.v2.task/moby/050a937793a39149df3ceb634dde52f75f5f783ce33af859f2f5cd8c0f95b22e/log.json --log-format json create --bundle /var/run/docker/containerd/daemon/io.containerd.runtime.v2.task/moby/050a937793a39149df3ceb634dde52f75f5f783ce33af859f2f5cd8c0f95b22e --pid-file /var/run/docker/containerd/daemon/io.containerd.runtime.v2.task/moby/050a937793a39149df3ceb634dde52f75f5f783ce33af859f2f5cd8c0f95b22e/init.pid 050a937793a39149df3ceb634dde52f75f5f783ce33af859f2f5cd8c0f95b22e]
        2025/08/31 22:04:55 delegatec environment: [HOSTNAME=c8a3e161c430 SHLVL=3 LD_LIBRARY_PATH=/opt/containerd/lib: HOME=/root MAX_SHIM_VERSION=2 container=docker TTRPC_ADDRESS=/var/run/docker/containerd/containerd.sock.ttrpc DIND_COMMIT=8d9e3502aba39127e4d12196dae16d306f76993d PATH=/opt/containerd/bin:/usr/local/sbin:/usr/local/bin:/usr/sbin:/usr/bin:/sbin:/bin GRPC_ADDRESS=/var/run/docker/containerd/containerd.sock DOCKER_VERSION=28.3.3 DOCKER_TLS_CERTDIR=/certs NAMESPACE=moby DOCKER_BUILDX_VERSION=0.26.1 DOCKER_COMPOSE_VERSION=2.39.1 PWD=/run/docker/containerd/daemon/io.containerd.runtime.v2.task/moby/050a937793a39149df3ceb634dde52f75f5f783ce33af859f2f5cd8c0f95b22e GOMAXPROCS=4]
        2025/08/31 22:04:55 delegatec parsed command: runc.Create{Global:runc.Global{Root:"/var/run/docker/runtime-runc/moby", Debug:false, Log:"/var/run/docker/containerd/daemon/io.containerd.runtime.v2.task/moby/050a937793a39149df3ceb634dde52f75f5f783ce33af859f2f5cd8c0f95b22e/log.json", LogFormat:"json", SystemdCgroup:false, Criu:"", Rootless:""}, BundleOpt:runc.BundleOpt{Bundle:"/var/run/docker/containerd/daemon/io.containerd.runtime.v2.task/moby/050a937793a39149df3ceb634dde52f75f5f783ce33af859f2f5cd8c0f95b22e"}, ConsoleSocketOpt:runc.ConsoleSocketOpt{ConsoleSocket:""}, PivotKeyringFDsOpt:runc.PivotKeyringFDsOpt{NoPivot:false, NoNewKeyring:false, PreserveFDs:(*uint)(nil)}, PidFileOpt:runc.PidFileOpt{PidFile:"/var/run/docker/containerd/daemon/io.containerd.runtime.v2.task/moby/050a937793a39149df3ceb634dde52f75f5f783ce33af859f2f5cd8c0f95b22e/init.pid"}, ContainerID:"050a937793a39149df3ceb634dde52f75f5f783ce33af859f2f5cd8c0f95b22e"}
        2025/08/31 22:04:55 delegatec delegate path: /usr/local/bin/runc
        2025/08/31 22:04:55 delegatec called with args: [/usr/local/sbin/delegatec --delegate_path /usr/local/bin/runc --root /var/run/docker/runtime-runc/moby --log /run/docker/containerd/daemon/io.containerd.runtime.v2.task/moby/050a937793a39149df3ceb634dde52f75f5f783ce33af859f2f5cd8c0f95b22e/log.json --log-format json delete --force 050a937793a39149df3ceb634dde52f75f5f783ce33af859f2f5cd8c0f95b22e]
        2025/08/31 22:04:55 delegatec environment: [HOSTNAME=c8a3e161c430 SHLVL=3 LD_LIBRARY_PATH=/opt/containerd/lib: HOME=/root MAX_SHIM_VERSION=2 container=docker TTRPC_ADDRESS=/var/run/docker/containerd/containerd.sock.ttrpc DIND_COMMIT=8d9e3502aba39127e4d12196dae16d306f76993d PATH=/opt/containerd/bin:/usr/local/sbin:/usr/local/bin:/usr/sbin:/usr/bin:/sbin:/bin GRPC_ADDRESS=/var/run/docker/containerd/containerd.sock DOCKER_VERSION=28.3.3 DOCKER_TLS_CERTDIR=/certs NAMESPACE=moby DOCKER_BUILDX_VERSION=0.26.1 DOCKER_COMPOSE_VERSION=2.39.1 PWD=/run/docker/containerd/daemon/io.containerd.runtime.v2.task/moby/050a937793a39149df3ceb634dde52f75f5f783ce33af859f2f5cd8c0f95b22e GOMAXPROCS=2]
        2025/08/31 22:04:55 delegatec parsed command: runc.Delete{Global:runc.Global{Root:"/var/run/docker/runtime-runc/moby", Debug:false, Log:"/run/docker/containerd/daemon/io.containerd.runtime.v2.task/moby/050a937793a39149df3ceb634dde52f75f5f783ce33af859f2f5cd8c0f95b22e/log.json", LogFormat:"json", SystemdCgroup:false, Criu:"", Rootless:""}, Force:true, ContainerID:"050a937793a39149df3ceb634dde52f75f5f783ce33af859f2f5cd8c0f95b22e"}
        2025/08/31 22:04:55 delegatec delegate path: /usr/local/bin/runc
        
        --------------------
    dind_test.go:980: runc log empty
=== NAME  TestRuntimeParity/device_mapping
    dind_test.go:1013: runc exited with 0
    dind_test.go:1014: runc output:
        0
    dind_test.go:1015: delegatec exited with 125
    dind_test.go:1016: delegatec output:
        docker: Error response from daemon: failed to create task for container: failed to create shim task: OCI runtime create failed: /var/lib/docker/runtimes/delegatec.XQ4R1TXV9RVB-6VXNQQ6T94RZ3BX12S543VW4JWFW99SNDHTX9W0==== did not terminate successfully: exit status 2: unknown
        
        Run 'docker run --help' for more information
    dind_test.go:1019: mismatch: runc [0] "0" vs delegatec [125] "docker: Error response from daemon: failed to create task for container: failed to create shim task: OCI runtime create failed: /var/lib/docker/runtimes/delegatec.XQ4R1TXV9RVB-6VXNQQ6T94RZ3BX12S543VW4JWFW99SNDHTX9W0==== did not terminate successfully: exit status 2: unknown\n\nRun 'docker run --help' for more information"
=== NAME  TestRuntimeParity/container_logs
    dind_test.go:981: criu check exit code 0
        stdout:
        
        stderr:
=== NAME  TestRuntimeParity/device_mapping
    dind_test.go:979: --- delegatec.log ---
             � 2025/08/31 22:04:49 delegatec called with args: [/usr/local/sbin/delegatec --delegate_path /usr/local/bin/runc features]
        2025/08/31 22:04:49 delegatec environment: [OTEL_EXPORTER_OTLP_TRACES_PROTOCOL=http/protobuf HOSTNAME=c8a3e161c430 SHLVL=3 HOME=/root OTEL_SERVICE_NAME=dockerd OTEL_EXPORTER_OTLP_METRICS_PROTOCOL=http/protobuf container=docker TMPDIR=/var/lib/docker/tmp DIND_COMMIT=8d9e3502aba39127e4d12196dae16d306f76993d PATH=/usr/local/sbin:/usr/local/bin:/usr/sbin:/usr/bin:/sbin:/bin DOCKER_VERSION=28.3.3 DOCKER_TLS_CERTDIR=/certs DOCKER_BUILDX_VERSION=0.26.1 DOCKER_COMPOSE_VERSION=2.39.1 PWD=/]
        2025/08/31 22:04:49 delegatec parsed command: runc.Features{Global:runc.Global{Root:"", Debug:false, Log:"", LogFormat:"", SystemdCgroup:false, Criu:"", Rootless:""}}
        2025/08/31 22:04:49 delegatec delegate path: /usr/local/bin/runc
        2025/08/31 22:04:53 delegatec called with args: [/usr/local/sbin/delegatec --delegate_path /usr/local/bin/runc --root /var/run/docker/runtime-runc/moby --log /var/run/docker/containerd/daemon/io.containerd.runtime.v2.task/moby/f1a0c8a200d819f7990465c877c3167372da7b8098a450176b06e6c1cc7ab420/log.json --log-format json create --bundle /var/run/docker/containerd/daemon/io.containerd.runtime.v2.task/moby/f1a0c8a200d819f7990465c877c3167372da7b8098a450176b06e6c1cc7ab420 --pid-file /var/run/docker/containerd/daemon/io.containerd.runtime.v2.task/moby/f1a0c8a200d819f7990465c877c3167372da7b8098a450176b06e6c1cc7ab420/init.pid f1a0c8a200d819f7990465c877c3167372da7b8098a450176b06e6c1cc7ab420]
        2025/08/31 22:04:53 delegatec environment: [HOSTNAME=c8a3e161c430 SHLVL=3 LD_LIBRARY_PATH=/opt/containerd/lib: HOME=/root MAX_SHIM_VERSION=2 container=docker TTRPC_ADDRESS=/var/run/docker/containerd/containerd.sock.ttrpc DIND_COMMIT=8d9e3502aba39127e4d12196dae16d306f76993d PATH=/opt/containerd/bin:/usr/local/sbin:/usr/local/bin:/usr/sbin:/usr/bin:/sbin:/bin GRPC_ADDRESS=/var/run/docker/containerd/containerd.sock DOCKER_VERSION=28.3.3 DOCKER_TLS_CERTDIR=/certs NAMESPACE=moby DOCKER_BUILDX_VERSION=0.26.1 DOCKER_COMPOSE_VERSION=2.39.1 PWD=/run/docker/containerd/daemon/io.containerd.runtime.v2.task/moby/f1a0c8a200d819f7990465c877c3167372da7b8098a450176b06e6c1cc7ab420 GOMAXPROCS=4]
        2025/08/31 22:04:53 delegatec parsed command: runc.Create{Global:runc.Global{Root:"/var/run/docker/runtime-runc/moby", Debug:false, Log:"/var/run/docker/containerd/daemon/io.containerd.runtime.v2.task/moby/f1a0c8a200d819f7990465c877c3167372da7b8098a450176b06e6c1cc7ab420/log.json", LogFormat:"json", SystemdCgroup:false, Criu:"", Rootless:""}, BundleOpt:runc.BundleOpt{Bundle:"/var/run/docker/containerd/daemon/io.containerd.runtime.v2.task/moby/f1a0c8a200d819f7990465c877c3167372da7b8098a450176b06e6c1cc7ab420"}, ConsoleSocketOpt:runc.ConsoleSocketOpt{ConsoleSocket:""}, PivotKeyringFDsOpt:runc.PivotKeyringFDsOpt{NoPivot:false, NoNewKeyring:false, PreserveFDs:(*uint)(nil)}, PidFileOpt:runc.PidFileOpt{PidFile:"/var/run/docker/containerd/daemon/io.containerd.runtime.v2.task/moby/f1a0c8a200d819f7990465c877c3167372da7b8098a450176b06e6c1cc7ab420/init.pid"}, ContainerID:"f1a0c8a200d819f7990465c877c3167372da7b8098a450176b06e6c1cc7ab420"}
        2025/08/31 22:04:53 delegatec delegate path: /usr/local/bin/runc
        2025/08/31 22:04:53 delegatec called with args: [/usr/local/sbin/delegatec --delegate_path /usr/local/bin/runc --root /var/run/docker/runtime-runc/moby --log /run/docker/containerd/daemon/io.containerd.runtime.v2.task/moby/f1a0c8a200d819f7990465c877c3167372da7b8098a450176b06e6c1cc7ab420/log.json --log-format json delete --force f1a0c8a200d819f7990465c877c3167372da7b8098a450176b06e6c1cc7ab420]
        2025/08/31 22:04:53 delegatec environment: [HOSTNAME=c8a3e161c430 SHLVL=3 LD_LIBRARY_PATH=/opt/containerd/lib: HOME=/root MAX_SHIM_VERSION=2 container=docker TTRPC_ADDRESS=/var/run/docker/containerd/containerd.sock.ttrpc DIND_COMMIT=8d9e3502aba39127e4d12196dae16d306f76993d PATH=/opt/containerd/bin:/usr/local/sbin:/usr/local/bin:/usr/sbin:/usr/bin:/sbin:/bin GRPC_ADDRESS=/var/run/docker/containerd/containerd.sock DOCKER_VERSION=28.3.3 DOCKER_TLS_CERTDIR=/certs NAMESPACE=moby DOCKER_BUILDX_VERSION=0.26.1 DOCKER_COMPOSE_VERSION=2.39.1 PWD=/run/docker/containerd/daemon/io.containerd.runtime.v2.task/moby/f1a0c8a200d819f7990465c877c3167372da7b8098a450176b06e6c1cc7ab420 GOMAXPROCS=2]
        2025/08/31 22:04:53 delegatec parsed command: runc.Delete{Global:runc.Global{Root:"/var/run/docker/runtime-runc/moby", Debug:false, Log:"/run/docker/containerd/daemon/io.containerd.runtime.v2.task/moby/f1a0c8a200d819f7990465c877c3167372da7b8098a450176b06e6c1cc7ab420/log.json", LogFormat:"json", SystemdCgroup:false, Criu:"", Rootless:""}, Force:true, ContainerID:"f1a0c8a200d819f7990465c877c3167372da7b8098a450176b06e6c1cc7ab420"}
        2025/08/31 22:04:53 delegatec delegate path: /usr/local/bin/runc
        2025/08/31 22:04:53 delegatec called with args: [/usr/local/sbin/delegatec --delegate_path /usr/local/bin/runc --root /var/run/docker/runtime-runc/moby --log /var/run/docker/containerd/daemon/io.containerd.runtime.v2.task/moby/64c7ba2988912e54e9e4e5a75478b500d40ccdd4d52aaa939ca6f7c38c0b906c/log.json --log-format json create --bundle /var/run/docker/containerd/daemon/io.containerd.runtime.v2.task/moby/64c7ba2988912e54e9e4e5a75478b500d40ccdd4d52aaa939ca6f7c38c0b906c --pid-file /var/run/docker/containerd/daemon/io.containerd.runtime.v2.task/moby/64c7ba2988912e54e9e4e5a75478b500d40ccdd4d52aaa939ca6f7c38c0b906c/init.pid 64c7ba2988912e54e9e4e5a75478b500d40ccdd4d52aaa939ca6f7c38c0b906c]
        2025/08/31 22:04:53 delegatec environment: [HOSTNAME=c8a3e161c430 SHLVL=3 LD_LIBRARY_PATH=/opt/containerd/lib: HOME=/root MAX_SHIM_VERSION=2 container=docker TTRPC_ADDRESS=/var/run/docker/containerd/containerd.sock.ttrpc DIND_COMMIT=8d9e3502aba39127e4d12196dae16d306f76993d PATH=/opt/containerd/bin:/usr/local/sbin:/usr/local/bin:/usr/sbin:/usr/bin:/sbin:/bin GRPC_ADDRESS=/var/run/docker/containerd/containerd.sock DOCKER_VERSION=28.3.3 DOCKER_TLS_CERTDIR=/certs NAMESPACE=moby DOCKER_BUILDX_VERSION=0.26.1 DOCKER_COMPOSE_VERSION=2.39.1 PWD=/run/docker/containerd/daemon/io.containerd.runtime.v2.task/moby/64c7ba2988912e54e9e4e5a75478b500d40ccdd4d52aaa939ca6f7c38c0b906c GOMAXPROCS=4]
        2025/08/31 22:04:53 delegatec parsed command: runc.Create{Global:runc.Global{Root:"/var/run/docker/runtime-runc/moby", Debug:false, Log:"/var/run/docker/containerd/daemon/io.containerd.runtime.v2.task/moby/64c7ba2988912e54e9e4e5a75478b500d40ccdd4d52aaa939ca6f7c38c0b906c/log.json", LogFormat:"json", SystemdCgroup:false, Criu:"", Rootless:""}, BundleOpt:runc.BundleOpt{Bundle:"/var/run/docker/containerd/daemon/io.containerd.runtime.v2.task/moby/64c7ba2988912e54e9e4e5a75478b500d40ccdd4d52aaa939ca6f7c38c0b906c"}, ConsoleSocketOpt:runc.ConsoleSocketOpt{ConsoleSocket:""}, PivotKeyringFDsOpt:runc.PivotKeyringFDsOpt{NoPivot:false, NoNewKeyring:false, PreserveFDs:(*uint)(nil)}, PidFileOpt:runc.PidFileOpt{PidFile:"/var/run/docker/containerd/daemon/io.containerd.runtime.v2.task/moby/64c7ba2988912e54e9e4e5a75478b500d40ccdd4d52aaa939ca6f7c38c0b906c/init.pid"}, ContainerID:"64c7ba2988912e54e9e4e5a75478b500d40ccdd4d52aaa939ca6f7c38c0b906c"}
        2025/08/31 22:04:53 delegatec delegate path: /usr/local/bin/runc
        2025/08/31 22:04:53 delegatec called with args: [/usr/local/sbin/delegatec --delegate_path /usr/local/bin/runc --root /var/run/docker/runtime-runc/moby --log /run/docker/containerd/daemon/io.containerd.runtime.v2.task/moby/64c7ba2988912e54e9e4e5a75478b500d40ccdd4d52aaa939ca6f7c38c0b906c/log.json --log-format json delete --force 64c7ba2988912e54e9e4e5a75478b500d40ccdd4d52aaa939ca6f7c38c0b906c]
        2025/08/31 22:04:53 delegatec environment: [HOSTNAME=c8a3e161c430 SHLVL=3 LD_LIBRARY_PATH=/opt/containerd/lib: HOME=/root MAX_SHIM_VERSION=2 container=docker TTRPC_ADDRESS=/var/run/docker/containerd/containerd.sock.ttrpc DIND_COMMIT=8d9e3502aba39127e4d12196dae16d306f76993d PATH=/opt/containerd/bin:/usr/local/sbin:/usr/local/bin:/usr/sbin:/usr/bin:/sbin:/bin GRPC_ADDRESS=/var/run/docker/containerd/containerd.sock DOCKER_VERSION=28.3.3 DOCKER_TLS_CERTDIR=/certs NAMESPACE=moby DOCKER_BUILDX_VERSION=0.26.1 DOCKER_COMPOSE_VERSION=2.39.1 PWD=/run/docker/containerd/daemon/io.containerd.runtime.v2.task/moby/64c7ba2988912e54e9e4e5a75478b500d40ccdd4d52aaa939ca6f7c38c0b906c GOMAXPROCS=2]
        2025/08/31 22:04:53 delegatec parsed command: runc.Delete{Global:runc.Global{Root:"/var/run/docker/runtime-runc/moby", Debug:false, Log:"/run/docker/containerd/daemon/io.containerd.runtime.v2.task/moby/64c7ba2988912e54e9e4e5a75478b500d40ccdd4d52aaa939ca6f7c38c0b906c/log.json", LogFormat:"json", SystemdCgroup:false, Criu:"", Rootless:""}, Force:true, ContainerID:"64c7ba2988912e54e9e4e5a75478b500d40ccdd4d52aaa939ca6f7c38c0b906c"}
        2025/08/31 22:04:53 delegatec delegate path: /usr/local/bin/runc
        2025/08/31 22:04:54 delegatec called with args: [/usr/local/sbin/delegatec --delegate_path /usr/local/bin/runc --root /var/run/docker/runtime-runc/moby --log /var/run/docker/containerd/daemon/io.containerd.runtime.v2.task/moby/6d7d41ae797e267e0259af30d1176e242276d42f7479f93eb0ad423a21871cbd/log.json --log-format json create --bundle /var/run/docker/containerd/daemon/io.containerd.runtime.v2.task/moby/6d7d41ae797e267e0259af30d1176e242276d42f7479f93eb0ad423a21871cbd --pid-file /var/run/docker/containerd/daemon/io.containerd.runtime.v2.task/moby/6d7d41ae797e267e0259af30d1176e242276d42f7479f93eb0ad423a21871cbd/init.pid 6d7d41ae797e267e0259af30d1176e242276d42f7479f93eb0ad423a21871cbd]
        2025/08/31 22:04:54 delegatec environment: [HOSTNAME=c8a3e161c430 SHLVL=3 LD_LIBRARY_PATH=/opt/containerd/lib: HOME=/root MAX_SHIM_VERSION=2 container=docker TTRPC_ADDRESS=/var/run/docker/containerd/containerd.sock.ttrpc DIND_COMMIT=8d9e3502aba39127e4d12196dae16d306f76993d PATH=/opt/containerd/bin:/usr/local/sbin:/usr/local/bin:/usr/sbin:/usr/bin:/sbin:/bin GRPC_ADDRESS=/var/run/docker/containerd/containerd.sock DOCKER_VERSION=28.3.3 DOCKER_TLS_CERTDIR=/certs NAMESPACE=moby DOCKER_BUILDX_VERSION=0.26.1 DOCKER_COMPOSE_VERSION=2.39.1 PWD=/run/docker/containerd/daemon/io.containerd.runtime.v2.task/moby/6d7d41ae797e267e0259af30d1176e242276d42f7479f93eb0ad423a21871cbd GOMAXPROCS=4]
        2025/08/31 22:04:54 delegatec parsed command: runc.Create{Global:runc.Global{Root:"/var/run/docker/runtime-runc/moby", Debug:false, Log:"/var/run/docker/containerd/daemon/io.containerd.runtime.v2.task/moby/6d7d41ae797e267e0259af30d1176e242276d42f7479f93eb0ad423a21871cbd/log.json", LogFormat:"json", SystemdCgroup:false, Criu:"", Rootless:""}, BundleOpt:runc.BundleOpt{Bundle:"/var/run/docker/containerd/daemon/io.containerd.runtime.v2.task/moby/6d7d41ae797e267e0259af30d1176e242276d42f7479f93eb0ad423a21871cbd"}, ConsoleSocketOpt:runc.ConsoleSocketOpt{ConsoleSocket:""}, PivotKeyringFDsOpt:runc.PivotKeyringFDsOpt{NoPivot:false, NoNewKeyring:false, PreserveFDs:(*uint)(nil)}, PidFileOpt:runc.PidFileOpt{PidFile:"/var/run/docker/containerd/daemon/io.containerd.runtime.v2.task/moby/6d7d41ae797e267e0259af30d1176e242276d42f7479f93eb0ad423a21871cbd/init.pid"}, ContainerID:"6d7d41ae797e267e0259af30d1176e242276d42f7479f93eb0ad423a21871cbd"}
        2025/08/31 22:04:54 delegatec delegate path: /usr/local/bin/runc
        2025/08/31 22:04:54 delegatec called with args: [/usr/local/sbin/delegatec --delegate_path /usr/local/bin/runc --root /var/run/docker/runtime-runc/moby --log /run/docker/containerd/daemon/io.containerd.runtime.v2.task/moby/6d7d41ae797e267e0259af30d1176e242276d42f7479f93eb0ad423a21871cbd/log.json --log-format json delete --force 6d7d41ae797e267e0259af30d1176e242276d42f7479f93eb0ad423a21871cbd]
        2025/08/31 22:04:54 delegatec environment: [HOSTNAME=c8a3e161c430 SHLVL=3 LD_LIBRARY_PATH=/opt/containerd/lib: HOME=/root MAX_SHIM_VERSION=2 container=docker TTRPC_ADDRESS=/var/run/docker/containerd/containerd.sock.ttrpc DIND_COMMIT=8d9e3502aba39127e4d12196dae16d306f76993d PATH=/opt/containerd/bin:/usr/local/sbin:/usr/local/bin:/usr/sbin:/usr/bin:/sbin:/bin GRPC_ADDRESS=/var/run/docker/containerd/containerd.sock DOCKER_VERSION=28.3.3 DOCKER_TLS_CERTDIR=/certs NAMESPACE=moby DOCKER_BUILDX_VERSION=0.26.1 DOCKER_COMPOSE_VERSION=2.39.1 PWD=/run/docker/containerd/daemon/io.containerd.runtime.v2.task/moby/6d7d41ae797e267e0259af30d1176e242276d42f7479f93eb0ad423a21871cbd GOMAXPROCS=2]
        2025/08/31 22:04:54 delegatec parsed command: runc.Delete{Global:runc.Global{Root:"/var/run/docker/runtime-runc/moby", Debug:false, Log:"/run/docker/containerd/daemon/io.containerd.runtime.v2.task/moby/6d7d41ae797e267e0259af30d1176e242276d42f7479f93eb0ad423a21871cbd/log.json", LogFormat:"json", SystemdCgroup:false, Criu:"", Rootless:""}, Force:true, ContainerID:"6d7d41ae797e267e0259af30d1176e242276d42f7479f93eb0ad423a21871cbd"}
        2025/08/31 22:04:54 delegatec delegate path: /usr/local/bin/runc
        2025/08/31 22:04:54 delegatec called with args: [/usr/local/sbin/delegatec --delegate_path /usr/local/bin/runc --root /var/run/docker/runtime-runc/moby --log /var/run/docker/containerd/daemon/io.containerd.runtime.v2.task/moby/07c8591552ce3964704b776752571bbf36a61eb1fac706e0195187dd966fd429/log.json --log-format json create --bundle /var/run/docker/containerd/daemon/io.containerd.runtime.v2.task/moby/07c8591552ce3964704b776752571bbf36a61eb1fac706e0195187dd966fd429 --pid-file /var/run/docker/containerd/daemon/io.containerd.runtime.v2.task/moby/07c8591552ce3964704b776752571bbf36a61eb1fac706e0195187dd966fd429/init.pid 07c8591552ce3964704b776752571bbf36a61eb1fac706e0195187dd966fd429]
        2025/08/31 22:04:54 delegatec environment: [HOSTNAME=c8a3e161c430 SHLVL=3 LD_LIBRARY_PATH=/opt/containerd/lib: HOME=/root MAX_SHIM_VERSION=2 container=docker TTRPC_ADDRESS=/var/run/docker/containerd/containerd.sock.ttrpc DIND_COMMIT=8d9e3502aba39127e4d12196dae16d306f76993d PATH=/opt/containerd/bin:/usr/local/sbin:/usr/local/bin:/usr/sbin:/usr/bin:/sbin:/bin GRPC_ADDRESS=/var/run/docker/containerd/containerd.sock DOCKER_VERSION=28.3.3 DOCKER_TLS_CERTDIR=/certs NAMESPACE=moby DOCKER_BUILDX_VERSION=0.26.1 DOCKER_COMPOSE_VERSION=2.39.1 PWD=/run/docker/containerd/daemon/io.containerd.runtime.v2.task/moby/07c8591552ce3964704b776752571bbf36a61eb1fac706e0195187dd966fd429 GOMAXPROCS=4]
        2025/08/31 22:04:54 delegatec parsed command: runc.Create{Global:runc.Global{Root:"/var/run/docker/runtime-runc/moby", Debug:false, Log:"/var/run/docker/containerd/daemon/io.containerd.runtime.v2.task/moby/07c8591552ce3964704b776752571bbf36a61eb1fac706e0195187dd966fd429/log.json", LogFormat:"json", SystemdCgroup:false, Criu:"", Rootless:""}, BundleOpt:runc.BundleOpt{Bundle:"/var/run/docker/containerd/daemon/io.containerd.runtime.v2.task/moby/07c8591552ce3964704b776752571bbf36a61eb1fac706e0195187dd966fd429"}, ConsoleSocketOpt:runc.ConsoleSocketOpt{ConsoleSocket:""}, PivotKeyringFDsOpt:runc.PivotKeyringFDsOpt{NoPivot:false, NoNewKeyring:false, PreserveFDs:(*uint)(nil)}, PidFileOpt:runc.PidFileOpt{PidFile:"/var/run/docker/containerd/daemon/io.containerd.runtime.v2.task/moby/07c8591552ce3964704b776752571bbf36a61eb1fac706e0195187dd966fd429/init.pid"}, ContainerID:"07c8591552ce3964704b776752571bbf36a61eb1fac706e0195187dd966fd429"}
        2025/08/31 22:04:54 delegatec delegate path: /usr/local/bin/runc
        2025/08/31 22:04:54 delegatec called with args: [/usr/local/sbin/delegatec --delegate_path /usr/local/bin/runc --root /var/run/docker/runtime-runc/moby --log /run/docker/containerd/daemon/io.containerd.runtime.v2.task/moby/07c8591552ce3964704b776752571bbf36a61eb1fac706e0195187dd966fd429/log.json --log-format json delete --force 07c8591552ce3964704b776752571bbf36a61eb1fac706e0195187dd966fd429]
        2025/08/31 22:04:54 delegatec environment: [HOSTNAME=c8a3e161c430 SHLVL=3 LD_LIBRARY_PATH=/opt/containerd/lib: HOME=/root MAX_SHIM_VERSION=2 container=docker TTRPC_ADDRESS=/var/run/docker/containerd/containerd.sock.ttrpc DIND_COMMIT=8d9e3502aba39127e4d12196dae16d306f76993d PATH=/opt/containerd/bin:/usr/local/sbin:/usr/local/bin:/usr/sbin:/usr/bin:/sbin:/bin GRPC_ADDRESS=/var/run/docker/containerd/containerd.sock DOCKER_VERSION=28.3.3 DOCKER_TLS_CERTDIR=/certs NAMESPACE=moby DOCKER_BUILDX_VERSION=0.26.1 DOCKER_COMPOSE_VERSION=2.39.1 PWD=/run/docker/containerd/daemon/io.containerd.runtime.v2.task/moby/07c8591552ce3964704b776752571bbf36a61eb1fac706e0195187dd966fd429 GOMAXPROCS=2]
        2025/08/31 22:04:54 delegatec parsed command: runc.Delete{Global:runc.Global{Root:"/var/run/docker/runtime-runc/moby", Debug:false, Log:"/run/docker/containerd/daemon/io.containerd.runtime.v2.task/moby/07c8591552ce3964704b776752571bbf36a61eb1fac706e0195187dd966fd429/log.json", LogFormat:"json", SystemdCgroup:false, Criu:"", Rootless:""}, Force:true, ContainerID:"07c8591552ce3964704b776752571bbf36a61eb1fac706e0195187dd966fd429"}
        2025/08/31 22:04:54 delegatec delegate path: /usr/local/bin/runc
        2025/08/31 22:04:54 delegatec called with args: [/usr/local/sbin/delegatec --delegate_path /usr/local/bin/runc --root /var/run/docker/runtime-runc/moby --log /var/run/docker/containerd/daemon/io.containerd.runtime.v2.task/moby/e30eb13063c86391117819bf0028f29d5e1cbc17d3765fcf890e9d2a5e06d990/log.json --log-format json create --bundle /var/run/docker/containerd/daemon/io.containerd.runtime.v2.task/moby/e30eb13063c86391117819bf0028f29d5e1cbc17d3765fcf890e9d2a5e06d990 --pid-file /var/run/docker/containerd/daemon/io.containerd.runtime.v2.task/moby/e30eb13063c86391117819bf0028f29d5e1cbc17d3765fcf890e9d2a5e06d990/init.pid e30eb13063c86391117819bf0028f29d5e1cbc17d3765fcf890e9d2a5e06d990]
        2025/08/31 22:04:54 delegatec environment: [HOSTNAME=c8a3e161c430 SHLVL=3 LD_LIBRARY_PATH=/opt/containerd/lib: HOME=/root MAX_SHIM_VERSION=2 container=docker TTRPC_ADDRESS=/var/run/docker/containerd/containerd.sock.ttrpc DIND_COMMIT=8d9e3502aba39127e4d12196dae16d306f76993d PATH=/opt/containerd/bin:/usr/local/sbin:/usr/local/bin:/usr/sbin:/usr/bin:/sbin:/bin GRPC_ADDRESS=/var/run/docker/containerd/containerd.sock DOCKER_VERSION=28.3.3 DOCKER_TLS_CERTDIR=/certs NAMESPACE=moby DOCKER_BUILDX_VERSION=0.26.1 DOCKER_COMPOSE_VERSION=2.39.1 PWD=/run/docker/containerd/daemon/io.containerd.runtime.v2.task/moby/e30eb13063c86391117819bf0028f29d5e1cbc17d3765fcf890e9d2a5e06d990 GOMAXPROCS=4]
        2025/08/31 22:04:54 delegatec parsed command: runc.Create{Global:runc.Global{Root:"/var/run/docker/runtime-runc/moby", Debug:false, Log:"/var/run/docker/containerd/daemon/io.containerd.runtime.v2.task/moby/e30eb13063c86391117819bf0028f29d5e1cbc17d3765fcf890e9d2a5e06d990/log.json", LogFormat:"json", SystemdCgroup:false, Criu:"", Rootless:""}, BundleOpt:runc.BundleOpt{Bundle:"/var/run/docker/containerd/daemon/io.containerd.runtime.v2.task/moby/e30eb13063c86391117819bf0028f29d5e1cbc17d3765fcf890e9d2a5e06d990"}, ConsoleSocketOpt:runc.ConsoleSocketOpt{ConsoleSocket:""}, PivotKeyringFDsOpt:runc.PivotKeyringFDsOpt{NoPivot:false, NoNewKeyring:false, PreserveFDs:(*uint)(nil)}, PidFileOpt:runc.PidFileOpt{PidFile:"/var/run/docker/containerd/daemon/io.containerd.runtime.v2.task/moby/e30eb13063c86391117819bf0028f29d5e1cbc17d3765fcf890e9d2a5e06d990/init.pid"}, ContainerID:"e30eb13063c86391117819bf0028f29d5e1cbc17d3765fcf890e9d2a5e06d990"}
        2025/08/31 22:04:54 delegatec delegate path: /usr/local/bin/runc
        2025/08/31 22:04:54 delegatec called with args: [/usr/local/sbin/delegatec --delegate_path /usr/local/bin/runc --root /var/run/docker/runtime-runc/moby --log /run/docker/containerd/daemon/io.containerd.runtime.v2.task/moby/e30eb13063c86391117819bf0028f29d5e1cbc17d3765fcf890e9d2a5e06d990/log.json --log-format json delete --force e30eb13063c86391117819bf0028f29d5e1cbc17d3765fcf890e9d2a5e06d990]
        2025/08/31 22:04:54 delegatec environment: [HOSTNAME=c8a3e161c430 SHLVL=3 LD_LIBRARY_PATH=/opt/containerd/lib: HOME=/root MAX_SHIM_VERSION=2 container=docker TTRPC_ADDRESS=/var/run/docker/containerd/containerd.sock.ttrpc DIND_COMMIT=8d9e3502aba39127e4d12196dae16d306f76993d PATH=/opt/containerd/bin:/usr/local/sbin:/usr/local/bin:/usr/sbin:/usr/bin:/sbin:/bin GRPC_ADDRESS=/var/run/docker/containerd/containerd.sock DOCKER_VERSION=28.3.3 DOCKER_TLS_CERTDIR=/certs NAMESPACE=moby DOCKER_BUILDX_VERSION=0.26.1 DOCKER_COMPOSE_VERSION=2.39.1 PWD=/run/docker/containerd/daemon/io.containerd.runtime.v2.task/moby/e30eb13063c86391117819bf0028f29d5e1cbc17d3765fcf890e9d2a5e06d990 GOMAXPROCS=2]
        2025/08/31 22:04:54 delegatec parsed command: runc.Delete{Global:runc.Global{Root:"/var/run/docker/runtime-runc/moby", Debug:false, Log:"/run/docker/containerd/daemon/io.containerd.runtime.v2.task/moby/e30eb13063c86391117819bf0028f29d5e1cbc17d3765fcf890e9d2a5e06d990/log.json", LogFormat:"json", SystemdCgroup:false, Criu:"", Rootless:""}, Force:true, ContainerID:"e30eb13063c86391117819bf0028f29d5e1cbc17d3765fcf890e9d2a5e06d990"}
        2025/08/31 22:04:54 delegatec delegate path: /usr/local/bin/runc
        2025/08/31 22:04:54 delegatec called with args: [/usr/local/sbin/delegatec --delegate_path /usr/local/bin/runc --root /var/run/docker/runtime-runc/moby --log /var/run/docker/containerd/daemon/io.containerd.runtime.v2.task/moby/d143a0c382c471bf5bab26b676cca1e650d49ddde7abec870b26509e2e1a3ba6/log.json --log-format json create --bundle /var/run/docker/containerd/daemon/io.containerd.runtime.v2.task/moby/d143a0c382c471bf5bab26b676cca1e650d49ddde7abec870b26509e2e1a3ba6 --pid-file /var/run/docker/containerd/daemon/io.containerd.runtime.v2.task/moby/d143a0c382c471bf5bab26b676cca1e650d49ddde7abec870b26509e2e1a3ba6/init.pid --console-socket /tmp/pty1137009885/pty.sock d143a0c382c471bf5bab26b676cca1e650d49ddde7abec870b26509e2e1a3ba6]
        2025/08/31 22:04:54 delegatec environment: [HOSTNAME=c8a3e161c430 SHLVL=3 LD_LIBRARY_PATH=/opt/containerd/lib: HOME=/root MAX_SHIM_VERSION=2 container=docker TTRPC_ADDRESS=/var/run/docker/containerd/containerd.sock.ttrpc DIND_COMMIT=8d9e3502aba39127e4d12196dae16d306f76993d PATH=/opt/containerd/bin:/usr/local/sbin:/usr/local/bin:/usr/sbin:/usr/bin:/sbin:/bin GRPC_ADDRESS=/var/run/docker/containerd/containerd.sock DOCKER_VERSION=28.3.3 DOCKER_TLS_CERTDIR=/certs NAMESPACE=moby DOCKER_BUILDX_VERSION=0.26.1 DOCKER_COMPOSE_VERSION=2.39.1 PWD=/run/docker/containerd/daemon/io.containerd.runtime.v2.task/moby/d143a0c382c471bf5bab26b676cca1e650d49ddde7abec870b26509e2e1a3ba6 GOMAXPROCS=4]
        2025/08/31 22:04:54 delegatec parsed command: runc.Create{Global:runc.Global{Root:"/var/run/docker/runtime-runc/moby", Debug:false, Log:"/var/run/docker/containerd/daemon/io.containerd.runtime.v2.task/moby/d143a0c382c471bf5bab26b676cca1e650d49ddde7abec870b26509e2e1a3ba6/log.json", LogFormat:"json", SystemdCgroup:false, Criu:"", Rootless:""}, BundleOpt:runc.BundleOpt{Bundle:"/var/run/docker/containerd/daemon/io.containerd.runtime.v2.task/moby/d143a0c382c471bf5bab26b676cca1e650d49ddde7abec870b26509e2e1a3ba6"}, ConsoleSocketOpt:runc.ConsoleSocketOpt{ConsoleSocket:"/tmp/pty1137009885/pty.sock"}, PivotKeyringFDsOpt:runc.PivotKeyringFDsOpt{NoPivot:false, NoNewKeyring:false, PreserveFDs:(*uint)(nil)}, PidFileOpt:runc.PidFileOpt{PidFile:"/var/run/docker/containerd/daemon/io.containerd.runtime.v2.task/moby/d143a0c382c471bf5bab26b676cca1e650d49ddde7abec870b26509e2e1a3ba6/init.pid"}, ContainerID:"d143a0c382c471bf5bab26b676cca1e650d49ddde7abec870b26509e2e1a3ba6"}
        2025/08/31 22:04:54 delegatec delegate path: /usr/local/bin/runc
        2025/08/31 22:04:54 delegatec called with args: [/usr/local/sbin/delegatec --delegate_path /usr/local/bin/runc --root /var/run/docker/runtime-runc/moby --log /run/docker/containerd/daemon/io.containerd.runtime.v2.task/moby/d143a0c382c471bf5bab26b676cca1e650d49ddde7abec870b26509e2e1a3ba6/log.json --log-format json delete --force d143a0c382c471bf5bab26b676cca1e650d49ddde7abec870b26509e2e1a3ba6]
        2025/08/31 22:04:54 delegatec environment: [HOSTNAME=c8a3e161c430 SHLVL=3 LD_LIBRARY_PATH=/opt/containerd/lib: HOME=/root MAX_SHIM_VERSION=2 container=docker TTRPC_ADDRESS=/var/run/docker/containerd/containerd.sock.ttrpc DIND_COMMIT=8d9e3502aba39127e4d12196dae16d306f76993d PATH=/opt/containerd/bin:/usr/local/sbin:/usr/local/bin:/usr/sbin:/usr/bin:/sbin:/bin GRPC_ADDRESS=/var/run/docker/containerd/containerd.sock DOCKER_VERSION=28.3.3 DOCKER_TLS_CERTDIR=/certs NAMESPACE=moby DOCKER_BUILDX_VERSION=0.26.1 DOCKER_COMPOSE_VERSION=2.39.1 PWD=/run/docker/containerd/daemon/io.containerd.runtime.v2.task/moby/d143a0c382c471bf5bab26b676cca1e650d49ddde7abec870b26509e2e1a3ba6 GOMAXPROCS=2]
        2025/08/31 22:04:54 delegatec parsed command: runc.Delete{Global:runc.Global{Root:"/var/run/docker/runtime-runc/moby", Debug:false, Log:"/run/docker/containerd/daemon/io.containerd.runtime.v2.task/moby/d143a0c382c471bf5bab26b676cca1e650d49ddde7abec870b26509e2e1a3ba6/log.json", LogFormat:"json", SystemdCgroup:false, Criu:"", Rootless:""}, Force:true, ContainerID:"d143a0c382c471bf5bab26b676cca1e650d49ddde7abec870b26509e2e1a3ba6"}
        2025/08/31 22:04:54 delegatec delegate path: /usr/local/bin/runc
        2025/08/31 22:04:55 delegatec called with args: [/usr/local/sbin/delegatec --delegate_path /usr/local/bin/runc --root /var/run/docker/runtime-runc/moby --log /var/run/docker/containerd/daemon/io.containerd.runtime.v2.task/moby/fb99825cc90b0faa74eec043da16bfe9226b2a4fa877dd19b932d5b9083eaca4/log.json --log-format json create --bundle /var/run/docker/containerd/daemon/io.containerd.runtime.v2.task/moby/fb99825cc90b0faa74eec043da16bfe9226b2a4fa877dd19b932d5b9083eaca4 --pid-file /var/run/docker/containerd/daemon/io.containerd.runtime.v2.task/moby/fb99825cc90b0faa74eec043da16bfe9226b2a4fa877dd19b932d5b9083eaca4/init.pid fb99825cc90b0faa74eec043da16bfe9226b2a4fa877dd19b932d5b9083eaca4]
        2025/08/31 22:04:55 delegatec environment: [HOSTNAME=c8a3e161c430 SHLVL=3 LD_LIBRARY_PATH=/opt/containerd/lib: HOME=/root MAX_SHIM_VERSION=2 container=docker TTRPC_ADDRESS=/var/run/docker/containerd/containerd.sock.ttrpc DIND_COMMIT=8d9e3502aba39127e4d12196dae16d306f76993d PATH=/opt/containerd/bin:/usr/local/sbin:/usr/local/bin:/usr/sbin:/usr/bin:/sbin:/bin GRPC_ADDRESS=/var/run/docker/containerd/containerd.sock DOCKER_VERSION=28.3.3 DOCKER_TLS_CERTDIR=/certs NAMESPACE=moby DOCKER_BUILDX_VERSION=0.26.1 DOCKER_COMPOSE_VERSION=2.39.1 PWD=/run/docker/containerd/daemon/io.containerd.runtime.v2.task/moby/fb99825cc90b0faa74eec043da16bfe9226b2a4fa877dd19b932d5b9083eaca4 GOMAXPROCS=4]
        2025/08/31 22:04:55 delegatec parsed command: runc.Create{Global:runc.Global{Root:"/var/run/docker/runtime-runc/moby", Debug:false, Log:"/var/run/docker/containerd/daemon/io.containerd.runtime.v2.task/moby/fb99825cc90b0faa74eec043da16bfe9226b2a4fa877dd19b932d5b9083eaca4/log.json", LogFormat:"json", SystemdCgroup:false, Criu:"", Rootless:""}, BundleOpt:runc.BundleOpt{Bundle:"/var/run/docker/containerd/daemon/io.containerd.runtime.v2.task/moby/fb99825cc90b0faa74eec043da16bfe9226b2a4fa877dd19b932d5b9083eaca4"}, ConsoleSocketOpt:runc.ConsoleSocketOpt{ConsoleSocket:""}, PivotKeyringFDsOpt:runc.PivotKeyringFDsOpt{NoPivot:false, NoNewKeyring:false, PreserveFDs:(*uint)(nil)}, PidFileOpt:runc.PidFileOpt{PidFile:"/var/run/docker/containerd/daemon/io.containerd.runtime.v2.task/moby/fb99825cc90b0faa74eec043da16bfe9226b2a4fa877dd19b932d5b9083eaca4/init.pid"}, ContainerID:"fb99825cc90b0faa74eec043da16bfe9226b2a4fa877dd19b932d5b9083eaca4"}
        2025/08/31 22:04:55 delegatec delegate path: /usr/local/bin/runc
        2025/08/31 22:04:55 delegatec called with args: [/usr/local/sbin/delegatec --delegate_path /usr/local/bin/runc --root /var/run/docker/runtime-runc/moby --log /run/docker/containerd/daemon/io.containerd.runtime.v2.task/moby/fb99825cc90b0faa74eec043da16bfe9226b2a4fa877dd19b932d5b9083eaca4/log.json --log-format json delete --force fb99825cc90b0faa74eec043da16bfe9226b2a4fa877dd19b932d5b9083eaca4]
        2025/08/31 22:04:55 delegatec environment: [HOSTNAME=c8a3e161c430 SHLVL=3 LD_LIBRARY_PATH=/opt/containerd/lib: HOME=/root MAX_SHIM_VERSION=2 container=docker TTRPC_ADDRESS=/var/run/docker/containerd/containerd.sock.ttrpc DIND_COMMIT=8d9e3502aba39127e4d12196dae16d306f76993d PATH=/opt/containerd/bin:/usr/local/sbin:/usr/local/bin:/usr/sbin:/usr/bin:/sbin:/bin GRPC_ADDRESS=/var/run/docker/containerd/containerd.sock DOCKER_VERSION=28.3.3 DOCKER_TLS_CERTDIR=/certs NAMESPACE=moby DOCKER_BUILDX_VERSION=0.26.1 DOCKER_COMPOSE_VERSION=2.39.1 PWD=/run/docker/containerd/daemon/io.containerd.runtime.v2.task/moby/fb99825cc90b0faa74eec043da16bfe9226b2a4fa877dd19b932d5b9083eaca4 GOMAXPROCS=2]
        2025/08/31 22:04:55 delegatec parsed command: runc.Delete{Global:runc.Global{Root:"/var/run/docker/runtime-runc/moby", Debug:false, Log:"/run/docker/containerd/daemon/io.containerd.runtime.v2.task/moby/fb99825cc90b0faa74eec043da16bfe9226b2a4fa877dd19b932d5b9083eaca4/log.json", LogFormat:"json", SystemdCgroup:false, Criu:"", Rootless:""}, Force:true, ContainerID:"fb99825cc90b0faa74eec043da16bfe9226b2a4fa877dd19b932d5b9083eaca4"}
        2025/08/31 22:04:55 delegatec delegate path: /usr/local/bin/runc
        2025/08/31 22:04:55 delegatec called with args: [/usr/local/sbin/delegatec --delegate_path /usr/local/bin/runc --root /var/run/docker/runtime-runc/moby --log /var/run/docker/containerd/daemon/io.containerd.runtime.v2.task/moby/050a937793a39149df3ceb634dde52f75f5f783ce33af859f2f5cd8c0f95b22e/log.json --log-format json create --bundle /var/run/docker/containerd/daemon/io.containerd.runtime.v2.task/moby/050a937793a39149df3ceb634dde52f75f5f783ce33af859f2f5cd8c0f95b22e --pid-file /var/run/docker/containerd/daemon/io.containerd.runtime.v2.task/moby/050a937793a39149df3ceb634dde52f75f5f783ce33af859f2f5cd8c0f95b22e/init.pid 050a937793a39149df3ceb634dde52f75f5f783ce33af859f2f5cd8c0f95b22e]
        2025/08/31 22:04:55 delegatec environment: [HOSTNAME=c8a3e161c430 SHLVL=3 LD_LIBRARY_PATH=/opt/containerd/lib: HOME=/root MAX_SHIM_VERSION=2 container=docker TTRPC_ADDRESS=/var/run/docker/containerd/containerd.sock.ttrpc DIND_COMMIT=8d9e3502aba39127e4d12196dae16d306f76993d PATH=/opt/containerd/bin:/usr/local/sbin:/usr/local/bin:/usr/sbin:/usr/bin:/sbin:/bin GRPC_ADDRESS=/var/run/docker/containerd/containerd.sock DOCKER_VERSION=28.3.3 DOCKER_TLS_CERTDIR=/certs NAMESPACE=moby DOCKER_BUILDX_VERSION=0.26.1 DOCKER_COMPOSE_VERSION=2.39.1 PWD=/run/docker/containerd/daemon/io.containerd.runtime.v2.task/moby/050a937793a39149df3ceb634dde52f75f5f783ce33af859f2f5cd8c0f95b22e GOMAXPROCS=4]
        2025/08/31 22:04:55 delegatec parsed command: runc.Create{Global:runc.Global{Root:"/var/run/docker/runtime-runc/moby", Debug:false, Log:"/var/run/docker/containerd/daemon/io.containerd.runtime.v2.task/moby/050a937793a39149df3ceb634dde52f75f5f783ce33af859f2f5cd8c0f95b22e/log.json", LogFormat:"json", SystemdCgroup:false, Criu:"", Rootless:""}, BundleOpt:runc.BundleOpt{Bundle:"/var/run/docker/containerd/daemon/io.containerd.runtime.v2.task/moby/050a937793a39149df3ceb634dde52f75f5f783ce33af859f2f5cd8c0f95b22e"}, ConsoleSocketOpt:runc.ConsoleSocketOpt{ConsoleSocket:""}, PivotKeyringFDsOpt:runc.PivotKeyringFDsOpt{NoPivot:false, NoNewKeyring:false, PreserveFDs:(*uint)(nil)}, PidFileOpt:runc.PidFileOpt{PidFile:"/var/run/docker/containerd/daemon/io.containerd.runtime.v2.task/moby/050a937793a39149df3ceb634dde52f75f5f783ce33af859f2f5cd8c0f95b22e/init.pid"}, ContainerID:"050a937793a39149df3ceb634dde52f75f5f783ce33af859f2f5cd8c0f95b22e"}
        2025/08/31 22:04:55 delegatec delegate path: /usr/local/bin/runc
        2025/08/31 22:04:55 delegatec called with args: [/usr/local/sbin/delegatec --delegate_path /usr/local/bin/runc --root /var/run/docker/runtime-runc/moby --log /run/docker/containerd/daemon/io.containerd.runtime.v2.task/moby/050a937793a39149df3ceb634dde52f75f5f783ce33af859f2f5cd8c0f95b22e/log.json --log-format json delete --force 050a937793a39149df3ceb634dde52f75f5f783ce33af859f2f5cd8c0f95b22e]
        2025/08/31 22:04:55 delegatec environment: [HOSTNAME=c8a3e161c430 SHLVL=3 LD_LIBRARY_PATH=/opt/containerd/lib: HOME=/root MAX_SHIM_VERSION=2 container=docker TTRPC_ADDRESS=/var/run/docker/containerd/containerd.sock.ttrpc DIND_COMMIT=8d9e3502aba39127e4d12196dae16d306f76993d PATH=/opt/containerd/bin:/usr/local/sbin:/usr/local/bin:/usr/sbin:/usr/bin:/sbin:/bin GRPC_ADDRESS=/var/run/docker/containerd/containerd.sock DOCKER_VERSION=28.3.3 DOCKER_TLS_CERTDIR=/certs NAMESPACE=moby DOCKER_BUILDX_VERSION=0.26.1 DOCKER_COMPOSE_VERSION=2.39.1 PWD=/run/docker/containerd/daemon/io.containerd.runtime.v2.task/moby/050a937793a39149df3ceb634dde52f75f5f783ce33af859f2f5cd8c0f95b22e GOMAXPROCS=2]
        2025/08/31 22:04:55 delegatec parsed command: runc.Delete{Global:runc.Global{Root:"/var/run/docker/runtime-runc/moby", Debug:false, Log:"/run/docker/containerd/daemon/io.containerd.runtime.v2.task/moby/050a937793a39149df3ceb634dde52f75f5f783ce33af859f2f5cd8c0f95b22e/log.json", LogFormat:"json", SystemdCgroup:false, Criu:"", Rootless:""}, Force:true, ContainerID:"050a937793a39149df3ceb634dde52f75f5f783ce33af859f2f5cd8c0f95b22e"}
        2025/08/31 22:04:55 delegatec delegate path: /usr/local/bin/runc
        2025/08/31 22:04:55 delegatec called with args: [/usr/local/sbin/delegatec --delegate_path /usr/local/bin/runc --root /var/run/docker/runtime-runc/moby --log /var/run/docker/containerd/daemon/     �io.containerd.runtime.v2.task/moby/94d581f0be7b20f9c07d41f5ec43d8474d2de8ff963445e3868866a6e1c28775/log.json --log-format json create --bundle /var/run/docker/containerd/daemon/io.containerd.runtime.v2.task/moby/94d581f0be7b20f9c07d41f5ec43d8474d2de8ff963445e3868866a6e1c28775 --pid-file /var/run/docker/containerd/daemon/io.containerd.runtime.v2.task/moby/94d581f0be7b20f9c07d41f5ec43d8474d2de8ff963445e3868866a6e1c28775/init.pid 94d581f0be7b20f9c07d41f5ec43d8474d2de8ff963445e3868866a6e1c28775]
        2025/08/31 22:04:55 delegatec environment: [HOSTNAME=c8a3e161c430 SHLVL=3 LD_LIBRARY_PATH=/opt/containerd/lib: HOME=/root MAX_SHIM_VERSION=2 container=docker TTRPC_ADDRESS=/var/run/docker/containerd/containerd.sock.ttrpc DIND_COMMIT=8d9e3502aba39127e4d12196dae16d306f76993d PATH=/opt/containerd/bin:/usr/local/sbin:/usr/local/bin:/usr/sbin:/usr/bin:/sbin:/bin GRPC_ADDRESS=/var/run/docker/containerd/containerd.sock DOCKER_VERSION=28.3.3 DOCKER_TLS_CERTDIR=/certs NAMESPACE=moby DOCKER_BUILDX_VERSION=0.26.1 DOCKER_COMPOSE_VERSION=2.39.1 PWD=/run/docker/containerd/daemon/io.containerd.runtime.v2.task/moby/94d581f0be7b20f9c07d41f5ec43d8474d2de8ff963445e3868866a6e1c28775 GOMAXPROCS=4]
        2025/08/31 22:04:55 delegatec parsed command: runc.Create{Global:runc.Global{Root:"/var/run/docker/runtime-runc/moby", Debug:false, Log:"/var/run/docker/containerd/daemon/io.containerd.runtime.v2.task/moby/94d581f0be7b20f9c07d41f5ec43d8474d2de8ff963445e3868866a6e1c28775/log.json", LogFormat:"json", SystemdCgroup:false, Criu:"", Rootless:""}, BundleOpt:runc.BundleOpt{Bundle:"/var/run/docker/containerd/daemon/io.containerd.runtime.v2.task/moby/94d581f0be7b20f9c07d41f5ec43d8474d2de8ff963445e3868866a6e1c28775"}, ConsoleSocketOpt:runc.ConsoleSocketOpt{ConsoleSocket:""}, PivotKeyringFDsOpt:runc.PivotKeyringFDsOpt{NoPivot:false, NoNewKeyring:false, PreserveFDs:(*uint)(nil)}, PidFileOpt:runc.PidFileOpt{PidFile:"/var/run/docker/containerd/daemon/io.containerd.runtime.v2.task/moby/94d581f0be7b20f9c07d41f5ec43d8474d2de8ff963445e3868866a6e1c28775/init.pid"}, ContainerID:"94d581f0be7b20f9c07d41f5ec43d8474d2de8ff963445e3868866a6e1c28775"}
        2025/08/31 22:04:55 delegatec delegate path: /usr/local/bin/runc
        2025/08/31 22:04:55 delegatec called with args: [/usr/local/sbin/delegatec --delegate_path /usr/local/bin/runc --root /var/run/docker/runtime-runc/moby --log /run/docker/containerd/daemon/io.containerd.runtime.v2.task/moby/94d581f0be7b20f9c07d41f5ec43d8474d2de8ff963445e3868866a6e1c28775/log.json --log-format json delete --force 94d581f0be7b20f9c07d41f5ec43d8474d2de8ff963445e3868866a6e1c28775]
        2025/08/31 22:04:55 delegatec environment: [HOSTNAME=c8a3e161c430 SHLVL=3 LD_LIBRARY_PATH=/opt/containerd/lib: HOME=/root MAX_SHIM_VERSION=2 container=docker TTRPC_ADDRESS=/var/run/docker/containerd/containerd.sock.ttrpc DIND_COMMIT=8d9e3502aba39127e4d12196dae16d306f76993d PATH=/opt/containerd/bin:/usr/local/sbin:/usr/local/bin:/usr/sbin:/usr/bin:/sbin:/bin GRPC_ADDRESS=/var/run/docker/containerd/containerd.sock DOCKER_VERSION=28.3.3 DOCKER_TLS_CERTDIR=/certs NAMESPACE=moby DOCKER_BUILDX_VERSION=0.26.1 DOCKER_COMPOSE_VERSION=2.39.1 PWD=/run/docker/containerd/daemon/io.containerd.runtime.v2.task/moby/94d581f0be7b20f9c07d41f5ec43d8474d2de8ff963445e3868866a6e1c28775 GOMAXPROCS=2]
        2025/08/31 22:04:55 delegatec parsed command: runc.Delete{Global:runc.Global{Root:"/var/run/docker/runtime-runc/moby", Debug:false, Log:"/run/docker/containerd/daemon/io.containerd.runtime.v2.task/moby/94d581f0be7b20f9c07d41f5ec43d8474d2de8ff963445e3868866a6e1c28775/log.json", LogFormat:"json", SystemdCgroup:false, Criu:"", Rootless:""}, Force:true, ContainerID:"94d581f0be7b20f9c07d41f5ec43d8474d2de8ff963445e3868866a6e1c28775"}
        2025/08/31 22:04:55 delegatec delegate path: /usr/local/bin/runc
        
        --------------------
    dind_test.go:980: runc log empty
    dind_test.go:981: criu check exit code 0
        stdout:
        
        stderr:
=== NAME  TestRuntimeParity/host_networking
    dind_test.go:1011: delegatec exec failed: start server: exit code 125
    dind_test.go:979: --- delegatec.log ---
             A 2025/08/31 22:04:48 delegatec called with args: [/usr/local/sbin/delegatec --delegate_path /usr/local/bin/runc features]
        2025/08/31 22:04:48 delegatec environment: [OTEL_EXPORTER_OTLP_TRACES_PROTOCOL=http/protobuf HOSTNAME=d6337d086734 SHLVL=3 HOME=/root OTEL_SERVICE_NAME=dockerd OTEL_EXPORTER_OTLP_METRICS_PROTOCOL=http/protobuf container=docker TMPDIR=/var/lib/docker/tmp DIND_COMMIT=8d9e3502aba39127e4d12196dae16d306f76993d PATH=/usr/local/sbin:/usr/local/bin:/usr/sbin:/usr/bin:/sbin:/bin DOCKER_VERSION=28.3.3 DOCKER_TLS_CERTDIR=/certs DOCKER_BUILDX_VERSION=0.26.1 DOCKER_COMPOSE_VERSION=2.39.1 PWD=/]
        2025/08/31 22:04:48 delegatec parsed command: runc.Features{Global:runc.Global{Root:"", Debug:false, Log:"", LogFormat:"", SystemdCgroup:false, Criu:"", Rootless:""}}
        2025/08/31 22:04:48 delegatec delegate path: /usr/local/bin/runc
        2025/08/31 22:04:51 delegatec called with args: [/usr/local/sbin/delegatec --delegate_path /usr/local/bin/runc --root /var/run/docker/runtime-runc/moby --log /var/run/docker/containerd/daemon/io.containerd.runtime.v2.task/moby/f0ffda058e7f2759c3a3c169d1ed156b00fab05f25542556f7a8fed8fa3342dc/log.json --log-format json create --bundle /var/run/docker/containerd/daemon/io.containerd.runtime.v2.task/moby/f0ffda058e7f2759c3a3c169d1ed156b00fab05f25542556f7a8fed8fa3342dc --pid-file /var/run/docker/containerd/daemon/io.containerd.runtime.v2.task/moby/f0ffda058e7f2759c3a3c169d1ed156b00fab05f25542556f7a8fed8fa3342dc/init.pid f0ffda058e7f2759c3a3c169d1ed156b00fab05f25542556f7a8fed8fa3342dc]
        2025/08/31 22:04:51 delegatec environment: [HOSTNAME=d6337d086734 SHLVL=3 LD_LIBRARY_PATH=/opt/containerd/lib: HOME=/root MAX_SHIM_VERSION=2 container=docker TTRPC_ADDRESS=/var/run/docker/containerd/containerd.sock.ttrpc DIND_COMMIT=8d9e3502aba39127e4d12196dae16d306f76993d PATH=/opt/containerd/bin:/usr/local/sbin:/usr/local/bin:/usr/sbin:/usr/bin:/sbin:/bin GRPC_ADDRESS=/var/run/docker/containerd/containerd.sock DOCKER_VERSION=28.3.3 DOCKER_TLS_CERTDIR=/certs NAMESPACE=moby DOCKER_BUILDX_VERSION=0.26.1 DOCKER_COMPOSE_VERSION=2.39.1 PWD=/run/docker/containerd/daemon/io.containerd.runtime.v2.task/moby/f0ffda058e7f2759c3a3c169d1ed156b00fab05f25542556f7a8fed8fa3342dc GOMAXPROCS=4]
        2025/08/31 22:04:51 delegatec parsed command: runc.Create{Global:runc.Global{Root:"/var/run/docker/runtime-runc/moby", Debug:false, Log:"/var/run/docker/containerd/daemon/io.containerd.runtime.v2.task/moby/f0ffda058e7f2759c3a3c169d1ed156b00fab05f25542556f7a8fed8fa3342dc/log.json", LogFormat:"json", SystemdCgroup:false, Criu:"", Rootless:""}, BundleOpt:runc.BundleOpt{Bundle:"/var/run/docker/containerd/daemon/io.containerd.runtime.v2.task/moby/f0ffda058e7f2759c3a3c169d1ed156b00fab05f25542556f7a8fed8fa3342dc"}, ConsoleSocketOpt:runc.ConsoleSocketOpt{ConsoleSocket:""}, PivotKeyringFDsOpt:runc.PivotKeyringFDsOpt{NoPivot:false, NoNewKeyring:false, PreserveFDs:(*uint)(nil)}, PidFileOpt:runc.PidFileOpt{PidFile:"/var/run/docker/containerd/daemon/io.containerd.runtime.v2.task/moby/f0ffda058e7f2759c3a3c169d1ed156b00fab05f25542556f7a8fed8fa3342dc/init.pid"}, ContainerID:"f0ffda058e7f2759c3a3c169d1ed156b00fab05f25542556f7a8fed8fa3342dc"}
        2025/08/31 22:04:51 delegatec delegate path: /usr/local/bin/runc
        2025/08/31 22:04:51 delegatec called with args: [/usr/local/sbin/delegatec --delegate_path /usr/local/bin/runc --root /var/run/docker/runtime-runc/moby --log /run/docker/containerd/daemon/io.containerd.runtime.v2.task/moby/f0ffda058e7f2759c3a3c169d1ed156b00fab05f25542556f7a8fed8fa3342dc/log.json --log-format json delete --force f0ffda058e7f2759c3a3c169d1ed156b00fab05f25542556f7a8fed8fa3342dc]
        2025/08/31 22:04:51 delegatec environment: [HOSTNAME=d6337d086734 SHLVL=3 LD_LIBRARY_PATH=/opt/containerd/lib: HOME=/root MAX_SHIM_VERSION=2 container=docker TTRPC_ADDRESS=/var/run/docker/containerd/containerd.sock.ttrpc DIND_COMMIT=8d9e3502aba39127e4d12196dae16d306f76993d PATH=/opt/containerd/bin:/usr/local/sbin:/usr/local/bin:/usr/sbin:/usr/bin:/sbin:/bin GRPC_ADDRESS=/var/run/docker/containerd/containerd.sock DOCKER_VERSION=28.3.3 DOCKER_TLS_CERTDIR=/certs NAMESPACE=moby DOCKER_BUILDX_VERSION=0.26.1 DOCKER_COMPOSE_VERSION=2.39.1 PWD=/run/docker/containerd/daemon/io.containerd.runtime.v2.task/moby/f0ffda058e7f2759c3a3c169d1ed156b00fab05f25542556f7a8fed8fa3342dc GOMAXPROCS=2]
        2025/08/31 22:04:51 delegatec parsed command: runc.Delete{Global:runc.Global{Root:"/var/run/docker/runtime-runc/moby", Debug:false, Log:"/run/docker/containerd/daemon/io.containerd.runtime.v2.task/moby/f0ffda058e7f2759c3a3c169d1ed156b00fab05f25542556f7a8fed8fa3342dc/log.json", LogFormat:"json", SystemdCgroup:false, Criu:"", Rootless:""}, Force:true, ContainerID:"f0ffda058e7f2759c3a3c169d1ed156b00fab05f25542556f7a8fed8fa3342dc"}
        2025/08/31 22:04:51 delegatec delegate path: /usr/local/bin/runc
        2025/08/31 22:04:52 delegatec called with args: [/usr/local/sbin/delegatec --delegate_path /usr/local/bin/runc --root /var/run/docker/runtime-runc/moby --log /var/run/docker/containerd/daemon/io.containerd.runtime.v2.task/moby/96042480d649d65e47a61d6f709694a7096c2f69541e1ca91847f28a76729fc6/log.json --log-format json create --bundle /var/run/docker/containerd/daemon/io.containerd.runtime.v2.task/moby/96042480d649d65e47a61d6f709694a7096c2f69541e1ca91847f28a76729fc6 --pid-file /var/run/docker/containerd/daemon/io.containerd.runtime.v2.task/moby/96042480d649d65e47a61d6f709694a7096c2f69541e1ca91847f28a76729fc6/init.pid 96042480d649d65e47a61d6f709694a7096c2f69541e1ca91847f28a76729fc6]
        2025/08/31 22:04:52 delegatec environment: [HOSTNAME=d6337d086734 SHLVL=3 LD_LIBRARY_PATH=/opt/containerd/lib: HOME=/root MAX_SHIM_VERSION=2 container=docker TTRPC_ADDRESS=/var/run/docker/containerd/containerd.sock.ttrpc DIND_COMMIT=8d9e3502aba39127e4d12196dae16d306f76993d PATH=/opt/containerd/bin:/usr/local/sbin:/usr/local/bin:/usr/sbin:/usr/bin:/sbin:/bin GRPC_ADDRESS=/var/run/docker/containerd/containerd.sock DOCKER_VERSION=28.3.3 DOCKER_TLS_CERTDIR=/certs NAMESPACE=moby DOCKER_BUILDX_VERSION=0.26.1 DOCKER_COMPOSE_VERSION=2.39.1 PWD=/run/docker/containerd/daemon/io.containerd.runtime.v2.task/moby/96042480d649d65e47a61d6f709694a7096c2f69541e1ca91847f28a76729fc6 GOMAXPROCS=4]
        2025/08/31 22:04:52 delegatec parsed command: runc.Create{Global:runc.Global{Root:"/var/run/docker/runtime-runc/moby", Debug:false, Log:"/var/run/docker/containerd/daemon/io.containerd.runtime.v2.task/moby/96042480d649d65e47a61d6f709694a7096c2f69541e1ca91847f28a76729fc6/log.json", LogFormat:"json", SystemdCgroup:false, Criu:"", Rootless:""}, BundleOpt:runc.BundleOpt{Bundle:"/var/run/docker/containerd/daemon/io.containerd.runtime.v2.task/moby/96042480d649d65e47a61d6f709694a7096c2f69541e1ca91847f28a76729fc6"}, ConsoleSocketOpt:runc.ConsoleSocketOpt{ConsoleSocket:""}, PivotKeyringFDsOpt:runc.PivotKeyringFDsOpt{NoPivot:false, NoNewKeyring:false, PreserveFDs:(*uint)(nil)}, PidFileOpt:runc.PidFileOpt{PidFile:"/var/run/docker/containerd/daemon/io.containerd.runtime.v2.task/moby/96042480d649d65e47a61d6f709694a7096c2f69541e1ca91847f28a76729fc6/init.pid"}, ContainerID:"96042480d649d65e47a61d6f709694a7096c2f69541e1ca91847f28a76729fc6"}
        2025/08/31 22:04:52 delegatec delegate path: /usr/local/bin/runc
        2025/08/31 22:04:52 delegatec called with args: [/usr/local/sbin/delegatec --delegate_path /usr/local/bin/runc --root /var/run/docker/runtime-runc/moby --log /run/docker/containerd/daemon/io.containerd.runtime.v2.task/moby/96042480d649d65e47a61d6f709694a7096c2f69541e1ca91847f28a76729fc6/log.json --log-format json delete --force 96042480d649d65e47a61d6f709694a7096c2f69541e1ca91847f28a76729fc6]
        2025/08/31 22:04:52 delegatec environment: [HOSTNAME=d6337d086734 SHLVL=3 LD_LIBRARY_PATH=/opt/containerd/lib: HOME=/root MAX_SHIM_VERSION=2 container=docker TTRPC_ADDRESS=/var/run/docker/containerd/containerd.sock.ttrpc DIND_COMMIT=8d9e3502aba39127e4d12196dae16d306f76993d PATH=/opt/containerd/bin:/usr/local/sbin:/usr/local/bin:/usr/sbin:/usr/bin:/sbin:/bin GRPC_ADDRESS=/var/run/docker/containerd/containerd.sock DOCKER_VERSION=28.3.3 DOCKER_TLS_CERTDIR=/certs NAMESPACE=moby DOCKER_BUILDX_VERSION=0.26.1 DOCKER_COMPOSE_VERSION=2.39.1 PWD=/run/docker/containerd/daemon/io.containerd.runtime.v2.task/moby/96042480d649d65e47a61d6f709694a7096c2f69541e1ca91847f28a76729fc6 GOMAXPROCS=2]
        2025/08/31 22:04:52 delegatec parsed command: runc.Delete{Global:runc.Global{Root:"/var/run/docker/runtime-runc/moby", Debug:false, Log:"/run/docker/containerd/daemon/io.containerd.runtime.v2.task/moby/96042480d649d65e47a61d6f709694a7096c2f69541e1ca91847f28a76729fc6/log.json", LogFormat:"json", SystemdCgroup:false, Criu:"", Rootless:""}, Force:true, ContainerID:"96042480d649d65e47a61d6f709694a7096c2f69541e1ca91847f28a76729fc6"}
        2025/08/31 22:04:52 delegatec delegate path: /usr/local/bin/runc
        2025/08/31 22:04:52 delegatec called with args: [/usr/local/sbin/delegatec --delegate_path /usr/local/bin/runc --root /var/run/docker/runtime-runc/moby --log /var/run/docker/containerd/daemon/io.containerd.runtime.v2.task/moby/88d8581e473b8e1778fb0217664d8b73e871bad46b9610837d4ee5b5f911863b/log.json --log-format json create --bundle /var/run/docker/containerd/daemon/io.containerd.runtime.v2.task/moby/88d8581e473b8e1778fb0217664d8b73e871bad46b9610837d4ee5b5f911863b --pid-file /var/run/docker/containerd/daemon/io.containerd.runtime.v2.task/moby/88d8581e473b8e1778fb0217664d8b73e871bad46b9610837d4ee5b5f911863b/init.pid 88d8581e473b8e1778fb0217664d8b73e871bad46b9610837d4ee5b5f911863b]
        2025/08/31 22:04:52 delegatec environment: [HOSTNAME=d6337d086734 SHLVL=3 LD_LIBRARY_PATH=/opt/containerd/lib: HOME=/root MAX_SHIM_VERSION=2 container=docker TTRPC_ADDRESS=/var/run/docker/containerd/containerd.sock.ttrpc DIND_COMMIT=8d9e3502aba39127e4d12196dae16d306f76993d PATH=/opt/containerd/bin:/usr/local/sbin:/usr/local/bin:/usr/sbin:/usr/bin:/sbin:/bin GRPC_ADDRESS=/var/run/docker/containerd/containerd.sock DOCKER_VERSION=28.3.3 DOCKER_TLS_CERTDIR=/certs NAMESPACE=moby DOCKER_BUILDX_VERSION=0.26.1 DOCKER_COMPOSE_VERSION=2.39.1 PWD=/run/docker/containerd/daemon/io.containerd.runtime.v2.task/moby/88d8581e473b8e1778fb0217664d8b73e871bad46b9610837d4ee5b5f911863b GOMAXPROCS=4]
        2025/08/31 22:04:52 delegatec parsed command: runc.Create{Global:runc.Global{Root:"/var/run/docker/runtime-runc/moby", Debug:false, Log:"/var/run/docker/containerd/daemon/io.containerd.runtime.v2.task/moby/88d8581e473b8e1778fb0217664d8b73e871bad46b9610837d4ee5b5f911863b/log.json", LogFormat:"json", SystemdCgroup:false, Criu:"", Rootless:""}, BundleOpt:runc.BundleOpt{Bundle:"/var/run/docker/containerd/daemon/io.containerd.runtime.v2.task/moby/88d8581e473b8e1778fb0217664d8b73e871bad46b9610837d4ee5b5f911863b"}, ConsoleSocketOpt:runc.ConsoleSocketOpt{ConsoleSocket:""}, PivotKeyringFDsOpt:runc.PivotKeyringFDsOpt{NoPivot:false, NoNewKeyring:false, PreserveFDs:(*uint)(nil)}, PidFileOpt:runc.PidFileOpt{PidFile:"/var/run/docker/containerd/daemon/io.containerd.runtime.v2.task/moby/88d8581e473b8e1778fb0217664d8b73e871bad46b9610837d4ee5b5f911863b/init.pid"}, ContainerID:"88d8581e473b8e1778fb0217664d8b73e871bad46b9610837d4ee5b5f911863b"}
        2025/08/31 22:04:52 delegatec delegate path: /usr/local/bin/runc
        2025/08/31 22:04:52 delegatec called with args: [/usr/local/sbin/delegatec --delegate_path /usr/local/bin/runc --root /var/run/docker/runtime-runc/moby --log /run/docker/containerd/daemon/io.containerd.runtime.v2.task/moby/88d8581e473b8e1778fb0217664d8b73e871bad46b9610837d4ee5b5f911863b/log.json --log-format json delete --force 88d8581e473b8e1778fb0217664d8b73e871bad46b9610837d4ee5b5f911863b]
        2025/08/31 22:04:52 delegatec environment: [HOSTNAME=d6337d086734 SHLVL=3 LD_LIBRARY_PATH=/opt/containerd/lib: HOME=/root MAX_SHIM_VERSION=2 container=docker TTRPC_ADDRESS=/var/run/docker/containerd/containerd.sock.ttrpc DIND_COMMIT=8d9e3502aba39127e4d12196dae16d306f76993d PATH=/opt/containerd/bin:/usr/local/sbin:/usr/local/bin:/usr/sbin:/usr/bin:/sbin:/bin GRPC_ADDRESS=/var/run/docker/containerd/containerd.sock DOCKER_VERSION=28.3.3 DOCKER_TLS_CERTDIR=/certs NAMESPACE=moby DOCKER_BUILDX_VERSION=0.26.1 DOCKER_COMPOSE_VERSION=2.39.1 PWD=/run/docker/containerd/daemon/io.containerd.runtime.v2.task/moby/88d8581e473b8e1778fb0217664d8b73e871bad46b9610837d4ee5b5f911863b GOMAXPROCS=2]
        2025/08/31 22:04:52 delegatec parsed command: runc.Delete{Global:runc.Global{Root:"/var/run/docker/runtime-runc/moby", Debug:false, Log:"/run/docker/containerd/daemon/io.containerd.runtime.v2.task/moby/88d8581e473b8e1778fb0217664d8b73e871bad46b9610837d4ee5b5f911863b/log.json", LogFormat:"json", SystemdCgroup:false, Criu:"", Rootless:""}, Force:true, ContainerID:"88d8581e473b8e1778fb0217664d8b73e871bad46b9610837d4ee5b5f911863b"}
        2025/08/31 22:04:52 delegatec delegate path: /usr/local/bin/runc
        2025/08/31 22:04:57 delegatec called with args: [/usr/local/sbin/delegatec --delegate_path /usr/local/bin/runc --root /var/run/docker/runtime-runc/moby --log /var/run/docker/containerd/daemon/io.containerd.runtime.v2.task/moby/bedaf37dc82d3eee5a550a62003ba864362e6a94700530ec4c12868b79b6c3b8/log.json --log-format json create --bundle /var/run/docker/containerd/daemon/io.containerd.runtime.v2.task/moby/bedaf37dc82d3eee5a550a62003ba864362e6a94700530ec4c12868b79b6c3b8 --pid-file /var/run/docker/containerd/daemon/io.containerd.runtime.v2.task/moby/bedaf37dc82d3eee5a550a62003ba864362e6a94700530ec4c12868b79b6c3b8/init.pid bedaf37dc82d3eee5a550a62003ba864362e6a94700530ec4c12868b79b6c3b8]
        2025/08/31 22:04:57 delegatec environment: [HOSTNAME=d6337d086734 SHLVL=3 LD_LIBRARY_PATH=/opt/containerd/lib: HOME=/root MAX_SHIM_VERSION=2 container=docker TTRPC_ADDRESS=/var/run/docker/containerd/containerd.sock.ttrpc DIND_COMMIT=8d9e3502aba39127e4d12196dae16d306f76993d PATH=/opt/containerd/bin:/usr/local/sbin:/usr/local/bin:/usr/sbin:/usr/bin:/sbin:/bin GRPC_ADDRESS=/var/run/docker/containerd/containerd.sock DOCKER_VERSION=28.3.3 DOCKER_TLS_CERTDIR=/certs NAMESPACE=moby DOCKER_BUILDX_VERSION=0.26.1 DOCKER_COMPOSE_VERSION=2.39.1 PWD=/run/docker/containerd/daemon/io.containerd.runtime.v2.task/moby/bedaf37dc82d3eee5a550a62003ba864362e6a94700530ec4c12868b79b6c3b8 GOMAXPROCS=4]
        2025/08/31 22:04:57 delegatec parsed command: runc.Create{Global:runc.Global{Root:"/var/run/docker/runtime-runc/moby", Debug:false, Log:"/var/run/docker/containerd/daemon/io.containerd.runtime.v2.task/moby/bedaf37dc82d3eee5a550a62003ba864362e6a94700530ec4c12868b79b6c3b8/log.json", LogFormat:"json", SystemdCgroup:false, Criu:"", Rootless:""}, BundleOpt:runc.BundleOpt{Bundle:"/var/run/docker/containerd/daemon/io.containerd.runtime.v2.task/moby/bedaf37dc82d3eee5a550a62003ba864362e6a94700530ec4c12868b79b6c3b8"}, ConsoleSocketOpt:runc.ConsoleSocketOpt{ConsoleSocket:""}, PivotKeyringFDsOpt:runc.PivotKeyringFDsOpt{NoPivot:false, NoNewKeyring:false, PreserveFDs:(*uint)(nil)}, PidFileOpt:runc.PidFileOpt{PidFile:"/var/run/docker/containerd/daemon/io.containerd.runtime.v2.task/moby/bedaf37dc82d3eee5a550a62003ba864362e6a94700530ec4c12868b79b6c3b8/init.pid"}, ContainerID:"bedaf37dc82d3eee5a550a62003ba864362e6a94700530ec4c12868b79b6c3b8"}
        2025/08/31 22:04:57 delegatec delegate path: /usr/local/bin/runc
        2025/08/31 22:04:57 delegatec called with args: [/usr/local/sbin/delegatec --delegate_path /usr/local/bin/runc --root /var/run/docker/runtime-runc/moby --log /run/docker/containerd/daemon/io.containerd.runtime.v2.task/moby/bedaf37dc82d3eee5a550a62003ba864362e6a94700530ec4c12868b79b6c3b8/log.json --log-format json delete --force bedaf37dc82d3eee5a550a62003ba864362e6a94700530ec4c12868b79b6c3b8]
        2025/08/31 22:04:57 delegatec environment: [HOSTNAME=d6337d086734 SHLVL=3 LD_LIBRARY_PATH=/opt/containerd/lib: HOME=/root MAX_SHIM_VERSION=2 container=docker TTRPC_ADDRESS=/var/run/docker/containerd/containerd.sock.ttrpc DIND_COMMIT=8d9e3502aba39127e4d12196dae16d306f76993d PATH=/opt/containerd/bin:/usr/local/sbin:/usr/local/bin:/usr/sbin:/usr/bin:/sbin:/bin GRPC_ADDRESS=/var/run/docker/containerd/containerd.sock DOCKER_VERSION=28.3.3 DOCKER_TLS_CERTDIR=/certs NAMESPACE=moby DOCKER_BUILDX_VERSION=0.26.1 DOCKER_COMPOSE_VERSION=2.39.1 PWD=/run/docker/containerd/daemon/io.containerd.runtime.v2.task/moby/bedaf37dc82d3eee5a550a62003ba864362e6a94700530ec4c12868b79b6c3b8 GOMAXPROCS=2]
        2025/08/31 22:04:57 delegatec parsed command: runc.Delete{Global:runc.Global{Root:"/var/run/docker/runtime-runc/moby", Debug:false, Log:"/run/docker/containerd/daemon/io.containerd.runtime.v2.task/moby/bedaf37dc82d3eee5a550a62003ba864362e6a94700530ec4c12868b79b6c3b8/log.json", LogFormat:"json", SystemdCgroup:false, Criu:"", Rootless:""}, Force:true, ContainerID:"bedaf37dc82d3eee5a550a62003ba864362e6a94700530ec4c12868b79b6c3b8"}
        2025/08/31 22:04:57 delegatec delegate path: /usr/local/bin/runc
        
        --------------------
=== NAME  TestRuntimeParity/docker_attach
    dind_test.go:1011: delegatec exec failed: start container: exit code 125
=== NAME  TestRuntimeParity/host_networking
    dind_test.go:980: runc log empty
=== NAME  TestRuntimeParity/docker_attach
    dind_test.go:979: --- delegatec.log ---
             A 2025/08/31 22:04:48 delegatec called with args: [/usr/local/sbin/delegatec --delegate_path /usr/local/bin/runc features]
        2025/08/31 22:04:48 delegatec environment: [OTEL_EXPORTER_OTLP_TRACES_PROTOCOL=http/protobuf HOSTNAME=f753b7489752 SHLVL=3 HOME=/root OTEL_SERVICE_NAME=dockerd OTEL_EXPORTER_OTLP_METRICS_PROTOCOL=http/protobuf container=docker TMPDIR=/var/lib/docker/tmp DIND_COMMIT=8d9e3502aba39127e4d12196dae16d306f76993d PATH=/usr/local/sbin:/usr/local/bin:/usr/sbin:/usr/bin:/sbin:/bin DOCKER_VERSION=28.3.3 DOCKER_TLS_CERTDIR=/certs DOCKER_BUILDX_VERSION=0.26.1 DOCKER_COMPOSE_VERSION=2.39.1 PWD=/]
        2025/08/31 22:04:48 delegatec parsed command: runc.Features{Global:runc.Global{Root:"", Debug:false, Log:"", LogFormat:"", SystemdCgroup:false, Criu:"", Rootless:""}}
        2025/08/31 22:04:48 delegatec delegate path: /usr/local/bin/runc
        2025/08/31 22:04:53 delegatec called with args: [/usr/local/sbin/delegatec --delegate_path /usr/local/bin/runc --root /var/run/docker/runtime-runc/moby --log /var/run/docker/containerd/daemon/io.containerd.runtime.v2.task/moby/c5f1d5cc33e2c96ed9e94486d03581f1a01f1067e7d21c2fa77cf0640b0abc4a/log.json --log-format json create --bundle /var/run/docker/containerd/daemon/io.containerd.runtime.v2.task/moby/c5f1d5cc33e2c96ed9e94486d03581f1a01f1067e7d21c2fa77cf0640b0abc4a --pid-file /var/run/docker/containerd/daemon/io.containerd.runtime.v2.task/moby/c5f1d5cc33e2c96ed9e94486d03581f1a01f1067e7d21c2fa77cf0640b0abc4a/init.pid c5f1d5cc33e2c96ed9e94486d03581f1a01f1067e7d21c2fa77cf0640b0abc4a]
        2025/08/31 22:04:53 delegatec environment: [HOSTNAME=f753b7489752 SHLVL=3 LD_LIBRARY_PATH=/opt/containerd/lib: HOME=/root MAX_SHIM_VERSION=2 container=docker TTRPC_ADDRESS=/var/run/docker/containerd/containerd.sock.ttrpc DIND_COMMIT=8d9e3502aba39127e4d12196dae16d306f76993d PATH=/opt/containerd/bin:/usr/local/sbin:/usr/local/bin:/usr/sbin:/usr/bin:/sbin:/bin GRPC_ADDRESS=/var/run/docker/containerd/containerd.sock DOCKER_VERSION=28.3.3 DOCKER_TLS_CERTDIR=/certs NAMESPACE=moby DOCKER_BUILDX_VERSION=0.26.1 DOCKER_COMPOSE_VERSION=2.39.1 PWD=/run/docker/containerd/daemon/io.containerd.runtime.v2.task/moby/c5f1d5cc33e2c96ed9e94486d03581f1a01f1067e7d21c2fa77cf0640b0abc4a GOMAXPROCS=4]
        2025/08/31 22:04:53 delegatec parsed command: runc.Create{Global:runc.Global{Root:"/var/run/docker/runtime-runc/moby", Debug:false, Log:"/var/run/docker/containerd/daemon/io.containerd.runtime.v2.task/moby/c5f1d5cc33e2c96ed9e94486d03581f1a01f1067e7d21c2fa77cf0640b0abc4a/log.json", LogFormat:"json", SystemdCgroup:false, Criu:"", Rootless:""}, BundleOpt:runc.BundleOpt{Bundle:"/var/run/docker/containerd/daemon/io.containerd.runtime.v2.task/moby/c5f1d5cc33e2c96ed9e94486d03581f1a01f1067e7d21c2fa77cf0640b0abc4a"}, ConsoleSocketOpt:runc.ConsoleSocketOpt{ConsoleSocket:""}, PivotKeyringFDsOpt:runc.PivotKeyringFDsOpt{NoPivot:false, NoNewKeyring:false, PreserveFDs:(*uint)(nil)}, PidFileOpt:runc.PidFileOpt{PidFile:"/var/run/docker/containerd/daemon/io.containerd.runtime.v2.task/moby/c5f1d5cc33e2c96ed9e94486d03581f1a01f1067e7d21c2fa77cf0640b0abc4a/init.pid"}, ContainerID:"c5f1d5cc33e2c96ed9e94486d03581f1a01f1067e7d21c2fa77cf0640b0abc4a"}
        2025/08/31 22:04:53 delegatec delegate path: /usr/local/bin/runc
        2025/08/31 22:04:53 delegatec called with args: [/usr/local/sbin/delegatec --delegate_path /usr/local/bin/runc --root /var/run/docker/runtime-runc/moby --log /run/docker/containerd/daemon/io.containerd.runtime.v2.task/moby/c5f1d5cc33e2c96ed9e94486d03581f1a01f1067e7d21c2fa77cf0640b0abc4a/log.json --log-format json delete --force c5f1d5cc33e2c96ed9e94486d03581f1a01f1067e7d21c2fa77cf0640b0abc4a]
        2025/08/31 22:04:53 delegatec environment: [HOSTNAME=f753b7489752 SHLVL=3 LD_LIBRARY_PATH=/opt/containerd/lib: HOME=/root MAX_SHIM_VERSION=2 container=docker TTRPC_ADDRESS=/var/run/docker/containerd/containerd.sock.ttrpc DIND_COMMIT=8d9e3502aba39127e4d12196dae16d306f76993d PATH=/opt/containerd/bin:/usr/local/sbin:/usr/local/bin:/usr/sbin:/usr/bin:/sbin:/bin GRPC_ADDRESS=/var/run/docker/containerd/containerd.sock DOCKER_VERSION=28.3.3 DOCKER_TLS_CERTDIR=/certs NAMESPACE=moby DOCKER_BUILDX_VERSION=0.26.1 DOCKER_COMPOSE_VERSION=2.39.1 PWD=/run/docker/containerd/daemon/io.containerd.runtime.v2.task/moby/c5f1d5cc33e2c96ed9e94486d03581f1a01f1067e7d21c2fa77cf0640b0abc4a GOMAXPROCS=2]
        2025/08/31 22:04:53 delegatec parsed command: runc.Delete{Global:runc.Global{Root:"/var/run/docker/runtime-runc/moby", Debug:false, Log:"/run/docker/containerd/daemon/io.containerd.runtime.v2.task/moby/c5f1d5cc33e2c96ed9e94486d03581f1a01f1067e7d21c2fa77cf0640b0abc4a/log.json", LogFormat:"json", SystemdCgroup:false, Criu:"", Rootless:""}, Force:true, ContainerID:"c5f1d5cc33e2c96ed9e94486d03581f1a01f1067e7d21c2fa77cf0640b0abc4a"}
        2025/08/31 22:04:53 delegatec delegate path: /usr/local/bin/runc
        2025/08/31 22:04:53 delegatec called with args: [/usr/local/sbin/delegatec --delegate_path /usr/local/bin/runc --root /var/run/docker/runtime-runc/moby --log /var/run/docker/containerd/daemon/io.containerd.runtime.v2.task/moby/042d09379b04372c2b609d8f04c31cab8786ab8a2acc75ba9b09786e2ea5f713/log.json --log-format json create --bundle /var/run/docker/containerd/daemon/io.containerd.runtime.v2.task/moby/042d09379b04372c2b609d8f04c31cab8786ab8a2acc75ba9b09786e2ea5f713 --pid-file /var/run/docker/containerd/daemon/io.containerd.runtime.v2.task/moby/042d09379b04372c2b609d8f04c31cab8786ab8a2acc75ba9b09786e2ea5f713/init.pid 042d09379b04372c2b609d8f04c31cab8786ab8a2acc75ba9b09786e2ea5f713]
        2025/08/31 22:04:53 delegatec environment: [HOSTNAME=f753b7489752 SHLVL=3 LD_LIBRARY_PATH=/opt/containerd/lib: HOME=/root MAX_SHIM_VERSION=2 container=docker TTRPC_ADDRESS=/var/run/docker/containerd/containerd.sock.ttrpc DIND_COMMIT=8d9e3502aba39127e4d12196dae16d306f76993d PATH=/opt/containerd/bin:/usr/local/sbin:/usr/local/bin:/usr/sbin:/usr/bin:/sbin:/bin GRPC_ADDRESS=/var/run/docker/containerd/containerd.sock DOCKER_VERSION=28.3.3 DOCKER_TLS_CERTDIR=/certs NAMESPACE=moby DOCKER_BUILDX_VERSION=0.26.1 DOCKER_COMPOSE_VERSION=2.39.1 PWD=/run/docker/containerd/daemon/io.containerd.runtime.v2.task/moby/042d09379b04372c2b609d8f04c31cab8786ab8a2acc75ba9b09786e2ea5f713 GOMAXPROCS=4]
        2025/08/31 22:04:53 delegatec parsed command: runc.Create{Global:runc.Global{Root:"/var/run/docker/runtime-runc/moby", Debug:false, Log:"/var/run/docker/containerd/daemon/io.containerd.runtime.v2.task/moby/042d09379b04372c2b609d8f04c31cab8786ab8a2acc75ba9b09786e2ea5f713/log.json", LogFormat:"json", SystemdCgroup:false, Criu:"", Rootless:""}, BundleOpt:runc.BundleOpt{Bundle:"/var/run/docker/containerd/daemon/io.containerd.runtime.v2.task/moby/042d09379b04372c2b609d8f04c31cab8786ab8a2acc75ba9b09786e2ea5f713"}, ConsoleSocketOpt:runc.ConsoleSocketOpt{ConsoleSocket:""}, PivotKeyringFDsOpt:runc.PivotKeyringFDsOpt{NoPivot:false, NoNewKeyring:false, PreserveFDs:(*uint)(nil)}, PidFileOpt:runc.PidFileOpt{PidFile:"/var/run/docker/containerd/daemon/io.containerd.runtime.v2.task/moby/042d09379b04372c2b609d8f04c31cab8786ab8a2acc75ba9b09786e2ea5f713/init.pid"}, ContainerID:"042d09379b04372c2b609d8f04c31cab8786ab8a2acc75ba9b09786e2ea5f713"}
        2025/08/31 22:04:53 delegatec delegate path: /usr/local/bin/runc
        2025/08/31 22:04:53 delegatec called with args: [/usr/local/sbin/delegatec --delegate_path /usr/local/bin/runc --root /var/run/docker/runtime-runc/moby --log /run/docker/containerd/daemon/io.containerd.runtime.v2.task/moby/042d09379b04372c2b609d8f04c31cab8786ab8a2acc75ba9b09786e2ea5f713/log.json --log-format json delete --force 042d09379b04372c2b609d8f04c31cab8786ab8a2acc75ba9b09786e2ea5f713]
        2025/08/31 22:04:53 delegatec environment: [HOSTNAME=f753b7489752 SHLVL=3 LD_LIBRARY_PATH=/opt/containerd/lib: HOME=/root MAX_SHIM_VERSION=2 container=docker TTRPC_ADDRESS=/var/run/docker/containerd/containerd.sock.ttrpc DIND_COMMIT=8d9e3502aba39127e4d12196dae16d306f76993d PATH=/opt/containerd/bin:/usr/local/sbin:/usr/local/bin:/usr/sbin:/usr/bin:/sbin:/bin GRPC_ADDRESS=/var/run/docker/containerd/containerd.sock DOCKER_VERSION=28.3.3 DOCKER_TLS_CERTDIR=/certs NAMESPACE=moby DOCKER_BUILDX_VERSION=0.26.1 DOCKER_COMPOSE_VERSION=2.39.1 PWD=/run/docker/containerd/daemon/io.containerd.runtime.v2.task/moby/042d09379b04372c2b609d8f04c31cab8786ab8a2acc75ba9b09786e2ea5f713 GOMAXPROCS=2]
        2025/08/31 22:04:53 delegatec parsed command: runc.Delete{Global:runc.Global{Root:"/var/run/docker/runtime-runc/moby", Debug:false, Log:"/run/docker/containerd/daemon/io.containerd.runtime.v2.task/moby/042d09379b04372c2b609d8f04c31cab8786ab8a2acc75ba9b09786e2ea5f713/log.json", LogFormat:"json", SystemdCgroup:false, Criu:"", Rootless:""}, Force:true, ContainerID:"042d09379b04372c2b609d8f04c31cab8786ab8a2acc75ba9b09786e2ea5f713"}
        2025/08/31 22:04:53 delegatec delegate path: /usr/local/bin/runc
        2025/08/31 22:04:53 delegatec called with args: [/usr/local/sbin/delegatec --delegate_path /usr/local/bin/runc --root /var/run/docker/runtime-runc/moby --log /var/run/docker/containerd/daemon/io.containerd.runtime.v2.task/moby/1591e1b3252fa98e6750da703af72e09ab1dbf5e7cae4f3ac47526fb71b6a2a8/log.json --log-format json create --bundle /var/run/docker/containerd/daemon/io.containerd.runtime.v2.task/moby/1591e1b3252fa98e6750da703af72e09ab1dbf5e7cae4f3ac47526fb71b6a2a8 --pid-file /var/run/docker/containerd/daemon/io.containerd.runtime.v2.task/moby/1591e1b3252fa98e6750da703af72e09ab1dbf5e7cae4f3ac47526fb71b6a2a8/init.pid 1591e1b3252fa98e6750da703af72e09ab1dbf5e7cae4f3ac47526fb71b6a2a8]
        2025/08/31 22:04:53 delegatec environment: [HOSTNAME=f753b7489752 SHLVL=3 LD_LIBRARY_PATH=/opt/containerd/lib: HOME=/root MAX_SHIM_VERSION=2 container=docker TTRPC_ADDRESS=/var/run/docker/containerd/containerd.sock.ttrpc DIND_COMMIT=8d9e3502aba39127e4d12196dae16d306f76993d PATH=/opt/containerd/bin:/usr/local/sbin:/usr/local/bin:/usr/sbin:/usr/bin:/sbin:/bin GRPC_ADDRESS=/var/run/docker/containerd/containerd.sock DOCKER_VERSION=28.3.3 DOCKER_TLS_CERTDIR=/certs NAMESPACE=moby DOCKER_BUILDX_VERSION=0.26.1 DOCKER_COMPOSE_VERSION=2.39.1 PWD=/run/docker/containerd/daemon/io.containerd.runtime.v2.task/moby/1591e1b3252fa98e6750da703af72e09ab1dbf5e7cae4f3ac47526fb71b6a2a8 GOMAXPROCS=4]
        2025/08/31 22:04:53 delegatec parsed command: runc.Create{Global:runc.Global{Root:"/var/run/docker/runtime-runc/moby", Debug:false, Log:"/var/run/docker/containerd/daemon/io.containerd.runtime.v2.task/moby/1591e1b3252fa98e6750da703af72e09ab1dbf5e7cae4f3ac47526fb71b6a2a8/log.json", LogFormat:"json", SystemdCgroup:false, Criu:"", Rootless:""}, BundleOpt:runc.BundleOpt{Bundle:"/var/run/docker/containerd/daemon/io.containerd.runtime.v2.task/moby/1591e1b3252fa98e6750da703af72e09ab1dbf5e7cae4f3ac47526fb71b6a2a8"}, ConsoleSocketOpt:runc.ConsoleSocketOpt{ConsoleSocket:""}, PivotKeyringFDsOpt:runc.PivotKeyringFDsOpt{NoPivot:false, NoNewKeyring:false, PreserveFDs:(*uint)(nil)}, PidFileOpt:runc.PidFileOpt{PidFile:"/var/run/docker/containerd/daemon/io.containerd.runtime.v2.task/moby/1591e1b3252fa98e6750da703af72e09ab1dbf5e7cae4f3ac47526fb71b6a2a8/init.pid"}, ContainerID:"1591e1b3252fa98e6750da703af72e09ab1dbf5e7cae4f3ac47526fb71b6a2a8"}
        2025/08/31 22:04:53 delegatec delegate path: /usr/local/bin/runc
        2025/08/31 22:04:53 delegatec called with args: [/usr/local/sbin/delegatec --delegate_path /usr/local/bin/runc --root /var/run/docker/runtime-runc/moby --log /run/docker/containerd/daemon/io.containerd.runtime.v2.task/moby/1591e1b3252fa98e6750da703af72e09ab1dbf5e7cae4f3ac47526fb71b6a2a8/log.json --log-format json delete --force 1591e1b3252fa98e6750da703af72e09ab1dbf5e7cae4f3ac47526fb71b6a2a8]
        2025/08/31 22:04:53 delegatec environment: [HOSTNAME=f753b7489752 SHLVL=3 LD_LIBRARY_PATH=/opt/containerd/lib: HOME=/root MAX_SHIM_VERSION=2 container=docker TTRPC_ADDRESS=/var/run/docker/containerd/containerd.sock.ttrpc DIND_COMMIT=8d9e3502aba39127e4d12196dae16d306f76993d PATH=/opt/containerd/bin:/usr/local/sbin:/usr/local/bin:/usr/sbin:/usr/bin:/sbin:/bin GRPC_ADDRESS=/var/run/docker/containerd/containerd.sock DOCKER_VERSION=28.3.3 DOCKER_TLS_CERTDIR=/certs NAMESPACE=moby DOCKER_BUILDX_VERSION=0.26.1 DOCKER_COMPOSE_VERSION=2.39.1 PWD=/run/docker/containerd/daemon/io.containerd.runtime.v2.task/moby/1591e1b3252fa98e6750da703af72e09ab1dbf5e7cae4f3ac47526fb71b6a2a8 GOMAXPROCS=2]
        2025/08/31 22:04:53 delegatec parsed command: runc.Delete{Global:runc.Global{Root:"/var/run/docker/runtime-runc/moby", Debug:false, Log:"/run/docker/containerd/daemon/io.containerd.runtime.v2.task/moby/1591e1b3252fa98e6750da703af72e09ab1dbf5e7cae4f3ac47526fb71b6a2a8/log.json", LogFormat:"json", SystemdCgroup:false, Criu:"", Rootless:""}, Force:true, ContainerID:"1591e1b3252fa98e6750da703af72e09ab1dbf5e7cae4f3ac47526fb71b6a2a8"}
        2025/08/31 22:04:53 delegatec delegate path: /usr/local/bin/runc
        2025/08/31 22:04:54 delegatec called with args: [/usr/local/sbin/delegatec --delegate_path /usr/local/bin/runc --root /var/run/docker/runtime-runc/moby --log /var/run/docker/containerd/daemon/io.containerd.runtime.v2.task/moby/bd24cdd6a9261c3556f8017d7bb187794c58da30193b7a1d498965ab8d77eac0/log.json --log-format json create --bundle /var/run/docker/containerd/daemon/io.containerd.runtime.v2.task/moby/bd24cdd6a9261c3556f8017d7bb187794c58da30193b7a1d498965ab8d77eac0 --pid-file /var/run/docker/containerd/daemon/io.containerd.runtime.v2.task/moby/bd24cdd6a9261c3556f8017d7bb187794c58da30193b7a1d498965ab8d77eac0/init.pid bd24cdd6a9261c3556f8017d7bb187794c58da30193b7a1d498965ab8d77eac0]
        2025/08/31 22:04:54 delegatec environment: [HOSTNAME=f753b7489752 SHLVL=3 LD_LIBRARY_PATH=/opt/containerd/lib: HOME=/root MAX_SHIM_VERSION=2 container=docker TTRPC_ADDRESS=/var/run/docker/containerd/containerd.sock.ttrpc DIND_COMMIT=8d9e3502aba39127e4d12196dae16d306f76993d PATH=/opt/containerd/bin:/usr/local/sbin:/usr/local/bin:/usr/sbin:/usr/bin:/sbin:/bin GRPC_ADDRESS=/var/run/docker/containerd/containerd.sock DOCKER_VERSION=28.3.3 DOCKER_TLS_CERTDIR=/certs NAMESPACE=moby DOCKER_BUILDX_VERSION=0.26.1 DOCKER_COMPOSE_VERSION=2.39.1 PWD=/run/docker/containerd/daemon/io.containerd.runtime.v2.task/moby/bd24cdd6a9261c3556f8017d7bb187794c58da30193b7a1d498965ab8d77eac0 GOMAXPROCS=4]
        2025/08/31 22:04:54 delegatec parsed command: runc.Create{Global:runc.Global{Root:"/var/run/docker/runtime-runc/moby", Debug:false, Log:"/var/run/docker/containerd/daemon/io.containerd.runtime.v2.task/moby/bd24cdd6a9261c3556f8017d7bb187794c58da30193b7a1d498965ab8d77eac0/log.json", LogFormat:"json", SystemdCgroup:false, Criu:"", Rootless:""}, BundleOpt:runc.BundleOpt{Bundle:"/var/run/docker/containerd/daemon/io.containerd.runtime.v2.task/moby/bd24cdd6a9261c3556f8017d7bb187794c58da30193b7a1d498965ab8d77eac0"}, ConsoleSocketOpt:runc.ConsoleSocketOpt{ConsoleSocket:""}, PivotKeyringFDsOpt:runc.PivotKeyringFDsOpt{NoPivot:false, NoNewKeyring:false, PreserveFDs:(*uint)(nil)}, PidFileOpt:runc.PidFileOpt{PidFile:"/var/run/docker/containerd/daemon/io.containerd.runtime.v2.task/moby/bd24cdd6a9261c3556f8017d7bb187794c58da30193b7a1d498965ab8d77eac0/init.pid"}, ContainerID:"bd24cdd6a9261c3556f8017d7bb187794c58da30193b7a1d498965ab8d77eac0"}
        2025/08/31 22:04:54 delegatec delegate path: /usr/local/bin/runc
        2025/08/31 22:04:54 delegatec called with args: [/usr/local/sbin/delegatec --delegate_path /usr/local/bin/runc --root /var/run/docker/runtime-runc/moby --log /run/docker/containerd/daemon/io.containerd.runtime.v2.task/moby/bd24cdd6a9261c3556f8017d7bb187794c58da30193b7a1d498965ab8d77eac0/log.json --log-format json delete --force bd24cdd6a9261c3556f8017d7bb187794c58da30193b7a1d498965ab8d77eac0]
        2025/08/31 22:04:54 delegatec environment: [HOSTNAME=f753b7489752 SHLVL=3 LD_LIBRARY_PATH=/opt/containerd/lib: HOME=/root MAX_SHIM_VERSION=2 container=docker TTRPC_ADDRESS=/var/run/docker/containerd/containerd.sock.ttrpc DIND_COMMIT=8d9e3502aba39127e4d12196dae16d306f76993d PATH=/opt/containerd/bin:/usr/local/sbin:/usr/local/bin:/usr/sbin:/usr/bin:/sbin:/bin GRPC_ADDRESS=/var/run/docker/containerd/containerd.sock DOCKER_VERSION=28.3.3 DOCKER_TLS_CERTDIR=/certs NAMESPACE=moby DOCKER_BUILDX_VERSION=0.26.1 DOCKER_COMPOSE_VERSION=2.39.1 PWD=/run/docker/containerd/daemon/io.containerd.runtime.v2.task/moby/bd24cdd6a9261c3556f8017d7bb187794c58da30193b7a1d498965ab8d77eac0 GOMAXPROCS=2]
        2025/08/31 22:04:54 delegatec parsed command: runc.Delete{Global:runc.Global{Root:"/var/run/docker/runtime-runc/moby", Debug:false, Log:"/run/docker/containerd/daemon/io.containerd.runtime.v2.task/moby/bd24cdd6a9261c3556f8017d7bb187794c58da30193b7a1d498965ab8d77eac0/log.json", LogFormat:"json", SystemdCgroup:false, Criu:"", Rootless:""}, Force:true, ContainerID:"bd24cdd6a9261c3556f8017d7bb187794c58da30193b7a1d498965ab8d77eac0"}
        2025/08/31 22:04:54 delegatec delegate path: /usr/local/bin/runc
        
        --------------------
=== NAME  TestRuntimeParity/host_networking
    dind_test.go:981: criu check exit code 0
        stdout:
        
        stderr:
=== NAME  TestRuntimeParity/docker_attach
    dind_test.go:980: runc log empty
    dind_test.go:981: criu check exit code 0
        stdout:
        
        stderr:
=== NAME  TestRuntimeParity/kill_sigkill
    dind_test.go:1011: delegatec exec failed: start container: exit code 125
    dind_test.go:979: --- delegatec.log ---
             P�2025/08/31 22:04:48 delegatec called with args: [/usr/local/sbin/delegatec --delegate_path /usr/local/bin/runc features]
        2025/08/31 22:04:48 delegatec environment: [OTEL_EXPORTER_OTLP_TRACES_PROTOCOL=http/protobuf HOSTNAME=f753b7489752 SHLVL=3 HOME=/root OTEL_SERVICE_NAME=dockerd OTEL_EXPORTER_OTLP_METRICS_PROTOCOL=http/protobuf container=docker TMPDIR=/var/lib/docker/tmp DIND_COMMIT=8d9e3502aba39127e4d12196dae16d306f76993d PATH=/usr/local/sbin:/usr/local/bin:/usr/sbin:/usr/bin:/sbin:/bin DOCKER_VERSION=28.3.3 DOCKER_TLS_CERTDIR=/certs DOCKER_BUILDX_VERSION=0.26.1 DOCKER_COMPOSE_VERSION=2.39.1 PWD=/]
        2025/08/31 22:04:48 delegatec parsed command: runc.Features{Global:runc.Global{Root:"", Debug:false, Log:"", LogFormat:"", SystemdCgroup:false, Criu:"", Rootless:""}}
        2025/08/31 22:04:48 delegatec delegate path: /usr/local/bin/runc
        2025/08/31 22:04:53 delegatec called with args: [/usr/local/sbin/delegatec --delegate_path /usr/local/bin/runc --root /var/run/docker/runtime-runc/moby --log /var/run/docker/containerd/daemon/io.containerd.runtime.v2.task/moby/c5f1d5cc33e2c96ed9e94486d03581f1a01f1067e7d21c2fa77cf0640b0abc4a/log.json --log-format json create --bundle /var/run/docker/containerd/daemon/io.containerd.runtime.v2.task/moby/c5f1d5cc33e2c96ed9e94486d03581f1a01f1067e7d21c2fa77cf0640b0abc4a --pid-file /var/run/docker/containerd/daemon/io.containerd.runtime.v2.task/moby/c5f1d5cc33e2c96ed9e94486d03581f1a01f1067e7d21c2fa77cf0640b0abc4a/init.pid c5f1d5cc33e2c96ed9e94486d03581f1a01f1067e7d21c2fa77cf0640b0abc4a]
        2025/08/31 22:04:53 delegatec environment: [HOSTNAME=f753b7489752 SHLVL=3 LD_LIBRARY_PATH=/opt/containerd/lib: HOME=/root MAX_SHIM_VERSION=2 container=docker TTRPC_ADDRESS=/var/run/docker/containerd/containerd.sock.ttrpc DIND_COMMIT=8d9e3502aba39127e4d12196dae16d306f76993d PATH=/opt/containerd/bin:/usr/local/sbin:/usr/local/bin:/usr/sbin:/usr/bin:/sbin:/bin GRPC_ADDRESS=/var/run/docker/containerd/containerd.sock DOCKER_VERSION=28.3.3 DOCKER_TLS_CERTDIR=/certs NAMESPACE=moby DOCKER_BUILDX_VERSION=0.26.1 DOCKER_COMPOSE_VERSION=2.39.1 PWD=/run/docker/containerd/daemon/io.containerd.runtime.v2.task/moby/c5f1d5cc33e2c96ed9e94486d03581f1a01f1067e7d21c2fa77cf0640b0abc4a GOMAXPROCS=4]
        2025/08/31 22:04:53 delegatec parsed command: runc.Create{Global:runc.Global{Root:"/var/run/docker/runtime-runc/moby", Debug:false, Log:"/var/run/docker/containerd/daemon/io.containerd.runtime.v2.task/moby/c5f1d5cc33e2c96ed9e94486d03581f1a01f1067e7d21c2fa77cf0640b0abc4a/log.json", LogFormat:"json", SystemdCgroup:false, Criu:"", Rootless:""}, BundleOpt:runc.BundleOpt{Bundle:"/var/run/docker/containerd/daemon/io.containerd.runtime.v2.task/moby/c5f1d5cc33e2c96ed9e94486d03581f1a01f1067e7d21c2fa77cf0640b0abc4a"}, ConsoleSocketOpt:runc.ConsoleSocketOpt{ConsoleSocket:""}, PivotKeyringFDsOpt:runc.PivotKeyringFDsOpt{NoPivot:false, NoNewKeyring:false, PreserveFDs:(*uint)(nil)}, PidFileOpt:runc.PidFileOpt{PidFile:"/var/run/docker/containerd/daemon/io.containerd.runtime.v2.task/moby/c5f1d5cc33e2c96ed9e94486d03581f1a01f1067e7d21c2fa77cf0640b0abc4a/init.pid"}, ContainerID:"c5f1d5cc33e2c96ed9e94486d03581f1a01f1067e7d21c2fa77cf0640b0abc4a"}
        2025/08/31 22:04:53 delegatec delegate path: /usr/local/bin/runc
        2025/08/31 22:04:53 delegatec called with args: [/usr/local/sbin/delegatec --delegate_path /usr/local/bin/runc --root /var/run/docker/runtime-runc/moby --log /run/docker/containerd/daemon/io.containerd.runtime.v2.task/moby/c5f1d5cc33e2c96ed9e94486d03581f1a01f1067e7d21c2fa77cf0640b0abc4a/log.json --log-format json delete --force c5f1d5cc33e2c96ed9e94486d03581f1a01f1067e7d21c2fa77cf0640b0abc4a]
        2025/08/31 22:04:53 delegatec environment: [HOSTNAME=f753b7489752 SHLVL=3 LD_LIBRARY_PATH=/opt/containerd/lib: HOME=/root MAX_SHIM_VERSION=2 container=docker TTRPC_ADDRESS=/var/run/docker/containerd/containerd.sock.ttrpc DIND_COMMIT=8d9e3502aba39127e4d12196dae16d306f76993d PATH=/opt/containerd/bin:/usr/local/sbin:/usr/local/bin:/usr/sbin:/usr/bin:/sbin:/bin GRPC_ADDRESS=/var/run/docker/containerd/containerd.sock DOCKER_VERSION=28.3.3 DOCKER_TLS_CERTDIR=/certs NAMESPACE=moby DOCKER_BUILDX_VERSION=0.26.1 DOCKER_COMPOSE_VERSION=2.39.1 PWD=/run/docker/containerd/daemon/io.containerd.runtime.v2.task/moby/c5f1d5cc33e2c96ed9e94486d03581f1a01f1067e7d21c2fa77cf0640b0abc4a GOMAXPROCS=2]
        2025/08/31 22:04:53 delegatec parsed command: runc.Delete{Global:runc.Global{Root:"/var/run/docker/runtime-runc/moby", Debug:false, Log:"/run/docker/containerd/daemon/io.containerd.runtime.v2.task/moby/c5f1d5cc33e2c96ed9e94486d03581f1a01f1067e7d21c2fa77cf0640b0abc4a/log.json", LogFormat:"json", SystemdCgroup:false, Criu:"", Rootless:""}, Force:true, ContainerID:"c5f1d5cc33e2c96ed9e94486d03581f1a01f1067e7d21c2fa77cf0640b0abc4a"}
        2025/08/31 22:04:53 delegatec delegate path: /usr/local/bin/runc
        2025/08/31 22:04:53 delegatec called with args: [/usr/local/sbin/delegatec --delegate_path /usr/local/bin/runc --root /var/run/docker/runtime-runc/moby --log /var/run/docker/containerd/daemon/io.containerd.runtime.v2.task/moby/042d09379b04372c2b609d8f04c31cab8786ab8a2acc75ba9b09786e2ea5f713/log.json --log-format json create --bundle /var/run/docker/containerd/daemon/io.containerd.runtime.v2.task/moby/042d09379b04372c2b609d8f04c31cab8786ab8a2acc75ba9b09786e2ea5f713 --pid-file /var/run/docker/containerd/daemon/io.containerd.runtime.v2.task/moby/042d09379b04372c2b609d8f04c31cab8786ab8a2acc75ba9b09786e2ea5f713/init.pid 042d09379b04372c2b609d8f04c31cab8786ab8a2acc75ba9b09786e2ea5f713]
        2025/08/31 22:04:53 delegatec environment: [HOSTNAME=f753b7489752 SHLVL=3 LD_LIBRARY_PATH=/opt/containerd/lib: HOME=/root MAX_SHIM_VERSION=2 container=docker TTRPC_ADDRESS=/var/run/docker/containerd/containerd.sock.ttrpc DIND_COMMIT=8d9e3502aba39127e4d12196dae16d306f76993d PATH=/opt/containerd/bin:/usr/local/sbin:/usr/local/bin:/usr/sbin:/usr/bin:/sbin:/bin GRPC_ADDRESS=/var/run/docker/containerd/containerd.sock DOCKER_VERSION=28.3.3 DOCKER_TLS_CERTDIR=/certs NAMESPACE=moby DOCKER_BUILDX_VERSION=0.26.1 DOCKER_COMPOSE_VERSION=2.39.1 PWD=/run/docker/containerd/daemon/io.containerd.runtime.v2.task/moby/042d09379b04372c2b609d8f04c31cab8786ab8a2acc75ba9b09786e2ea5f713 GOMAXPROCS=4]
        2025/08/31 22:04:53 delegatec parsed command: runc.Create{Global:runc.Global{Root:"/var/run/docker/runtime-runc/moby", Debug:false, Log:"/var/run/docker/containerd/daemon/io.containerd.runtime.v2.task/moby/042d09379b04372c2b609d8f04c31cab8786ab8a2acc75ba9b09786e2ea5f713/log.json", LogFormat:"json", SystemdCgroup:false, Criu:"", Rootless:""}, BundleOpt:runc.BundleOpt{Bundle:"/var/run/docker/containerd/daemon/io.containerd.runtime.v2.task/moby/042d09379b04372c2b609d8f04c31cab8786ab8a2acc75ba9b09786e2ea5f713"}, ConsoleSocketOpt:runc.ConsoleSocketOpt{ConsoleSocket:""}, PivotKeyringFDsOpt:runc.PivotKeyringFDsOpt{NoPivot:false, NoNewKeyring:false, PreserveFDs:(*uint)(nil)}, PidFileOpt:runc.PidFileOpt{PidFile:"/var/run/docker/containerd/daemon/io.containerd.runtime.v2.task/moby/042d09379b04372c2b609d8f04c31cab8786ab8a2acc75ba9b09786e2ea5f713/init.pid"}, ContainerID:"042d09379b04372c2b609d8f04c31cab8786ab8a2acc75ba9b09786e2ea5f713"}
        2025/08/31 22:04:53 delegatec delegate path: /usr/local/bin/runc
        2025/08/31 22:04:53 delegatec called with args: [/usr/local/sbin/delegatec --delegate_path /usr/local/bin/runc --root /var/run/docker/runtime-runc/moby --log /run/docker/containerd/daemon/io.containerd.runtime.v2.task/moby/042d09379b04372c2b609d8f04c31cab8786ab8a2acc75ba9b09786e2ea5f713/log.json --log-format json delete --force 042d09379b04372c2b609d8f04c31cab8786ab8a2acc75ba9b09786e2ea5f713]
        2025/08/31 22:04:53 delegatec environment: [HOSTNAME=f753b7489752 SHLVL=3 LD_LIBRARY_PATH=/opt/containerd/lib: HOME=/root MAX_SHIM_VERSION=2 container=docker TTRPC_ADDRESS=/var/run/docker/containerd/containerd.sock.ttrpc DIND_COMMIT=8d9e3502aba39127e4d12196dae16d306f76993d PATH=/opt/containerd/bin:/usr/local/sbin:/usr/local/bin:/usr/sbin:/usr/bin:/sbin:/bin GRPC_ADDRESS=/var/run/docker/containerd/containerd.sock DOCKER_VERSION=28.3.3 DOCKER_TLS_CERTDIR=/certs NAMESPACE=moby DOCKER_BUILDX_VERSION=0.26.1 DOCKER_COMPOSE_VERSION=2.39.1 PWD=/run/docker/containerd/daemon/io.containerd.runtime.v2.task/moby/042d09379b04372c2b609d8f04c31cab8786ab8a2acc75ba9b09786e2ea5f713 GOMAXPROCS=2]
        2025/08/31 22:04:53 delegatec parsed command: runc.Delete{Global:runc.Global{Root:"/var/run/docker/runtime-runc/moby", Debug:false, Log:"/run/docker/containerd/daemon/io.containerd.runtime.v2.task/moby/042d09379b04372c2b609d8f04c31cab8786ab8a2acc75ba9b09786e2ea5f713/log.json", LogFormat:"json", SystemdCgroup:false, Criu:"", Rootless:""}, Force:true, ContainerID:"042d09379b04372c2b609d8f04c31cab8786ab8a2acc75ba9b09786e2ea5f713"}
        2025/08/31 22:04:53 delegatec delegate path: /usr/local/bin/runc
        2025/08/31 22:04:53 delegatec called with args: [/usr/local/sbin/delegatec --delegate_path /usr/local/bin/runc --root /var/run/docker/runtime-runc/moby --log /var/run/docker/containerd/daemon/io.containerd.runtime.v2.task/moby/1591e1b3252fa98e6750da703af72e09ab1dbf5e7cae4f3ac47526fb71b6a2a8/log.json --log-format json create --bundle /var/run/docker/containerd/daemon/io.containerd.runtime.v2.task/moby/1591e1b3252fa98e6750da703af72e09ab1dbf5e7cae4f3ac47526fb71b6a2a8 --pid-file /var/run/docker/containerd/daemon/io.containerd.runtime.v2.task/moby/1591e1b3252fa98e6750da703af72e09ab1dbf5e7cae4f3ac47526fb71b6a2a8/init.pid 1591e1b3252fa98e6750da703af72e09ab1dbf5e7cae4f3ac47526fb71b6a2a8]
        2025/08/31 22:04:53 delegatec environment: [HOSTNAME=f753b7489752 SHLVL=3 LD_LIBRARY_PATH=/opt/containerd/lib: HOME=/root MAX_SHIM_VERSION=2 container=docker TTRPC_ADDRESS=/var/run/docker/containerd/containerd.sock.ttrpc DIND_COMMIT=8d9e3502aba39127e4d12196dae16d306f76993d PATH=/opt/containerd/bin:/usr/local/sbin:/usr/local/bin:/usr/sbin:/usr/bin:/sbin:/bin GRPC_ADDRESS=/var/run/docker/containerd/containerd.sock DOCKER_VERSION=28.3.3 DOCKER_TLS_CERTDIR=/certs NAMESPACE=moby DOCKER_BUILDX_VERSION=0.26.1 DOCKER_COMPOSE_VERSION=2.39.1 PWD=/run/docker/containerd/daemon/io.containerd.runtime.v2.task/moby/1591e1b3252fa98e6750da703af72e09ab1dbf5e7cae4f3ac47526fb71b6a2a8 GOMAXPROCS=4]
        2025/08/31 22:04:53 delegatec parsed command: runc.Create{Global:runc.Global{Root:"/var/run/docker/runtime-runc/moby", Debug:false, Log:"/var/run/docker/containerd/daemon/io.containerd.runtime.v2.task/moby/1591e1b3252fa98e6750da703af72e09ab1dbf5e7cae4f3ac47526fb71b6a2a8/log.json", LogFormat:"json", SystemdCgroup:false, Criu:"", Rootless:""}, BundleOpt:runc.BundleOpt{Bundle:"/var/run/docker/containerd/daemon/io.containerd.runtime.v2.task/moby/1591e1b3252fa98e6750da703af72e09ab1dbf5e7cae4f3ac47526fb71b6a2a8"}, ConsoleSocketOpt:runc.ConsoleSocketOpt{ConsoleSocket:""}, PivotKeyringFDsOpt:runc.PivotKeyringFDsOpt{NoPivot:false, NoNewKeyring:false, PreserveFDs:(*uint)(nil)}, PidFileOpt:runc.PidFileOpt{PidFile:"/var/run/docker/containerd/daemon/io.containerd.runtime.v2.task/moby/1591e1b3252fa98e6750da703af72e09ab1dbf5e7cae4f3ac47526fb71b6a2a8/init.pid"}, ContainerID:"1591e1b3252fa98e6750da703af72e09ab1dbf5e7cae4f3ac47526fb71b6a2a8"}
        2025/08/31 22:04:53 delegatec delegate path: /usr/local/bin/runc
        2025/08/31 22:04:53 delegatec called with args: [/usr/local/sbin/delegatec --delegate_path /usr/local/bin/runc --root /var/run/docker/runtime-runc/moby --log /run/docker/containerd/daemon/io.containerd.runtime.v2.task/moby/1591e1b3252fa98e6750da703af72e09ab1dbf5e7cae4f3ac47526fb71b6a2a8/log.json --log-format json delete --force 1591e1b3252fa98e6750da703af72e09ab1dbf5e7cae4f3ac47526fb71b6a2a8]
        2025/08/31 22:04:53 delegatec environment: [HOSTNAME=f753b7489752 SHLVL=3 LD_LIBRARY_PATH=/opt/containerd/lib: HOME=/root MAX_SHIM_VERSION=2 container=docker TTRPC_ADDRESS=/var/run/docker/containerd/containerd.sock.ttrpc DIND_COMMIT=8d9e3502aba39127e4d12196dae16d306f76993d PATH=/opt/containerd/bin:/usr/local/sbin:/usr/local/bin:/usr/sbin:/usr/bin:/sbin:/bin GRPC_ADDRESS=/var/run/docker/containerd/containerd.sock DOCKER_VERSION=28.3.3 DOCKER_TLS_CERTDIR=/certs NAMESPACE=moby DOCKER_BUILDX_VERSION=0.26.1 DOCKER_COMPOSE_VERSION=2.39.1 PWD=/run/docker/containerd/daemon/io.containerd.runtime.v2.task/moby/1591e1b3252fa98e6750da703af72e09ab1dbf5e7cae4f3ac47526fb71b6a2a8 GOMAXPROCS=2]
        2025/08/31 22:04:53 delegatec parsed command: runc.Delete{Global:runc.Global{Root:"/var/run/docker/runtime-runc/moby", Debug:false, Log:"/run/docker/containerd/daemon/io.containerd.runtime.v2.task/moby/1591e1b3252fa98e6750da703af72e09ab1dbf5e7cae4f3ac47526fb71b6a2a8/log.json", LogFormat:"json", SystemdCgroup:false, Criu:"", Rootless:""}, Force:true, ContainerID:"1591e1b3252fa98e6750da703af72e09ab1dbf5e7cae4f3ac47526fb71b6a2a8"}
        2025/08/31 22:04:53 delegatec delegate path: /usr/local/bin/runc
        2025/08/31 22:04:54 delegatec called with args: [/usr/local/sbin/delegatec --delegate_path /usr/local/bin/runc --root /var/run/docker/runtime-runc/moby --log /var/run/docker/containerd/daemon/io.containerd.runtime.v2.task/moby/bd24cdd6a9261c3556f8017d7bb187794c58da30193b7a1d498965ab8d77eac0/log.json --log-format json create --bundle /var/run/docker/containerd/daemon/io.containerd.runtime.v2.task/moby/bd24cdd6a9261c3556f8017d7bb187794c58da30193b7a1d498965ab8d77eac0 --pid-file /var/run/docker/containerd/daemon/io.containerd.runtime.v2.task/moby/bd24cdd6a9261c3556f8017d7bb187794c58da30193b7a1d498965ab8d77eac0/init.pid bd24cdd6a9261c3556f8017d7bb187794c58da30193b7a1d498965ab8d77eac0]
        2025/08/31 22:04:54 delegatec environment: [HOSTNAME=f753b7489752 SHLVL=3 LD_LIBRARY_PATH=/opt/containerd/lib: HOME=/root MAX_SHIM_VERSION=2 container=docker TTRPC_ADDRESS=/var/run/docker/containerd/containerd.sock.ttrpc DIND_COMMIT=8d9e3502aba39127e4d12196dae16d306f76993d PATH=/opt/containerd/bin:/usr/local/sbin:/usr/local/bin:/usr/sbin:/usr/bin:/sbin:/bin GRPC_ADDRESS=/var/run/docker/containerd/containerd.sock DOCKER_VERSION=28.3.3 DOCKER_TLS_CERTDIR=/certs NAMESPACE=moby DOCKER_BUILDX_VERSION=0.26.1 DOCKER_COMPOSE_VERSION=2.39.1 PWD=/run/docker/containerd/daemon/io.containerd.runtime.v2.task/moby/bd24cdd6a9261c3556f8017d7bb187794c58da30193b7a1d498965ab8d77eac0 GOMAXPROCS=4]
        2025/08/31 22:04:54 delegatec parsed command: runc.Create{Global:runc.Global{Root:"/var/run/docker/runtime-runc/moby", Debug:false, Log:"/var/run/docker/containerd/daemon/io.containerd.runtime.v2.task/moby/bd24cdd6a9261c3556f8017d7bb187794c58da30193b7a1d498965ab8d77eac0/log.json", LogFormat:"json", SystemdCgroup:false, Criu:"", Rootless:""}, BundleOpt:runc.BundleOpt{Bundle:"/var/run/docker/containerd/daemon/io.containerd.runtime.v2.task/moby/bd24cdd6a9261c3556f8017d7bb187794c58da30193b7a1d498965ab8d77eac0"}, ConsoleSocketOpt:runc.ConsoleSocketOpt{ConsoleSocket:""}, PivotKeyringFDsOpt:runc.PivotKeyringFDsOpt{NoPivot:false, NoNewKeyring:false, PreserveFDs:(*uint)(nil)}, PidFileOpt:runc.PidFileOpt{PidFile:"/var/run/docker/containerd/daemon/io.containerd.runtime.v2.task/moby/bd24cdd6a9261c3556f8017d7bb187794c58da30193b7a1d498965ab8d77eac0/init.pid"}, ContainerID:"bd24cdd6a9261c3556f8017d7bb187794c58da30193b7a1d498965ab8d77eac0"}
        2025/08/31 22:04:54 delegatec delegate path: /usr/local/bin/runc
        2025/08/31 22:04:54 delegatec called with args: [/usr/local/sbin/delegatec --delegate_path /usr/local/bin/runc --root /var/run/docker/runtime-runc/moby --log /run/docker/containerd/daemon/io.containerd.runtime.v2.task/moby/bd24cdd6a9261c3556f8017d7bb187794c58da30193b7a1d498965ab8d77eac0/log.json --log-format json delete --force bd24cdd6a9261c3556f8017d7bb187794c58da30193b7a1d498965ab8d77eac0]
        2025/08/31 22:04:54 delegatec environment: [HOSTNAME=f753b7489752 SHLVL=3 LD_LIBRARY_PATH=/opt/containerd/lib: HOME=/root MAX_SHIM_VERSION=2 container=docker TTRPC_ADDRESS=/var/run/docker/containerd/containerd.sock.ttrpc DIND_COMMIT=8d9e3502aba39127e4d12196dae16d306f76993d PATH=/opt/containerd/bin:/usr/local/sbin:/usr/local/bin:/usr/sbin:/usr/bin:/sbin:/bin GRPC_ADDRESS=/var/run/docker/containerd/containerd.sock DOCKER_VERSION=28.3.3 DOCKER_TLS_CERTDIR=/certs NAMESPACE=moby DOCKER_BUILDX_VERSION=0.26.1 DOCKER_COMPOSE_VERSION=2.39.1 PWD=/run/docker/containerd/daemon/io.containerd.runtime.v2.task/moby/bd24cdd6a9261c3556f8017d7bb187794c58da30193b7a1d498965ab8d77eac0 GOMAXPROCS=2]
        2025/08/31 22:04:54 delegatec parsed command: runc.Delete{Global:runc.Global{Root:"/var/run/docker/runtime-runc/moby", Debug:false, Log:"/run/docker/containerd/daemon/io.containerd.runtime.v2.task/moby/bd24cdd6a9261c3556f8017d7bb187794c58da30193b7a1d498965ab8d77eac0/log.json", LogFormat:"json", SystemdCgroup:false, Criu:"", Rootless:""}, Force:true, ContainerID:"bd24cdd6a9261c3556f8017d7bb187794c58da30193b7a1d498965ab8d77eac0"}
        2025/08/31 22:04:54 delegatec delegate path: /usr/local/bin/runc
        2025/08/31 22:04:57 delegatec called with args: [/usr/local/sbin/delegatec --delegate_path /usr/local/bin/runc --root /var/run/docker/runtime-runc/moby --log /var/run/docker/containerd/daemon/io.containerd.runtime.v2.task/moby/09d4b7c129f69bafbdb895b26b993d746e5e4853f28ce301a06fbf38ab7cfeea/log.json --log-format json create --bundle /var/run/docker/containerd/daemon/io.containerd.runtime.v2.task/moby/09d4b7c129f69bafbdb895b26b993d746e5e4853f28ce301a06fbf38ab7cfeea --pid-file /var/run/docker/containerd/daemon/io.containerd.runtime.v2.task/moby/09d4b7c129f69bafbdb895b26b993d746e5e4853f28ce301a06fbf38ab7cfeea/init.pid 09d4b7c129f69bafbdb895b26b993d746e5e4853f28ce301a06fbf38ab7cfeea]
        2025/08/31 22:04:57 delegatec environment: [HOSTNAME=f753b7489752 SHLVL=3 LD_LIBRARY_PATH=/opt/containerd/lib: HOME=/root MAX_SHIM_VERSION=2 container=docker TTRPC_ADDRESS=/var/run/docker/containerd/containerd.sock.ttrpc DIND_COMMIT=8d9e3502aba39127e4d12196dae16d306f76993d PATH=/opt/containerd/bin:/usr/local/sbin:/usr/local/bin:/usr/sbin:/usr/bin:/sbin:/bin GRPC_ADDRESS=/var/run/docker/containerd/containerd.sock DOCKER_VERSION=28.3.3 DOCKER_TLS_CERTDIR=/certs NAMESPACE=moby DOCKER_BUILDX_VERSION=0.26.1 DOCKER_COMPOSE_VERSION=2.39.1 PWD=/run/docker/containerd/daemon/io.containerd.runtime.v2.task/moby/09d4b7c129f69bafbdb895b26b993d746e5e4853f28ce301a06fbf38ab7cfeea GOMAXPROCS=4]
        2025/08/31 22:04:57 delegatec parsed command: runc.Create{Global:runc.Global{Root:"/var/run/docker/runtime-runc/moby", Debug:false, Log:"/var/run/docker/containerd/daemon/io.containerd.runtime.v2.task/moby/09d4b7c129f69bafbdb895b26b993d746e5e4853f28ce301a06fbf38ab7cfeea/log.json", LogFormat:"json", SystemdCgroup:false, Criu:"", Rootless:""}, BundleOpt:runc.BundleOpt{Bundle:"/var/run/docker/containerd/daemon/io.containerd.runtime.v2.task/moby/09d4b7c129f69bafbdb895b26b993d746e5e4853f28ce301a06fbf38ab7cfeea"}, ConsoleSocketOpt:runc.ConsoleSocketOpt{ConsoleSocket:""}, PivotKeyringFDsOpt:runc.PivotKeyringFDsOpt{NoPivot:false, NoNewKeyring:false, PreserveFDs:(*uint)(nil)}, PidFileOpt:runc.PidFileOpt{PidFile:"/var/run/docker/containerd/daemon/io.containerd.runtime.v2.task/moby/09d4b7c129f69bafbdb895b26b993d746e5e4853f28ce301a06fbf38ab7cfeea/init.pid"}, ContainerID:"09d4b7c129f69bafbdb895b26b993d746e5e4853f28ce301a06fbf38ab7cfeea"}
        2025/08/31 22:04:57 delegatec delegate path: /usr/local/bin/runc
        2025/08/31 22:04:57 delegatec called with args: [/usr/local/sbin/delegatec --delegate_path /usr/local/bin/runc --root /var/run/docker/runtime-runc/moby --log /run/docker/containerd/daemon/io.containerd.runtime.v2.task/moby/09d4b7c129f69bafbdb895b26b993d746e5e4853f28ce301a06fbf38ab7cfeea/log.json --log-format json delete --force 09d4b7c129f69bafbdb895b26b993d746e5e4853f28ce301a06fbf38ab7cfeea]
        2025/08/31 22:04:57 delegatec environment: [HOSTNAME=f753b7489752 SHLVL=3 LD_LIBRARY_PATH=/opt/containerd/lib: HOME=/root MAX_SHIM_VERSION=2 container=docker TTRPC_ADDRESS=/var/run/docker/containerd/containerd.sock.ttrpc DIND_COMMIT=8d9e3502aba39127e4d12196dae16d306f76993d PATH=/opt/containerd/bin:/usr/local/sbin:/usr/local/bin:/usr/sbin:/usr/bin:/sbin:/bin GRPC_ADDRESS=/var/run/docker/containerd/containerd.sock DOCKER_VERSION=28.3.3 DOCKER_TLS_CERTDIR=/certs NAMESPACE=moby DOCKER_BUILDX_VERSION=0.26.1 DOCKER_COMPOSE_VERSION=2.39.1 PWD=/run/docker/containerd/daemon/io.containerd.runtime.v2.task/moby/09d4b7c129f69bafbdb895b26b993d746e5e4853f28ce301a06fbf38ab7cfeea GOMAXPROCS=2]
        2025/08/31 22:04:57 delegatec parsed command: runc.Delete{Global:runc.Global{Root:"/var/run/docker/runtime-runc/moby", Debug:false, Log:"/run/docker/containerd/daemon/io.containerd.runtime.v2.task/moby/09d4b7c129f69bafbdb895b26b993d746e5e4853f28ce301a06fbf38ab7cfeea/log.json", LogFormat:"json", SystemdCgroup:false, Criu:"", Rootless:""}, Force:true, ContainerID:"09d4b7c129f69bafbdb895b26b993d746e5e4853f28ce301a06fbf38ab7cfeea"}
        2025/08/31 22:04:57 delegatec delegate path: /usr/local/bin/runc
        
        --------------------
    dind_test.go:980: runc log empty
=== NAME  TestRuntimeParity/checkpoint_restore
    dind_test.go:464: skipping checkpoint restore: docker checkpoint ls failed (exit 1): exit code 1
        stdout:
        
        stderr:
=== NAME  TestRuntimeParity/kill_sigkill
    dind_test.go:981: criu check exit code 0
        stdout:
        
        stderr:
=== NAME  TestRuntimeParity/top
    dind_test.go:1011: delegatec exec failed: start container: %!w(<nil>)
    dind_test.go:979: --- delegatec.log ---
             `2025/08/31 22:04:48 delegatec called with args: [/usr/local/sbin/delegatec --delegate_path /usr/local/bin/runc features]
        2025/08/31 22:04:48 delegatec environment: [OTEL_EXPORTER_OTLP_TRACES_PROTOCOL=http/protobuf HOSTNAME=f753b7489752 SHLVL=3 HOME=/root OTEL_SERVICE_NAME=dockerd OTEL_EXPORTER_OTLP_METRICS_PROTOCOL=http/protobuf container=docker TMPDIR=/var/lib/docker/tmp DIND_COMMIT=8d9e3502aba39127e4d12196dae16d306f76993d PATH=/usr/local/sbin:/usr/local/bin:/usr/sbin:/usr/bin:/sbin:/bin DOCKER_VERSION=28.3.3 DOCKER_TLS_CERTDIR=/certs DOCKER_BUILDX_VERSION=0.26.1 DOCKER_COMPOSE_VERSION=2.39.1 PWD=/]
        2025/08/31 22:04:48 delegatec parsed command: runc.Features{Global:runc.Global{Root:"", Debug:false, Log:"", LogFormat:"", SystemdCgroup:false, Criu:"", Rootless:""}}
        2025/08/31 22:04:48 delegatec delegate path: /usr/local/bin/runc
        2025/08/31 22:04:53 delegatec called with args: [/usr/local/sbin/delegatec --delegate_path /usr/local/bin/runc --root /var/run/docker/runtime-runc/moby --log /var/run/docker/containerd/daemon/io.containerd.runtime.v2.task/moby/c5f1d5cc33e2c96ed9e94486d03581f1a01f1067e7d21c2fa77cf0640b0abc4a/log.json --log-format json create --bundle /var/run/docker/containerd/daemon/io.containerd.runtime.v2.task/moby/c5f1d5cc33e2c96ed9e94486d03581f1a01f1067e7d21c2fa77cf0640b0abc4a --pid-file /var/run/docker/containerd/daemon/io.containerd.runtime.v2.task/moby/c5f1d5cc33e2c96ed9e94486d03581f1a01f1067e7d21c2fa77cf0640b0abc4a/init.pid c5f1d5cc33e2c96ed9e94486d03581f1a01f1067e7d21c2fa77cf0640b0abc4a]
        2025/08/31 22:04:53 delegatec environment: [HOSTNAME=f753b7489752 SHLVL=3 LD_LIBRARY_PATH=/opt/containerd/lib: HOME=/root MAX_SHIM_VERSION=2 container=docker TTRPC_ADDRESS=/var/run/docker/containerd/containerd.sock.ttrpc DIND_COMMIT=8d9e3502aba39127e4d12196dae16d306f76993d PATH=/opt/containerd/bin:/usr/local/sbin:/usr/local/bin:/usr/sbin:/usr/bin:/sbin:/bin GRPC_ADDRESS=/var/run/docker/containerd/containerd.sock DOCKER_VERSION=28.3.3 DOCKER_TLS_CERTDIR=/certs NAMESPACE=moby DOCKER_BUILDX_VERSION=0.26.1 DOCKER_COMPOSE_VERSION=2.39.1 PWD=/run/docker/containerd/daemon/io.containerd.runtime.v2.task/moby/c5f1d5cc33e2c96ed9e94486d03581f1a01f1067e7d21c2fa77cf0640b0abc4a GOMAXPROCS=4]
        2025/08/31 22:04:53 delegatec parsed command: runc.Create{Global:runc.Global{Root:"/var/run/docker/runtime-runc/moby", Debug:false, Log:"/var/run/docker/containerd/daemon/io.containerd.runtime.v2.task/moby/c5f1d5cc33e2c96ed9e94486d03581f1a01f1067e7d21c2fa77cf0640b0abc4a/log.json", LogFormat:"json", SystemdCgroup:false, Criu:"", Rootless:""}, BundleOpt:runc.BundleOpt{Bundle:"/var/run/docker/containerd/daemon/io.containerd.runtime.v2.task/moby/c5f1d5cc33e2c96ed9e94486d03581f1a01f1067e7d21c2fa77cf0640b0abc4a"}, ConsoleSocketOpt:runc.ConsoleSocketOpt{ConsoleSocket:""}, PivotKeyringFDsOpt:runc.PivotKeyringFDsOpt{NoPivot:false, NoNewKeyring:false, PreserveFDs:(*uint)(nil)}, PidFileOpt:runc.PidFileOpt{PidFile:"/var/run/docker/containerd/daemon/io.containerd.runtime.v2.task/moby/c5f1d5cc33e2c96ed9e94486d03581f1a01f1067e7d21c2fa77cf0640b0abc4a/init.pid"}, ContainerID:"c5f1d5cc33e2c96ed9e94486d03581f1a01f1067e7d21c2fa77cf0640b0abc4a"}
        2025/08/31 22:04:53 delegatec delegate path: /usr/local/bin/runc
        2025/08/31 22:04:53 delegatec called with args: [/usr/local/sbin/delegatec --delegate_path /usr/local/bin/runc --root /var/run/docker/runtime-runc/moby --log /run/docker/containerd/daemon/io.containerd.runtime.v2.task/moby/c5f1d5cc33e2c96ed9e94486d03581f1a01f1067e7d21c2fa77cf0640b0abc4a/log.json --log-format json delete --force c5f1d5cc33e2c96ed9e94486d03581f1a01f1067e7d21c2fa77cf0640b0abc4a]
        2025/08/31 22:04:53 delegatec environment: [HOSTNAME=f753b7489752 SHLVL=3 LD_LIBRARY_PATH=/opt/containerd/lib: HOME=/root MAX_SHIM_VERSION=2 container=docker TTRPC_ADDRESS=/var/run/docker/containerd/containerd.sock.ttrpc DIND_COMMIT=8d9e3502aba39127e4d12196dae16d306f76993d PATH=/opt/containerd/bin:/usr/local/sbin:/usr/local/bin:/usr/sbin:/usr/bin:/sbin:/bin GRPC_ADDRESS=/var/run/docker/containerd/containerd.sock DOCKER_VERSION=28.3.3 DOCKER_TLS_CERTDIR=/certs NAMESPACE=moby DOCKER_BUILDX_VERSION=0.26.1 DOCKER_COMPOSE_VERSION=2.39.1 PWD=/run/docker/containerd/daemon/io.containerd.runtime.v2.task/moby/c5f1d5cc33e2c96ed9e94486d03581f1a01f1067e7d21c2fa77cf0640b0abc4a GOMAXPROCS=2]
        2025/08/31 22:04:53 delegatec parsed command: runc.Delete{Global:runc.Global{Root:"/var/run/docker/runtime-runc/moby", Debug:false, Log:"/run/docker/containerd/daemon/io.containerd.runtime.v2.task/moby/c5f1d5cc33e2c96ed9e94486d03581f1a01f1067e7d21c2fa77cf0640b0abc4a/log.json", LogFormat:"json", SystemdCgroup:false, Criu:"", Rootless:""}, Force:true, ContainerID:"c5f1d5cc33e2c96ed9e94486d03581f1a01f1067e7d21c2fa77cf0640b0abc4a"}
        2025/08/31 22:04:53 delegatec delegate path: /usr/local/bin/runc
        2025/08/31 22:04:53 delegatec called with args: [/usr/local/sbin/delegatec --delegate_path /usr/local/bin/runc --root /var/run/docker/runtime-runc/moby --log /var/run/docker/containerd/daemon/io.containerd.runtime.v2.task/moby/042d09379b04372c2b609d8f04c31cab8786ab8a2acc75ba9b09786e2ea5f713/log.json --log-format json create --bundle /var/run/docker/containerd/daemon/io.containerd.runtime.v2.task/moby/042d09379b04372c2b609d8f04c31cab8786ab8a2acc75ba9b09786e2ea5f713 --pid-file /var/run/docker/containerd/daemon/io.containerd.runtime.v2.task/moby/042d09379b04372c2b609d8f04c31cab8786ab8a2acc75ba9b09786e2ea5f713/init.pid 042d09379b04372c2b609d8f04c31cab8786ab8a2acc75ba9b09786e2ea5f713]
        2025/08/31 22:04:53 delegatec environment: [HOSTNAME=f753b7489752 SHLVL=3 LD_LIBRARY_PATH=/opt/containerd/lib: HOME=/root MAX_SHIM_VERSION=2 container=docker TTRPC_ADDRESS=/var/run/docker/containerd/containerd.sock.ttrpc DIND_COMMIT=8d9e3502aba39127e4d12196dae16d306f76993d PATH=/opt/containerd/bin:/usr/local/sbin:/usr/local/bin:/usr/sbin:/usr/bin:/sbin:/bin GRPC_ADDRESS=/var/run/docker/containerd/containerd.sock DOCKER_VERSION=28.3.3 DOCKER_TLS_CERTDIR=/certs NAMESPACE=moby DOCKER_BUILDX_VERSION=0.26.1 DOCKER_COMPOSE_VERSION=2.39.1 PWD=/run/docker/containerd/daemon/io.containerd.runtime.v2.task/moby/042d09379b04372c2b609d8f04c31cab8786ab8a2acc75ba9b09786e2ea5f713 GOMAXPROCS=4]
        2025/08/31 22:04:53 delegatec parsed command: runc.Create{Global:runc.Global{Root:"/var/run/docker/runtime-runc/moby", Debug:false, Log:"/var/run/docker/containerd/daemon/io.containerd.runtime.v2.task/moby/042d09379b04372c2b609d8f04c31cab8786ab8a2acc75ba9b09786e2ea5f713/log.json", LogFormat:"json", SystemdCgroup:false, Criu:"", Rootless:""}, BundleOpt:runc.BundleOpt{Bundle:"/var/run/docker/containerd/daemon/io.containerd.runtime.v2.task/moby/042d09379b04372c2b609d8f04c31cab8786ab8a2acc75ba9b09786e2ea5f713"}, ConsoleSocketOpt:runc.ConsoleSocketOpt{ConsoleSocket:""}, PivotKeyringFDsOpt:runc.PivotKeyringFDsOpt{NoPivot:false, NoNewKeyring:false, PreserveFDs:(*uint)(nil)}, PidFileOpt:runc.PidFileOpt{PidFile:"/var/run/docker/containerd/daemon/io.containerd.runtime.v2.task/moby/042d09379b04372c2b609d8f04c31cab8786ab8a2acc75ba9b09786e2ea5f713/init.pid"}, ContainerID:"042d09379b04372c2b609d8f04c31cab8786ab8a2acc75ba9b09786e2ea5f713"}
        2025/08/31 22:04:53 delegatec delegate path: /usr/local/bin/runc
        2025/08/31 22:04:53 delegatec called with args: [/usr/local/sbin/delegatec --delegate_path /usr/local/bin/runc --root /var/run/docker/runtime-runc/moby --log /run/docker/containerd/daemon/io.containerd.runtime.v2.task/moby/042d09379b04372c2b609d8f04c31cab8786ab8a2acc75ba9b09786e2ea5f713/log.json --log-format json delete --force 042d09379b04372c2b609d8f04c31cab8786ab8a2acc75ba9b09786e2ea5f713]
        2025/08/31 22:04:53 delegatec environment: [HOSTNAME=f753b7489752 SHLVL=3 LD_LIBRARY_PATH=/opt/containerd/lib: HOME=/root MAX_SHIM_VERSION=2 container=docker TTRPC_ADDRESS=/var/run/docker/containerd/containerd.sock.ttrpc DIND_COMMIT=8d9e3502aba39127e4d12196dae16d306f76993d PATH=/opt/containerd/bin:/usr/local/sbin:/usr/local/bin:/usr/sbin:/usr/bin:/sbin:/bin GRPC_ADDRESS=/var/run/docker/containerd/containerd.sock DOCKER_VERSION=28.3.3 DOCKER_TLS_CERTDIR=/certs NAMESPACE=moby DOCKER_BUILDX_VERSION=0.26.1 DOCKER_COMPOSE_VERSION=2.39.1 PWD=/run/docker/containerd/daemon/io.containerd.runtime.v2.task/moby/042d09379b04372c2b609d8f04c31cab8786ab8a2acc75ba9b09786e2ea5f713 GOMAXPROCS=2]
        2025/08/31 22:04:53 delegatec parsed command: runc.Delete{Global:runc.Global{Root:"/var/run/docker/runtime-runc/moby", Debug:false, Log:"/run/docker/containerd/daemon/io.containerd.runtime.v2.task/moby/042d09379b04372c2b609d8f04c31cab8786ab8a2acc75ba9b09786e2ea5f713/log.json", LogFormat:"json", SystemdCgroup:false, Criu:"", Rootless:""}, Force:true, ContainerID:"042d09379b04372c2b609d8f04c31cab8786ab8a2acc75ba9b09786e2ea5f713"}
        2025/08/31 22:04:53 delegatec delegate path: /usr/local/bin/runc
        2025/08/31 22:04:53 delegatec called with args: [/usr/local/sbin/delegatec --delegate_path /usr/local/bin/runc --root /var/run/docker/runtime-runc/moby --log /var/run/docker/containerd/daemon/io.containerd.runtime.v2.task/moby/1591e1b3252fa98e6750da703af72e09ab1dbf5e7cae4f3ac47526fb71b6a2a8/log.json --log-format json create --bundle /var/run/docker/containerd/daemon/io.containerd.runtime.v2.task/moby/1591e1b3252fa98e6750da703af72e09ab1dbf5e7cae4f3ac47526fb71b6a2a8 --pid-file /var/run/docker/containerd/daemon/io.containerd.runtime.v2.task/moby/1591e1b3252fa98e6750da703af72e09ab1dbf5e7cae4f3ac47526fb71b6a2a8/init.pid 1591e1b3252fa98e6750da703af72e09ab1dbf5e7cae4f3ac47526fb71b6a2a8]
        2025/08/31 22:04:53 delegatec environment: [HOSTNAME=f753b7489752 SHLVL=3 LD_LIBRARY_PATH=/opt/containerd/lib: HOME=/root MAX_SHIM_VERSION=2 container=docker TTRPC_ADDRESS=/var/run/docker/containerd/containerd.sock.ttrpc DIND_COMMIT=8d9e3502aba39127e4d12196dae16d306f76993d PATH=/opt/containerd/bin:/usr/local/sbin:/usr/local/bin:/usr/sbin:/usr/bin:/sbin:/bin GRPC_ADDRESS=/var/run/docker/containerd/containerd.sock DOCKER_VERSION=28.3.3 DOCKER_TLS_CERTDIR=/certs NAMESPACE=moby DOCKER_BUILDX_VERSION=0.26.1 DOCKER_COMPOSE_VERSION=2.39.1 PWD=/run/docker/containerd/daemon/io.containerd.runtime.v2.task/moby/1591e1b3252fa98e6750da703af72e09ab1dbf5e7cae4f3ac47526fb71b6a2a8 GOMAXPROCS=4]
        2025/08/31 22:04:53 delegatec parsed command: runc.Create{Global:runc.Global{Root:"/var/run/docker/runtime-runc/moby", Debug:false, Log:"/var/run/docker/containerd/daemon/io.containerd.runtime.v2.task/moby/1591e1b3252fa98e6750da703af72e09ab1dbf5e7cae4f3ac47526fb71b6a2a8/log.json", LogFormat:"json", SystemdCgroup:false, Criu:"", Rootless:""}, BundleOpt:runc.BundleOpt{Bundle:"/var/run/docker/containerd/daemon/io.containerd.runtime.v2.task/moby/1591e1b3252fa98e6750da703af72e09ab1dbf5e7cae4f3ac47526fb71b6a2a8"}, ConsoleSocketOpt:runc.ConsoleSocketOpt{ConsoleSocket:""}, PivotKeyringFDsOpt:runc.PivotKeyringFDsOpt{NoPivot:false, NoNewKeyring:false, PreserveFDs:(*uint)(nil)}, PidFileOpt:runc.PidFileOpt{PidFile:"/var/run/docker/containerd/daemon/io.containerd.runtime.v2.task/moby/1591e1b3252fa98e6750da703af72e09ab1dbf5e7cae4f3ac47526fb71b6a2a8/init.pid"}, ContainerID:"1591e1b3252fa98e6750da703af72e09ab1dbf5e7cae4f3ac47526fb71b6a2a8"}
        2025/08/31 22:04:53 delegatec delegate path: /usr/local/bin/runc
        2025/08/31 22:04:53 delegatec called with args: [/usr/local/sbin/delegatec --delegate_path /usr/local/bin/runc --root /var/run/docker/runtime-runc/moby --log /run/docker/containerd/daemon/io.containerd.runtime.v2.task/moby/1591e1b3252fa98e6750da703af72e09ab1dbf5e7cae4f3ac47526fb71b6a2a8/log.json --log-format json delete --force 1591e1b3252fa98e6750da703af72e09ab1dbf5e7cae4f3ac47526fb71b6a2a8]
        2025/08/31 22:04:53 delegatec environment: [HOSTNAME=f753b7489752 SHLVL=3 LD_LIBRARY_PATH=/opt/containerd/lib: HOME=/root MAX_SHIM_VERSION=2 container=docker TTRPC_ADDRESS=/var/run/docker/containerd/containerd.sock.ttrpc DIND_COMMIT=8d9e3502aba39127e4d12196dae16d306f76993d PATH=/opt/containerd/bin:/usr/local/sbin:/usr/local/bin:/usr/sbin:/usr/bin:/sbin:/bin GRPC_ADDRESS=/var/run/docker/containerd/containerd.sock DOCKER_VERSION=28.3.3 DOCKER_TLS_CERTDIR=/certs NAMESPACE=moby DOCKER_BUILDX_VERSION=0.26.1 DOCKER_COMPOSE_VERSION=2.39.1 PWD=/run/docker/containerd/daemon/io.containerd.runtime.v2.task/moby/1591e1b3252fa98e6750da703af72e09ab1dbf5e7cae4f3ac47526fb71b6a2a8 GOMAXPROCS=2]
        2025/08/31 22:04:53 delegatec parsed command: runc.Delete{Global:runc.Global{Root:"/var/run/docker/runtime-runc/moby", Debug:false, Log:"/run/docker/containerd/daemon/io.containerd.runtime.v2.task/moby/1591e1b3252fa98e6750da703af72e09ab1dbf5e7cae4f3ac47526fb71b6a2a8/log.json", LogFormat:"json", SystemdCgroup:false, Criu:"", Rootless:""}, Force:true, ContainerID:"1591e1b3252fa98e6750da703af72e09ab1dbf5e7cae4f3ac47526fb71b6a2a8"}
        2025/08/31 22:04:53 delegatec delegate path: /usr/local/bin/runc
        2025/08/31 22:04:54 delegatec called with args: [/usr/local/sbin/delegatec --delegate_path /usr/local/bin/runc --root /var/run/docker/runtime-runc/moby --log /var/run/docker/containerd/daemon/io.containerd.runtime.v2.task/moby/bd24cdd6a9261c3556f8017d7bb187794c58da30193b7a1d498965ab8d77eac0/log.json --log-format json create --bundle /var/run/docker/containerd/daemon/io.containerd.runtime.v2.task/moby/bd24cdd6a9261c3556f8017d7bb187794c58da30193b7a1d498965ab8d77eac0 --pid-file /var/run/docker/containerd/daemon/io.containerd.runtime.v2.task/moby/bd24cdd6a9261c3556f8017d7bb187794c58da30193b7a1d498965ab8d77eac0/init.pid bd24cdd6a9261c3556f8017d7bb187794c58da30193b7a1d498965ab8d77eac0]
        2025/08/31 22:04:54 delegatec environment: [HOSTNAME=f753b7489752 SHLVL=3 LD_LIBRARY_PATH=/opt/containerd/lib: HOME=/root MAX_SHIM_VERSION=2 container=docker TTRPC_ADDRESS=/var/run/docker/containerd/containerd.sock.ttrpc DIND_COMMIT=8d9e3502aba39127e4d12196dae16d306f76993d PATH=/opt/containerd/bin:/usr/local/sbin:/usr/local/bin:/usr/sbin:/usr/bin:/sbin:/bin GRPC_ADDRESS=/var/run/docker/containerd/containerd.sock DOCKER_VERSION=28.3.3 DOCKER_TLS_CERTDIR=/certs NAMESPACE=moby DOCKER_BUILDX_VERSION=0.26.1 DOCKER_COMPOSE_VERSION=2.39.1 PWD=/run/docker/containerd/daemon/io.containerd.runtime.v2.task/moby/bd24cdd6a9261c3556f8017d7bb187794c58da30193b7a1d498965ab8d77eac0 GOMAXPROCS=4]
        2025/08/31 22:04:54 delegatec parsed command: runc.Create{Global:runc.Global{Root:"/var/run/docker/runtime-runc/moby", Debug:false, Log:"/var/run/docker/containerd/daemon/io.containerd.runtime.v2.task/moby/bd24cdd6a9261c3556f8017d7bb187794c58da30193b7a1d498965ab8d77eac0/log.json", LogFormat:"json", SystemdCgroup:false, Criu:"", Rootless:""}, BundleOpt:runc.BundleOpt{Bundle:"/var/run/docker/containerd/daemon/io.containerd.runtime.v2.task/moby/bd24cdd6a9261c3556f8017d7bb187794c58da30193b7a1d498965ab8d77eac0"}, ConsoleSocketOpt:runc.ConsoleSocketOpt{ConsoleSocket:""}, PivotKeyringFDsOpt:runc.PivotKeyringFDsOpt{NoPivot:false, NoNewKeyring:false, PreserveFDs:(*uint)(nil)}, PidFileOpt:runc.PidFileOpt{PidFile:"/var/run/docker/containerd/daemon/io.containerd.runtime.v2.task/moby/bd24cdd6a9261c3556f8017d7bb187794c58da30193b7a1d498965ab8d77eac0/init.pid"}, ContainerID:"bd24cdd6a9261c3556f8017d7bb187794c58da30193b7a1d498965ab8d77eac0"}
        2025/08/31 22:04:54 delegatec delegate path: /usr/local/bin/runc
        2025/08/31 22:04:54 delegatec called with args: [/usr/local/sbin/delegatec --delegate_path /usr/local/bin/runc --root /var/run/docker/runtime-runc/moby --log /run/docker/containerd/daemon/io.containerd.runtime.v2.task/moby/bd24cdd6a9261c3556f8017d7bb187794c58da30193b7a1d498965ab8d77eac0/log.json --log-format json delete --force bd24cdd6a9261c3556f8017d7bb187794c58da30193b7a1d498965ab8d77eac0]
        2025/08/31 22:04:54 delegatec environment: [HOSTNAME=f753b7489752 SHLVL=3 LD_LIBRARY_PATH=/opt/containerd/lib: HOME=/root MAX_SHIM_VERSION=2 container=docker TTRPC_ADDRESS=/var/run/docker/containerd/containerd.sock.ttrpc DIND_COMMIT=8d9e3502aba39127e4d12196dae16d306f76993d PATH=/opt/containerd/bin:/usr/local/sbin:/usr/local/bin:/usr/sbin:/usr/bin:/sbin:/bin GRPC_ADDRESS=/var/run/docker/containerd/containerd.sock DOCKER_VERSION=28.3.3 DOCKER_TLS_CERTDIR=/certs NAMESPACE=moby DOCKER_BUILDX_VERSION=0.26.1 DOCKER_COMPOSE_VERSION=2.39.1 PWD=/run/docker/containerd/daemon/io.containerd.runtime.v2.task/moby/bd24cdd6a9261c3556f8017d7bb187794c58da30193b7a1d498965ab8d77eac0 GOMAXPROCS=2]
        2025/08/31 22:04:54 delegatec parsed command: runc.Delete{Global:runc.Global{Root:"/var/run/docker/runtime-runc/moby", Debug:false, Log:"/run/docker/containerd/daemon/io.containerd.runtime.v2.task/moby/bd24cdd6a9261c3556f8017d7bb187794c58da30193b7a1d498965ab8d77eac0/log.json", LogFormat:"json", SystemdCgroup:false, Criu:"", Rootless:""}, Force:true, ContainerID:"bd24cdd6a9261c3556f8017d7bb187794c58da30193b7a1d498965ab8d77eac0"}
        2025/08/31 22:04:54 delegatec delegate path: /usr/local/bin/runc
        2025/08/31 22:04:57 delegatec called with args: [/usr/local/sbin/delegatec --delegate_path /usr/local/bin/runc --root /var/run/docker/runtime-runc/moby --log /var/run/docker/containerd/daemon/io.containerd.runtime.v2.task/moby/09d4b7c129f69bafbdb895b26b993d746e5e4853f28ce301a06fbf38ab7cfeea/log.json --log-format json create --bundle /var/run/docker/containerd/daemon/io.containerd.runtime.v2.task/moby/09d4b7c129f69bafbdb895b26b993d746e5e4853f28ce301a06fbf38ab7cfeea --pid-file /var/run/docker/containerd/daemon/io.containerd.runtime.v2.task/moby/09d4b7c129f69bafbdb895b26b993d746e5e4853f28ce301a06fbf38ab7cfeea/init.pid 09d4b7c129f69bafbdb895b26b993d746e5e4853f28ce301a06fbf38ab7cfeea]
        2025/08/31 22:04:57 delegatec environment: [HOSTNAME=f753b7489752 SHLVL=3 LD_LIBRARY_PATH=/opt/containerd/lib: HOME=/root MAX_SHIM_VERSION=2 container=docker TTRPC_ADDRESS=/var/run/docker/containerd/containerd.sock.ttrpc DIND_COMMIT=8d9e3502aba39127e4d12196dae16d306f76993d PATH=/opt/containerd/bin:/usr/local/sbin:/usr/local/bin:/usr/sbin:/usr/bin:/sbin:/bin GRPC_ADDRESS=/var/run/docker/containerd/containerd.sock DOCKER_VERSION=28.3.3 DOCKER_TLS_CERTDIR=/certs NAMESPACE=moby DOCKER_BUILDX_VERSION=0.26.1 DOCKER_COMPOSE_VERSION=2.39.1 PWD=/run/docker/containerd/daemon/io.containerd.runtime.v2.task/moby/09d4b7c129f69bafbdb895b26b993d746e5e4853f28ce301a06fbf38ab7cfeea GOMAXPROCS=4]
        2025/08/31 22:04:57 delegatec parsed command: runc.Create{Global:runc.Global{Root:"/var/run/docker/runtime-runc/moby", Debug:false, Log:"/var/run/docker/containerd/daemon/io.containerd.runtime.v2.task/moby/09d4b7c129f69bafbdb895b26b993d746e5e4853f28ce301a06fbf38ab7cfeea/log.json", LogFormat:"json", SystemdCgroup:false, Criu:"", Rootless:""}, BundleOpt:runc.BundleOpt{Bundle:"/var/run/docker/containerd/daemon/io.containerd.runtime.v2.task/moby/09d4b7c129f69bafbdb895b26b993d746e5e4853f28ce301a06fbf38ab7cfeea"}, ConsoleSocketOpt:runc.ConsoleSocketOpt{ConsoleSocket:""}, PivotKeyringFDsOpt:runc.PivotKeyringFDsOpt{NoPivot:false, NoNewKeyring:false, PreserveFDs:(*uint)(nil)}, PidFileOpt:runc.PidFileOpt{PidFile:"/var/run/docker/containerd/daemon/io.containerd.runtime.v2.task/moby/09d4b7c129f69bafbdb895b26b993d746e5e4853f28ce301a06fbf38ab7cfeea/init.pid"}, ContainerID:"09d4b7c129f69bafbdb895b26b993d746e5e4853f28ce301a06fbf38ab7cfeea"}
        2025/08/31 22:04:57 delegatec delegate path: /usr/local/bin/runc
        2025/08/31 22:04:57 delegatec called with args: [/usr/local/sbin/delegatec --delegate_path /usr/local/bin/runc --root /var/run/docker/runtime-runc/moby --log /run/docker/containerd/daemon/io.containerd.runtime.v2.task/moby/09d4b7c129f69bafbdb895b26b993d746e5e4853f28ce301a06fbf38ab7cfeea/log.json --log-format json delete --force 09d4b7c129f69bafbdb895b26b993d746e5e4853f28ce301a06fbf38ab7cfeea]
        2025/08/31 22:04:57 delegatec environment: [HOSTNAME=f753b7489752 SHLVL=3 LD_LIBRARY_PATH=/opt/containerd/lib: HOME=/root MAX_SHIM_VERSION=2 container=docker TTRPC_ADDRESS=/var/run/docker/containerd/containerd.sock.ttrpc DIND_COMMIT=8d9e3502aba39127e4d12196dae16d306f76993d PATH=/opt/containerd/bin:/usr/local/sbin:/usr/local/bin:/usr/sbin:/usr/bin:/sbin:/bin GRPC_ADDRESS=/var/run/docker/containerd/containerd.sock DOCKER_VERSION=28.3.3 DOCKER_TLS_CERTDIR=/certs NAMESPACE=moby DOCKER_BUILDX_VERSION=0.26.1 DOCKER_COMPOSE_VERSION=2.39.1 PWD=/run/docker/containerd/daemon/io.containerd.runtime.v2.task/moby/09d4b7c129f69bafbdb895b26b993d746e5e4853f28ce301a06fbf38ab7cfeea GOMAXPROCS=2]
        2025/08/31 22:04:57 delegatec parsed command: runc.Delete{Global:runc.Global{Root:"/var/run/docker/runtime-runc/moby", Debug:false, Log:"/run/docker/containerd/daemon/io.containerd.runtime.v2.task/moby/09d4b7c129f69bafbdb895b26b993d746e5e4853f28ce301a06fbf38ab7cfeea/log.json", LogFormat:"json", SystemdCgroup:false, Criu:"", Rootless:""}, Force:true, ContainerID:"09d4b7c129f69bafbdb895b26b993d746e5e4853f28ce301a06fbf38ab7cfeea"}
        2025/08/31 22:04:57 delegatec delegate path: /usr/local/bin/runc
        2025/08/31 22:04:58 delegatec called with args: [/usr/local/sbin/delegatec --delegate_path /usr/local/bin/runc --root /var/run/docker/runtime-runc/moby --log /var/run/docker/containerd/daemon/io.containerd.runtime.v2.task/moby/56ef7c81e564787e3bcb14b2b780ad523358c81318c3edba5946f83714b11874/log.json --log-format json create --bundle /var/run/docker/containerd/daemon/io.containerd.runtime.v2.task/moby/56ef7c81e564787e3bcb14b2b780ad523358c81318c3edba5946f83714b11874 --pid-file /var/run/docker/containerd/daemon/io.containerd.runtime.v2.task/moby/56ef7c81e564787e3bcb14b2b780ad523358c81318c3edba5946f83714b11874/init.pid 56ef7c81e564787e3bcb14b2b780ad523358c81318c3edba5946f83714b11874]
        2025/08/31 22:04:58 delegatec environment: [HOSTNAME=f753b7489752 SHLVL=3 LD_LIBRARY_PATH=/opt/containerd/lib: HOME=/root MAX_SHIM_VERSION=2 container=docker TTRPC_ADDRESS=/var/run/docker/containerd/containerd.sock.ttrpc DIND_COMMIT=8d9e3502aba39127e4d12196dae16d306f76993d PATH=/opt/containerd/bin:/usr/local/sbin:/usr/local/bin:/usr/sbin:/usr/bin:/sbin:/bin GRPC_ADDRESS=/var/run/docker/containerd/containerd.sock DOCKER_VERSION=28.3.3 DOCKER_TLS_CERTDIR=/certs NAMESPACE=moby DOCKER_BUILDX_VERSION=0.26.1 DOCKER_COMPOSE_VERSION=2.39.1 PWD=/run/docker/containerd/daemon/io.containerd.runtime.v2.task/moby/56ef7c81e564787e3bcb14b2b780ad523358c81318c3edba5946f83714b11874 GOMAXPROCS=4]
        2025/08/31 22:04:58 delegatec parsed command: runc.Create{Global:runc.Global{Root:"/var/run/docker/runtime-runc/moby", Debug:false, Log:"/var/run/docker/containerd/daemon/io.containerd.runtime.v2.task/moby/56ef7c81e564787e3bcb14b2b780ad523358c81318c3edba5946f83714b11874/log.json", LogFormat:"json", SystemdCgroup:false, Criu:"", Rootless:""}, BundleOpt:runc.BundleOpt{Bundle:"/var/run/docker/containerd/daemon/io.containerd.runtime.v2.task/moby/56ef7c81e564787e3bcb14b2b780ad523358c81318c3edba5946f83714b11874"}, ConsoleSocketOpt:runc.ConsoleSocketOpt{ConsoleSocket:""}, PivotKeyringFDsOpt:runc.PivotKeyringFDsOpt{NoPivot:false, NoNewKeyring:false, PreserveFDs:(*uint)(nil)}, PidFileOpt:runc.PidFileOpt{PidFile:"/var/run/docker/containerd/daemon/io.containerd.runtime.v2.task/moby/56ef7c81e564787e3bcb14b2b780ad523358c81318c3edba5946f83714b11874/init.pid"}, ContainerID:"56ef7c81e564787e3bcb14b2b780ad523358c81318c3edba5946f83714b11874"}
        2025/08/31 22:04:58 delegatec delegate path: /usr/local/bin/runc
        2025/08/31 22:04:58 delegatec called with args: [/usr/local/sbin/delegatec --delegate_path /usr/local/bin/runc --root /var/run/docker/runtime-runc/moby --log /run/docker/containerd/daemon/io.containerd.runtime.v2.task/moby/56ef7c81e564787e3bcb14b2b780ad523358c81318c3edba5946f83714b11874/log.json --log-format json delete --force 56ef7c81e564787e3bcb14b2b780ad523358c81318c3edba5946f83714b11874]
        2025/08/31 22:04:58 delegatec environment: [HOSTNAME=f753b7489752 SHLVL=3 LD_LIBRARY_PATH=/opt/containerd/lib: HOME=/root MAX_SHIM_VERSION=2 container=docker TTRPC_ADDRESS=/var/run/docker/containerd/containerd.sock.ttrpc DIND_COMMIT=8d9e3502aba39127e4d12196dae16d306f76993d PATH=/opt/containerd/bin:/usr/local/sbin:/usr/local/bin:/usr/sbin:/usr/bin:/sbin:/bin GRPC_ADDRESS=/var/run/docker/containerd/containerd.sock DOCKER_VERSION=28.3.3 DOCKER_TLS_CERTDIR=/certs NAMESPACE=moby DOCKER_BUILDX_VERSION=0.26.1 DOCKER_COMPOSE_VERSION=2.39.1 PWD=/run/docker/containerd/daemon/io.containerd.runtime.v2.task/moby/56ef7c81e564787e3bcb14b2b780ad523358c81318c3edba5946f83714b11874 GOMAXPROCS=2]
        2025/08/31 22:04:58 delegatec parsed command: runc.Delete{Global:runc.Global{Root:"/var/run/docker/runtime-runc/moby", Debug:false, Log:"/run/docker/containerd/daemon/io.containerd.runtime.v2.task/moby/56ef7c81e564787e3bcb14b2b780ad523358c81318c3edba5946f83714b11874/log.json", LogFormat:"json", SystemdCgroup:false, Criu:"", Rootless:""}, Force:true, ContainerID:"56ef7c81e564787e3bcb14b2b780ad523358c81318c3edba5946f83714b11874"}
        2025/08/31 22:04:58 delegatec delegate path: /usr/local/bin/runc
        
        --------------------
    dind_test.go:980: runc log empty
    dind_test.go:981: criu check exit code 0
        stdout:
        
        stderr:
=== NAME  TestRuntimeParity/pause/unpause
    dind_test.go:1011: delegatec exec failed: start container: exit code 125
    dind_test.go:979: --- delegatec.log ---
             o�2025/08/31 22:04:48 delegatec called with args: [/usr/local/sbin/delegatec --delegate_path /usr/local/bin/runc features]
        2025/08/31 22:04:48 delegatec environment: [OTEL_EXPORTER_OTLP_TRACES_PROTOCOL=http/protobuf HOSTNAME=f753b7489752 SHLVL=3 HOME=/root OTEL_SERVICE_NAME=dockerd OTEL_EXPORTER_OTLP_METRICS_PROTOCOL=http/protobuf container=docker TMPDIR=/var/lib/docker/tmp DIND_COMMIT=8d9e3502aba39127e4d12196dae16d306f76993d PATH=/usr/local/sbin:/usr/local/bin:/usr/sbin:/usr/bin:/sbin:/bin DOCKER_VERSION=28.3.3 DOCKER_TLS_CERTDIR=/certs DOCKER_BUILDX_VERSION=0.26.1 DOCKER_COMPOSE_VERSION=2.39.1 PWD=/]
        2025/08/31 22:04:48 delegatec parsed command: runc.Features{Global:runc.Global{Root:"", Debug:false, Log:"", LogFormat:"", SystemdCgroup:false, Criu:"", Rootless:""}}
        2025/08/31 22:04:48 delegatec delegate path: /usr/local/bin/runc
        2025/08/31 22:04:53 delegatec called with args: [/usr/local/sbin/delegatec --delegate_path /usr/local/bin/runc --root /var/run/docker/runtime-runc/moby --log /var/run/docker/containerd/daemon/io.containerd.runtime.v2.task/moby/c5f1d5cc33e2c96ed9e94486d03581f1a01f1067e7d21c2fa77cf0640b0abc4a/log.json --log-format json create --bundle /var/run/docker/containerd/daemon/io.containerd.runtime.v2.task/moby/c5f1d5cc33e2c96ed9e94486d03581f1a01f1067e7d21c2fa77cf0640b0abc4a --pid-file /var/run/docker/containerd/daemon/io.containerd.runtime.v2.task/moby/c5f1d5cc33e2c96ed9e94486d03581f1a01f1067e7d21c2fa77cf0640b0abc4a/init.pid c5f1d5cc33e2c96ed9e94486d03581f1a01f1067e7d21c2fa77cf0640b0abc4a]
        2025/08/31 22:04:53 delegatec environment: [HOSTNAME=f753b7489752 SHLVL=3 LD_LIBRARY_PATH=/opt/containerd/lib: HOME=/root MAX_SHIM_VERSION=2 container=docker TTRPC_ADDRESS=/var/run/docker/containerd/containerd.sock.ttrpc DIND_COMMIT=8d9e3502aba39127e4d12196dae16d306f76993d PATH=/opt/containerd/bin:/usr/local/sbin:/usr/local/bin:/usr/sbin:/usr/bin:/sbin:/bin GRPC_ADDRESS=/var/run/docker/containerd/containerd.sock DOCKER_VERSION=28.3.3 DOCKER_TLS_CERTDIR=/certs NAMESPACE=moby DOCKER_BUILDX_VERSION=0.26.1 DOCKER_COMPOSE_VERSION=2.39.1 PWD=/run/docker/containerd/daemon/io.containerd.runtime.v2.task/moby/c5f1d5cc33e2c96ed9e94486d03581f1a01f1067e7d21c2fa77cf0640b0abc4a GOMAXPROCS=4]
        2025/08/31 22:04:53 delegatec parsed command: runc.Create{Global:runc.Global{Root:"/var/run/docker/runtime-runc/moby", Debug:false, Log:"/var/run/docker/containerd/daemon/io.containerd.runtime.v2.task/moby/c5f1d5cc33e2c96ed9e94486d03581f1a01f1067e7d21c2fa77cf0640b0abc4a/log.json", LogFormat:"json", SystemdCgroup:false, Criu:"", Rootless:""}, BundleOpt:runc.BundleOpt{Bundle:"/var/run/docker/containerd/daemon/io.containerd.runtime.v2.task/moby/c5f1d5cc33e2c96ed9e94486d03581f1a01f1067e7d21c2fa77cf0640b0abc4a"}, ConsoleSocketOpt:runc.ConsoleSocketOpt{ConsoleSocket:""}, PivotKeyringFDsOpt:runc.PivotKeyringFDsOpt{NoPivot:false, NoNewKeyring:false, PreserveFDs:(*uint)(nil)}, PidFileOpt:runc.PidFileOpt{PidFile:"/var/run/docker/containerd/daemon/io.containerd.runtime.v2.task/moby/c5f1d5cc33e2c96ed9e94486d03581f1a01f1067e7d21c2fa77cf0640b0abc4a/init.pid"}, ContainerID:"c5f1d5cc33e2c96ed9e94486d03581f1a01f1067e7d21c2fa77cf0640b0abc4a"}
        2025/08/31 22:04:53 delegatec delegate path: /usr/local/bin/runc
        2025/08/31 22:04:53 delegatec called with args: [/usr/local/sbin/delegatec --delegate_path /usr/local/bin/runc --root /var/run/docker/runtime-runc/moby --log /run/docker/containerd/daemon/io.containerd.runtime.v2.task/moby/c5f1d5cc33e2c96ed9e94486d03581f1a01f1067e7d21c2fa77cf0640b0abc4a/log.json --log-format json delete --force c5f1d5cc33e2c96ed9e94486d03581f1a01f1067e7d21c2fa77cf0640b0abc4a]
        2025/08/31 22:04:53 delegatec environment: [HOSTNAME=f753b7489752 SHLVL=3 LD_LIBRARY_PATH=/opt/containerd/lib: HOME=/root MAX_SHIM_VERSION=2 container=docker TTRPC_ADDRESS=/var/run/docker/containerd/containerd.sock.ttrpc DIND_COMMIT=8d9e3502aba39127e4d12196dae16d306f76993d PATH=/opt/containerd/bin:/usr/local/sbin:/usr/local/bin:/usr/sbin:/usr/bin:/sbin:/bin GRPC_ADDRESS=/var/run/docker/containerd/containerd.sock DOCKER_VERSION=28.3.3 DOCKER_TLS_CERTDIR=/certs NAMESPACE=moby DOCKER_BUILDX_VERSION=0.26.1 DOCKER_COMPOSE_VERSION=2.39.1 PWD=/run/docker/containerd/daemon/io.containerd.runtime.v2.task/moby/c5f1d5cc33e2c96ed9e94486d03581f1a01f1067e7d21c2fa77cf0640b0abc4a GOMAXPROCS=2]
        2025/08/31 22:04:53 delegatec parsed command: runc.Delete{Global:runc.Global{Root:"/var/run/docker/runtime-runc/moby", Debug:false, Log:"/run/docker/containerd/daemon/io.containerd.runtime.v2.task/moby/c5f1d5cc33e2c96ed9e94486d03581f1a01f1067e7d21c2fa77cf0640b0abc4a/log.json", LogFormat:"json", SystemdCgroup:false, Criu:"", Rootless:""}, Force:true, ContainerID:"c5f1d5cc33e2c96ed9e94486d03581f1a01f1067e7d21c2fa77cf0640b0abc4a"}
        2025/08/31 22:04:53 delegatec delegate path: /usr/local/bin/runc
        2025/08/31 22:04:53 delegatec called with args: [/usr/local/sbin/delegatec --delegate_path /usr/local/bin/runc --root /var/run/docker/runtime-runc/moby --log /var/run/docker/containerd/daemon/io.containerd.runtime.v2.task/moby/042d09379b04372c2b609d8f04c31cab8786ab8a2acc75ba9b09786e2ea5f713/log.json --log-format json create --bundle /var/run/docker/containerd/daemon/io.containerd.runtime.v2.task/moby/042d09379b04372c2b609d8f04c31cab8786ab8a2acc75ba9b09786e2ea5f713 --pid-file /var/run/docker/containerd/daemon/io.containerd.runtime.v2.task/moby/042d09379b04372c2b609d8f04c31cab8786ab8a2acc75ba9b09786e2ea5f713/init.pid 042d09379b04372c2b609d8f04c31cab8786ab8a2acc75ba9b09786e2ea5f713]
        2025/08/31 22:04:53 delegatec environment: [HOSTNAME=f753b7489752 SHLVL=3 LD_LIBRARY_PATH=/opt/containerd/lib: HOME=/root MAX_SHIM_VERSION=2 container=docker TTRPC_ADDRESS=/var/run/docker/containerd/containerd.sock.ttrpc DIND_COMMIT=8d9e3502aba39127e4d12196dae16d306f76993d PATH=/opt/containerd/bin:/usr/local/sbin:/usr/local/bin:/usr/sbin:/usr/bin:/sbin:/bin GRPC_ADDRESS=/var/run/docker/containerd/containerd.sock DOCKER_VERSION=28.3.3 DOCKER_TLS_CERTDIR=/certs NAMESPACE=moby DOCKER_BUILDX_VERSION=0.26.1 DOCKER_COMPOSE_VERSION=2.39.1 PWD=/run/docker/containerd/daemon/io.containerd.runtime.v2.task/moby/042d09379b04372c2b609d8f04c31cab8786ab8a2acc75ba9b09786e2ea5f713 GOMAXPROCS=4]
        2025/08/31 22:04:53 delegatec parsed command: runc.Create{Global:runc.Global{Root:"/var/run/docker/runtime-runc/moby", Debug:false, Log:"/var/run/docker/containerd/daemon/io.containerd.runtime.v2.task/moby/042d09379b04372c2b609d8f04c31cab8786ab8a2acc75ba9b09786e2ea5f713/log.json", LogFormat:"json", SystemdCgroup:false, Criu:"", Rootless:""}, BundleOpt:runc.BundleOpt{Bundle:"/var/run/docker/containerd/daemon/io.containerd.runtime.v2.task/moby/042d09379b04372c2b609d8f04c31cab8786ab8a2acc75ba9b09786e2ea5f713"}, ConsoleSocketOpt:runc.ConsoleSocketOpt{ConsoleSocket:""}, PivotKeyringFDsOpt:runc.PivotKeyringFDsOpt{NoPivot:false, NoNewKeyring:false, PreserveFDs:(*uint)(nil)}, PidFileOpt:runc.PidFileOpt{PidFile:"/var/run/docker/containerd/daemon/io.containerd.runtime.v2.task/moby/042d09379b04372c2b609d8f04c31cab8786ab8a2acc75ba9b09786e2ea5f713/init.pid"}, ContainerID:"042d09379b04372c2b609d8f04c31cab8786ab8a2acc75ba9b09786e2ea5f713"}
        2025/08/31 22:04:53 delegatec delegate path: /usr/local/bin/runc
        2025/08/31 22:04:53 delegatec called with args: [/usr/local/sbin/delegatec --delegate_path /usr/local/bin/runc --root /var/run/docker/runtime-runc/moby --log /run/docker/containerd/daemon/io.containerd.runtime.v2.task/moby/042d09379b04372c2b609d8f04c31cab8786ab8a2acc75ba9b09786e2ea5f713/log.json --log-format json delete --force 042d09379b04372c2b609d8f04c31cab8786ab8a2acc75ba9b09786e2ea5f713]
        2025/08/31 22:04:53 delegatec environment: [HOSTNAME=f753b7489752 SHLVL=3 LD_LIBRARY_PATH=/opt/containerd/lib: HOME=/root MAX_SHIM_VERSION=2 container=docker TTRPC_ADDRESS=/var/run/docker/containerd/containerd.sock.ttrpc DIND_COMMIT=8d9e3502aba39127e4d12196dae16d306f76993d PATH=/opt/containerd/bin:/usr/local/sbin:/usr/local/bin:/usr/sbin:/usr/bin:/sbin:/bin GRPC_ADDRESS=/var/run/docker/containerd/containerd.sock DOCKER_VERSION=28.3.3 DOCKER_TLS_CERTDIR=/certs NAMESPACE=moby DOCKER_BUILDX_VERSION=0.26.1 DOCKER_COMPOSE_VERSION=2.39.1 PWD=/run/docker/containerd/daemon/io.containerd.runtime.v2.task/moby/042d09379b04372c2b609d8f04c31cab8786ab8a2acc75ba9b09786e2ea5f713 GOMAXPROCS=2]
        2025/08/31 22:04:53 delegatec parsed command: runc.Delete{Global:runc.Global{Root:"/var/run/docker/runtime-runc/moby", Debug:false, Log:"/run/docker/containerd/daemon/io.containerd.runtime.v2.task/moby/042d09379b04372c2b609d8f04c31cab8786ab8a2acc75ba9b09786e2ea5f713/log.json", LogFormat:"json", SystemdCgroup:false, Criu:"", Rootless:""}, Force:true, ContainerID:"042d09379b04372c2b609d8f04c31cab8786ab8a2acc75ba9b09786e2ea5f713"}
        2025/08/31 22:04:53 delegatec delegate path: /usr/local/bin/runc
        2025/08/31 22:04:53 delegatec called with args: [/usr/local/sbin/delegatec --delegate_path /usr/local/bin/runc --root /var/run/docker/runtime-runc/moby --log /var/run/docker/containerd/daemon/io.containerd.runtime.v2.task/moby/1591e1b3252fa98e6750da703af72e09ab1dbf5e7cae4f3ac47526fb71b6a2a8/log.json --log-format json create --bundle /var/run/docker/containerd/daemon/io.containerd.runtime.v2.task/moby/1591e1b3252fa98e6750da703af72e09ab1dbf5e7cae4f3ac47526fb71b6a2a8 --pid-file /var/run/docker/containerd/daemon/io.containerd.runtime.v2.task/moby/1591e1b3252fa98e6750da703af72e09ab1dbf5e7cae4f3ac47526fb71b6a2a8/init.pid 1591e1b3252fa98e6750da703af72e09ab1dbf5e7cae4f3ac47526fb71b6a2a8]
        2025/08/31 22:04:53 delegatec environment: [HOSTNAME=f753b7489752 SHLVL=3 LD_LIBRARY_PATH=/opt/containerd/lib: HOME=/root MAX_SHIM_VERSION=2 container=docker TTRPC_ADDRESS=/var/run/docker/containerd/containerd.sock.ttrpc DIND_COMMIT=8d9e3502aba39127e4d12196dae16d306f76993d PATH=/opt/containerd/bin:/usr/local/sbin:/usr/local/bin:/usr/sbin:/usr/bin:/sbin:/bin GRPC_ADDRESS=/var/run/docker/containerd/containerd.sock DOCKER_VERSION=28.3.3 DOCKER_TLS_CERTDIR=/certs NAMESPACE=moby DOCKER_BUILDX_VERSION=0.26.1 DOCKER_COMPOSE_VERSION=2.39.1 PWD=/run/docker/containerd/daemon/io.containerd.runtime.v2.task/moby/1591e1b3252fa98e6750da703af72e09ab1dbf5e7cae4f3ac47526fb71b6a2a8 GOMAXPROCS=4]
        2025/08/31 22:04:53 delegatec parsed command: runc.Create{Global:runc.Global{Root:"/var/run/docker/runtime-runc/moby", Debug:false, Log:"/var/run/docker/containerd/daemon/io.containerd.runtime.v2.task/moby/1591e1b3252fa98e6750da703af72e09ab1dbf5e7cae4f3ac47526fb71b6a2a8/log.json", LogFormat:"json", SystemdCgroup:false, Criu:"", Rootless:""}, BundleOpt:runc.BundleOpt{Bundle:"/var/run/docker/containerd/daemon/io.containerd.runtime.v2.task/moby/1591e1b3252fa98e6750da703af72e09ab1dbf5e7cae4f3ac47526fb71b6a2a8"}, ConsoleSocketOpt:runc.ConsoleSocketOpt{ConsoleSocket:""}, PivotKeyringFDsOpt:runc.PivotKeyringFDsOpt{NoPivot:false, NoNewKeyring:false, PreserveFDs:(*uint)(nil)}, PidFileOpt:runc.PidFileOpt{PidFile:"/var/run/docker/containerd/daemon/io.containerd.runtime.v2.task/moby/1591e1b3252fa98e6750da703af72e09ab1dbf5e7cae4f3ac47526fb71b6a2a8/init.pid"}, ContainerID:"1591e1b3252fa98e6750da703af72e09ab1dbf5e7cae4f3ac47526fb71b6a2a8"}
        2025/08/31 22:04:53 delegatec delegate path: /usr/local/bin/runc
        2025/08/31 22:04:53 delegatec called with args: [/usr/local/sbin/delegatec --delegate_path /usr/local/bin/runc --root /var/run/docker/runtime-runc/moby --log /run/docker/containerd/daemon/io.containerd.runtime.v2.task/moby/1591e1b3252fa98e6750da703af72e09ab1dbf5e7cae4f3ac47526fb71b6a2a8/log.json --log-format json delete --force 1591e1b3252fa98e6750da703af72e09ab1dbf5e7cae4f3ac47526fb71b6a2a8]
        2025/08/31 22:04:53 delegatec environment: [HOSTNAME=f753b7489752 SHLVL=3 LD_LIBRARY_PATH=/opt/containerd/lib: HOME=/root MAX_SHIM_VERSION=2 container=docker TTRPC_ADDRESS=/var/run/docker/containerd/containerd.sock.ttrpc DIND_COMMIT=8d9e3502aba39127e4d12196dae16d306f76993d PATH=/opt/containerd/bin:/usr/local/sbin:/usr/local/bin:/usr/sbin:/usr/bin:/sbin:/bin GRPC_ADDRESS=/var/run/docker/containerd/containerd.sock DOCKER_VERSION=28.3.3 DOCKER_TLS_CERTDIR=/certs NAMESPACE=moby DOCKER_BUILDX_VERSION=0.26.1 DOCKER_COMPOSE_VERSION=2.39.1 PWD=/run/docker/containerd/daemon/io.containerd.runtime.v2.task/moby/1591e1b3252fa98e6750da703af72e09ab1dbf5e7cae4f3ac47526fb71b6a2a8 GOMAXPROCS=2]
        2025/08/31 22:04:53 delegatec parsed command: runc.Delete{Global:runc.Global{Root:"/var/run/docker/runtime-runc/moby", Debug:false, Log:"/run/docker/containerd/daemon/io.containerd.runtime.v2.task/moby/1591e1b3252fa98e6750da703af72e09ab1dbf5e7cae4f3ac47526fb71b6a2a8/log.json", LogFormat:"json", SystemdCgroup:false, Criu:"", Rootless:""}, Force:true, ContainerID:"1591e1b3252fa98e6750da703af72e09ab1dbf5e7cae4f3ac47526fb71b6a2a8"}
        2025/08/31 22:04:53 delegatec delegate path: /usr/local/bin/runc
        2025/08/31 22:04:54 delegatec called with args: [/usr/local/sbin/delegatec --delegate_path /usr/local/bin/runc --root /var/run/docker/runtime-runc/moby --log /var/run/docker/containerd/daemon/io.containerd.runtime.v2.task/moby/bd24cdd6a9261c3556f8017d7bb187794c58da30193b7a1d498965ab8d77eac0/log.json --log-format json create --bundle /var/run/docker/containerd/daemon/io.containerd.runtime.v2.task/moby/bd24cdd6a9261c3556f8017d7bb187794c58da30193b7a1d498965ab8d77eac0 --pid-file /var/run/docker/containerd/daemon/io.containerd.runtime.v2.task/moby/bd24cdd6a9261c3556f8017d7bb187794c58da30193b7a1d498965ab8d77eac0/init.pid bd24cdd6a9261c3556f8017d7bb187794c58da30193b7a1d498965ab8d77eac0]
        2025/08/31 22:04:54 delegatec environment: [HOSTNAME=f753b7489752 SHLVL=3 LD_LIBRARY_PATH=/opt/containerd/lib: HOME=/root MAX_SHIM_VERSION=2 container=docker TTRPC_ADDRESS=/var/run/docker/containerd/containerd.sock.ttrpc DIND_COMMIT=8d9e3502aba39127e4d12196dae16d306f76993d PATH=/opt/containerd/bin:/usr/local/sbin:/usr/local/bin:/usr/sbin:/usr/bin:/sbin:/bin GRPC_ADDRESS=/var/run/docker/containerd/containerd.sock DOCKER_VERSION=28.3.3 DOCKER_TLS_CERTDIR=/certs NAMESPACE=moby DOCKER_BUILDX_VERSION=0.26.1 DOCKER_COMPOSE_VERSION=2.39.1 PWD=/run/docker/containerd/daemon/io.containerd.runtime.v2.task/moby/bd24cdd6a9261c3556f8017d7bb187794c58da30193b7a1d498965ab8d77eac0 GOMAXPROCS=4]
        2025/08/31 22:04:54 delegatec parsed command: runc.Create{Global:runc.Global{Root:"/var/run/docker/runtime-runc/moby", Debug:false, Log:"/var/run/docker/containerd/daemon/io.containerd.runtime.v2.task/moby/bd24cdd6a9261c3556f8017d7bb187794c58da30193b7a1d498965ab8d77eac0/log.json", LogFormat:"json", SystemdCgroup:false, Criu:"", Rootless:""}, BundleOpt:runc.BundleOpt{Bundle:"/var/run/docker/containerd/daemon/io.containerd.runtime.v2.task/moby/bd24cdd6a9261c3556f8017d7bb187794c58da30193b7a1d498965ab8d77eac0"}, ConsoleSocketOpt:runc.ConsoleSocketOpt{ConsoleSocket:""}, PivotKeyringFDsOpt:runc.PivotKeyringFDsOpt{NoPivot:false, NoNewKeyring:false, PreserveFDs:(*uint)(nil)}, PidFileOpt:runc.PidFileOpt{PidFile:"/var/run/docker/containerd/daemon/io.containerd.runtime.v2.task/moby/bd24cdd6a9261c3556f8017d7bb187794c58da30193b7a1d498965ab8d77eac0/init.pid"}, ContainerID:"bd24cdd6a9261c3556f8017d7bb187794c58da30193b7a1d498965ab8d77eac0"}
        2025/08/31 22:04:54 delegatec delegate path: /usr/local/bin/runc
        2025/08/31 22:04:54 delegatec called with args: [/usr/local/sbin/delegatec --delegate_path /usr/local/bin/runc --root /var/run/docker/runtime-runc/moby --log /run/docker/containerd/daemon/io.containerd.runtime.v2.task/moby/bd24cdd6a9261c3556f8017d7bb187794c58da30193b7a1d498965ab8d77eac0/log.json --log-format json delete --force bd24cdd6a9261c3556f8017d7bb187794c58da30193b7a1d498965ab8d77eac0]
        2025/08/31 22:04:54 delegatec environment: [HOSTNAME=f753b7489752 SHLVL=3 LD_LIBRARY_PATH=/opt/containerd/lib: HOME=/root MAX_SHIM_VERSION=2 container=docker TTRPC_ADDRESS=/var/run/docker/containerd/containerd.sock.ttrpc DIND_COMMIT=8d9e3502aba39127e4d12196dae16d306f76993d PATH=/opt/containerd/bin:/usr/local/sbin:/usr/local/bin:/usr/sbin:/usr/bin:/sbin:/bin GRPC_ADDRESS=/var/run/docker/containerd/containerd.sock DOCKER_VERSION=28.3.3 DOCKER_TLS_CERTDIR=/certs NAMESPACE=moby DOCKER_BUILDX_VERSION=0.26.1 DOCKER_COMPOSE_VERSION=2.39.1 PWD=/run/docker/containerd/daemon/io.containerd.runtime.v2.task/moby/bd24cdd6a9261c3556f8017d7bb187794c58da30193b7a1d498965ab8d77eac0 GOMAXPROCS=2]
        2025/08/31 22:04:54 delegatec parsed command: runc.Delete{Global:runc.Global{Root:"/var/run/docker/runtime-runc/moby", Debug:false, Log:"/run/docker/containerd/daemon/io.containerd.runtime.v2.task/moby/bd24cdd6a9261c3556f8017d7bb187794c58da30193b7a1d498965ab8d77eac0/log.json", LogFormat:"json", SystemdCgroup:false, Criu:"", Rootless:""}, Force:true, ContainerID:"bd24cdd6a9261c3556f8017d7bb187794c58da30193b7a1d498965ab8d77eac0"}
        2025/08/31 22:04:54 delegatec delegate path: /usr/local/bin/runc
        2025/08/31 22:04:57 delegatec called with args: [/usr/local/sbin/delegatec --delegate_path /usr/local/bin/runc --root /var/run/docker/runtime-runc/moby --log /var/run/docker/containerd/daemon/io.containerd.runtime.v2.task/moby/09d4b7c129f69bafbdb895b26b993d746e5e4853f28ce301a06fbf38ab7cfeea/log.json --log-format json create --bundle /var/run/docker/containerd/daemon/io.containerd.runtime.v2.task/moby/09d4b7c129f69bafbdb895b26b993d746e5e4853f28ce301a06fbf38ab7cfeea --pid-file /var/run/docker/containerd/daemon/io.containerd.runtime.v2.task/moby/09d4b7c129f69bafbdb895b26b993d746e5e4853f28ce301a06fbf38ab7cfeea/init.pid 09d4b7c129f69bafbdb895b26b993d746e5e4853f28ce301a06fbf38ab7cfeea]
        2025/08/31 22:04:57 delegatec environment: [HOSTNAME=f753b7489752 SHLVL=3 LD_LIBRARY_PATH=/opt/containerd/lib: HOME=/root MAX_SHIM_VERSION=2 container=docker TTRPC_ADDRESS=/var/run/docker/containerd/containerd.sock.ttrpc DIND_COMMIT=8d9e3502aba39127e4d12196dae16d306f76993d PATH=/opt/containerd/bin:/usr/local/sbin:/usr/local/bin:/usr/sbin:/usr/bin:/sbin:/bin GRPC_ADDRESS=/var/run/docker/containerd/containerd.sock DOCKER_VERSION=28.3.3 DOCKER_TLS_CERTDIR=/certs NAMESPACE=moby DOCKER_BUILDX_VERSION=0.26.1 DOCKER_COMPOSE_VERSION=2.39.1 PWD=/run/docker/containerd/daemon/io.containerd.runtime.v2.task/moby/09d4b7c129f69bafbdb895b26b993d746e5e4853f28ce301a06fbf38ab7cfeea GOMAXPROCS=4]
        2025/08/31 22:04:57 delegatec parsed command: runc.Create{Global:runc.Global{Root:"/var/run/docker/runtime-runc/moby", Debug:false, Log:"/var/run/docker/containerd/daemon/io.containerd.runtime.v2.task/moby/09d4b7c129f69bafbdb895b26b993d746e5e4853f28ce301a06fbf38ab7cfeea/log.json", LogFormat:"json", SystemdCgroup:false, Criu:"", Rootless:""}, BundleOpt:runc.BundleOpt{Bundle:"/var/run/docker/containerd/daemon/io.containerd.runtime.v2.task/moby/09d4b7c129f69bafbdb895b26b993d746e5e4853f28ce301a06fbf38ab7cfeea"}, ConsoleSocketOpt:runc.ConsoleSocketOpt{ConsoleSocket:""}, PivotKeyringFDsOpt:runc.PivotKeyringFDsOpt{NoPivot:false, NoNewKeyring:false, PreserveFDs:(*uint)(nil)}, PidFileOpt:runc.PidFileOpt{PidFile:"/var/run/docker/containerd/daemon/io.containerd.runtime.v2.task/moby/09d4b7c129f69bafbdb895b26b993d746e5e4853f28ce301a06fbf38ab7cfeea/init.pid"}, ContainerID:"09d4b7c129f69bafbdb895b26b993d746e5e4853f28ce301a06fbf38ab7cfeea"}
        2025/08/31 22:04:57 delegatec delegate path: /usr/local/bin/runc
        2025/08/31 22:04:57 delegatec called with args: [/usr/local/sbin/delegatec --delegate_path /usr/local/bin/runc --root /var/run/docker/runtime-runc/moby --log /run/docker/containerd/daemon/io.containerd.runtime.v2.task/moby/09d4b7c129f69bafbdb895b26b993d746e5e4853f28ce301a06fbf38ab7cfeea/log.json --log-format json delete --force 09d4b7c129f69bafbdb895b26b993d746e5e4853f28ce301a06fbf38ab7cfeea]
        2025/08/31 22:04:57 delegatec environment: [HOSTNAME=f753b7489752 SHLVL=3 LD_LIBRARY_PATH=/opt/containerd/lib: HOME=/root MAX_SHIM_VERSION=2 container=docker TTRPC_ADDRESS=/var/run/docker/containerd/containerd.sock.ttrpc DIND_COMMIT=8d9e3502aba39127e4d12196dae16d306f76993d PATH=/opt/containerd/bin:/usr/local/sbin:/usr/local/bin:/usr/sbin:/usr/bin:/sbin:/bin GRPC_ADDRESS=/var/run/docker/containerd/containerd.sock DOCKER_VERSION=28.3.3 DOCKER_TLS_CERTDIR=/certs NAMESPACE=moby DOCKER_BUILDX_VERSION=0.26.1 DOCKER_COMPOSE_VERSION=2.39.1 PWD=/run/docker/containerd/daemon/io.containerd.runtime.v2.task/moby/09d4b7c129f69bafbdb895b26b993d746e5e4853f28ce301a06fbf38ab7cfeea GOMAXPROCS=2]
        2025/08/31 22:04:57 delegatec parsed command: runc.Delete{Global:runc.Global{Root:"/var/run/docker/runtime-runc/moby", Debug:false, Log:"/run/docker/containerd/daemon/io.containerd.runtime.v2.task/moby/09d4b7c129f69bafbdb895b26b993d746e5e4853f28ce301a06fbf38ab7cfeea/log.json", LogFormat:"json", SystemdCgroup:false, Criu:"", Rootless:""}, Force:true, ContainerID:"09d4b7c129f69bafbdb895b26b993d746e5e4853f28ce301a06fbf38ab7cfeea"}
        2025/08/31 22:04:57 delegatec delegate path: /usr/local/bin/runc
        2025/08/31 22:04:58 delegatec called with args: [/usr/local/sbin/delegatec --delegate_path /usr/local/bin/runc --root /var/run/docker/runtime-runc/moby --log /var/run/docker/containerd/daemon/io.containerd.runtime.v2.task/moby/56ef7c81e564787e3bcb14b2b780ad523358c81318c3edba5946f83714b11874/log.json --log-format json create --bundle /var/run/docker/containerd/daemon/io.containerd.runtime.v2.task/moby/56ef7c81e564787e3bcb14b2b780ad523358c81318c3edba5946f83714b11874 --pid-file /var/run/docker/containerd/daemon/io.containerd.runtime.v2.task/moby/56ef7c81e564787e3bcb14b2b780ad523358c81318c3edba5946f83714b11874/init.pid 56ef7c81e564787e3bcb14b2b780ad523358c81318c3edba5946f83714b11874]
        2025/08/31 22:04:58 delegatec environment: [HOSTNAME=f753b7489752 SHLVL=3 LD_LIBRARY_PATH=/opt/containerd/lib: HOME=/root MAX_SHIM_VERSION=2 container=docker TTRPC_ADDRESS=/var/run/docker/containerd/containerd.sock.ttrpc DIND_COMMIT=8d9e3502aba39127e4d12196dae16d306f76993d PATH=/opt/containerd/bin:/usr/local/sbin:/usr/local/bin:/usr/sbin:/usr/bin:/sbin:/bin GRPC_ADDRESS=/var/run/docker/containerd/containerd.sock DOCKER_VERSION=28.3.3 DOCKER_TLS_CERTDIR=/certs NAMESPACE=moby DOCKER_BUILDX_VERSION=0.26.1 DOCKER_COMPOSE_VERSION=2.39.1 PWD=/run/docker/containerd/daemon/io.containerd.runtime.v2.task/moby/56ef7c81e564787e3bcb14b2b780ad523358c81318c3edba5946f83714b11874 GOMAXPROCS=4]
        2025/08/31 22:04:58 delegatec parsed command: runc.Create{Global:runc.Global{Root:"/var/run/docker/runtime-runc/moby", Debug:false, Log:"/var/run/docker/containerd/daemon/io.containerd.runtime.v2.task/moby/56ef7c81e564787e3bcb14b2b780ad523358c81318c3edba5946f83714b11874/log.json", LogFormat:"json", SystemdCgroup:false, Criu:"", Rootless:""}, BundleOpt:runc.BundleOpt{Bundle:"/var/run/docker/containerd/daemon/io.containerd.runtime.v2.task/moby/56ef7c81e564787e3bcb14b2b780ad523358c81318c3edba5946f83714b11874"}, ConsoleSocketOpt:runc.ConsoleSocketOpt{ConsoleSocket:""}, PivotKeyringFDsOpt:runc.PivotKeyringFDsOpt{NoPivot:false, NoNewKeyring:false, PreserveFDs:(*uint)(nil)}, PidFileOpt:runc.PidFileOpt{PidFile:"/var/run/docker/containerd/daemon/io.containerd.runtime.v2.task/moby/56ef7c81e564787e3bcb14b2b780ad523358c81318c3edba5946f83714b11874/init.pid"}, ContainerID:"56ef7c81e564787e3bcb14b2b780ad523358c81318c3edba5946f83714b11874"}
        2025/08/31 22:04:58 delegatec delegate path: /usr/local/bin/runc
        2025/08/31 22:04:58 delegatec called with args: [/usr/local/sbin/delegatec --delegate_path /usr/local/bin/runc --root /var/run/docker/runtime-runc/moby --log /run/docker/containerd/daemon/io.containerd.runtime.v2.task/moby/56ef7c81e564787e3bcb14b2b780ad523358c81318c3edba5946f83714b11874/log.json --log-format json delete --force 56ef7c81e564787e3bcb14b2b780ad523358c81318c3edba5946f83714b11874]
        2025/08/31 22:04:58 delegatec environment: [HOSTNAME=f753b7489752 SHLVL=3 LD_LIBRARY_PATH=/opt/containerd/lib: HOME=/root MAX_SHIM_VERSION=2 container=docker TTRPC_ADDRESS=/var/run/docker/containerd/containerd.sock.ttrpc DIND_COMMIT=8d9e3502aba39127e4d12196dae16d306f76993d PATH=/opt/containerd/bin:/usr/local/sbin:/usr/local/bin:/usr/sbin:/usr/bin:/sbin:/bin GRPC_ADDRESS=/var/run/docker/containerd/containerd.sock DOCKER_VERSION=28.3.3 DOCKER_TLS_CERTDIR=/certs NAMESPACE=moby DOCKER_BUILDX_VERSION=0.26.1 DOCKER_COMPOSE_VERSION=2.39.1 PWD=/run/docker/containerd/daemon/io.containerd.runtime.v2.task/moby/56ef7c81e564787e3bcb14b2b780ad523358c81318c3edba5946f83714b11874 GOMAXPROCS=2]
        2025/08/31 22:04:58 delegatec parsed command: runc.Delete{Global:runc.Global{Root:"/var/run/docker/runtime-runc/moby", Debug:false, Log:"/run/docker/containerd/daemon/io.containerd.runtime.v2.task/moby/56ef7c81e564787e3bcb14b2b780ad523358c81318c3edba5946f83714b11874/log.json", LogFormat:"json", SystemdCgroup:false, Criu:"", Rootless:""}, Force:true, ContainerID:"56ef7c81e564787e3bcb14b2b780ad523358c81318c3edba5946f83714b11874"}
        2025/08/31 22:04:58 delegatec delegate path: /usr/local/bin/runc
        2025/08/31 22:04:58 delegatec called with args: [/usr/local/sbin/delegatec --delegate_path /usr/local/bin/runc --root /var/run/docker/runtime-runc/moby --log /var/run/docker/containerd/daemon/io.containerd.runtime.v2.task/moby/9f091bbaa5150591e048185332e3d3ca52b78e3a4638c28c61dc5164d2f70175/log.json --log-format json create --bundle /var/run/docker/containerd/daemon/io.containerd.runtime.v2.task/moby/9f091bbaa5150591e048185332e3d3ca52b78e3a4638c28c61dc5164d2f70175 --pid-file /var/run/docker/containerd/daemon/io.containerd.runtime.v2.task/moby/9f091bbaa5150591e048185332e3d3ca52b78e3a4638c28c61dc5164d2f70175/init.pid 9f091bbaa5150591e048185332e3d3ca52b78e3a4638c28c61dc5164d2f70175]
        2025/08/31 22:04:58 delegatec environment: [HOSTNAME=f753b7489752 SHLVL=3 LD_LIBRARY_PATH=/opt/containerd/lib: HOME=/root MAX_SHIM_VERSION=2 container=docker TTRPC_ADDRESS=/var/run/docker/containerd/containerd.sock.ttrpc DIND_COMMIT=8d9e3502aba39127e4d12196dae16d306f76993d PATH=/opt/containerd/bin:/usr/local/sbin:/usr/local/bin:/usr/sbin:/usr/bin:/sbin:/bin GRPC_ADDRESS=/var/run/docker/containerd/containerd.sock DOCKER_VERSION=28.3.3 DOCKER_TLS_CERTDIR=/certs NAMESPACE=moby DOCKER_BUILDX_VERSION=0.26.1 DOCKER_COMPOSE_VERSION=2.39.1 PWD=/run/docker/containerd/daemon/io.containerd.runtime.v2.task/moby/9f091bbaa5150591e048185332e3d3ca52b78e3a4638c28c61dc5164d2f70175 GOMAXPROCS=4]
        2025/08/31 22:04:58 delegatec parsed command: runc.Create{Global:runc.Global{Root:"/var/run/docker/runtime-runc/moby", Debug:false, Log:"/var/run/docker/containerd/daemon/io.containerd.runtime.v2.task/moby/9f091bbaa5150591e048185332e3d3ca52b78e3a4638c28c61dc5164d2f70175/log.json", LogFormat:"json", SystemdCgroup:false, Criu:"", Rootless:""}, BundleOpt:runc.BundleOpt{Bundle:"/var/run/docker/containerd/daemon/io.containerd.runtime.v2.task/moby/9f091bbaa5150591e048185332e3d3ca52b78e3a4638c28c61dc5164d2f70175"}, ConsoleSocketOpt:runc.ConsoleSocketOpt{ConsoleSocket:""}, PivotKeyringFDsOpt:runc.PivotKeyringFDsOpt{NoPivot:false, NoNewKeyring:false, PreserveFDs:(*uint)(nil)}, PidFileOpt:runc.PidFileOpt{PidFile:"/var/run/docker/containerd/daemon/io.containerd.runtime.v2.task/moby/9f091bbaa5150591e048185332e3d3ca52b78e3a4638c28c61dc5164d2f70175/init.pid"}, ContainerID:"9f091bbaa5150591e048185332e3d3ca52b78e3a4638c28c61dc5164d2f70175"}
        2025/08/31 22:04:58 delegatec delegate path: /usr/local/bin/runc
        2025/08/31 22:04:58 delegatec called with args: [/usr/local/sbin/delegatec --delegate_path /usr/local/bin/runc --root /var/run/docker/runtime-runc/moby --log /run/docker/containerd/daemon/io.containerd.runtime.v2.task/moby/9f091bbaa5150591e048185332e3d3ca52b78e3a4638c28c61dc5164d2f70175/log.json --log-format json delete --force 9f091bbaa5150591e048185332e3d3ca52b78e3a4638c28c61dc5164d2f70175]
        2025/08/31 22:04:58 delegatec environment: [HOSTNAME=f753b7489752 SHLVL=3 LD_LIBRARY_PATH=/opt/containerd/lib: HOME=/root MAX_SHIM_VERSION=2 container=docker TTRPC_ADDRESS=/var/run/docker/containerd/containerd.sock.ttrpc DIND_COMMIT=8d9e3502aba39127e4d12196dae16d306f76993d PATH=/opt/containerd/bin:/usr/local/sbin:/usr/local/bin:/usr/sbin:/usr/bin:/sbin:/bin GRPC_ADDRESS=/var/run/docker/containerd/containerd.sock DOCKER_VERSION=28.3.3 DOCKER_TLS_CERTDIR=/certs NAMESPACE=moby DOCKER_BUILDX_VERSION=0.26.1 DOCKER_COMPOSE_VERSION=2.39.1 PWD=/run/docker/containerd/daemon/io.containerd.runtime.v2.task/moby/9f091bbaa5150591e048185332e3d3ca52b78e3a4638c28c61dc5164d2f70175 GOMAXPROCS=2]
        2025/08/31 22:04:58 delegatec parsed command: runc.Delete{Global:runc.Global{Root:"/var/run/docker/runtime-runc/moby", Debug:false, Log:"/run/docker/containerd/daemon/io.containerd.runtime.v2.task/moby/9f091bbaa5150591e048185332e3d3ca52b78e3a4638c28c61dc5164d2f70175/log.json", LogFormat:"json", SystemdCgroup:false, Criu:"", Rootless:""}, Force:true, ContainerID:"9f091bbaa5150591e048185332e3d3ca52b78e3a4638c28c61dc5164d2f70175"}
        2025/08/31 22:04:58 delegatec delegate path: /usr/local/bin/runc
        
        --------------------
    dind_test.go:980: runc log empty
=== NAME  TestRuntimeParity/user_and_capabilities
    dind_test.go:1013: runc exited with 0
    dind_test.go:1014: runc output:
        1000
        1000
        CapEff:	0000000000000000
        PING 127.0.0.1 (127.0.0.1): 56 data bytes
        64 bytes from 127.0.0.1: seq=0 ttl=42 time=0.045 ms
        
        --- 127.0.0.1 ping statistics ---
        1 packets transmitted, 1 packets received, 0% packet loss
        round-trip min/avg/max = 0.045/0.045/0.045 ms
    dind_test.go:1015: delegatec exited with 125
    dind_test.go:1016: delegatec output:
        docker: Error response from daemon: failed to create task for container: failed to create shim task: OCI runtime create failed: /var/lib/docker/runtimes/delegatec.XQ4R1TXV9RVB-6VXNQQ6T94RZ3BX12S543VW4JWFW99SNDHTX9W0==== did not terminate successfully: exit status 2: unknown
        
        Run 'docker run --help' for more information
    dind_test.go:1019: unexpected uid/gid output: "docker: Error response from daemon: failed to create task for container: failed to create shim task: OCI runtime create failed: /var/lib/docker/runtimes/delegatec.XQ4R1TXV9RVB-6VXNQQ6T94RZ3BX12S543VW4JWFW99SNDHTX9W0==== did not terminate successfully: exit status 2: unknown\n\nRun 'docker run --help' for more information\n"
=== NAME  TestRuntimeParity/pause/unpause
    dind_test.go:981: criu check exit code 0
        stdout:
        
        stderr:
=== NAME  TestRuntimeParity/user_and_capabilities
    dind_test.go:979: --- delegatec.log ---
             ~�2025/08/31 22:04:48 delegatec called with args: [/usr/local/sbin/delegatec --delegate_path /usr/local/bin/runc features]
        2025/08/31 22:04:48 delegatec environment: [OTEL_EXPORTER_OTLP_TRACES_PROTOCOL=http/protobuf HOSTNAME=f753b7489752 SHLVL=3 HOME=/root OTEL_SERVICE_NAME=dockerd OTEL_EXPORTER_OTLP_METRICS_PROTOCOL=http/protobuf container=docker TMPDIR=/var/lib/docker/tmp DIND_COMMIT=8d9e3502aba39127e4d12196dae16d306f76993d PATH=/usr/local/sbin:/usr/local/bin:/usr/sbin:/usr/bin:/sbin:/bin DOCKER_VERSION=28.3.3 DOCKER_TLS_CERTDIR=/certs DOCKER_BUILDX_VERSION=0.26.1 DOCKER_COMPOSE_VERSION=2.39.1 PWD=/]
        2025/08/31 22:04:48 delegatec parsed command: runc.Features{Global:runc.Global{Root:"", Debug:false, Log:"", LogFormat:"", SystemdCgroup:false, Criu:"", Rootless:""}}
        2025/08/31 22:04:48 delegatec delegate path: /usr/local/bin/runc
        2025/08/31 22:04:53 delegatec called with args: [/usr/local/sbin/delegatec --delegate_path /usr/local/bin/runc --root /var/run/docker/runtime-runc/moby --log /var/run/docker/containerd/daemon/io.containerd.runtime.v2.task/moby/c5f1d5cc33e2c96ed9e94486d03581f1a01f1067e7d21c2fa77cf0640b0abc4a/log.json --log-format json create --bundle /var/run/docker/containerd/daemon/io.containerd.runtime.v2.task/moby/c5f1d5cc33e2c96ed9e94486d03581f1a01f1067e7d21c2fa77cf0640b0abc4a --pid-file /var/run/docker/containerd/daemon/io.containerd.runtime.v2.task/moby/c5f1d5cc33e2c96ed9e94486d03581f1a01f1067e7d21c2fa77cf0640b0abc4a/init.pid c5f1d5cc33e2c96ed9e94486d03581f1a01f1067e7d21c2fa77cf0640b0abc4a]
        2025/08/31 22:04:53 delegatec environment: [HOSTNAME=f753b7489752 SHLVL=3 LD_LIBRARY_PATH=/opt/containerd/lib: HOME=/root MAX_SHIM_VERSION=2 container=docker TTRPC_ADDRESS=/var/run/docker/containerd/containerd.sock.ttrpc DIND_COMMIT=8d9e3502aba39127e4d12196dae16d306f76993d PATH=/opt/containerd/bin:/usr/local/sbin:/usr/local/bin:/usr/sbin:/usr/bin:/sbin:/bin GRPC_ADDRESS=/var/run/docker/containerd/containerd.sock DOCKER_VERSION=28.3.3 DOCKER_TLS_CERTDIR=/certs NAMESPACE=moby DOCKER_BUILDX_VERSION=0.26.1 DOCKER_COMPOSE_VERSION=2.39.1 PWD=/run/docker/containerd/daemon/io.containerd.runtime.v2.task/moby/c5f1d5cc33e2c96ed9e94486d03581f1a01f1067e7d21c2fa77cf0640b0abc4a GOMAXPROCS=4]
        2025/08/31 22:04:53 delegatec parsed command: runc.Create{Global:runc.Global{Root:"/var/run/docker/runtime-runc/moby", Debug:false, Log:"/var/run/docker/containerd/daemon/io.containerd.runtime.v2.task/moby/c5f1d5cc33e2c96ed9e94486d03581f1a01f1067e7d21c2fa77cf0640b0abc4a/log.json", LogFormat:"json", SystemdCgroup:false, Criu:"", Rootless:""}, BundleOpt:runc.BundleOpt{Bundle:"/var/run/docker/containerd/daemon/io.containerd.runtime.v2.task/moby/c5f1d5cc33e2c96ed9e94486d03581f1a01f1067e7d21c2fa77cf0640b0abc4a"}, ConsoleSocketOpt:runc.ConsoleSocketOpt{ConsoleSocket:""}, PivotKeyringFDsOpt:runc.PivotKeyringFDsOpt{NoPivot:false, NoNewKeyring:false, PreserveFDs:(*uint)(nil)}, PidFileOpt:runc.PidFileOpt{PidFile:"/var/run/docker/containerd/daemon/io.containerd.runtime.v2.task/moby/c5f1d5cc33e2c96ed9e94486d03581f1a01f1067e7d21c2fa77cf0640b0abc4a/init.pid"}, ContainerID:"c5f1d5cc33e2c96ed9e94486d03581f1a01f1067e7d21c2fa77cf0640b0abc4a"}
        2025/08/31 22:04:53 delegatec delegate path: /usr/local/bin/runc
        2025/08/31 22:04:53 delegatec called with args: [/usr/local/sbin/delegatec --delegate_path /usr/local/bin/runc --root /var/run/docker/runtime-runc/moby --log /run/docker/containerd/daemon/io.containerd.runtime.v2.task/moby/c5f1d5cc33e2c96ed9e94486d03581f1a01f1067e7d21c2fa77cf0640b0abc4a/log.json --log-format json delete --force c5f1d5cc33e2c96ed9e94486d03581f1a01f1067e7d21c2fa77cf0640b0abc4a]
        2025/08/31 22:04:53 delegatec environment: [HOSTNAME=f753b7489752 SHLVL=3 LD_LIBRARY_PATH=/opt/containerd/lib: HOME=/root MAX_SHIM_VERSION=2 container=docker TTRPC_ADDRESS=/var/run/docker/containerd/containerd.sock.ttrpc DIND_COMMIT=8d9e3502aba39127e4d12196dae16d306f76993d PATH=/opt/containerd/bin:/usr/local/sbin:/usr/local/bin:/usr/sbin:/usr/bin:/sbin:/bin GRPC_ADDRESS=/var/run/docker/containerd/containerd.sock DOCKER_VERSION=28.3.3 DOCKER_TLS_CERTDIR=/certs NAMESPACE=moby DOCKER_BUILDX_VERSION=0.26.1 DOCKER_COMPOSE_VERSION=2.39.1 PWD=/run/docker/containerd/daemon/io.containerd.runtime.v2.task/moby/c5f1d5cc33e2c96ed9e94486d03581f1a01f1067e7d21c2fa77cf0640b0abc4a GOMAXPROCS=2]
        2025/08/31 22:04:53 delegatec parsed command: runc.Delete{Global:runc.Global{Root:"/var/run/docker/runtime-runc/moby", Debug:false, Log:"/run/docker/containerd/daemon/io.containerd.runtime.v2.task/moby/c5f1d5cc33e2c96ed9e94486d03581f1a01f1067e7d21c2fa77cf0640b0abc4a/log.json", LogFormat:"json", SystemdCgroup:false, Criu:"", Rootless:""}, Force:true, ContainerID:"c5f1d5cc33e2c96ed9e94486d03581f1a01f1067e7d21c2fa77cf0640b0abc4a"}
        2025/08/31 22:04:53 delegatec delegate path: /usr/local/bin/runc
        2025/08/31 22:04:53 delegatec called with args: [/usr/local/sbin/delegatec --delegate_path /usr/local/bin/runc --root /var/run/docker/runtime-runc/moby --log /var/run/docker/containerd/daemon/io.containerd.runtime.v2.task/moby/042d09379b04372c2b609d8f04c31cab8786ab8a2acc75ba9b09786e2ea5f713/log.json --log-format json create --bundle /var/run/docker/containerd/daemon/io.containerd.runtime.v2.task/moby/042d09379b04372c2b609d8f04c31cab8786ab8a2acc75ba9b09786e2ea5f713 --pid-file /var/run/docker/containerd/daemon/io.containerd.runtime.v2.task/moby/042d09379b04372c2b609d8f04c31cab8786ab8a2acc75ba9b09786e2ea5f713/init.pid 042d09379b04372c2b609d8f04c31cab8786ab8a2acc75ba9b09786e2ea5f713]
        2025/08/31 22:04:53 delegatec environment: [HOSTNAME=f753b7489752 SHLVL=3 LD_LIBRARY_PATH=/opt/containerd/lib: HOME=/root MAX_SHIM_VERSION=2 container=docker TTRPC_ADDRESS=/var/run/docker/containerd/containerd.sock.ttrpc DIND_COMMIT=8d9e3502aba39127e4d12196dae16d306f76993d PATH=/opt/containerd/bin:/usr/local/sbin:/usr/local/bin:/usr/sbin:/usr/bin:/sbin:/bin GRPC_ADDRESS=/var/run/docker/containerd/containerd.sock DOCKER_VERSION=28.3.3 DOCKER_TLS_CERTDIR=/certs NAMESPACE=moby DOCKER_BUILDX_VERSION=0.26.1 DOCKER_COMPOSE_VERSION=2.39.1 PWD=/run/docker/containerd/daemon/io.containerd.runtime.v2.task/moby/042d09379b04372c2b609d8f04c31cab8786ab8a2acc75ba9b09786e2ea5f713 GOMAXPROCS=4]
        2025/08/31 22:04:53 delegatec parsed command: runc.Create{Global:runc.Global{Root:"/var/run/docker/runtime-runc/moby", Debug:false, Log:"/var/run/docker/containerd/daemon/io.containerd.runtime.v2.task/moby/042d09379b04372c2b609d8f04c31cab8786ab8a2acc75ba9b09786e2ea5f713/log.json", LogFormat:"json", SystemdCgroup:false, Criu:"", Rootless:""}, BundleOpt:runc.BundleOpt{Bundle:"/var/run/docker/containerd/daemon/io.containerd.runtime.v2.task/moby/042d09379b04372c2b609d8f04c31cab8786ab8a2acc75ba9b09786e2ea5f713"}, ConsoleSocketOpt:runc.ConsoleSocketOpt{ConsoleSocket:""}, PivotKeyringFDsOpt:runc.PivotKeyringFDsOpt{NoPivot:false, NoNewKeyring:false, PreserveFDs:(*uint)(nil)}, PidFileOpt:runc.PidFileOpt{PidFile:"/var/run/docker/containerd/daemon/io.containerd.runtime.v2.task/moby/042d09379b04372c2b609d8f04c31cab8786ab8a2acc75ba9b09786e2ea5f713/init.pid"}, ContainerID:"042d09379b04372c2b609d8f04c31cab8786ab8a2acc75ba9b09786e2ea5f713"}
        2025/08/31 22:04:53 delegatec delegate path: /usr/local/bin/runc
        2025/08/31 22:04:53 delegatec called with args: [/usr/local/sbin/delegatec --delegate_path /usr/local/bin/runc --root /var/run/docker/runtime-runc/moby --log /run/docker/containerd/daemon/io.containerd.runtime.v2.task/moby/042d09379b04372c2b609d8f04c31cab8786ab8a2acc75ba9b09786e2ea5f713/log.json --log-format json delete --force 042d09379b04372c2b609d8f04c31cab8786ab8a2acc75ba9b09786e2ea5f713]
        2025/08/31 22:04:53 delegatec environment: [HOSTNAME=f753b7489752 SHLVL=3 LD_LIBRARY_PATH=/opt/containerd/lib: HOME=/root MAX_SHIM_VERSION=2 container=docker TTRPC_ADDRESS=/var/run/docker/containerd/containerd.sock.ttrpc DIND_COMMIT=8d9e3502aba39127e4d12196dae16d306f76993d PATH=/opt/containerd/bin:/usr/local/sbin:/usr/local/bin:/usr/sbin:/usr/bin:/sbin:/bin GRPC_ADDRESS=/var/run/docker/containerd/containerd.sock DOCKER_VERSION=28.3.3 DOCKER_TLS_CERTDIR=/certs NAMESPACE=moby DOCKER_BUILDX_VERSION=0.26.1 DOCKER_COMPOSE_VERSION=2.39.1 PWD=/run/docker/containerd/daemon/io.containerd.runtime.v2.task/moby/042d09379b04372c2b609d8f04c31cab8786ab8a2acc75ba9b09786e2ea5f713 GOMAXPROCS=2]
        2025/08/31 22:04:53 delegatec parsed command: runc.Delete{Global:runc.Global{Root:"/var/run/docker/runtime-runc/moby", Debug:false, Log:"/run/docker/containerd/daemon/io.containerd.runtime.v2.task/moby/042d09379b04372c2b609d8f04c31cab8786ab8a2acc75ba9b09786e2ea5f713/log.json", LogFormat:"json", SystemdCgroup:false, Criu:"", Rootless:""}, Force:true, ContainerID:"042d09379b04372c2b609d8f04c31cab8786ab8a2acc75ba9b09786e2ea5f713"}
        2025/08/31 22:04:53 delegatec delegate path: /usr/local/bin/runc
        2025/08/31 22:04:53 delegatec called with args: [/usr/local/sbin/delegatec --delegate_path /usr/local/bin/runc --root /var/run/docker/runtime-runc/moby --log /var/run/docker/containerd/daemon/io.containerd.runtime.v2.task/moby/1591e1b3252fa98e6750da703af72e09ab1dbf5e7cae4f3ac47526fb71b6a2a8/log.json --log-format json create --bundle /var/run/docker/containerd/daemon/io.containerd.runtime.v2.task/moby/1591e1b3252fa98e6750da703af72e09ab1dbf5e7cae4f3ac47526fb71b6a2a8 --pid-file /var/run/docker/containerd/daemon/io.containerd.runtime.v2.task/moby/1591e1b3252fa98e6750da703af72e09ab1dbf5e7cae4f3ac47526fb71b6a2a8/init.pid 1591e1b3252fa98e6750da703af72e09ab1dbf5e7cae4f3ac47526fb71b6a2a8]
        2025/08/31 22:04:53 delegatec environment: [HOSTNAME=f753b7489752 SHLVL=3 LD_LIBRARY_PATH=/opt/containerd/lib: HOME=/root MAX_SHIM_VERSION=2 container=docker TTRPC_ADDRESS=/var/run/docker/containerd/containerd.sock.ttrpc DIND_COMMIT=8d9e3502aba39127e4d12196dae16d306f76993d PATH=/opt/containerd/bin:/usr/local/sbin:/usr/local/bin:/usr/sbin:/usr/bin:/sbin:/bin GRPC_ADDRESS=/var/run/docker/containerd/containerd.sock DOCKER_VERSION=28.3.3 DOCKER_TLS_CERTDIR=/certs NAMESPACE=moby DOCKER_BUILDX_VERSION=0.26.1 DOCKER_COMPOSE_VERSION=2.39.1 PWD=/run/docker/containerd/daemon/io.containerd.runtime.v2.task/moby/1591e1b3252fa98e6750da703af72e09ab1dbf5e7cae4f3ac47526fb71b6a2a8 GOMAXPROCS=4]
        2025/08/31 22:04:53 delegatec parsed command: runc.Create{Global:runc.Global{Root:"/var/run/docker/runtime-runc/moby", Debug:false, Log:"/var/run/docker/containerd/daemon/io.containerd.runtime.v2.task/moby/1591e1b3252fa98e6750da703af72e09ab1dbf5e7cae4f3ac47526fb71b6a2a8/log.json", LogFormat:"json", SystemdCgroup:false, Criu:"", Rootless:""}, BundleOpt:runc.BundleOpt{Bundle:"/var/run/docker/containerd/daemon/io.containerd.runtime.v2.task/moby/1591e1b3252fa98e6750da703af72e09ab1dbf5e7cae4f3ac47526fb71b6a2a8"}, ConsoleSocketOpt:runc.ConsoleSocketOpt{ConsoleSocket:""}, PivotKeyringFDsOpt:runc.PivotKeyringFDsOpt{NoPivot:false, NoNewKeyring:false, PreserveFDs:(*uint)(nil)}, PidFileOpt:runc.PidFileOpt{PidFile:"/var/run/docker/containerd/daemon/io.containerd.runtime.v2.task/moby/1591e1b3252fa98e6750da703af72e09ab1dbf5e7cae4f3ac47526fb71b6a2a8/init.pid"}, ContainerID:"1591e1b3252fa98e6750da703af72e09ab1dbf5e7cae4f3ac47526fb71b6a2a8"}
        2025/08/31 22:04:53 delegatec delegate path: /usr/local/bin/runc
        2025/08/31 22:04:53 delegatec called with args: [/usr/local/sbin/delegatec --delegate_path /usr/local/bin/runc --root /var/run/docker/runtime-runc/moby --log /run/docker/containerd/daemon/io.containerd.runtime.v2.task/moby/1591e1b3252fa98e6750da703af72e09ab1dbf5e7cae4f3ac47526fb71b6a2a8/log.json --log-format json delete --force 1591e1b3252fa98e6750da703af72e09ab1dbf5e7cae4f3ac47526fb71b6a2a8]
        2025/08/31 22:04:53 delegatec environment: [HOSTNAME=f753b7489752 SHLVL=3 LD_LIBRARY_PATH=/opt/containerd/lib: HOME=/root MAX_SHIM_VERSION=2 container=docker TTRPC_ADDRESS=/var/run/docker/containerd/containerd.sock.ttrpc DIND_COMMIT=8d9e3502aba39127e4d12196dae16d306f76993d PATH=/opt/containerd/bin:/usr/local/sbin:/usr/local/bin:/usr/sbin:/usr/bin:/sbin:/bin GRPC_ADDRESS=/var/run/docker/containerd/containerd.sock DOCKER_VERSION=28.3.3 DOCKER_TLS_CERTDIR=/certs NAMESPACE=moby DOCKER_BUILDX_VERSION=0.26.1 DOCKER_COMPOSE_VERSION=2.39.1 PWD=/run/docker/containerd/daemon/io.containerd.runtime.v2.task/moby/1591e1b3252fa98e6750da703af72e09ab1dbf5e7cae4f3ac47526fb71b6a2a8 GOMAXPROCS=2]
        2025/08/31 22:04:53 delegatec parsed command: runc.Delete{Global:runc.Global{Root:"/var/run/docker/runtime-runc/moby", Debug:false, Log:"/run/docker/containerd/daemon/io.containerd.runtime.v2.task/moby/1591e1b3252fa98e6750da703af72e09ab1dbf5e7cae4f3ac47526fb71b6a2a8/log.json", LogFormat:"json", SystemdCgroup:false, Criu:"", Rootless:""}, Force:true, ContainerID:"1591e1b3252fa98e6750da703af72e09ab1dbf5e7cae4f3ac47526fb71b6a2a8"}
        2025/08/31 22:04:53 delegatec delegate path: /usr/local/bin/runc
        2025/08/31 22:04:54 delegatec called with args: [/usr/local/sbin/delegatec --delegate_path /usr/local/bin/runc --root /var/run/docker/runtime-runc/moby --log /var/run/docker/containerd/daemon/io.containerd.runtime.v2.task/moby/bd24cdd6a9261c3556f8017d7bb187794c58da30193b7a1d498965ab8d77eac0/log.json --log-format json create --bundle /var/run/docker/containerd/daemon/io.containerd.runtime.v2.task/moby/bd24cdd6a9261c3556f8017d7bb187794c58da30193b7a1d498965ab8d77eac0 --pid-file /var/run/docker/containerd/daemon/io.containerd.runtime.v2.task/moby/bd24cdd6a9261c3556f8017d7bb187794c58da30193b7a1d498965ab8d77eac0/init.pid bd24cdd6a9261c3556f8017d7bb187794c58da30193b7a1d498965ab8d77eac0]
        2025/08/31 22:04:54 delegatec environment: [HOSTNAME=f753b7489752 SHLVL=3 LD_LIBRARY_PATH=/opt/containerd/lib: HOME=/root MAX_SHIM_VERSION=2 container=docker TTRPC_ADDRESS=/var/run/docker/containerd/containerd.sock.ttrpc DIND_COMMIT=8d9e3502aba39127e4d12196dae16d306f76993d PATH=/opt/containerd/bin:/usr/local/sbin:/usr/local/bin:/usr/sbin:/usr/bin:/sbin:/bin GRPC_ADDRESS=/var/run/docker/containerd/containerd.sock DOCKER_VERSION=28.3.3 DOCKER_TLS_CERTDIR=/certs NAMESPACE=moby DOCKER_BUILDX_VERSION=0.26.1 DOCKER_COMPOSE_VERSION=2.39.1 PWD=/run/docker/containerd/daemon/io.containerd.runtime.v2.task/moby/bd24cdd6a9261c3556f8017d7bb187794c58da30193b7a1d498965ab8d77eac0 GOMAXPROCS=4]
        2025/08/31 22:04:54 delegatec parsed command: runc.Create{Global:runc.Global{Root:"/var/run/docker/runtime-runc/moby", Debug:false, Log:"/var/run/docker/containerd/daemon/io.containerd.runtime.v2.task/moby/bd24cdd6a9261c3556f8017d7bb187794c58da30193b7a1d498965ab8d77eac0/log.json", LogFormat:"json", SystemdCgroup:false, Criu:"", Rootless:""}, BundleOpt:runc.BundleOpt{Bundle:"/var/run/docker/containerd/daemon/io.containerd.runtime.v2.task/moby/bd24cdd6a9261c3556f8017d7bb187794c58da30193b7a1d498965ab8d77eac0"}, ConsoleSocketOpt:runc.ConsoleSocketOpt{ConsoleSocket:""}, PivotKeyringFDsOpt:runc.PivotKeyringFDsOpt{NoPivot:false, NoNewKeyring:false, PreserveFDs:(*uint)(nil)}, PidFileOpt:runc.PidFileOpt{PidFile:"/var/run/docker/containerd/daemon/io.containerd.runtime.v2.task/moby/bd24cdd6a9261c3556f8017d7bb187794c58da30193b7a1d498965ab8d77eac0/init.pid"}, ContainerID:"bd24cdd6a9261c3556f8017d7bb187794c58da30193b7a1d498965ab8d77eac0"}
        2025/08/31 22:04:54 delegatec delegate path: /usr/local/bin/runc
        2025/08/31 22:04:54 delegatec called with args: [/usr/local/sbin/delegatec --delegate_path /usr/local/bin/runc --root /var/run/docker/runtime-runc/moby --log /run/docker/containerd/daemon/io.containerd.runtime.v2.task/moby/bd24cdd6a9261c3556f8017d7bb187794c58da30193b7a1d498965ab8d77eac0/log.json --log-format json delete --force bd24cdd6a9261c3556f8017d7bb187794c58da30193b7a1d498965ab8d77eac0]
        2025/08/31 22:04:54 delegatec environment: [HOSTNAME=f753b7489752 SHLVL=3 LD_LIBRARY_PATH=/opt/containerd/lib: HOME=/root MAX_SHIM_VERSION=2 container=docker TTRPC_ADDRESS=/var/run/docker/containerd/containerd.sock.ttrpc DIND_COMMIT=8d9e3502aba39127e4d12196dae16d306f76993d PATH=/opt/containerd/bin:/usr/local/sbin:/usr/local/bin:/usr/sbin:/usr/bin:/sbin:/bin GRPC_ADDRESS=/var/run/docker/containerd/containerd.sock DOCKER_VERSION=28.3.3 DOCKER_TLS_CERTDIR=/certs NAMESPACE=moby DOCKER_BUILDX_VERSION=0.26.1 DOCKER_COMPOSE_VERSION=2.39.1 PWD=/run/docker/containerd/daemon/io.containerd.runtime.v2.task/moby/bd24cdd6a9261c3556f8017d7bb187794c58da30193b7a1d498965ab8d77eac0 GOMAXPROCS=2]
        2025/08/31 22:04:54 delegatec parsed command: runc.Delete{Global:runc.Global{Root:"/var/run/docker/runtime-runc/moby", Debug:false, Log:"/run/docker/containerd/daemon/io.containerd.runtime.v2.task/moby/bd24cdd6a9261c3556f8017d7bb187794c58da30193b7a1d498965ab8d77eac0/log.json", LogFormat:"json", SystemdCgroup:false, Criu:"", Rootless:""}, Force:true, ContainerID:"bd24cdd6a9261c3556f8017d7bb187794c58da30193b7a1d498965ab8d77eac0"}
        2025/08/31 22:04:54 delegatec delegate path: /usr/local/bin/runc
        2025/08/31 22:04:57 delegatec called with args: [/usr/local/sbin/delegatec --delegate_path /usr/local/bin/runc --root /var/run/docker/runtime-runc/moby --log /var/run/docker/containerd/daemon/io.containerd.runtime.v2.task/moby/09d4b7c129f69bafbdb895b26b993d746e5e4853f28ce301a06fbf38ab7cfeea/log.json --log-format json create --bundle /var/run/docker/containerd/daemon/io.containerd.runtime.v2.task/moby/09d4b7c129f69bafbdb895b26b993d746e5e4853f28ce301a06fbf38ab7cfeea --pid-file /var/run/docker/containerd/daemon/io.containerd.runtime.v2.task/moby/09d4b7c129f69bafbdb895b26b993d746e5e4853f28ce301a06fbf38ab7cfeea/init.pid 09d4b7c129f69bafbdb895b26b993d746e5e4853f28ce301a06fbf38ab7cfeea]
        2025/08/31 22:04:57 delegatec environment: [HOSTNAME=f753b7489752 SHLVL=3 LD_LIBRARY_PATH=/opt/containerd/lib: HOME=/root MAX_SHIM_VERSION=2 container=docker TTRPC_ADDRESS=/var/run/docker/containerd/containerd.sock.ttrpc DIND_COMMIT=8d9e3502aba39127e4d12196dae16d306f76993d PATH=/opt/containerd/bin:/usr/local/sbin:/usr/local/bin:/usr/sbin:/usr/bin:/sbin:/bin GRPC_ADDRESS=/var/run/docker/containerd/containerd.sock DOCKER_VERSION=28.3.3 DOCKER_TLS_CERTDIR=/certs NAMESPACE=moby DOCKER_BUILDX_VERSION=0.26.1 DOCKER_COMPOSE_VERSION=2.39.1 PWD=/run/docker/containerd/daemon/io.containerd.runtime.v2.task/moby/09d4b7c129f69bafbdb895b26b993d746e5e4853f28ce301a06fbf38ab7cfeea GOMAXPROCS=4]
        2025/08/31 22:04:57 delegatec parsed command: runc.Create{Global:runc.Global{Root:"/var/run/docker/runtime-runc/moby", Debug:false, Log:"/var/run/docker/containerd/daemon/io.containerd.runtime.v2.task/moby/09d4b7c129f69bafbdb895b26b993d746e5e4853f28ce301a06fbf38ab7cfeea/log.json", LogFormat:"json", SystemdCgroup:false, Criu:"", Rootless:""}, BundleOpt:runc.BundleOpt{Bundle:"/var/run/docker/containerd/daemon/io.containerd.runtime.v2.task/moby/09d4b7c129f69bafbdb895b26b993d746e5e4853f28ce301a06fbf38ab7cfeea"}, ConsoleSocketOpt:runc.ConsoleSocketOpt{ConsoleSocket:""}, PivotKeyringFDsOpt:runc.PivotKeyringFDsOpt{NoPivot:false, NoNewKeyring:false, PreserveFDs:(*uint)(nil)}, PidFileOpt:runc.PidFileOpt{PidFile:"/var/run/docker/containerd/daemon/io.containerd.runtime.v2.task/moby/09d4b7c129f69bafbdb895b26b993d746e5e4853f28ce301a06fbf38ab7cfeea/init.pid"}, ContainerID:"09d4b7c129f69bafbdb895b26b993d746e5e4853f28ce301a06fbf38ab7cfeea"}
        2025/08/31 22:04:57 delegatec delegate path: /usr/local/bin/runc
        2025/08/31 22:04:57 delegatec called with args: [/usr/local/sbin/delegatec --delegate_path /usr/local/bin/runc --root /var/run/docker/runtime-runc/moby --log /run/docker/containerd/daemon/io.containerd.runtime.v2.task/moby/09d4b7c129f69bafbdb895b26b993d746e5e4853f28ce301a06fbf38ab7cfeea/log.json --log-format json delete --force 09d4b7c129f69bafbdb895b26b993d746e5e4853f28ce301a06fbf38ab7cfeea]
        2025/08/31 22:04:57 delegatec environment: [HOSTNAME=f753b7489752 SHLVL=3 LD_LIBRARY_PATH=/opt/containerd/lib: HOME=/root MAX_SHIM_VERSION=2 container=docker TTRPC_ADDRESS=/var/run/docker/containerd/containerd.sock.ttrpc DIND_COMMIT=8d9e3502aba39127e4d12196dae16d306f76993d PATH=/opt/containerd/bin:/usr/local/sbin:/usr/local/bin:/usr/sbin:/usr/bin:/sbin:/bin GRPC_ADDRESS=/var/run/docker/containerd/containerd.sock DOCKER_VERSION=28.3.3 DOCKER_TLS_CERTDIR=/certs NAMESPACE=moby DOCKER_BUILDX_VERSION=0.26.1 DOCKER_COMPOSE_VERSION=2.39.1 PWD=/run/docker/containerd/daemon/io.containerd.runtime.v2.task/moby/09d4b7c129f69bafbdb895b26b993d746e5e4853f28ce301a06fbf38ab7cfeea GOMAXPROCS=2]
        2025/08/31 22:04:57 delegatec parsed command: runc.Delete{Global:runc.Global{Root:"/var/run/docker/runtime-runc/moby", Debug:false, Log:"/run/docker/containerd/daemon/io.containerd.runtime.v2.task/moby/09d4b7c129f69bafbdb895b26b993d746e5e4853f28ce301a06fbf38ab7cfeea/log.json", LogFormat:"json", SystemdCgroup:false, Criu:"", Rootless:""}, Force:true, ContainerID:"09d4b7c129f69bafbdb895b26b993d746e5e4853f28ce301a06fbf38ab7cfeea"}
        2025/08/31 22:04:57 delegatec delegate path: /usr/local/bin/runc
        2025/08/31 22:04:58 delegatec called with args: [/usr/local/sbin/delegatec --delegate_path /usr/local/bin/runc --root /var/run/docker/runtime-runc/moby --log /var/run/docker/containerd/daemon/io.containerd.runtime.v2.task/moby/56ef7c81e564787e3bcb14b2b780ad523358c81318c3edba5946f83714b11874/log.json --log-format json create --bundle /var/run/docker/containerd/daemon/io.containerd.runtime.v2.task/moby/56ef7c81e564787e3bcb14b2b780ad523358c81318c3edba5946f83714b11874 --pid-file /var/run/docker/containerd/daemon/io.containerd.runtime.v2.task/moby/56ef7c81e564787e3bcb14b2b780ad523358c81318c3edba5946f83714b11874/init.pid 56ef7c81e564787e3bcb14b2b780ad523358c81318c3edba5946f83714b11874]
        2025/08/31 22:04:58 delegatec environment: [HOSTNAME=f753b7489752 SHLVL=3 LD_LIBRARY_PATH=/opt/containerd/lib: HOME=/root MAX_SHIM_VERSION=2 container=docker TTRPC_ADDRESS=/var/run/docker/containerd/containerd.sock.ttrpc DIND_COMMIT=8d9e3502aba39127e4d12196dae16d306f76993d PATH=/opt/containerd/bin:/usr/local/sbin:/usr/local/bin:/usr/sbin:/usr/bin:/sbin:/bin GRPC_ADDRESS=/var/run/docker/containerd/containerd.sock DOCKER_VERSION=28.3.3 DOCKER_TLS_CERTDIR=/certs NAMESPACE=moby DOCKER_BUILDX_VERSION=0.26.1 DOCKER_COMPOSE_VERSION=2.39.1 PWD=/run/docker/containerd/daemon/io.containerd.runtime.v2.task/moby/56ef7c81e564787e3bcb14b2b780ad523358c81318c3edba5946f83714b11874 GOMAXPROCS=4]
        2025/08/31 22:04:58 delegatec parsed command: runc.Create{Global:runc.Global{Root:"/var/run/docker/runtime-runc/moby", Debug:false, Log:"/var/run/docker/containerd/daemon/io.containerd.runtime.v2.task/moby/56ef7c81e564787e3bcb14b2b780ad523358c81318c3edba5946f83714b11874/log.json", LogFormat:"json", SystemdCgroup:false, Criu:"", Rootless:""}, BundleOpt:runc.BundleOpt{Bundle:"/var/run/docker/containerd/daemon/io.containerd.runtime.v2.task/moby/56ef7c81e564787e3bcb14b2b780ad523358c81318c3edba5946f83714b11874"}, ConsoleSocketOpt:runc.ConsoleSocketOpt{ConsoleSocket:""}, PivotKeyringFDsOpt:runc.PivotKeyringFDsOpt{NoPivot:false, NoNewKeyring:false, PreserveFDs:(*uint)(nil)}, PidFileOpt:runc.PidFileOpt{PidFile:"/var/run/docker/containerd/daemon/io.containerd.runtime.v2.task/moby/56ef7c81e564787e3bcb14b2b780ad523358c81318c3edba5946f83714b11874/init.pid"}, ContainerID:"56ef7c81e564787e3bcb14b2b780ad523358c81318c3edba5946f83714b11874"}
        2025/08/31 22:04:58 delegatec delegate path: /usr/local/bin/runc
        2025/08/31 22:04:58 delegatec called with args: [/usr/local/sbin/delegatec --delegate_path /usr/local/bin/runc --root /var/run/docker/runtime-runc/moby --log /run/docker/containerd/daemon/io.containerd.runtime.v2.task/moby/56ef7c81e564787e3bcb14b2b780ad523358c81318c3edba5946f83714b11874/log.json --log-format json delete --force 56ef7c81e564787e3bcb14b2b780ad523358c81318c3edba5946f83714b11874]
        2025/08/31 22:04:58 delegatec environment: [HOSTNAME=f753b7489752 SHLVL=3 LD_LIBRARY_PATH=/opt/containerd/lib: HOME=/root MAX_SHIM_VERSION=2 container=docker TTRPC_ADDRESS=/var/run/docker/containerd/containerd.sock.ttrpc DIND_COMMIT=8d9e3502aba39127e4d12196dae16d306f76993d PATH=/opt/containerd/bin:/usr/local/sbin:/usr/local/bin:/usr/sbin:/usr/bin:/sbin:/bin GRPC_ADDRESS=/var/run/docker/containerd/containerd.sock DOCKER_VERSION=28.3.3 DOCKER_TLS_CERTDIR=/certs NAMESPACE=moby DOCKER_BUILDX_VERSION=0.26.1 DOCKER_COMPOSE_VERSION=2.39.1 PWD=/run/docker/containerd/daemon/io.containerd.runtime.v2.task/moby/56ef7c81e564787e3bcb14b2b780ad523358c81318c3edba5946f83714b11874 GOMAXPROCS=2]
        2025/08/31 22:04:58 delegatec parsed command: runc.Delete{Global:runc.Global{Root:"/var/run/docker/runtime-runc/moby", Debug:false, Log:"/run/docker/containerd/daemon/io.containerd.runtime.v2.task/moby/56ef7c81e564787e3bcb14b2b780ad523358c81318c3edba5946f83714b11874/log.json", LogFormat:"json", SystemdCgroup:false, Criu:"", Rootless:""}, Force:true, ContainerID:"56ef7c81e564787e3bcb14b2b780ad523358c81318c3edba5946f83714b11874"}
        2025/08/31 22:04:58 delegatec delegate path: /usr/local/bin/runc
        2025/08/31 22:04:58 delegatec called with args: [/usr/local/sbin/delegatec --delegate_path /usr/local/bin/runc --root /var/run/docker/runtime-runc/moby --log /var/run/docker/containerd/daemon/io.containerd.runtime.v2.task/moby/9f091bbaa5150591e048185332e3d3ca52b78e3a4638c28c61dc5164d2f70175/log.json --log-format json create --bundle /var/run/docker/containerd/daemon/io.containerd.runtime.v2.task/moby/9f091bbaa5150591e048185332e3d3ca52b78e3a4638c28c61dc5164d2f70175 --pid-file /var/run/docker/containerd/daemon/io.containerd.runtime.v2.task/moby/9f091bbaa5150591e048185332e3d3ca52b78e3a4638c28c61dc5164d2f70175/init.pid 9f091bbaa5150591e048185332e3d3ca52b78e3a4638c28c61dc5164d2f70175]
        2025/08/31 22:04:58 delegatec environment: [HOSTNAME=f753b7489752 SHLVL=3 LD_LIBRARY_PATH=/opt/containerd/lib: HOME=/root MAX_SHIM_VERSION=2 container=docker TTRPC_ADDRESS=/var/run/docker/containerd/containerd.sock.ttrpc DIND_COMMIT=8d9e3502aba39127e4d12196dae16d306f76993d PATH=/opt/containerd/bin:/usr/local/sbin:/usr/local/bin:/usr/sbin:/usr/bin:/sbin:/bin GRPC_ADDRESS=/var/run/docker/containerd/containerd.sock DOCKER_VERSION=28.3.3 DOCKER_TLS_CERTDIR=/certs NAMESPACE=moby DOCKER_BUILDX_VERSION=0.26.1 DOCKER_COMPOSE_VERSION=2.39.1 PWD=/run/docker/containerd/daemon/io.containerd.runtime.v2.task/moby/9f091bbaa5150591e048185332e3d3ca52b78e3a4638c28c61dc5164d2f70175 GOMAXPROCS=4]
        2025/08/31 22:04:58 delegatec parsed command: runc.Create{Global:runc.Global{Root:"/var/run/docker/runtime-runc/moby", Debug:false, Log:"/var/run/docker/containerd/daemon/io.containerd.runtime.v2.task/moby/9f091bbaa5150591e048185332e3d3ca52b78e3a4638c28c61dc5164d2f70175/log.json", LogFormat:"json", SystemdCgroup:false, Criu:"", Rootless:""}, BundleOpt:runc.BundleOpt{Bundle:"/var/run/docker/containerd/daemon/io.containerd.runtime.v2.task/moby/9f091bbaa5150591e048185332e3d3ca52b78e3a4638c28c61dc5164d2f70175"}, ConsoleSocketOpt:runc.ConsoleSocketOpt{ConsoleSocket:""}, PivotKeyringFDsOpt:runc.PivotKeyringFDsOpt{NoPivot:false, NoNewKeyring:false, PreserveFDs:(*uint)(nil)}, PidFileOpt:runc.PidFileOpt{PidFile:"/var/run/docker/containerd/daemon/io.containerd.runtime.v2.task/moby/9f091bbaa5150591e048185332e3d3ca52b78e3a4638c28c61dc5164d2f70175/init.pid"}, ContainerID:"9f091bbaa5150591e048185332e3d3ca52b78e3a4638c28c61dc5164d2f70175"}
        2025/08/31 22:04:58 delegatec delegate path: /usr/local/bin/runc
        2025/08/31 22:04:58 delegatec called with args: [/usr/local/sbin/delegatec --delegate_path /usr/local/bin/runc --root /var/run/docker/runtime-runc/moby --log /run/docker/containerd/daemon/io.containerd.runtime.v2.task/moby/9f091bbaa5150591e048185332e3d3ca52b78e3a4638c28c61dc5164d2f70175/log.json --log-format json delete --force 9f091bbaa5150591e048185332e3d3ca52b78e3a4638c28c61dc5164d2f70175]
        2025/08/31 22:04:58 delegatec environment: [HOSTNAME=f753b7489752 SHLVL=3 LD_LIBRARY_PATH=/opt/containerd/lib: HOME=/root MAX_SHIM_VERSION=2 container=docker TTRPC_ADDRESS=/var/run/docker/containerd/containerd.sock.ttrpc DIND_COMMIT=8d9e3502aba39127e4d12196dae16d306f76993d PATH=/opt/containerd/bin:/usr/local/sbin:/usr/local/bin:/usr/sbin:/usr/bin:/sbin:/bin GRPC_ADDRESS=/var/run/docker/containerd/containerd.sock DOCKER_VERSION=28.3.3 DOCKER_TLS_CERTDIR=/certs NAMESPACE=moby DOCKER_BUILDX_VERSION=0.26.1 DOCKER_COMPOSE_VERSION=2.39.1 PWD=/run/docker/containerd/daemon/io.containerd.runtime.v2.task/moby/9f091bbaa5150591e048185332e3d3ca52b78e3a4638c28c61dc5164d2f70175 GOMAXPROCS=2]
        2025/08/31 22:04:58 delegatec parsed command: runc.Delete{Global:runc.Global{Root:"/var/run/docker/runtime-runc/moby", Debug:false, Log:"/run/docker/containerd/daemon/io.containerd.runtime.v2.task/moby/9f091bbaa5150591e048185332e3d3ca52b78e3a4638c28c61dc5164d2f70175/log.json", LogFormat:"json", SystemdCgroup:false, Criu:"", Rootless:""}, Force:true, ContainerID:"9f091bbaa5150591e048185332e3d3ca52b78e3a4638c28c61dc5164d2f70175"}
        2025/08/31 22:04:58 delegatec delegate path: /usr/local/bin/runc
        2025/08/31 22:04:58 delegatec called with args: [/usr/local/sbin/delegatec --delegate_path /usr/local/bin/runc --root /var/run/docker/runtime-runc/moby --log /var/run/docker/containerd/daemon/io.containerd.runtime.v2.task/moby/4d9b09c036d70bccaa06c2ddd07c4f801202a33cc694c94309843ebbcb68bd58/log.json --log-format json create --bundle /var/run/docker/containerd/daemon/io.containerd.runtime.v2.task/moby/4d9b09c036d70bccaa06c2ddd07c4f801202a33cc694c94309843ebbcb68bd58 --pid-file /var/run/docker/containerd/daemon/io.containerd.runtime.v2.task/moby/4d9b09c036d70bccaa06c2ddd07c4f801202a33cc694c94309843ebbcb68bd58/init.pid 4d9b09c036d70bccaa06c2ddd07c4f801202a33cc694c94309843ebbcb68bd58]
        2025/08/31 22:04:58 delegatec environment: [HOSTNAME=f753b7489752 SHLVL=3 LD_LIBRARY_PATH=/opt/containerd/lib: HOME=/root MAX_SHIM_VERSION=2 container=docker TTRPC_ADDRESS=/var/run/docker/containerd/containerd.sock.ttrpc DIND_COMMIT=8d9e3502aba39127e4d12196dae16d306f76993d PATH=/opt/containerd/bin:/usr/local/sbin:/usr/local/bin:/usr/sbin:/usr/bin:/sbin:/bin GRPC_ADDRESS=/var/run/docker/containerd/containerd.sock DOCKER_VERSION=28.3.3 DOCKER_TLS_CERTDIR=/certs NAMESPACE=moby DOCKER_BUILDX_VERSION=0.26.1 DOCKER_COMPOSE_VERSION=2.39.1 PWD=/run/docker/containerd/daemon/io.containerd.runtime.v2.task/moby/4d9b09c036d70bccaa06c2ddd07c4f801202a33cc694c94309843ebbcb68bd58 GOMAXPROCS=4]
        2025/08/31 22:04:58 delegatec parsed command: runc.Create{Global:runc.Global{Root:"/var/run/docker/runtime-runc/moby", Debug:false, Log:"/var/run/docker/containerd/daemon/io.containerd.runtime.v2.task/moby/4d9b09c036d70bccaa06c2ddd07c4f801202a33cc694c94309843ebbcb68bd58/log.json", LogFormat:"json", SystemdCgroup:false, Criu:"", Rootless:""}, BundleOpt:runc.BundleOpt{Bundle:"/var/run/docker/containerd/daemon/io.containerd.runtime.v2.task/moby/4d9b09c036d70bccaa06c2ddd07c4f801202a33cc694c94309843ebbcb68bd58"}, ConsoleSocketOpt:runc.ConsoleSocketOpt{ConsoleSocket:""}, PivotKeyringFDsOpt:runc.PivotKeyringFDsOpt{NoPivot:false, NoNewKeyring:false, PreserveFDs:(*uint)(nil)}, PidFileOpt:runc.PidFileOpt{PidFile:"/var/run/docker/containerd/daemon/io.containerd.runtime.v2.task/moby/4d9b09c036d70bccaa06c2ddd07c4f801202a33cc694c94309843ebbcb68bd58/init.pid"}, ContainerID:"4d9b09c036d70bccaa06c2ddd07c4f801202a33cc694c94309843ebbcb68bd58"}
        2025/08/31 22:04:58 delegatec delegate path: /usr/local/bin/runc
        2025/08/31 22:04:58 delegatec called with args: [/usr/local/sbin/delegatec --delegate_path /usr/local/bin/runc --root /var/run/docker/runtime-runc/moby --log /run/docker/containerd/daemon/io.containerd.runtime.v2.task/moby/4d9b09c036d70bccaa06c2ddd07c4f801202a33cc694c94309843ebbcb68bd58/log.json --log-format json delete --force 4d9b09c036d70bccaa06c2ddd07c4f801202a33cc694c94309843ebbcb68bd58]
        2025/08/31 22:04:58 delegatec environment: [HOSTNAME=f753b7489752 SHLVL=3 LD_LIBRARY_PATH=/opt/containerd/lib: HOME=/root MAX_SHIM_VERSION=2 container=docker TTRPC_ADDRESS=/var/run/docker/containerd/containerd.sock.ttrpc DIND_COMMIT=8d9e3502aba39127e4d12196dae16d306f76993d PATH=/opt/containerd/bin:/usr/local/sbin:/usr/local/bin:/usr/sbin:/usr/bin:/sbin:/bin GRPC_ADDRESS=/var/run/docker/containerd/containerd.sock DOCKER_VERSION=28.3.3 DOCKER_TLS_CERTDIR=/certs NAMESPACE=moby DOCKER_BUILDX_VERSION=0.26.1 DOCKER_COMPOSE_VERSION=2.39.1 PWD=/run/docker/containerd/daemon/io.containerd.runtime.v2.task/moby/4d9b09c036d70bccaa06c2ddd07c4f801202a33cc694c94309843ebbcb68bd58 GOMAXPROCS=2]
        2025/08/31 22:04:58 delegatec parsed command: runc.Delete{Global:runc.Global{Root:"/var/run/docker/runtime-runc/moby", Debug:false, Log:"/run/docker/containerd/daemon/io.containerd.runtime.v2.task/moby/4d9b09c036d70bccaa06c2ddd07c4f801202a33cc694c94309843ebbcb68bd58/log.json", LogFormat:"json", SystemdCgroup:false, Criu:"", Rootless:""}, Force:true, ContainerID:"4d9b09c036d70bccaa06c2ddd07c4f801202a33cc694c94309843ebbcb68bd58"}
        2025/08/31 22:04:58 delegatec delegate path: /usr/local/bin/runc
        
        --------------------
    dind_test.go:980: runc log empty
    dind_test.go:981: criu check exit code 0
        stdout:
        
        stderr:
=== NAME  TestRuntimeParity/nginx_port_mapping
    dind_test.go:1011: delegatec exec failed: start nginx: exit code 125
    dind_test.go:979: --- delegatec.log ---
             �2025/08/31 22:04:48 delegatec called with args: [/usr/local/sbin/delegatec --delegate_path /usr/local/bin/runc features]
        2025/08/31 22:04:48 delegatec environment: [OTEL_EXPORTER_OTLP_TRACES_PROTOCOL=http/protobuf HOSTNAME=548909303bb1 SHLVL=3 HOME=/root OTEL_SERVICE_NAME=dockerd OTEL_EXPORTER_OTLP_METRICS_PROTOCOL=http/protobuf container=docker TMPDIR=/var/lib/docker/tmp DIND_COMMIT=8d9e3502aba39127e4d12196dae16d306f76993d PATH=/usr/local/sbin:/usr/local/bin:/usr/sbin:/usr/bin:/sbin:/bin DOCKER_VERSION=28.3.3 DOCKER_TLS_CERTDIR=/certs DOCKER_BUILDX_VERSION=0.26.1 DOCKER_COMPOSE_VERSION=2.39.1 PWD=/]
        2025/08/31 22:04:48 delegatec parsed command: runc.Features{Global:runc.Global{Root:"", Debug:false, Log:"", LogFormat:"", SystemdCgroup:false, Criu:"", Rootless:""}}
        2025/08/31 22:04:48 delegatec delegate path: /usr/local/bin/runc
        2025/08/31 22:04:58 delegatec called with args: [/usr/local/sbin/delegatec --delegate_path /usr/local/bin/runc --root /var/run/docker/runtime-runc/moby --log /var/run/docker/containerd/daemon/io.containerd.runtime.v2.task/moby/269440531d8c5d3ca1be6a1de6a27fd42f8f1b47953fbdf3363ad53f25d8b6b0/log.json --log-format json create --bundle /var/run/docker/containerd/daemon/io.containerd.runtime.v2.task/moby/269440531d8c5d3ca1be6a1de6a27fd42f8f1b47953fbdf3363ad53f25d8b6b0 --pid-file /var/run/docker/containerd/daemon/io.containerd.runtime.v2.task/moby/269440531d8c5d3ca1be6a1de6a27fd42f8f1b47953fbdf3363ad53f25d8b6b0/init.pid 269440531d8c5d3ca1be6a1de6a27fd42f8f1b47953fbdf3363ad53f25d8b6b0]
        2025/08/31 22:04:58 delegatec environment: [HOSTNAME=548909303bb1 SHLVL=3 LD_LIBRARY_PATH=/opt/containerd/lib: HOME=/root MAX_SHIM_VERSION=2 container=docker TTRPC_ADDRESS=/var/run/docker/containerd/containerd.sock.ttrpc DIND_COMMIT=8d9e3502aba39127e4d12196dae16d306f76993d PATH=/opt/containerd/bin:/usr/local/sbin:/usr/local/bin:/usr/sbin:/usr/bin:/sbin:/bin GRPC_ADDRESS=/var/run/docker/containerd/containerd.sock DOCKER_VERSION=28.3.3 DOCKER_TLS_CERTDIR=/certs NAMESPACE=moby DOCKER_BUILDX_VERSION=0.26.1 DOCKER_COMPOSE_VERSION=2.39.1 PWD=/run/docker/containerd/daemon/io.containerd.runtime.v2.task/moby/269440531d8c5d3ca1be6a1de6a27fd42f8f1b47953fbdf3363ad53f25d8b6b0 GOMAXPROCS=4]
        2025/08/31 22:04:58 delegatec parsed command: runc.Create{Global:runc.Global{Root:"/var/run/docker/runtime-runc/moby", Debug:false, Log:"/var/run/docker/containerd/daemon/io.containerd.runtime.v2.task/moby/269440531d8c5d3ca1be6a1de6a27fd42f8f1b47953fbdf3363ad53f25d8b6b0/log.json", LogFormat:"json", SystemdCgroup:false, Criu:"", Rootless:""}, BundleOpt:runc.BundleOpt{Bundle:"/var/run/docker/containerd/daemon/io.containerd.runtime.v2.task/moby/269440531d8c5d3ca1be6a1de6a27fd42f8f1b47953fbdf3363ad53f25d8b6b0"}, ConsoleSocketOpt:runc.ConsoleSocketOpt{ConsoleSocket:""}, PivotKeyringFDsOpt:runc.PivotKeyringFDsOpt{NoPivot:false, NoNewKeyring:false, PreserveFDs:(*uint)(nil)}, PidFileOpt:runc.PidFileOpt{PidFile:"/var/run/docker/containerd/daemon/io.containerd.runtime.v2.task/moby/269440531d8c5d3ca1be6a1de6a27fd42f8f1b47953fbdf3363ad53f25d8b6b0/init.pid"}, ContainerID:"269440531d8c5d3ca1be6a1de6a27fd42f8f1b47953fbdf3363ad53f25d8b6b0"}
        2025/08/31 22:04:58 delegatec delegate path: /usr/local/bin/runc
        2025/08/31 22:04:58 delegatec called with args: [/usr/local/sbin/delegatec --delegate_path /usr/local/bin/runc --root /var/run/docker/runtime-runc/moby --log /run/docker/containerd/daemon/io.containerd.runtime.v2.task/moby/269440531d8c5d3ca1be6a1de6a27fd42f8f1b47953fbdf3363ad53f25d8b6b0/log.json --log-format json delete --force 269440531d8c5d3ca1be6a1de6a27fd42f8f1b47953fbdf3363ad53f25d8b6b0]
        2025/08/31 22:04:58 delegatec environment: [HOSTNAME=548909303bb1 SHLVL=3 LD_LIBRARY_PATH=/opt/containerd/lib: HOME=/root MAX_SHIM_VERSION=2 container=docker TTRPC_ADDRESS=/var/run/docker/containerd/containerd.sock.ttrpc DIND_COMMIT=8d9e3502aba39127e4d12196dae16d306f76993d PATH=/opt/containerd/bin:/usr/local/sbin:/usr/local/bin:/usr/sbin:/usr/bin:/sbin:/bin GRPC_ADDRESS=/var/run/docker/containerd/containerd.sock DOCKER_VERSION=28.3.3 DOCKER_TLS_CERTDIR=/certs NAMESPACE=moby DOCKER_BUILDX_VERSION=0.26.1 DOCKER_COMPOSE_VERSION=2.39.1 PWD=/run/docker/containerd/daemon/io.containerd.runtime.v2.task/moby/269440531d8c5d3ca1be6a1de6a27fd42f8f1b47953fbdf3363ad53f25d8b6b0 GOMAXPROCS=2]
        2025/08/31 22:04:58 delegatec parsed command: runc.Delete{Global:runc.Global{Root:"/var/run/docker/runtime-runc/moby", Debug:false, Log:"/run/docker/containerd/daemon/io.containerd.runtime.v2.task/moby/269440531d8c5d3ca1be6a1de6a27fd42f8f1b47953fbdf3363ad53f25d8b6b0/log.json", LogFormat:"json", SystemdCgroup:false, Criu:"", Rootless:""}, Force:true, ContainerID:"269440531d8c5d3ca1be6a1de6a27fd42f8f1b47953fbdf3363ad53f25d8b6b0"}
        2025/08/31 22:04:58 delegatec delegate path: /usr/local/bin/runc
        
        --------------------
    dind_test.go:980: runc log empty
    dind_test.go:981: criu check exit code 0
        stdout:
        
        stderr:
=== NAME  TestRuntimeParity/healthcheck
    dind_test.go:1008: runc exec failed: failed to get health status
    dind_test.go:979: --- delegatec.log ---
             � 2025/08/31 22:04:49 delegatec called with args: [/usr/local/sbin/delegatec --delegate_path /usr/local/bin/runc features]
        2025/08/31 22:04:49 delegatec environment: [OTEL_EXPORTER_OTLP_TRACES_PROTOCOL=http/protobuf HOSTNAME=c8a3e161c430 SHLVL=3 HOME=/root OTEL_SERVICE_NAME=dockerd OTEL_EXPORTER_OTLP_METRICS_PROTOCOL=http/protobuf container=docker TMPDIR=/var/lib/docker/tmp DIND_COMMIT=8d9e3502aba39127e4d12196dae16d306f76993d PATH=/usr/local/sbin:/usr/local/bin:/usr/sbin:/usr/bin:/sbin:/bin DOCKER_VERSION=28.3.3 DOCKER_TLS_CERTDIR=/certs DOCKER_BUILDX_VERSION=0.26.1 DOCKER_COMPOSE_VERSION=2.39.1 PWD=/]
        2025/08/31 22:04:49 delegatec parsed command: runc.Features{Global:runc.Global{Root:"", Debug:false, Log:"", LogFormat:"", SystemdCgroup:false, Criu:"", Rootless:""}}
        2025/08/31 22:04:49 delegatec delegate path: /usr/local/bin/runc
        2025/08/31 22:04:53 delegatec called with args: [/usr/local/sbin/delegatec --delegate_path /usr/local/bin/runc --root /var/run/docker/runtime-runc/moby --log /var/run/docker/containerd/daemon/io.containerd.runtime.v2.task/moby/f1a0c8a200d819f7990465c877c3167372da7b8098a450176b06e6c1cc7ab420/log.json --log-format json create --bundle /var/run/docker/containerd/daemon/io.containerd.runtime.v2.task/moby/f1a0c8a200d819f7990465c877c3167372da7b8098a450176b06e6c1cc7ab420 --pid-file /var/run/docker/containerd/daemon/io.containerd.runtime.v2.task/moby/f1a0c8a200d819f7990465c877c3167372da7b8098a450176b06e6c1cc7ab420/init.pid f1a0c8a200d819f7990465c877c3167372da7b8098a450176b06e6c1cc7ab420]
        2025/08/31 22:04:53 delegatec environment: [HOSTNAME=c8a3e161c430 SHLVL=3 LD_LIBRARY_PATH=/opt/containerd/lib: HOME=/root MAX_SHIM_VERSION=2 container=docker TTRPC_ADDRESS=/var/run/docker/containerd/containerd.sock.ttrpc DIND_COMMIT=8d9e3502aba39127e4d12196dae16d306f76993d PATH=/opt/containerd/bin:/usr/local/sbin:/usr/local/bin:/usr/sbin:/usr/bin:/sbin:/bin GRPC_ADDRESS=/var/run/docker/containerd/containerd.sock DOCKER_VERSION=28.3.3 DOCKER_TLS_CERTDIR=/certs NAMESPACE=moby DOCKER_BUILDX_VERSION=0.26.1 DOCKER_COMPOSE_VERSION=2.39.1 PWD=/run/docker/containerd/daemon/io.containerd.runtime.v2.task/moby/f1a0c8a200d819f7990465c877c3167372da7b8098a450176b06e6c1cc7ab420 GOMAXPROCS=4]
        2025/08/31 22:04:53 delegatec parsed command: runc.Create{Global:runc.Global{Root:"/var/run/docker/runtime-runc/moby", Debug:false, Log:"/var/run/docker/containerd/daemon/io.containerd.runtime.v2.task/moby/f1a0c8a200d819f7990465c877c3167372da7b8098a450176b06e6c1cc7ab420/log.json", LogFormat:"json", SystemdCgroup:false, Criu:"", Rootless:""}, BundleOpt:runc.BundleOpt{Bundle:"/var/run/docker/containerd/daemon/io.containerd.runtime.v2.task/moby/f1a0c8a200d819f7990465c877c3167372da7b8098a450176b06e6c1cc7ab420"}, ConsoleSocketOpt:runc.ConsoleSocketOpt{ConsoleSocket:""}, PivotKeyringFDsOpt:runc.PivotKeyringFDsOpt{NoPivot:false, NoNewKeyring:false, PreserveFDs:(*uint)(nil)}, PidFileOpt:runc.PidFileOpt{PidFile:"/var/run/docker/containerd/daemon/io.containerd.runtime.v2.task/moby/f1a0c8a200d819f7990465c877c3167372da7b8098a450176b06e6c1cc7ab420/init.pid"}, ContainerID:"f1a0c8a200d819f7990465c877c3167372da7b8098a450176b06e6c1cc7ab420"}
        2025/08/31 22:04:53 delegatec delegate path: /usr/local/bin/runc
        2025/08/31 22:04:53 delegatec called with args: [/usr/local/sbin/delegatec --delegate_path /usr/local/bin/runc --root /var/run/docker/runtime-runc/moby --log /run/docker/containerd/daemon/io.containerd.runtime.v2.task/moby/f1a0c8a200d819f7990465c877c3167372da7b8098a450176b06e6c1cc7ab420/log.json --log-format json delete --force f1a0c8a200d819f7990465c877c3167372da7b8098a450176b06e6c1cc7ab420]
        2025/08/31 22:04:53 delegatec environment: [HOSTNAME=c8a3e161c430 SHLVL=3 LD_LIBRARY_PATH=/opt/containerd/lib: HOME=/root MAX_SHIM_VERSION=2 container=docker TTRPC_ADDRESS=/var/run/docker/containerd/containerd.sock.ttrpc DIND_COMMIT=8d9e3502aba39127e4d12196dae16d306f76993d PATH=/opt/containerd/bin:/usr/local/sbin:/usr/local/bin:/usr/sbin:/usr/bin:/sbin:/bin GRPC_ADDRESS=/var/run/docker/containerd/containerd.sock DOCKER_VERSION=28.3.3 DOCKER_TLS_CERTDIR=/certs NAMESPACE=moby DOCKER_BUILDX_VERSION=0.26.1 DOCKER_COMPOSE_VERSION=2.39.1 PWD=/run/docker/containerd/daemon/io.containerd.runtime.v2.task/moby/f1a0c8a200d819f7990465c877c3167372da7b8098a450176b06e6c1cc7ab420 GOMAXPROCS=2]
        2025/08/31 22:04:53 delegatec parsed command: runc.Delete{Global:runc.Global{Root:"/var/run/docker/runtime-runc/moby", Debug:false, Log:"/run/docker/containerd/daemon/io.containerd.runtime.v2.task/moby/f1a0c8a200d819f7990465c877c3167372da7b8098a450176b06e6c1cc7ab420/log.json", LogFormat:"json", SystemdCgroup:false, Criu:"", Rootless:""}, Force:true, ContainerID:"f1a0c8a200d819f7990465c877c3167372da7b8098a450176b06e6c1cc7ab420"}
        2025/08/31 22:04:53 delegatec delegate path: /usr/local/bin/runc
        2025/08/31 22:04:53 delegatec called with args: [/usr/local/sbin/delegatec --delegate_path /usr/local/bin/runc --root /var/run/docker/runtime-runc/moby --log /var/run/docker/containerd/daemon/io.containerd.runtime.v2.task/moby/64c7ba2988912e54e9e4e5a75478b500d40ccdd4d52aaa939ca6f7c38c0b906c/log.json --log-format json create --bundle /var/run/docker/containerd/daemon/io.containerd.runtime.v2.task/moby/64c7ba2988912e54e9e4e5a75478b500d40ccdd4d52aaa939ca6f7c38c0b906c --pid-file /var/run/docker/containerd/daemon/io.containerd.runtime.v2.task/moby/64c7ba2988912e54e9e4e5a75478b500d40ccdd4d52aaa939ca6f7c38c0b906c/init.pid 64c7ba2988912e54e9e4e5a75478b500d40ccdd4d52aaa939ca6f7c38c0b906c]
        2025/08/31 22:04:53 delegatec environment: [HOSTNAME=c8a3e161c430 SHLVL=3 LD_LIBRARY_PATH=/opt/containerd/lib: HOME=/root MAX_SHIM_VERSION=2 container=docker TTRPC_ADDRESS=/var/run/docker/containerd/containerd.sock.ttrpc DIND_COMMIT=8d9e3502aba39127e4d12196dae16d306f76993d PATH=/opt/containerd/bin:/usr/local/sbin:/usr/local/bin:/usr/sbin:/usr/bin:/sbin:/bin GRPC_ADDRESS=/var/run/docker/containerd/containerd.sock DOCKER_VERSION=28.3.3 DOCKER_TLS_CERTDIR=/certs NAMESPACE=moby DOCKER_BUILDX_VERSION=0.26.1 DOCKER_COMPOSE_VERSION=2.39.1 PWD=/run/docker/containerd/daemon/io.containerd.runtime.v2.task/moby/64c7ba2988912e54e9e4e5a75478b500d40ccdd4d52aaa939ca6f7c38c0b906c GOMAXPROCS=4]
        2025/08/31 22:04:53 delegatec parsed command: runc.Create{Global:runc.Global{Root:"/var/run/docker/runtime-runc/moby", Debug:false, Log:"/var/run/docker/containerd/daemon/io.containerd.runtime.v2.task/moby/64c7ba2988912e54e9e4e5a75478b500d40ccdd4d52aaa939ca6f7c38c0b906c/log.json", LogFormat:"json", SystemdCgroup:false, Criu:"", Rootless:""}, BundleOpt:runc.BundleOpt{Bundle:"/var/run/docker/containerd/daemon/io.containerd.runtime.v2.task/moby/64c7ba2988912e54e9e4e5a75478b500d40ccdd4d52aaa939ca6f7c38c0b906c"}, ConsoleSocketOpt:runc.ConsoleSocketOpt{ConsoleSocket:""}, PivotKeyringFDsOpt:runc.PivotKeyringFDsOpt{NoPivot:false, NoNewKeyring:false, PreserveFDs:(*uint)(nil)}, PidFileOpt:runc.PidFileOpt{PidFile:"/var/run/docker/containerd/daemon/io.containerd.runtime.v2.task/moby/64c7ba2988912e54e9e4e5a75478b500d40ccdd4d52aaa939ca6f7c38c0b906c/init.pid"}, ContainerID:"64c7ba2988912e54e9e4e5a75478b500d40ccdd4d52aaa939ca6f7c38c0b906c"}
        2025/08/31 22:04:53 delegatec delegate path: /usr/local/bin/runc
        2025/08/31 22:04:53 delegatec called with args: [/usr/local/sbin/delegatec --delegate_path /usr/local/bin/runc --root /var/run/docker/runtime-runc/moby --log /run/docker/containerd/daemon/io.containerd.runtime.v2.task/moby/64c7ba2988912e54e9e4e5a75478b500d40ccdd4d52aaa939ca6f7c38c0b906c/log.json --log-format json delete --force 64c7ba2988912e54e9e4e5a75478b500d40ccdd4d52aaa939ca6f7c38c0b906c]
        2025/08/31 22:04:53 delegatec environment: [HOSTNAME=c8a3e161c430 SHLVL=3 LD_LIBRARY_PATH=/opt/containerd/lib: HOME=/root MAX_SHIM_VERSION=2 container=docker TTRPC_ADDRESS=/var/run/docker/containerd/containerd.sock.ttrpc DIND_COMMIT=8d9e3502aba39127e4d12196dae16d306f76993d PATH=/opt/containerd/bin:/usr/local/sbin:/usr/local/bin:/usr/sbin:/usr/bin:/sbin:/bin GRPC_ADDRESS=/var/run/docker/containerd/containerd.sock DOCKER_VERSION=28.3.3 DOCKER_TLS_CERTDIR=/certs NAMESPACE=moby DOCKER_BUILDX_VERSION=0.26.1 DOCKER_COMPOSE_VERSION=2.39.1 PWD=/run/docker/containerd/daemon/io.containerd.runtime.v2.task/moby/64c7ba2988912e54e9e4e5a75478b500d40ccdd4d52aaa939ca6f7c38c0b906c GOMAXPROCS=2]
        2025/08/31 22:04:53 delegatec parsed command: runc.Delete{Global:runc.Global{Root:"/var/run/docker/runtime-runc/moby", Debug:false, Log:"/run/docker/containerd/daemon/io.containerd.runtime.v2.task/moby/64c7ba2988912e54e9e4e5a75478b500d40ccdd4d52aaa939ca6f7c38c0b906c/log.json", LogFormat:"json", SystemdCgroup:false, Criu:"", Rootless:""}, Force:true, ContainerID:"64c7ba2988912e54e9e4e5a75478b500d40ccdd4d52aaa939ca6f7c38c0b906c"}
        2025/08/31 22:04:53 delegatec delegate path: /usr/local/bin/runc
        2025/08/31 22:04:54 delegatec called with args: [/usr/local/sbin/delegatec --delegate_path /usr/local/bin/runc --root /var/run/docker/runtime-runc/moby --log /var/run/docker/containerd/daemon/io.containerd.runtime.v2.task/moby/6d7d41ae797e267e0259af30d1176e242276d42f7479f93eb0ad423a21871cbd/log.json --log-format json create --bundle /var/run/docker/containerd/daemon/io.containerd.runtime.v2.task/moby/6d7d41ae797e267e0259af30d1176e242276d42f7479f93eb0ad423a21871cbd --pid-file /var/run/docker/containerd/daemon/io.containerd.runtime.v2.task/moby/6d7d41ae797e267e0259af30d1176e242276d42f7479f93eb0ad423a21871cbd/init.pid 6d7d41ae797e267e0259af30d1176e242276d42f7479f93eb0ad423a21871cbd]
        2025/08/31 22:04:54 delegatec environment: [HOSTNAME=c8a3e161c430 SHLVL=3 LD_LIBRARY_PATH=/opt/containerd/lib: HOME=/root MAX_SHIM_VERSION=2 container=docker TTRPC_ADDRESS=/var/run/docker/containerd/containerd.sock.ttrpc DIND_COMMIT=8d9e3502aba39127e4d12196dae16d306f76993d PATH=/opt/containerd/bin:/usr/local/sbin:/usr/local/bin:/usr/sbin:/usr/bin:/sbin:/bin GRPC_ADDRESS=/var/run/docker/containerd/containerd.sock DOCKER_VERSION=28.3.3 DOCKER_TLS_CERTDIR=/certs NAMESPACE=moby DOCKER_BUILDX_VERSION=0.26.1 DOCKER_COMPOSE_VERSION=2.39.1 PWD=/run/docker/containerd/daemon/io.containerd.runtime.v2.task/moby/6d7d41ae797e267e0259af30d1176e242276d42f7479f93eb0ad423a21871cbd GOMAXPROCS=4]
        2025/08/31 22:04:54 delegatec parsed command: runc.Create{Global:runc.Global{Root:"/var/run/docker/runtime-runc/moby", Debug:false, Log:"/var/run/docker/containerd/daemon/io.containerd.runtime.v2.task/moby/6d7d41ae797e267e0259af30d1176e242276d42f7479f93eb0ad423a21871cbd/log.json", LogFormat:"json", SystemdCgroup:false, Criu:"", Rootless:""}, BundleOpt:runc.BundleOpt{Bundle:"/var/run/docker/containerd/daemon/io.containerd.runtime.v2.task/moby/6d7d41ae797e267e0259af30d1176e242276d42f7479f93eb0ad423a21871cbd"}, ConsoleSocketOpt:runc.ConsoleSocketOpt{ConsoleSocket:""}, PivotKeyringFDsOpt:runc.PivotKeyringFDsOpt{NoPivot:false, NoNewKeyring:false, PreserveFDs:(*uint)(nil)}, PidFileOpt:runc.PidFileOpt{PidFile:"/var/run/docker/containerd/daemon/io.containerd.runtime.v2.task/moby/6d7d41ae797e267e0259af30d1176e242276d42f7479f93eb0ad423a21871cbd/init.pid"}, ContainerID:"6d7d41ae797e267e0259af30d1176e242276d42f7479f93eb0ad423a21871cbd"}
        2025/08/31 22:04:54 delegatec delegate path: /usr/local/bin/runc
        2025/08/31 22:04:54 delegatec called with args: [/usr/local/sbin/delegatec --delegate_path /usr/local/bin/runc --root /var/run/docker/runtime-runc/moby --log /run/docker/containerd/daemon/io.containerd.runtime.v2.task/moby/6d7d41ae797e267e0259af30d1176e242276d42f7479f93eb0ad423a21871cbd/log.json --log-format json delete --force 6d7d41ae797e267e0259af30d1176e242276d42f7479f93eb0ad423a21871cbd]
        2025/08/31 22:04:54 delegatec environment: [HOSTNAME=c8a3e161c430 SHLVL=3 LD_LIBRARY_PATH=/opt/containerd/lib: HOME=/root MAX_SHIM_VERSION=2 container=docker TTRPC_ADDRESS=/var/run/docker/containerd/containerd.sock.ttrpc DIND_COMMIT=8d9e3502aba39127e4d12196dae16d306f76993d PATH=/opt/containerd/bin:/usr/local/sbin:/usr/local/bin:/usr/sbin:/usr/bin:/sbin:/bin GRPC_ADDRESS=/var/run/docker/containerd/containerd.sock DOCKER_VERSION=28.3.3 DOCKER_TLS_CERTDIR=/certs NAMESPACE=moby DOCKER_BUILDX_VERSION=0.26.1 DOCKER_COMPOSE_VERSION=2.39.1 PWD=/run/docker/containerd/daemon/io.containerd.runtime.v2.task/moby/6d7d41ae797e267e0259af30d1176e242276d42f7479f93eb0ad423a21871cbd GOMAXPROCS=2]
        2025/08/31 22:04:54 delegatec parsed command: runc.Delete{Global:runc.Global{Root:"/var/run/docker/runtime-runc/moby", Debug:false, Log:"/run/docker/containerd/daemon/io.containerd.runtime.v2.task/moby/6d7d41ae797e267e0259af30d1176e242276d42f7479f93eb0ad423a21871cbd/log.json", LogFormat:"json", SystemdCgroup:false, Criu:"", Rootless:""}, Force:true, ContainerID:"6d7d41ae797e267e0259af30d1176e242276d42f7479f93eb0ad423a21871cbd"}
        2025/08/31 22:04:54 delegatec delegate path: /usr/local/bin/runc
        2025/08/31 22:04:54 delegatec called with args: [/usr/local/sbin/delegatec --delegate_path /usr/local/bin/runc --root /var/run/docker/runtime-runc/moby --log /var/run/docker/containerd/daemon/io.containerd.runtime.v2.task/moby/07c8591552ce3964704b776752571bbf36a61eb1fac706e0195187dd966fd429/log.json --log-format json create --bundle /var/run/docker/containerd/daemon/io.containerd.runtime.v2.task/moby/07c8591552ce3964704b776752571bbf36a61eb1fac706e0195187dd966fd429 --pid-file /var/run/docker/containerd/daemon/io.containerd.runtime.v2.task/moby/07c8591552ce3964704b776752571bbf36a61eb1fac706e0195187dd966fd429/init.pid 07c8591552ce3964704b776752571bbf36a61eb1fac706e0195187dd966fd429]
        2025/08/31 22:04:54 delegatec environment: [HOSTNAME=c8a3e161c430 SHLVL=3 LD_LIBRARY_PATH=/opt/containerd/lib: HOME=/root MAX_SHIM_VERSION=2 container=docker TTRPC_ADDRESS=/var/run/docker/containerd/containerd.sock.ttrpc DIND_COMMIT=8d9e3502aba39127e4d12196dae16d306f76993d PATH=/opt/containerd/bin:/usr/local/sbin:/usr/local/bin:/usr/sbin:/usr/bin:/sbin:/bin GRPC_ADDRESS=/var/run/docker/containerd/containerd.sock DOCKER_VERSION=28.3.3 DOCKER_TLS_CERTDIR=/certs NAMESPACE=moby DOCKER_BUILDX_VERSION=0.26.1 DOCKER_COMPOSE_VERSION=2.39.1 PWD=/run/docker/containerd/daemon/io.containerd.runtime.v2.task/moby/07c8591552ce3964704b776752571bbf36a61eb1fac706e0195187dd966fd429 GOMAXPROCS=4]
        2025/08/31 22:04:54 delegatec parsed command: runc.Create{Global:runc.Global{Root:"/var/run/docker/runtime-runc/moby", Debug:false, Log:"/var/run/docker/containerd/daemon/io.containerd.runtime.v2.task/moby/07c8591552ce3964704b776752571bbf36a61eb1fac706e0195187dd966fd429/log.json", LogFormat:"json", SystemdCgroup:false, Criu:"", Rootless:""}, BundleOpt:runc.BundleOpt{Bundle:"/var/run/docker/containerd/daemon/io.containerd.runtime.v2.task/moby/07c8591552ce3964704b776752571bbf36a61eb1fac706e0195187dd966fd429"}, ConsoleSocketOpt:runc.ConsoleSocketOpt{ConsoleSocket:""}, PivotKeyringFDsOpt:runc.PivotKeyringFDsOpt{NoPivot:false, NoNewKeyring:false, PreserveFDs:(*uint)(nil)}, PidFileOpt:runc.PidFileOpt{PidFile:"/var/run/docker/containerd/daemon/io.containerd.runtime.v2.task/moby/07c8591552ce3964704b776752571bbf36a61eb1fac706e0195187dd966fd429/init.pid"}, ContainerID:"07c8591552ce3964704b776752571bbf36a61eb1fac706e0195187dd966fd429"}
        2025/08/31 22:04:54 delegatec delegate path: /usr/local/bin/runc
        2025/08/31 22:04:54 delegatec called with args: [/usr/local/sbin/delegatec --delegate_path /usr/local/bin/runc --root /var/run/docker/runtime-runc/moby --log /run/docker/containerd/daemon/io.containerd.runtime.v2.task/moby/07c8591552ce3964704b776752571bbf36a61eb1fac706e0195187dd966fd429/log.json --log-format json delete --force 07c8591552ce3964704b776752571bbf36a61eb1fac706e0195187dd966fd429]
        2025/08/31 22:04:54 delegatec environment: [HOSTNAME=c8a3e161c430 SHLVL=3 LD_LIBRARY_PATH=/opt/containerd/lib: HOME=/root MAX_SHIM_VERSION=2 container=docker TTRPC_ADDRESS=/var/run/docker/containerd/containerd.sock.ttrpc DIND_COMMIT=8d9e3502aba39127e4d12196dae16d306f76993d PATH=/opt/containerd/bin:/usr/local/sbin:/usr/local/bin:/usr/sbin:/usr/bin:/sbin:/bin GRPC_ADDRESS=/var/run/docker/containerd/containerd.sock DOCKER_VERSION=28.3.3 DOCKER_TLS_CERTDIR=/certs NAMESPACE=moby DOCKER_BUILDX_VERSION=0.26.1 DOCKER_COMPOSE_VERSION=2.39.1 PWD=/run/docker/containerd/daemon/io.containerd.runtime.v2.task/moby/07c8591552ce3964704b776752571bbf36a61eb1fac706e0195187dd966fd429 GOMAXPROCS=2]
        2025/08/31 22:04:54 delegatec parsed command: runc.Delete{Global:runc.Global{Root:"/var/run/docker/runtime-runc/moby", Debug:false, Log:"/run/docker/containerd/daemon/io.containerd.runtime.v2.task/moby/07c8591552ce3964704b776752571bbf36a61eb1fac706e0195187dd966fd429/log.json", LogFormat:"json", SystemdCgroup:false, Criu:"", Rootless:""}, Force:true, ContainerID:"07c8591552ce3964704b776752571bbf36a61eb1fac706e0195187dd966fd429"}
        2025/08/31 22:04:54 delegatec delegate path: /usr/local/bin/runc
        2025/08/31 22:04:54 delegatec called with args: [/usr/local/sbin/delegatec --delegate_path /usr/local/bin/runc --root /var/run/docker/runtime-runc/moby --log /var/run/docker/containerd/daemon/io.containerd.runtime.v2.task/moby/e30eb13063c86391117819bf0028f29d5e1cbc17d3765fcf890e9d2a5e06d990/log.json --log-format json create --bundle /var/run/docker/containerd/daemon/io.containerd.runtime.v2.task/moby/e30eb13063c86391117819bf0028f29d5e1cbc17d3765fcf890e9d2a5e06d990 --pid-file /var/run/docker/containerd/daemon/io.containerd.runtime.v2.task/moby/e30eb13063c86391117819bf0028f29d5e1cbc17d3765fcf890e9d2a5e06d990/init.pid e30eb13063c86391117819bf0028f29d5e1cbc17d3765fcf890e9d2a5e06d990]
        2025/08/31 22:04:54 delegatec environment: [HOSTNAME=c8a3e161c430 SHLVL=3 LD_LIBRARY_PATH=/opt/containerd/lib: HOME=/root MAX_SHIM_VERSION=2 container=docker TTRPC_ADDRESS=/var/run/docker/containerd/containerd.sock.ttrpc DIND_COMMIT=8d9e3502aba39127e4d12196dae16d306f76993d PATH=/opt/containerd/bin:/usr/local/sbin:/usr/local/bin:/usr/sbin:/usr/bin:/sbin:/bin GRPC_ADDRESS=/var/run/docker/containerd/containerd.sock DOCKER_VERSION=28.3.3 DOCKER_TLS_CERTDIR=/certs NAMESPACE=moby DOCKER_BUILDX_VERSION=0.26.1 DOCKER_COMPOSE_VERSION=2.39.1 PWD=/run/docker/containerd/daemon/io.containerd.runtime.v2.task/moby/e30eb13063c86391117819bf0028f29d5e1cbc17d3765fcf890e9d2a5e06d990 GOMAXPROCS=4]
        2025/08/31 22:04:54 delegatec parsed command: runc.Create{Global:runc.Global{Root:"/var/run/docker/runtime-runc/moby", Debug:false, Log:"/var/run/docker/containerd/daemon/io.containerd.runtime.v2.task/moby/e30eb13063c86391117819bf0028f29d5e1cbc17d3765fcf890e9d2a5e06d990/log.json", LogFormat:"json", SystemdCgroup:false, Criu:"", Rootless:""}, BundleOpt:runc.BundleOpt{Bundle:"/var/run/docker/containerd/daemon/io.containerd.runtime.v2.task/moby/e30eb13063c86391117819bf0028f29d5e1cbc17d3765fcf890e9d2a5e06d990"}, ConsoleSocketOpt:runc.ConsoleSocketOpt{ConsoleSocket:""}, PivotKeyringFDsOpt:runc.PivotKeyringFDsOpt{NoPivot:false, NoNewKeyring:false, PreserveFDs:(*uint)(nil)}, PidFileOpt:runc.PidFileOpt{PidFile:"/var/run/docker/containerd/daemon/io.containerd.runtime.v2.task/moby/e30eb13063c86391117819bf0028f29d5e1cbc17d3765fcf890e9d2a5e06d990/init.pid"}, ContainerID:"e30eb13063c86391117819bf0028f29d5e1cbc17d3765fcf890e9d2a5e06d990"}
        2025/08/31 22:04:54 delegatec delegate path: /usr/local/bin/runc
        2025/08/31 22:04:54 delegatec called with args: [/usr/local/sbin/delegatec --delegate_path /usr/local/bin/runc --root /var/run/docker/runtime-runc/moby --log /run/docker/containerd/daemon/io.containerd.runtime.v2.task/moby/e30eb13063c86391117819bf0028f29d5e1cbc17d3765fcf890e9d2a5e06d990/log.json --log-format json delete --force e30eb13063c86391117819bf0028f29d5e1cbc17d3765fcf890e9d2a5e06d990]
        2025/08/31 22:04:54 delegatec environment: [HOSTNAME=c8a3e161c430 SHLVL=3 LD_LIBRARY_PATH=/opt/containerd/lib: HOME=/root MAX_SHIM_VERSION=2 container=docker TTRPC_ADDRESS=/var/run/docker/containerd/containerd.sock.ttrpc DIND_COMMIT=8d9e3502aba39127e4d12196dae16d306f76993d PATH=/opt/containerd/bin:/usr/local/sbin:/usr/local/bin:/usr/sbin:/usr/bin:/sbin:/bin GRPC_ADDRESS=/var/run/docker/containerd/containerd.sock DOCKER_VERSION=28.3.3 DOCKER_TLS_CERTDIR=/certs NAMESPACE=moby DOCKER_BUILDX_VERSION=0.26.1 DOCKER_COMPOSE_VERSION=2.39.1 PWD=/run/docker/containerd/daemon/io.containerd.runtime.v2.task/moby/e30eb13063c86391117819bf0028f29d5e1cbc17d3765fcf890e9d2a5e06d990 GOMAXPROCS=2]
        2025/08/31 22:04:54 delegatec parsed command: runc.Delete{Global:runc.Global{Root:"/var/run/docker/runtime-runc/moby", Debug:false, Log:"/run/docker/containerd/daemon/io.containerd.runtime.v2.task/moby/e30eb13063c86391117819bf0028f29d5e1cbc17d3765fcf890e9d2a5e06d990/log.json", LogFormat:"json", SystemdCgroup:false, Criu:"", Rootless:""}, Force:true, ContainerID:"e30eb13063c86391117819bf0028f29d5e1cbc17d3765fcf890e9d2a5e06d990"}
        2025/08/31 22:04:54 delegatec delegate path: /usr/local/bin/runc
        2025/08/31 22:04:54 delegatec called with args: [/usr/local/sbin/delegatec --delegate_path /usr/local/bin/runc --root /var/run/docker/runtime-runc/moby --log /var/run/docker/containerd/daemon/io.containerd.runtime.v2.task/moby/d143a0c382c471bf5bab26b676cca1e650d49ddde7abec870b26509e2e1a3ba6/log.json --log-format json create --bundle /var/run/docker/containerd/daemon/io.containerd.runtime.v2.task/moby/d143a0c382c471bf5bab26b676cca1e650d49ddde7abec870b26509e2e1a3ba6 --pid-file /var/run/docker/containerd/daemon/io.containerd.runtime.v2.task/moby/d143a0c382c471bf5bab26b676cca1e650d49ddde7abec870b26509e2e1a3ba6/init.pid --console-socket /tmp/pty1137009885/pty.sock d143a0c382c471bf5bab26b676cca1e650d49ddde7abec870b26509e2e1a3ba6]
        2025/08/31 22:04:54 delegatec environment: [HOSTNAME=c8a3e161c430 SHLVL=3 LD_LIBRARY_PATH=/opt/containerd/lib: HOME=/root MAX_SHIM_VERSION=2 container=docker TTRPC_ADDRESS=/var/run/docker/containerd/containerd.sock.ttrpc DIND_COMMIT=8d9e3502aba39127e4d12196dae16d306f76993d PATH=/opt/containerd/bin:/usr/local/sbin:/usr/local/bin:/usr/sbin:/usr/bin:/sbin:/bin GRPC_ADDRESS=/var/run/docker/containerd/containerd.sock DOCKER_VERSION=28.3.3 DOCKER_TLS_CERTDIR=/certs NAMESPACE=moby DOCKER_BUILDX_VERSION=0.26.1 DOCKER_COMPOSE_VERSION=2.39.1 PWD=/run/docker/containerd/daemon/io.containerd.runtime.v2.task/moby/d143a0c382c471bf5bab26b676cca1e650d49ddde7abec870b26509e2e1a3ba6 GOMAXPROCS=4]
        2025/08/31 22:04:54 delegatec parsed command: runc.Create{Global:runc.Global{Root:"/var/run/docker/runtime-runc/moby", Debug:false, Log:"/var/run/docker/containerd/daemon/io.containerd.runtime.v2.task/moby/d143a0c382c471bf5bab26b676cca1e650d49ddde7abec870b26509e2e1a3ba6/log.json", LogFormat:"json", SystemdCgroup:false, Criu:"", Rootless:""}, BundleOpt:runc.BundleOpt{Bundle:"/var/run/docker/containerd/daemon/io.containerd.runtime.v2.task/moby/d143a0c382c471bf5bab26b676cca1e650d49ddde7abec870b26509e2e1a3ba6"}, ConsoleSocketOpt:runc.ConsoleSocketOpt{ConsoleSocket:"/tmp/pty1137009885/pty.sock"}, PivotKeyringFDsOpt:runc.PivotKeyringFDsOpt{NoPivot:false, NoNewKeyring:false, PreserveFDs:(*uint)(nil)}, PidFileOpt:runc.PidFileOpt{PidFile:"/var/run/docker/containerd/daemon/io.containerd.runtime.v2.task/moby/d143a0c382c471bf5bab26b676cca1e650d49ddde7abec870b26509e2e1a3ba6/init.pid"}, ContainerID:"d143a0c382c471bf5bab26b676cca1e650d49ddde7abec870b26509e2e1a3ba6"}
        2025/08/31 22:04:54 delegatec delegate path: /usr/local/bin/runc
        2025/08/31 22:04:54 delegatec called with args: [/usr/local/sbin/delegatec --delegate_path /usr/local/bin/runc --root /var/run/docker/runtime-runc/moby --log /run/docker/containerd/daemon/io.containerd.runtime.v2.task/moby/d143a0c382c471bf5bab26b676cca1e650d49ddde7abec870b26509e2e1a3ba6/log.json --log-format json delete --force d143a0c382c471bf5bab26b676cca1e650d49ddde7abec870b26509e2e1a3ba6]
        2025/08/31 22:04:54 delegatec environment: [HOSTNAME=c8a3e161c430 SHLVL=3 LD_LIBRARY_PATH=/opt/containerd/lib: HOME=/root MAX_SHIM_VERSION=2 container=docker TTRPC_ADDRESS=/var/run/docker/containerd/containerd.sock.ttrpc DIND_COMMIT=8d9e3502aba39127e4d12196dae16d306f76993d PATH=/opt/containerd/bin:/usr/local/sbin:/usr/local/bin:/usr/sbin:/usr/bin:/sbin:/bin GRPC_ADDRESS=/var/run/docker/containerd/containerd.sock DOCKER_VERSION=28.3.3 DOCKER_TLS_CERTDIR=/certs NAMESPACE=moby DOCKER_BUILDX_VERSION=0.26.1 DOCKER_COMPOSE_VERSION=2.39.1 PWD=/run/docker/containerd/daemon/io.containerd.runtime.v2.task/moby/d143a0c382c471bf5bab26b676cca1e650d49ddde7abec870b26509e2e1a3ba6 GOMAXPROCS=2]
        2025/08/31 22:04:54 delegatec parsed command: runc.Delete{Global:runc.Global{Root:"/var/run/docker/runtime-runc/moby", Debug:false, Log:"/run/docker/containerd/daemon/io.containerd.runtime.v2.task/moby/d143a0c382c471bf5bab26b676cca1e650d49ddde7abec870b26509e2e1a3ba6/log.json", LogFormat:"json", SystemdCgroup:false, Criu:"", Rootless:""}, Force:true, ContainerID:"d143a0c382c471bf5bab26b676cca1e650d49ddde7abec870b26509e2e1a3ba6"}
        2025/08/31 22:04:54 delegatec delegate path: /usr/local/bin/runc
        2025/08/31 22:04:55 delegatec called with args: [/usr/local/sbin/delegatec --delegate_path /usr/local/bin/runc --root /var/run/docker/runtime-runc/moby --log /var/run/docker/containerd/daemon/io.containerd.runtime.v2.task/moby/fb99825cc90b0faa74eec043da16bfe9226b2a4fa877dd19b932d5b9083eaca4/log.json --log-format json create --bundle /var/run/docker/containerd/daemon/io.containerd.runtime.v2.task/moby/fb99825cc90b0faa74eec043da16bfe9226b2a4fa877dd19b932d5b9083eaca4 --pid-file /var/run/docker/containerd/daemon/io.containerd.runtime.v2.task/moby/fb99825cc90b0faa74eec043da16bfe9226b2a4fa877dd19b932d5b9083eaca4/init.pid fb99825cc90b0faa74eec043da16bfe9226b2a4fa877dd19b932d5b9083eaca4]
        2025/08/31 22:04:55 delegatec environment: [HOSTNAME=c8a3e161c430 SHLVL=3 LD_LIBRARY_PATH=/opt/containerd/lib: HOME=/root MAX_SHIM_VERSION=2 container=docker TTRPC_ADDRESS=/var/run/docker/containerd/containerd.sock.ttrpc DIND_COMMIT=8d9e3502aba39127e4d12196dae16d306f76993d PATH=/opt/containerd/bin:/usr/local/sbin:/usr/local/bin:/usr/sbin:/usr/bin:/sbin:/bin GRPC_ADDRESS=/var/run/docker/containerd/containerd.sock DOCKER_VERSION=28.3.3 DOCKER_TLS_CERTDIR=/certs NAMESPACE=moby DOCKER_BUILDX_VERSION=0.26.1 DOCKER_COMPOSE_VERSION=2.39.1 PWD=/run/docker/containerd/daemon/io.containerd.runtime.v2.task/moby/fb99825cc90b0faa74eec043da16bfe9226b2a4fa877dd19b932d5b9083eaca4 GOMAXPROCS=4]
        2025/08/31 22:04:55 delegatec parsed command: runc.Create{Global:runc.Global{Root:"/var/run/docker/runtime-runc/moby", Debug:false, Log:"/var/run/docker/containerd/daemon/io.containerd.runtime.v2.task/moby/fb99825cc90b0faa74eec043da16bfe9226b2a4fa877dd19b932d5b9083eaca4/log.json", LogFormat:"json", SystemdCgroup:false, Criu:"", Rootless:""}, BundleOpt:runc.BundleOpt{Bundle:"/var/run/docker/containerd/daemon/io.containerd.runtime.v2.task/moby/fb99825cc90b0faa74eec043da16bfe9226b2a4fa877dd19b932d5b9083eaca4"}, ConsoleSocketOpt:runc.ConsoleSocketOpt{ConsoleSocket:""}, PivotKeyringFDsOpt:runc.PivotKeyringFDsOpt{NoPivot:false, NoNewKeyring:false, PreserveFDs:(*uint)(nil)}, PidFileOpt:runc.PidFileOpt{PidFile:"/var/run/docker/containerd/daemon/io.containerd.runtime.v2.task/moby/fb99825cc90b0faa74eec043da16bfe9226b2a4fa877dd19b932d5b9083eaca4/init.pid"}, ContainerID:"fb99825cc90b0faa74eec043da16bfe9226b2a4fa877dd19b932d5b9083eaca4"}
        2025/08/31 22:04:55 delegatec delegate path: /usr/local/bin/runc
        2025/08/31 22:04:55 delegatec called with args: [/usr/local/sbin/delegatec --delegate_path /usr/local/bin/runc --root /var/run/docker/runtime-runc/moby --log /run/docker/containerd/daemon/io.containerd.runtime.v2.task/moby/fb99825cc90b0faa74eec043da16bfe9226b2a4fa877dd19b932d5b9083eaca4/log.json --log-format json delete --force fb99825cc90b0faa74eec043da16bfe9226b2a4fa877dd19b932d5b9083eaca4]
        2025/08/31 22:04:55 delegatec environment: [HOSTNAME=c8a3e161c430 SHLVL=3 LD_LIBRARY_PATH=/opt/containerd/lib: HOME=/root MAX_SHIM_VERSION=2 container=docker TTRPC_ADDRESS=/var/run/docker/containerd/containerd.sock.ttrpc DIND_COMMIT=8d9e3502aba39127e4d12196dae16d306f76993d PATH=/opt/containerd/bin:/usr/local/sbin:/usr/local/bin:/usr/sbin:/usr/bin:/sbin:/bin GRPC_ADDRESS=/var/run/docker/containerd/containerd.sock DOCKER_VERSION=28.3.3 DOCKER_TLS_CERTDIR=/certs NAMESPACE=moby DOCKER_BUILDX_VERSION=0.26.1 DOCKER_COMPOSE_VERSION=2.39.1 PWD=/run/docker/containerd/daemon/io.containerd.runtime.v2.task/moby/fb99825cc90b0faa74eec043da16bfe9226b2a4fa877dd19b932d5b9083eaca4 GOMAXPROCS=2]
        2025/08/31 22:04:55 delegatec parsed command: runc.Delete{Global:runc.Global{Root:"/var/run/docker/runtime-runc/moby", Debug:false, Log:"/run/docker/containerd/daemon/io.containerd.runtime.v2.task/moby/fb99825cc90b0faa74eec043da16bfe9226b2a4fa877dd19b932d5b9083eaca4/log.json", LogFormat:"json", SystemdCgroup:false, Criu:"", Rootless:""}, Force:true, ContainerID:"fb99825cc90b0faa74eec043da16bfe9226b2a4fa877dd19b932d5b9083eaca4"}
        2025/08/31 22:04:55 delegatec delegate path: /usr/local/bin/runc
        2025/08/31 22:04:55 delegatec called with args: [/usr/local/sbin/delegatec --delegate_path /usr/local/bin/runc --root /var/run/docker/runtime-runc/moby --log /var/run/docker/containerd/daemon/io.containerd.runtime.v2.task/moby/050a937793a39149df3ceb634dde52f75f5f783ce33af859f2f5cd8c0f95b22e/log.json --log-format json create --bundle /var/run/docker/containerd/daemon/io.containerd.runtime.v2.task/moby/050a937793a39149df3ceb634dde52f75f5f783ce33af859f2f5cd8c0f95b22e --pid-file /var/run/docker/containerd/daemon/io.containerd.runtime.v2.task/moby/050a937793a39149df3ceb634dde52f75f5f783ce33af859f2f5cd8c0f95b22e/init.pid 050a937793a39149df3ceb634dde52f75f5f783ce33af859f2f5cd8c0f95b22e]
        2025/08/31 22:04:55 delegatec environment: [HOSTNAME=c8a3e161c430 SHLVL=3 LD_LIBRARY_PATH=/opt/containerd/lib: HOME=/root MAX_SHIM_VERSION=2 container=docker TTRPC_ADDRESS=/var/run/docker/containerd/containerd.sock.ttrpc DIND_COMMIT=8d9e3502aba39127e4d12196dae16d306f76993d PATH=/opt/containerd/bin:/usr/local/sbin:/usr/local/bin:/usr/sbin:/usr/bin:/sbin:/bin GRPC_ADDRESS=/var/run/docker/containerd/containerd.sock DOCKER_VERSION=28.3.3 DOCKER_TLS_CERTDIR=/certs NAMESPACE=moby DOCKER_BUILDX_VERSION=0.26.1 DOCKER_COMPOSE_VERSION=2.39.1 PWD=/run/docker/containerd/daemon/io.containerd.runtime.v2.task/moby/050a937793a39149df3ceb634dde52f75f5f783ce33af859f2f5cd8c0f95b22e GOMAXPROCS=4]
        2025/08/31 22:04:55 delegatec parsed command: runc.Create{Global:runc.Global{Root:"/var/run/docker/runtime-runc/moby", Debug:false, Log:"/var/run/docker/containerd/daemon/io.containerd.runtime.v2.task/moby/050a937793a39149df3ceb634dde52f75f5f783ce33af859f2f5cd8c0f95b22e/log.json", LogFormat:"json", SystemdCgroup:false, Criu:"", Rootless:""}, BundleOpt:runc.BundleOpt{Bundle:"/var/run/docker/containerd/daemon/io.containerd.runtime.v2.task/moby/050a937793a39149df3ceb634dde52f75f5f783ce33af859f2f5cd8c0f95b22e"}, ConsoleSocketOpt:runc.ConsoleSocketOpt{ConsoleSocket:""}, PivotKeyringFDsOpt:runc.PivotKeyringFDsOpt{NoPivot:false, NoNewKeyring:false, PreserveFDs:(*uint)(nil)}, PidFileOpt:runc.PidFileOpt{PidFile:"/var/run/docker/containerd/daemon/io.containerd.runtime.v2.task/moby/050a937793a39149df3ceb634dde52f75f5f783ce33af859f2f5cd8c0f95b22e/init.pid"}, ContainerID:"050a937793a39149df3ceb634dde52f75f5f783ce33af859f2f5cd8c0f95b22e"}
        2025/08/31 22:04:55 delegatec delegate path: /usr/local/bin/runc
        2025/08/31 22:04:55 delegatec called with args: [/usr/local/sbin/delegatec --delegate_path /usr/local/bin/runc --root /var/run/docker/runtime-runc/moby --log /run/docker/containerd/daemon/io.containerd.runtime.v2.task/moby/050a937793a39149df3ceb634dde52f75f5f783ce33af859f2f5cd8c0f95b22e/log.json --log-format json delete --force 050a937793a39149df3ceb634dde52f75f5f783ce33af859f2f5cd8c0f95b22e]
        2025/08/31 22:04:55 delegatec environment: [HOSTNAME=c8a3e161c430 SHLVL=3 LD_LIBRARY_PATH=/opt/containerd/lib: HOME=/root MAX_SHIM_VERSION=2 container=docker TTRPC_ADDRESS=/var/run/docker/containerd/containerd.sock.ttrpc DIND_COMMIT=8d9e3502aba39127e4d12196dae16d306f76993d PATH=/opt/containerd/bin:/usr/local/sbin:/usr/local/bin:/usr/sbin:/usr/bin:/sbin:/bin GRPC_ADDRESS=/var/run/docker/containerd/containerd.sock DOCKER_VERSION=28.3.3 DOCKER_TLS_CERTDIR=/certs NAMESPACE=moby DOCKER_BUILDX_VERSION=0.26.1 DOCKER_COMPOSE_VERSION=2.39.1 PWD=/run/docker/containerd/daemon/io.containerd.runtime.v2.task/moby/050a937793a39149df3ceb634dde52f75f5f783ce33af859f2f5cd8c0f95b22e GOMAXPROCS=2]
        2025/08/31 22:04:55 delegatec parsed command: runc.Delete{Global:runc.Global{Root:"/var/run/docker/runtime-runc/moby", Debug:false, Log:"/run/docker/containerd/daemon/io.containerd.runtime.v2.task/moby/050a937793a39149df3ceb634dde52f75f5f783ce33af859f2f5cd8c0f95b22e/log.json", LogFormat:"json", SystemdCgroup:false, Criu:"", Rootless:""}, Force:true, ContainerID:"050a937793a39149df3ceb634dde52f75f5f783ce33af859f2f5cd8c0f95b22e"}
        2025/08/31 22:04:55 delegatec delegate path: /usr/local/bin/runc
        2025/08/31 22:04:55 delegatec called with args: [/usr/local/sbin/delegatec --delegate_path /usr/local/bin/runc --root /var/run/docker/runtime-runc/moby --log /var/run/docker/containerd/daemon/     ,io.containerd.runtime.v2.task/moby/94d581f0be7b20f9c07d41f5ec43d8474d2de8ff963445e3868866a6e1c28775/log.json --log-format json create --bundle /var/run/docker/containerd/daemon/io.containerd.runtime.v2.task/moby/94d581f0be7b20f9c07d41f5ec43d8474d2de8ff963445e3868866a6e1c28775 --pid-file /var/run/docker/containerd/daemon/io.containerd.runtime.v2.task/moby/94d581f0be7b20f9c07d41f5ec43d8474d2de8ff963445e3868866a6e1c28775/init.pid 94d581f0be7b20f9c07d41f5ec43d8474d2de8ff963445e3868866a6e1c28775]
        2025/08/31 22:04:55 delegatec environment: [HOSTNAME=c8a3e161c430 SHLVL=3 LD_LIBRARY_PATH=/opt/containerd/lib: HOME=/root MAX_SHIM_VERSION=2 container=docker TTRPC_ADDRESS=/var/run/docker/containerd/containerd.sock.ttrpc DIND_COMMIT=8d9e3502aba39127e4d12196dae16d306f76993d PATH=/opt/containerd/bin:/usr/local/sbin:/usr/local/bin:/usr/sbin:/usr/bin:/sbin:/bin GRPC_ADDRESS=/var/run/docker/containerd/containerd.sock DOCKER_VERSION=28.3.3 DOCKER_TLS_CERTDIR=/certs NAMESPACE=moby DOCKER_BUILDX_VERSION=0.26.1 DOCKER_COMPOSE_VERSION=2.39.1 PWD=/run/docker/containerd/daemon/io.containerd.runtime.v2.task/moby/94d581f0be7b20f9c07d41f5ec43d8474d2de8ff963445e3868866a6e1c28775 GOMAXPROCS=4]
        2025/08/31 22:04:55 delegatec parsed command: runc.Create{Global:runc.Global{Root:"/var/run/docker/runtime-runc/moby", Debug:false, Log:"/var/run/docker/containerd/daemon/io.containerd.runtime.v2.task/moby/94d581f0be7b20f9c07d41f5ec43d8474d2de8ff963445e3868866a6e1c28775/log.json", LogFormat:"json", SystemdCgroup:false, Criu:"", Rootless:""}, BundleOpt:runc.BundleOpt{Bundle:"/var/run/docker/containerd/daemon/io.containerd.runtime.v2.task/moby/94d581f0be7b20f9c07d41f5ec43d8474d2de8ff963445e3868866a6e1c28775"}, ConsoleSocketOpt:runc.ConsoleSocketOpt{ConsoleSocket:""}, PivotKeyringFDsOpt:runc.PivotKeyringFDsOpt{NoPivot:false, NoNewKeyring:false, PreserveFDs:(*uint)(nil)}, PidFileOpt:runc.PidFileOpt{PidFile:"/var/run/docker/containerd/daemon/io.containerd.runtime.v2.task/moby/94d581f0be7b20f9c07d41f5ec43d8474d2de8ff963445e3868866a6e1c28775/init.pid"}, ContainerID:"94d581f0be7b20f9c07d41f5ec43d8474d2de8ff963445e3868866a6e1c28775"}
        2025/08/31 22:04:55 delegatec delegate path: /usr/local/bin/runc
        2025/08/31 22:04:55 delegatec called with args: [/usr/local/sbin/delegatec --delegate_path /usr/local/bin/runc --root /var/run/docker/runtime-runc/moby --log /run/docker/containerd/daemon/io.containerd.runtime.v2.task/moby/94d581f0be7b20f9c07d41f5ec43d8474d2de8ff963445e3868866a6e1c28775/log.json --log-format json delete --force 94d581f0be7b20f9c07d41f5ec43d8474d2de8ff963445e3868866a6e1c28775]
        2025/08/31 22:04:55 delegatec environment: [HOSTNAME=c8a3e161c430 SHLVL=3 LD_LIBRARY_PATH=/opt/containerd/lib: HOME=/root MAX_SHIM_VERSION=2 container=docker TTRPC_ADDRESS=/var/run/docker/containerd/containerd.sock.ttrpc DIND_COMMIT=8d9e3502aba39127e4d12196dae16d306f76993d PATH=/opt/containerd/bin:/usr/local/sbin:/usr/local/bin:/usr/sbin:/usr/bin:/sbin:/bin GRPC_ADDRESS=/var/run/docker/containerd/containerd.sock DOCKER_VERSION=28.3.3 DOCKER_TLS_CERTDIR=/certs NAMESPACE=moby DOCKER_BUILDX_VERSION=0.26.1 DOCKER_COMPOSE_VERSION=2.39.1 PWD=/run/docker/containerd/daemon/io.containerd.runtime.v2.task/moby/94d581f0be7b20f9c07d41f5ec43d8474d2de8ff963445e3868866a6e1c28775 GOMAXPROCS=2]
        2025/08/31 22:04:55 delegatec parsed command: runc.Delete{Global:runc.Global{Root:"/var/run/docker/runtime-runc/moby", Debug:false, Log:"/run/docker/containerd/daemon/io.containerd.runtime.v2.task/moby/94d581f0be7b20f9c07d41f5ec43d8474d2de8ff963445e3868866a6e1c28775/log.json", LogFormat:"json", SystemdCgroup:false, Criu:"", Rootless:""}, Force:true, ContainerID:"94d581f0be7b20f9c07d41f5ec43d8474d2de8ff963445e3868866a6e1c28775"}
        2025/08/31 22:04:55 delegatec delegate path: /usr/local/bin/runc
        2025/08/31 22:04:56 delegatec called with args: [/usr/local/sbin/delegatec --delegate_path /usr/local/bin/runc --root /var/run/docker/runtime-runc/moby --log /var/run/docker/containerd/daemon/io.containerd.runtime.v2.task/moby/c339e04e4f18abe6d450dc70388938dc2a36653b82cd537b22e7e190f817e338/log.json --log-format json create --bundle /var/run/docker/containerd/daemon/io.containerd.runtime.v2.task/moby/c339e04e4f18abe6d450dc70388938dc2a36653b82cd537b22e7e190f817e338 --pid-file /var/run/docker/containerd/daemon/io.containerd.runtime.v2.task/moby/c339e04e4f18abe6d450dc70388938dc2a36653b82cd537b22e7e190f817e338/init.pid c339e04e4f18abe6d450dc70388938dc2a36653b82cd537b22e7e190f817e338]
        2025/08/31 22:04:56 delegatec environment: [HOSTNAME=c8a3e161c430 SHLVL=3 LD_LIBRARY_PATH=/opt/containerd/lib: HOME=/root MAX_SHIM_VERSION=2 container=docker TTRPC_ADDRESS=/var/run/docker/containerd/containerd.sock.ttrpc DIND_COMMIT=8d9e3502aba39127e4d12196dae16d306f76993d PATH=/opt/containerd/bin:/usr/local/sbin:/usr/local/bin:/usr/sbin:/usr/bin:/sbin:/bin GRPC_ADDRESS=/var/run/docker/containerd/containerd.sock DOCKER_VERSION=28.3.3 DOCKER_TLS_CERTDIR=/certs NAMESPACE=moby DOCKER_BUILDX_VERSION=0.26.1 DOCKER_COMPOSE_VERSION=2.39.1 PWD=/run/docker/containerd/daemon/io.containerd.runtime.v2.task/moby/c339e04e4f18abe6d450dc70388938dc2a36653b82cd537b22e7e190f817e338 GOMAXPROCS=4]
        2025/08/31 22:04:56 delegatec parsed command: runc.Create{Global:runc.Global{Root:"/var/run/docker/runtime-runc/moby", Debug:false, Log:"/var/run/docker/containerd/daemon/io.containerd.runtime.v2.task/moby/c339e04e4f18abe6d450dc70388938dc2a36653b82cd537b22e7e190f817e338/log.json", LogFormat:"json", SystemdCgroup:false, Criu:"", Rootless:""}, BundleOpt:runc.BundleOpt{Bundle:"/var/run/docker/containerd/daemon/io.containerd.runtime.v2.task/moby/c339e04e4f18abe6d450dc70388938dc2a36653b82cd537b22e7e190f817e338"}, ConsoleSocketOpt:runc.ConsoleSocketOpt{ConsoleSocket:""}, PivotKeyringFDsOpt:runc.PivotKeyringFDsOpt{NoPivot:false, NoNewKeyring:false, PreserveFDs:(*uint)(nil)}, PidFileOpt:runc.PidFileOpt{PidFile:"/var/run/docker/containerd/daemon/io.containerd.runtime.v2.task/moby/c339e04e4f18abe6d450dc70388938dc2a36653b82cd537b22e7e190f817e338/init.pid"}, ContainerID:"c339e04e4f18abe6d450dc70388938dc2a36653b82cd537b22e7e190f817e338"}
        2025/08/31 22:04:56 delegatec delegate path: /usr/local/bin/runc
        2025/08/31 22:04:56 delegatec called with args: [/usr/local/sbin/delegatec --delegate_path /usr/local/bin/runc --root /var/run/docker/runtime-runc/moby --log /run/docker/containerd/daemon/io.containerd.runtime.v2.task/moby/c339e04e4f18abe6d450dc70388938dc2a36653b82cd537b22e7e190f817e338/log.json --log-format json delete --force c339e04e4f18abe6d450dc70388938dc2a36653b82cd537b22e7e190f817e338]
        2025/08/31 22:04:56 delegatec environment: [HOSTNAME=c8a3e161c430 SHLVL=3 LD_LIBRARY_PATH=/opt/containerd/lib: HOME=/root MAX_SHIM_VERSION=2 container=docker TTRPC_ADDRESS=/var/run/docker/containerd/containerd.sock.ttrpc DIND_COMMIT=8d9e3502aba39127e4d12196dae16d306f76993d PATH=/opt/containerd/bin:/usr/local/sbin:/usr/local/bin:/usr/sbin:/usr/bin:/sbin:/bin GRPC_ADDRESS=/var/run/docker/containerd/containerd.sock DOCKER_VERSION=28.3.3 DOCKER_TLS_CERTDIR=/certs NAMESPACE=moby DOCKER_BUILDX_VERSION=0.26.1 DOCKER_COMPOSE_VERSION=2.39.1 PWD=/run/docker/containerd/daemon/io.containerd.runtime.v2.task/moby/c339e04e4f18abe6d450dc70388938dc2a36653b82cd537b22e7e190f817e338 GOMAXPROCS=2]
        2025/08/31 22:04:56 delegatec parsed command: runc.Delete{Global:runc.Global{Root:"/var/run/docker/runtime-runc/moby", Debug:false, Log:"/run/docker/containerd/daemon/io.containerd.runtime.v2.task/moby/c339e04e4f18abe6d450dc70388938dc2a36653b82cd537b22e7e190f817e338/log.json", LogFormat:"json", SystemdCgroup:false, Criu:"", Rootless:""}, Force:true, ContainerID:"c339e04e4f18abe6d450dc70388938dc2a36653b82cd537b22e7e190f817e338"}
        2025/08/31 22:04:56 delegatec delegate path: /usr/local/bin/runc
        
        --------------------
    dind_test.go:980: runc log empty
    dind_test.go:981: criu check exit code 0
        stdout:
        
        stderr:
=== NAME  TestRuntimeParity/restart
    dind_test.go:1011: delegatec exec failed: start container: exit code 125
    dind_test.go:979: --- delegatec.log ---
             P�2025/08/31 22:04:48 delegatec called with args: [/usr/local/sbin/delegatec --delegate_path /usr/local/bin/runc features]
        2025/08/31 22:04:48 delegatec environment: [OTEL_EXPORTER_OTLP_TRACES_PROTOCOL=http/protobuf HOSTNAME=d6337d086734 SHLVL=3 HOME=/root OTEL_SERVICE_NAME=dockerd OTEL_EXPORTER_OTLP_METRICS_PROTOCOL=http/protobuf container=docker TMPDIR=/var/lib/docker/tmp DIND_COMMIT=8d9e3502aba39127e4d12196dae16d306f76993d PATH=/usr/local/sbin:/usr/local/bin:/usr/sbin:/usr/bin:/sbin:/bin DOCKER_VERSION=28.3.3 DOCKER_TLS_CERTDIR=/certs DOCKER_BUILDX_VERSION=0.26.1 DOCKER_COMPOSE_VERSION=2.39.1 PWD=/]
        2025/08/31 22:04:48 delegatec parsed command: runc.Features{Global:runc.Global{Root:"", Debug:false, Log:"", LogFormat:"", SystemdCgroup:false, Criu:"", Rootless:""}}
        2025/08/31 22:04:48 delegatec delegate path: /usr/local/bin/runc
        2025/08/31 22:04:51 delegatec called with args: [/usr/local/sbin/delegatec --delegate_path /usr/local/bin/runc --root /var/run/docker/runtime-runc/moby --log /var/run/docker/containerd/daemon/io.containerd.runtime.v2.task/moby/f0ffda058e7f2759c3a3c169d1ed156b00fab05f25542556f7a8fed8fa3342dc/log.json --log-format json create --bundle /var/run/docker/containerd/daemon/io.containerd.runtime.v2.task/moby/f0ffda058e7f2759c3a3c169d1ed156b00fab05f25542556f7a8fed8fa3342dc --pid-file /var/run/docker/containerd/daemon/io.containerd.runtime.v2.task/moby/f0ffda058e7f2759c3a3c169d1ed156b00fab05f25542556f7a8fed8fa3342dc/init.pid f0ffda058e7f2759c3a3c169d1ed156b00fab05f25542556f7a8fed8fa3342dc]
        2025/08/31 22:04:51 delegatec environment: [HOSTNAME=d6337d086734 SHLVL=3 LD_LIBRARY_PATH=/opt/containerd/lib: HOME=/root MAX_SHIM_VERSION=2 container=docker TTRPC_ADDRESS=/var/run/docker/containerd/containerd.sock.ttrpc DIND_COMMIT=8d9e3502aba39127e4d12196dae16d306f76993d PATH=/opt/containerd/bin:/usr/local/sbin:/usr/local/bin:/usr/sbin:/usr/bin:/sbin:/bin GRPC_ADDRESS=/var/run/docker/containerd/containerd.sock DOCKER_VERSION=28.3.3 DOCKER_TLS_CERTDIR=/certs NAMESPACE=moby DOCKER_BUILDX_VERSION=0.26.1 DOCKER_COMPOSE_VERSION=2.39.1 PWD=/run/docker/containerd/daemon/io.containerd.runtime.v2.task/moby/f0ffda058e7f2759c3a3c169d1ed156b00fab05f25542556f7a8fed8fa3342dc GOMAXPROCS=4]
        2025/08/31 22:04:51 delegatec parsed command: runc.Create{Global:runc.Global{Root:"/var/run/docker/runtime-runc/moby", Debug:false, Log:"/var/run/docker/containerd/daemon/io.containerd.runtime.v2.task/moby/f0ffda058e7f2759c3a3c169d1ed156b00fab05f25542556f7a8fed8fa3342dc/log.json", LogFormat:"json", SystemdCgroup:false, Criu:"", Rootless:""}, BundleOpt:runc.BundleOpt{Bundle:"/var/run/docker/containerd/daemon/io.containerd.runtime.v2.task/moby/f0ffda058e7f2759c3a3c169d1ed156b00fab05f25542556f7a8fed8fa3342dc"}, ConsoleSocketOpt:runc.ConsoleSocketOpt{ConsoleSocket:""}, PivotKeyringFDsOpt:runc.PivotKeyringFDsOpt{NoPivot:false, NoNewKeyring:false, PreserveFDs:(*uint)(nil)}, PidFileOpt:runc.PidFileOpt{PidFile:"/var/run/docker/containerd/daemon/io.containerd.runtime.v2.task/moby/f0ffda058e7f2759c3a3c169d1ed156b00fab05f25542556f7a8fed8fa3342dc/init.pid"}, ContainerID:"f0ffda058e7f2759c3a3c169d1ed156b00fab05f25542556f7a8fed8fa3342dc"}
        2025/08/31 22:04:51 delegatec delegate path: /usr/local/bin/runc
        2025/08/31 22:04:51 delegatec called with args: [/usr/local/sbin/delegatec --delegate_path /usr/local/bin/runc --root /var/run/docker/runtime-runc/moby --log /run/docker/containerd/daemon/io.containerd.runtime.v2.task/moby/f0ffda058e7f2759c3a3c169d1ed156b00fab05f25542556f7a8fed8fa3342dc/log.json --log-format json delete --force f0ffda058e7f2759c3a3c169d1ed156b00fab05f25542556f7a8fed8fa3342dc]
        2025/08/31 22:04:51 delegatec environment: [HOSTNAME=d6337d086734 SHLVL=3 LD_LIBRARY_PATH=/opt/containerd/lib: HOME=/root MAX_SHIM_VERSION=2 container=docker TTRPC_ADDRESS=/var/run/docker/containerd/containerd.sock.ttrpc DIND_COMMIT=8d9e3502aba39127e4d12196dae16d306f76993d PATH=/opt/containerd/bin:/usr/local/sbin:/usr/local/bin:/usr/sbin:/usr/bin:/sbin:/bin GRPC_ADDRESS=/var/run/docker/containerd/containerd.sock DOCKER_VERSION=28.3.3 DOCKER_TLS_CERTDIR=/certs NAMESPACE=moby DOCKER_BUILDX_VERSION=0.26.1 DOCKER_COMPOSE_VERSION=2.39.1 PWD=/run/docker/containerd/daemon/io.containerd.runtime.v2.task/moby/f0ffda058e7f2759c3a3c169d1ed156b00fab05f25542556f7a8fed8fa3342dc GOMAXPROCS=2]
        2025/08/31 22:04:51 delegatec parsed command: runc.Delete{Global:runc.Global{Root:"/var/run/docker/runtime-runc/moby", Debug:false, Log:"/run/docker/containerd/daemon/io.containerd.runtime.v2.task/moby/f0ffda058e7f2759c3a3c169d1ed156b00fab05f25542556f7a8fed8fa3342dc/log.json", LogFormat:"json", SystemdCgroup:false, Criu:"", Rootless:""}, Force:true, ContainerID:"f0ffda058e7f2759c3a3c169d1ed156b00fab05f25542556f7a8fed8fa3342dc"}
        2025/08/31 22:04:51 delegatec delegate path: /usr/local/bin/runc
        2025/08/31 22:04:52 delegatec called with args: [/usr/local/sbin/delegatec --delegate_path /usr/local/bin/runc --root /var/run/docker/runtime-runc/moby --log /var/run/docker/containerd/daemon/io.containerd.runtime.v2.task/moby/96042480d649d65e47a61d6f709694a7096c2f69541e1ca91847f28a76729fc6/log.json --log-format json create --bundle /var/run/docker/containerd/daemon/io.containerd.runtime.v2.task/moby/96042480d649d65e47a61d6f709694a7096c2f69541e1ca91847f28a76729fc6 --pid-file /var/run/docker/containerd/daemon/io.containerd.runtime.v2.task/moby/96042480d649d65e47a61d6f709694a7096c2f69541e1ca91847f28a76729fc6/init.pid 96042480d649d65e47a61d6f709694a7096c2f69541e1ca91847f28a76729fc6]
        2025/08/31 22:04:52 delegatec environment: [HOSTNAME=d6337d086734 SHLVL=3 LD_LIBRARY_PATH=/opt/containerd/lib: HOME=/root MAX_SHIM_VERSION=2 container=docker TTRPC_ADDRESS=/var/run/docker/containerd/containerd.sock.ttrpc DIND_COMMIT=8d9e3502aba39127e4d12196dae16d306f76993d PATH=/opt/containerd/bin:/usr/local/sbin:/usr/local/bin:/usr/sbin:/usr/bin:/sbin:/bin GRPC_ADDRESS=/var/run/docker/containerd/containerd.sock DOCKER_VERSION=28.3.3 DOCKER_TLS_CERTDIR=/certs NAMESPACE=moby DOCKER_BUILDX_VERSION=0.26.1 DOCKER_COMPOSE_VERSION=2.39.1 PWD=/run/docker/containerd/daemon/io.containerd.runtime.v2.task/moby/96042480d649d65e47a61d6f709694a7096c2f69541e1ca91847f28a76729fc6 GOMAXPROCS=4]
        2025/08/31 22:04:52 delegatec parsed command: runc.Create{Global:runc.Global{Root:"/var/run/docker/runtime-runc/moby", Debug:false, Log:"/var/run/docker/containerd/daemon/io.containerd.runtime.v2.task/moby/96042480d649d65e47a61d6f709694a7096c2f69541e1ca91847f28a76729fc6/log.json", LogFormat:"json", SystemdCgroup:false, Criu:"", Rootless:""}, BundleOpt:runc.BundleOpt{Bundle:"/var/run/docker/containerd/daemon/io.containerd.runtime.v2.task/moby/96042480d649d65e47a61d6f709694a7096c2f69541e1ca91847f28a76729fc6"}, ConsoleSocketOpt:runc.ConsoleSocketOpt{ConsoleSocket:""}, PivotKeyringFDsOpt:runc.PivotKeyringFDsOpt{NoPivot:false, NoNewKeyring:false, PreserveFDs:(*uint)(nil)}, PidFileOpt:runc.PidFileOpt{PidFile:"/var/run/docker/containerd/daemon/io.containerd.runtime.v2.task/moby/96042480d649d65e47a61d6f709694a7096c2f69541e1ca91847f28a76729fc6/init.pid"}, ContainerID:"96042480d649d65e47a61d6f709694a7096c2f69541e1ca91847f28a76729fc6"}
        2025/08/31 22:04:52 delegatec delegate path: /usr/local/bin/runc
        2025/08/31 22:04:52 delegatec called with args: [/usr/local/sbin/delegatec --delegate_path /usr/local/bin/runc --root /var/run/docker/runtime-runc/moby --log /run/docker/containerd/daemon/io.containerd.runtime.v2.task/moby/96042480d649d65e47a61d6f709694a7096c2f69541e1ca91847f28a76729fc6/log.json --log-format json delete --force 96042480d649d65e47a61d6f709694a7096c2f69541e1ca91847f28a76729fc6]
        2025/08/31 22:04:52 delegatec environment: [HOSTNAME=d6337d086734 SHLVL=3 LD_LIBRARY_PATH=/opt/containerd/lib: HOME=/root MAX_SHIM_VERSION=2 container=docker TTRPC_ADDRESS=/var/run/docker/containerd/containerd.sock.ttrpc DIND_COMMIT=8d9e3502aba39127e4d12196dae16d306f76993d PATH=/opt/containerd/bin:/usr/local/sbin:/usr/local/bin:/usr/sbin:/usr/bin:/sbin:/bin GRPC_ADDRESS=/var/run/docker/containerd/containerd.sock DOCKER_VERSION=28.3.3 DOCKER_TLS_CERTDIR=/certs NAMESPACE=moby DOCKER_BUILDX_VERSION=0.26.1 DOCKER_COMPOSE_VERSION=2.39.1 PWD=/run/docker/containerd/daemon/io.containerd.runtime.v2.task/moby/96042480d649d65e47a61d6f709694a7096c2f69541e1ca91847f28a76729fc6 GOMAXPROCS=2]
        2025/08/31 22:04:52 delegatec parsed command: runc.Delete{Global:runc.Global{Root:"/var/run/docker/runtime-runc/moby", Debug:false, Log:"/run/docker/containerd/daemon/io.containerd.runtime.v2.task/moby/96042480d649d65e47a61d6f709694a7096c2f69541e1ca91847f28a76729fc6/log.json", LogFormat:"json", SystemdCgroup:false, Criu:"", Rootless:""}, Force:true, ContainerID:"96042480d649d65e47a61d6f709694a7096c2f69541e1ca91847f28a76729fc6"}
        2025/08/31 22:04:52 delegatec delegate path: /usr/local/bin/runc
        2025/08/31 22:04:52 delegatec called with args: [/usr/local/sbin/delegatec --delegate_path /usr/local/bin/runc --root /var/run/docker/runtime-runc/moby --log /var/run/docker/containerd/daemon/io.containerd.runtime.v2.task/moby/88d8581e473b8e1778fb0217664d8b73e871bad46b9610837d4ee5b5f911863b/log.json --log-format json create --bundle /var/run/docker/containerd/daemon/io.containerd.runtime.v2.task/moby/88d8581e473b8e1778fb0217664d8b73e871bad46b9610837d4ee5b5f911863b --pid-file /var/run/docker/containerd/daemon/io.containerd.runtime.v2.task/moby/88d8581e473b8e1778fb0217664d8b73e871bad46b9610837d4ee5b5f911863b/init.pid 88d8581e473b8e1778fb0217664d8b73e871bad46b9610837d4ee5b5f911863b]
        2025/08/31 22:04:52 delegatec environment: [HOSTNAME=d6337d086734 SHLVL=3 LD_LIBRARY_PATH=/opt/containerd/lib: HOME=/root MAX_SHIM_VERSION=2 container=docker TTRPC_ADDRESS=/var/run/docker/containerd/containerd.sock.ttrpc DIND_COMMIT=8d9e3502aba39127e4d12196dae16d306f76993d PATH=/opt/containerd/bin:/usr/local/sbin:/usr/local/bin:/usr/sbin:/usr/bin:/sbin:/bin GRPC_ADDRESS=/var/run/docker/containerd/containerd.sock DOCKER_VERSION=28.3.3 DOCKER_TLS_CERTDIR=/certs NAMESPACE=moby DOCKER_BUILDX_VERSION=0.26.1 DOCKER_COMPOSE_VERSION=2.39.1 PWD=/run/docker/containerd/daemon/io.containerd.runtime.v2.task/moby/88d8581e473b8e1778fb0217664d8b73e871bad46b9610837d4ee5b5f911863b GOMAXPROCS=4]
        2025/08/31 22:04:52 delegatec parsed command: runc.Create{Global:runc.Global{Root:"/var/run/docker/runtime-runc/moby", Debug:false, Log:"/var/run/docker/containerd/daemon/io.containerd.runtime.v2.task/moby/88d8581e473b8e1778fb0217664d8b73e871bad46b9610837d4ee5b5f911863b/log.json", LogFormat:"json", SystemdCgroup:false, Criu:"", Rootless:""}, BundleOpt:runc.BundleOpt{Bundle:"/var/run/docker/containerd/daemon/io.containerd.runtime.v2.task/moby/88d8581e473b8e1778fb0217664d8b73e871bad46b9610837d4ee5b5f911863b"}, ConsoleSocketOpt:runc.ConsoleSocketOpt{ConsoleSocket:""}, PivotKeyringFDsOpt:runc.PivotKeyringFDsOpt{NoPivot:false, NoNewKeyring:false, PreserveFDs:(*uint)(nil)}, PidFileOpt:runc.PidFileOpt{PidFile:"/var/run/docker/containerd/daemon/io.containerd.runtime.v2.task/moby/88d8581e473b8e1778fb0217664d8b73e871bad46b9610837d4ee5b5f911863b/init.pid"}, ContainerID:"88d8581e473b8e1778fb0217664d8b73e871bad46b9610837d4ee5b5f911863b"}
        2025/08/31 22:04:52 delegatec delegate path: /usr/local/bin/runc
        2025/08/31 22:04:52 delegatec called with args: [/usr/local/sbin/delegatec --delegate_path /usr/local/bin/runc --root /var/run/docker/runtime-runc/moby --log /run/docker/containerd/daemon/io.containerd.runtime.v2.task/moby/88d8581e473b8e1778fb0217664d8b73e871bad46b9610837d4ee5b5f911863b/log.json --log-format json delete --force 88d8581e473b8e1778fb0217664d8b73e871bad46b9610837d4ee5b5f911863b]
        2025/08/31 22:04:52 delegatec environment: [HOSTNAME=d6337d086734 SHLVL=3 LD_LIBRARY_PATH=/opt/containerd/lib: HOME=/root MAX_SHIM_VERSION=2 container=docker TTRPC_ADDRESS=/var/run/docker/containerd/containerd.sock.ttrpc DIND_COMMIT=8d9e3502aba39127e4d12196dae16d306f76993d PATH=/opt/containerd/bin:/usr/local/sbin:/usr/local/bin:/usr/sbin:/usr/bin:/sbin:/bin GRPC_ADDRESS=/var/run/docker/containerd/containerd.sock DOCKER_VERSION=28.3.3 DOCKER_TLS_CERTDIR=/certs NAMESPACE=moby DOCKER_BUILDX_VERSION=0.26.1 DOCKER_COMPOSE_VERSION=2.39.1 PWD=/run/docker/containerd/daemon/io.containerd.runtime.v2.task/moby/88d8581e473b8e1778fb0217664d8b73e871bad46b9610837d4ee5b5f911863b GOMAXPROCS=2]
        2025/08/31 22:04:52 delegatec parsed command: runc.Delete{Global:runc.Global{Root:"/var/run/docker/runtime-runc/moby", Debug:false, Log:"/run/docker/containerd/daemon/io.containerd.runtime.v2.task/moby/88d8581e473b8e1778fb0217664d8b73e871bad46b9610837d4ee5b5f911863b/log.json", LogFormat:"json", SystemdCgroup:false, Criu:"", Rootless:""}, Force:true, ContainerID:"88d8581e473b8e1778fb0217664d8b73e871bad46b9610837d4ee5b5f911863b"}
        2025/08/31 22:04:52 delegatec delegate path: /usr/local/bin/runc
        2025/08/31 22:04:57 delegatec called with args: [/usr/local/sbin/delegatec --delegate_path /usr/local/bin/runc --root /var/run/docker/runtime-runc/moby --log /var/run/docker/containerd/daemon/io.containerd.runtime.v2.task/moby/bedaf37dc82d3eee5a550a62003ba864362e6a94700530ec4c12868b79b6c3b8/log.json --log-format json create --bundle /var/run/docker/containerd/daemon/io.containerd.runtime.v2.task/moby/bedaf37dc82d3eee5a550a62003ba864362e6a94700530ec4c12868b79b6c3b8 --pid-file /var/run/docker/containerd/daemon/io.containerd.runtime.v2.task/moby/bedaf37dc82d3eee5a550a62003ba864362e6a94700530ec4c12868b79b6c3b8/init.pid bedaf37dc82d3eee5a550a62003ba864362e6a94700530ec4c12868b79b6c3b8]
        2025/08/31 22:04:57 delegatec environment: [HOSTNAME=d6337d086734 SHLVL=3 LD_LIBRARY_PATH=/opt/containerd/lib: HOME=/root MAX_SHIM_VERSION=2 container=docker TTRPC_ADDRESS=/var/run/docker/containerd/containerd.sock.ttrpc DIND_COMMIT=8d9e3502aba39127e4d12196dae16d306f76993d PATH=/opt/containerd/bin:/usr/local/sbin:/usr/local/bin:/usr/sbin:/usr/bin:/sbin:/bin GRPC_ADDRESS=/var/run/docker/containerd/containerd.sock DOCKER_VERSION=28.3.3 DOCKER_TLS_CERTDIR=/certs NAMESPACE=moby DOCKER_BUILDX_VERSION=0.26.1 DOCKER_COMPOSE_VERSION=2.39.1 PWD=/run/docker/containerd/daemon/io.containerd.runtime.v2.task/moby/bedaf37dc82d3eee5a550a62003ba864362e6a94700530ec4c12868b79b6c3b8 GOMAXPROCS=4]
        2025/08/31 22:04:57 delegatec parsed command: runc.Create{Global:runc.Global{Root:"/var/run/docker/runtime-runc/moby", Debug:false, Log:"/var/run/docker/containerd/daemon/io.containerd.runtime.v2.task/moby/bedaf37dc82d3eee5a550a62003ba864362e6a94700530ec4c12868b79b6c3b8/log.json", LogFormat:"json", SystemdCgroup:false, Criu:"", Rootless:""}, BundleOpt:runc.BundleOpt{Bundle:"/var/run/docker/containerd/daemon/io.containerd.runtime.v2.task/moby/bedaf37dc82d3eee5a550a62003ba864362e6a94700530ec4c12868b79b6c3b8"}, ConsoleSocketOpt:runc.ConsoleSocketOpt{ConsoleSocket:""}, PivotKeyringFDsOpt:runc.PivotKeyringFDsOpt{NoPivot:false, NoNewKeyring:false, PreserveFDs:(*uint)(nil)}, PidFileOpt:runc.PidFileOpt{PidFile:"/var/run/docker/containerd/daemon/io.containerd.runtime.v2.task/moby/bedaf37dc82d3eee5a550a62003ba864362e6a94700530ec4c12868b79b6c3b8/init.pid"}, ContainerID:"bedaf37dc82d3eee5a550a62003ba864362e6a94700530ec4c12868b79b6c3b8"}
        2025/08/31 22:04:57 delegatec delegate path: /usr/local/bin/runc
        2025/08/31 22:04:57 delegatec called with args: [/usr/local/sbin/delegatec --delegate_path /usr/local/bin/runc --root /var/run/docker/runtime-runc/moby --log /run/docker/containerd/daemon/io.containerd.runtime.v2.task/moby/bedaf37dc82d3eee5a550a62003ba864362e6a94700530ec4c12868b79b6c3b8/log.json --log-format json delete --force bedaf37dc82d3eee5a550a62003ba864362e6a94700530ec4c12868b79b6c3b8]
        2025/08/31 22:04:57 delegatec environment: [HOSTNAME=d6337d086734 SHLVL=3 LD_LIBRARY_PATH=/opt/containerd/lib: HOME=/root MAX_SHIM_VERSION=2 container=docker TTRPC_ADDRESS=/var/run/docker/containerd/containerd.sock.ttrpc DIND_COMMIT=8d9e3502aba39127e4d12196dae16d306f76993d PATH=/opt/containerd/bin:/usr/local/sbin:/usr/local/bin:/usr/sbin:/usr/bin:/sbin:/bin GRPC_ADDRESS=/var/run/docker/containerd/containerd.sock DOCKER_VERSION=28.3.3 DOCKER_TLS_CERTDIR=/certs NAMESPACE=moby DOCKER_BUILDX_VERSION=0.26.1 DOCKER_COMPOSE_VERSION=2.39.1 PWD=/run/docker/containerd/daemon/io.containerd.runtime.v2.task/moby/bedaf37dc82d3eee5a550a62003ba864362e6a94700530ec4c12868b79b6c3b8 GOMAXPROCS=2]
        2025/08/31 22:04:57 delegatec parsed command: runc.Delete{Global:runc.Global{Root:"/var/run/docker/runtime-runc/moby", Debug:false, Log:"/run/docker/containerd/daemon/io.containerd.runtime.v2.task/moby/bedaf37dc82d3eee5a550a62003ba864362e6a94700530ec4c12868b79b6c3b8/log.json", LogFormat:"json", SystemdCgroup:false, Criu:"", Rootless:""}, Force:true, ContainerID:"bedaf37dc82d3eee5a550a62003ba864362e6a94700530ec4c12868b79b6c3b8"}
        2025/08/31 22:04:57 delegatec delegate path: /usr/local/bin/runc
        2025/08/31 22:04:57 delegatec called with args: [/usr/local/sbin/delegatec --delegate_path /usr/local/bin/runc --root /var/run/docker/runtime-runc/moby --log /var/run/docker/containerd/daemon/io.containerd.runtime.v2.task/moby/0de3f94d81a6b909be64ef9eb60322c715703db8a367f31cd949d383c3e4791e/log.json --log-format json create --bundle /var/run/docker/containerd/daemon/io.containerd.runtime.v2.task/moby/0de3f94d81a6b909be64ef9eb60322c715703db8a367f31cd949d383c3e4791e --pid-file /var/run/docker/containerd/daemon/io.containerd.runtime.v2.task/moby/0de3f94d81a6b909be64ef9eb60322c715703db8a367f31cd949d383c3e4791e/init.pid 0de3f94d81a6b909be64ef9eb60322c715703db8a367f31cd949d383c3e4791e]
        2025/08/31 22:04:57 delegatec environment: [HOSTNAME=d6337d086734 SHLVL=3 LD_LIBRARY_PATH=/opt/containerd/lib: HOME=/root MAX_SHIM_VERSION=2 container=docker TTRPC_ADDRESS=/var/run/docker/containerd/containerd.sock.ttrpc DIND_COMMIT=8d9e3502aba39127e4d12196dae16d306f76993d PATH=/opt/containerd/bin:/usr/local/sbin:/usr/local/bin:/usr/sbin:/usr/bin:/sbin:/bin GRPC_ADDRESS=/var/run/docker/containerd/containerd.sock DOCKER_VERSION=28.3.3 DOCKER_TLS_CERTDIR=/certs NAMESPACE=moby DOCKER_BUILDX_VERSION=0.26.1 DOCKER_COMPOSE_VERSION=2.39.1 PWD=/run/docker/containerd/daemon/io.containerd.runtime.v2.task/moby/0de3f94d81a6b909be64ef9eb60322c715703db8a367f31cd949d383c3e4791e GOMAXPROCS=4]
        2025/08/31 22:04:57 delegatec parsed command: runc.Create{Global:runc.Global{Root:"/var/run/docker/runtime-runc/moby", Debug:false, Log:"/var/run/docker/containerd/daemon/io.containerd.runtime.v2.task/moby/0de3f94d81a6b909be64ef9eb60322c715703db8a367f31cd949d383c3e4791e/log.json", LogFormat:"json", SystemdCgroup:false, Criu:"", Rootless:""}, BundleOpt:runc.BundleOpt{Bundle:"/var/run/docker/containerd/daemon/io.containerd.runtime.v2.task/moby/0de3f94d81a6b909be64ef9eb60322c715703db8a367f31cd949d383c3e4791e"}, ConsoleSocketOpt:runc.ConsoleSocketOpt{ConsoleSocket:""}, PivotKeyringFDsOpt:runc.PivotKeyringFDsOpt{NoPivot:false, NoNewKeyring:false, PreserveFDs:(*uint)(nil)}, PidFileOpt:runc.PidFileOpt{PidFile:"/var/run/docker/containerd/daemon/io.containerd.runtime.v2.task/moby/0de3f94d81a6b909be64ef9eb60322c715703db8a367f31cd949d383c3e4791e/init.pid"}, ContainerID:"0de3f94d81a6b909be64ef9eb60322c715703db8a367f31cd949d383c3e4791e"}
        2025/08/31 22:04:57 delegatec delegate path: /usr/local/bin/runc
        2025/08/31 22:04:57 delegatec called with args: [/usr/local/sbin/delegatec --delegate_path /usr/local/bin/runc --root /var/run/docker/runtime-runc/moby --log /run/docker/containerd/daemon/io.containerd.runtime.v2.task/moby/0de3f94d81a6b909be64ef9eb60322c715703db8a367f31cd949d383c3e4791e/log.json --log-format json delete --force 0de3f94d81a6b909be64ef9eb60322c715703db8a367f31cd949d383c3e4791e]
        2025/08/31 22:04:57 delegatec environment: [HOSTNAME=d6337d086734 SHLVL=3 LD_LIBRARY_PATH=/opt/containerd/lib: HOME=/root MAX_SHIM_VERSION=2 container=docker TTRPC_ADDRESS=/var/run/docker/containerd/containerd.sock.ttrpc DIND_COMMIT=8d9e3502aba39127e4d12196dae16d306f76993d PATH=/opt/containerd/bin:/usr/local/sbin:/usr/local/bin:/usr/sbin:/usr/bin:/sbin:/bin GRPC_ADDRESS=/var/run/docker/containerd/containerd.sock DOCKER_VERSION=28.3.3 DOCKER_TLS_CERTDIR=/certs NAMESPACE=moby DOCKER_BUILDX_VERSION=0.26.1 DOCKER_COMPOSE_VERSION=2.39.1 PWD=/run/docker/containerd/daemon/io.containerd.runtime.v2.task/moby/0de3f94d81a6b909be64ef9eb60322c715703db8a367f31cd949d383c3e4791e GOMAXPROCS=2]
        2025/08/31 22:04:57 delegatec parsed command: runc.Delete{Global:runc.Global{Root:"/var/run/docker/runtime-runc/moby", Debug:false, Log:"/run/docker/containerd/daemon/io.containerd.runtime.v2.task/moby/0de3f94d81a6b909be64ef9eb60322c715703db8a367f31cd949d383c3e4791e/log.json", LogFormat:"json", SystemdCgroup:false, Criu:"", Rootless:""}, Force:true, ContainerID:"0de3f94d81a6b909be64ef9eb60322c715703db8a367f31cd949d383c3e4791e"}
        2025/08/31 22:04:57 delegatec delegate path: /usr/local/bin/runc
        
        --------------------
    dind_test.go:980: runc log empty
    dind_test.go:981: criu check exit code 0
        stdout:
        
        stderr:
2025/08/31 23:05:08 🐳 Terminating container: c8a3e161c430
2025/08/31 23:05:08 🚫 Container terminated: c8a3e161c430
2025/08/31 23:05:08 🐳 Terminating container: 548909303bb1
2025/08/31 23:05:08 🚫 Container terminated: 548909303bb1
2025/08/31 23:05:08 🐳 Terminating container: f753b7489752
2025/08/31 23:05:08 🚫 Container terminated: f753b7489752
2025/08/31 23:05:08 🐳 Terminating container: d6337d086734
2025/08/31 23:05:09 🚫 Container terminated: d6337d086734
--- FAIL: TestRuntimeParity (4.09s)
    --- FAIL: TestRuntimeParity/echo (2.79s)
    --- FAIL: TestRuntimeParity/docker_cp (3.08s)
    --- FAIL: TestRuntimeParity/workdir (3.33s)
    --- FAIL: TestRuntimeParity/docker_commit (4.30s)
    --- FAIL: TestRuntimeParity/wait_exited (4.54s)
    --- FAIL: TestRuntimeParity/false (4.61s)
    --- FAIL: TestRuntimeParity/memory_limit (4.80s)
    --- FAIL: TestRuntimeParity/volume (4.88s)
    --- FAIL: TestRuntimeParity/env (5.04s)
    --- FAIL: TestRuntimeParity/update_limits (2.56s)
    --- FAIL: TestRuntimeParity/cpu_limit (2.51s)
    --- FAIL: TestRuntimeParity/tty_stdin (2.72s)
    --- FAIL: TestRuntimeParity/exec_after_run (1.97s)
    --- FAIL: TestRuntimeParity/container_logs (2.02s)
    --- FAIL: TestRuntimeParity/device_mapping (2.20s)
    --- FAIL: TestRuntimeParity/host_networking (8.06s)
    --- FAIL: TestRuntimeParity/docker_attach (8.20s)
    --- SKIP: TestRuntimeParity/checkpoint_restore (3.16s)
    --- FAIL: TestRuntimeParity/kill_sigkill (3.48s)
    --- FAIL: TestRuntimeParity/top (3.40s)
    --- FAIL: TestRuntimeParity/pause/unpause (3.27s)
    --- FAIL: TestRuntimeParity/user_and_capabilities (3.35s)
    --- FAIL: TestRuntimeParity/nginx_port_mapping (10.06s)
    --- FAIL: TestRuntimeParity/healthcheck (12.56s)
    --- FAIL: TestRuntimeParity/restart (13.69s)
FAIL
FAIL	github.com/TheGrizzlyDev/vino/tests/integration/dind	22.734s
FAIL
